MSRV (Rust 1.78)	Set up job	﻿2026-04-19T00:05:08.4476092Z Current runner version: '2.333.1'
MSRV (Rust 1.78)	Set up job	2026-04-19T00:05:08.4500744Z ##[group]Runner Image Provisioner
MSRV (Rust 1.78)	Set up job	2026-04-19T00:05:08.4501619Z Hosted Compute Agent
MSRV (Rust 1.78)	Set up job	2026-04-19T00:05:08.4502178Z Version: 20260213.493
MSRV (Rust 1.78)	Set up job	2026-04-19T00:05:08.4502741Z Commit: 5c115507f6dd24b8de37d8bbe0bb4509d0cc0fa3
MSRV (Rust 1.78)	Set up job	2026-04-19T00:05:08.4503493Z Build Date: 2026-02-13T00:28:41Z
MSRV (Rust 1.78)	Set up job	2026-04-19T00:05:08.4504167Z Worker ID: {c77b0fcd-5349-4c09-ad41-f3d222ba2896}
MSRV (Rust 1.78)	Set up job	2026-04-19T00:05:08.4504802Z Azure Region: westus3
MSRV (Rust 1.78)	Set up job	2026-04-19T00:05:08.4505375Z ##[endgroup]
MSRV (Rust 1.78)	Set up job	2026-04-19T00:05:08.4507297Z ##[group]Operating System
MSRV (Rust 1.78)	Set up job	2026-04-19T00:05:08.4507918Z Ubuntu
MSRV (Rust 1.78)	Set up job	2026-04-19T00:05:08.4508416Z 24.04.4
MSRV (Rust 1.78)	Set up job	2026-04-19T00:05:08.4508923Z LTS
MSRV (Rust 1.78)	Set up job	2026-04-19T00:05:08.4509337Z ##[endgroup]
MSRV (Rust 1.78)	Set up job	2026-04-19T00:05:08.4509857Z ##[group]Runner Image
MSRV (Rust 1.78)	Set up job	2026-04-19T00:05:08.4510414Z Image: ubuntu-24.04
MSRV (Rust 1.78)	Set up job	2026-04-19T00:05:08.4510880Z Version: 20260413.86.1
MSRV (Rust 1.78)	Set up job	2026-04-19T00:05:08.4511905Z Included Software: https://github.com/actions/runner-images/blob/ubuntu24/20260413.86/images/ubuntu/Ubuntu2404-Readme.md
MSRV (Rust 1.78)	Set up job	2026-04-19T00:05:08.4513508Z Image Release: https://github.com/actions/runner-images/releases/tag/ubuntu24%2F20260413.86
MSRV (Rust 1.78)	Set up job	2026-04-19T00:05:08.4514447Z ##[endgroup]
MSRV (Rust 1.78)	Set up job	2026-04-19T00:05:08.4515420Z ##[group]GITHUB_TOKEN Permissions
MSRV (Rust 1.78)	Set up job	2026-04-19T00:05:08.4517400Z Contents: read
MSRV (Rust 1.78)	Set up job	2026-04-19T00:05:08.4518129Z Metadata: read
MSRV (Rust 1.78)	Set up job	2026-04-19T00:05:08.4518608Z ##[endgroup]
MSRV (Rust 1.78)	Set up job	2026-04-19T00:05:08.4520957Z Secret source: Actions
MSRV (Rust 1.78)	Set up job	2026-04-19T00:05:08.4521930Z Prepare workflow directory
MSRV (Rust 1.78)	Set up job	2026-04-19T00:05:08.4915543Z Prepare all required actions
MSRV (Rust 1.78)	Set up job	2026-04-19T00:05:08.4954330Z Getting action download info
MSRV (Rust 1.78)	Set up job	2026-04-19T00:05:08.9899433Z Download action repository 'actions/checkout@v4' (SHA:34e114876b0b11c390a56381ad16ebd13914f8d5)
MSRV (Rust 1.78)	Set up job	2026-04-19T00:05:09.0954878Z Download action repository 'dtolnay/rust-toolchain@master' (SHA:3c5f7ea28cd621ae0bf5283f0e981fb97b8a7af9)
MSRV (Rust 1.78)	Set up job	2026-04-19T00:05:09.5416680Z Download action repository 'Swatinem/rust-cache@v2' (SHA:e18b497796c12c097a38f9edb9d0641fb99eee32)
MSRV (Rust 1.78)	Set up job	2026-04-19T00:05:11.0250475Z Complete job name: MSRV (Rust 1.78)
MSRV (Rust 1.78)	Run actions/checkout@v4	﻿2026-04-19T00:05:11.1041639Z ##[group]Run actions/checkout@v4
MSRV (Rust 1.78)	Run actions/checkout@v4	2026-04-19T00:05:11.1042863Z with:
MSRV (Rust 1.78)	Run actions/checkout@v4	2026-04-19T00:05:11.1043558Z   repository: peavey2787/qssm-rs
MSRV (Rust 1.78)	Run actions/checkout@v4	2026-04-19T00:05:11.1044631Z   token: ***
MSRV (Rust 1.78)	Run actions/checkout@v4	2026-04-19T00:05:11.1045298Z   ssh-strict: true
MSRV (Rust 1.78)	Run actions/checkout@v4	2026-04-19T00:05:11.1045983Z   ssh-user: git
MSRV (Rust 1.78)	Run actions/checkout@v4	2026-04-19T00:05:11.1046914Z   persist-credentials: true
MSRV (Rust 1.78)	Run actions/checkout@v4	2026-04-19T00:05:11.1047722Z   clean: true
MSRV (Rust 1.78)	Run actions/checkout@v4	2026-04-19T00:05:11.1048420Z   sparse-checkout-cone-mode: true
MSRV (Rust 1.78)	Run actions/checkout@v4	2026-04-19T00:05:11.1049270Z   fetch-depth: 1
MSRV (Rust 1.78)	Run actions/checkout@v4	2026-04-19T00:05:11.1049929Z   fetch-tags: false
MSRV (Rust 1.78)	Run actions/checkout@v4	2026-04-19T00:05:11.1050633Z   show-progress: true
MSRV (Rust 1.78)	Run actions/checkout@v4	2026-04-19T00:05:11.1051333Z   lfs: false
MSRV (Rust 1.78)	Run actions/checkout@v4	2026-04-19T00:05:11.1051967Z   submodules: false
MSRV (Rust 1.78)	Run actions/checkout@v4	2026-04-19T00:05:11.1052695Z   set-safe-directory: true
MSRV (Rust 1.78)	Run actions/checkout@v4	2026-04-19T00:05:11.1053748Z env:
MSRV (Rust 1.78)	Run actions/checkout@v4	2026-04-19T00:05:11.1054389Z   CARGO_TERM_COLOR: always
MSRV (Rust 1.78)	Run actions/checkout@v4	2026-04-19T00:05:11.1055159Z ##[endgroup]
MSRV (Rust 1.78)	Run actions/checkout@v4	2026-04-19T00:05:11.2144363Z Syncing repository: peavey2787/qssm-rs
MSRV (Rust 1.78)	Run actions/checkout@v4	2026-04-19T00:05:11.2147050Z ##[group]Getting Git version info
MSRV (Rust 1.78)	Run actions/checkout@v4	2026-04-19T00:05:11.2148335Z Working directory is '/home/runner/work/qssm-rs/qssm-rs'
MSRV (Rust 1.78)	Run actions/checkout@v4	2026-04-19T00:05:11.2150059Z [command]/usr/bin/git version
MSRV (Rust 1.78)	Run actions/checkout@v4	2026-04-19T00:05:11.2179056Z git version 2.53.0
MSRV (Rust 1.78)	Run actions/checkout@v4	2026-04-19T00:05:11.2204806Z ##[endgroup]
MSRV (Rust 1.78)	Run actions/checkout@v4	2026-04-19T00:05:11.2219799Z Temporarily overriding HOME='/home/runner/work/_temp/b184143d-27db-479e-bd66-aaa17f00ce2c' before making global git config changes
MSRV (Rust 1.78)	Run actions/checkout@v4	2026-04-19T00:05:11.2223267Z Adding repository directory to the temporary git global config as a safe directory
MSRV (Rust 1.78)	Run actions/checkout@v4	2026-04-19T00:05:11.2232512Z [command]/usr/bin/git config --global --add safe.directory /home/runner/work/qssm-rs/qssm-rs
MSRV (Rust 1.78)	Run actions/checkout@v4	2026-04-19T00:05:11.2264384Z Deleting the contents of '/home/runner/work/qssm-rs/qssm-rs'
MSRV (Rust 1.78)	Run actions/checkout@v4	2026-04-19T00:05:11.2268396Z ##[group]Initializing the repository
MSRV (Rust 1.78)	Run actions/checkout@v4	2026-04-19T00:05:11.2273417Z [command]/usr/bin/git init /home/runner/work/qssm-rs/qssm-rs
MSRV (Rust 1.78)	Run actions/checkout@v4	2026-04-19T00:05:11.2358082Z hint: Using 'master' as the name for the initial branch. This default branch name
MSRV (Rust 1.78)	Run actions/checkout@v4	2026-04-19T00:05:11.2361206Z hint: will change to "main" in Git 3.0. To configure the initial branch name
MSRV (Rust 1.78)	Run actions/checkout@v4	2026-04-19T00:05:11.2364825Z hint: to use in all of your new repositories, which will suppress this warning,
MSRV (Rust 1.78)	Run actions/checkout@v4	2026-04-19T00:05:11.2367495Z hint: call:
MSRV (Rust 1.78)	Run actions/checkout@v4	2026-04-19T00:05:11.2368600Z hint:
MSRV (Rust 1.78)	Run actions/checkout@v4	2026-04-19T00:05:11.2370058Z hint: 	git config --global init.defaultBranch <name>
MSRV (Rust 1.78)	Run actions/checkout@v4	2026-04-19T00:05:11.2372035Z hint:
MSRV (Rust 1.78)	Run actions/checkout@v4	2026-04-19T00:05:11.2373743Z hint: Names commonly chosen instead of 'master' are 'main', 'trunk' and
MSRV (Rust 1.78)	Run actions/checkout@v4	2026-04-19T00:05:11.2376849Z hint: 'development'. The just-created branch can be renamed via this command:
MSRV (Rust 1.78)	Run actions/checkout@v4	2026-04-19T00:05:11.2378835Z hint:
MSRV (Rust 1.78)	Run actions/checkout@v4	2026-04-19T00:05:11.2379515Z hint: 	git branch -m <name>
MSRV (Rust 1.78)	Run actions/checkout@v4	2026-04-19T00:05:11.2380280Z hint:
MSRV (Rust 1.78)	Run actions/checkout@v4	2026-04-19T00:05:11.2381332Z hint: Disable this message with "git config set advice.defaultBranchName false"
MSRV (Rust 1.78)	Run actions/checkout@v4	2026-04-19T00:05:11.2383740Z Initialized empty Git repository in /home/runner/work/qssm-rs/qssm-rs/.git/
MSRV (Rust 1.78)	Run actions/checkout@v4	2026-04-19T00:05:11.2388335Z [command]/usr/bin/git remote add origin https://github.com/peavey2787/qssm-rs
MSRV (Rust 1.78)	Run actions/checkout@v4	2026-04-19T00:05:11.2403053Z ##[endgroup]
MSRV (Rust 1.78)	Run actions/checkout@v4	2026-04-19T00:05:11.2405246Z ##[group]Disabling automatic garbage collection
MSRV (Rust 1.78)	Run actions/checkout@v4	2026-04-19T00:05:11.2407606Z [command]/usr/bin/git config --local gc.auto 0
MSRV (Rust 1.78)	Run actions/checkout@v4	2026-04-19T00:05:11.2435904Z ##[endgroup]
MSRV (Rust 1.78)	Run actions/checkout@v4	2026-04-19T00:05:11.2438254Z ##[group]Setting up auth
MSRV (Rust 1.78)	Run actions/checkout@v4	2026-04-19T00:05:11.2443646Z [command]/usr/bin/git config --local --name-only --get-regexp core\.sshCommand
MSRV (Rust 1.78)	Run actions/checkout@v4	2026-04-19T00:05:11.2475441Z [command]/usr/bin/git submodule foreach --recursive sh -c "git config --local --name-only --get-regexp 'core\.sshCommand' && git config --local --unset-all 'core.sshCommand' || :"
MSRV (Rust 1.78)	Run actions/checkout@v4	2026-04-19T00:05:11.2767394Z [command]/usr/bin/git config --local --name-only --get-regexp http\.https\:\/\/github\.com\/\.extraheader
MSRV (Rust 1.78)	Run actions/checkout@v4	2026-04-19T00:05:11.2797287Z [command]/usr/bin/git submodule foreach --recursive sh -c "git config --local --name-only --get-regexp 'http\.https\:\/\/github\.com\/\.extraheader' && git config --local --unset-all 'http.https://github.com/.extraheader' || :"
MSRV (Rust 1.78)	Run actions/checkout@v4	2026-04-19T00:05:11.3009188Z [command]/usr/bin/git config --local --name-only --get-regexp ^includeIf\.gitdir:
MSRV (Rust 1.78)	Run actions/checkout@v4	2026-04-19T00:05:11.3047455Z [command]/usr/bin/git submodule foreach --recursive git config --local --show-origin --name-only --get-regexp remote.origin.url
MSRV (Rust 1.78)	Run actions/checkout@v4	2026-04-19T00:05:11.3263440Z [command]/usr/bin/git config --local http.https://github.com/.extraheader AUTHORIZATION: basic ***
MSRV (Rust 1.78)	Run actions/checkout@v4	2026-04-19T00:05:11.3295967Z ##[endgroup]
MSRV (Rust 1.78)	Run actions/checkout@v4	2026-04-19T00:05:11.3298095Z ##[group]Fetching the repository
MSRV (Rust 1.78)	Run actions/checkout@v4	2026-04-19T00:05:11.3304686Z [command]/usr/bin/git -c protocol.version=2 fetch --no-tags --prune --no-recurse-submodules --depth=1 origin +bf0c0ce9b06a1a2f017f6ce7f5253373b0c65bdb:refs/remotes/origin/master
MSRV (Rust 1.78)	Run actions/checkout@v4	2026-04-19T00:05:12.3224848Z From https://github.com/peavey2787/qssm-rs
MSRV (Rust 1.78)	Run actions/checkout@v4	2026-04-19T00:05:12.3227693Z  * [new ref]         bf0c0ce9b06a1a2f017f6ce7f5253373b0c65bdb -> origin/master
MSRV (Rust 1.78)	Run actions/checkout@v4	2026-04-19T00:05:12.3252347Z ##[endgroup]
MSRV (Rust 1.78)	Run actions/checkout@v4	2026-04-19T00:05:12.3252858Z ##[group]Determining the checkout info
MSRV (Rust 1.78)	Run actions/checkout@v4	2026-04-19T00:05:12.3254718Z ##[endgroup]
MSRV (Rust 1.78)	Run actions/checkout@v4	2026-04-19T00:05:12.3259852Z [command]/usr/bin/git sparse-checkout disable
MSRV (Rust 1.78)	Run actions/checkout@v4	2026-04-19T00:05:12.3294457Z [command]/usr/bin/git config --local --unset-all extensions.worktreeConfig
MSRV (Rust 1.78)	Run actions/checkout@v4	2026-04-19T00:05:12.3319150Z ##[group]Checking out the ref
MSRV (Rust 1.78)	Run actions/checkout@v4	2026-04-19T00:05:12.3322702Z [command]/usr/bin/git checkout --progress --force -B master refs/remotes/origin/master
MSRV (Rust 1.78)	Run actions/checkout@v4	2026-04-19T00:05:12.3568851Z Reset branch 'master'
MSRV (Rust 1.78)	Run actions/checkout@v4	2026-04-19T00:05:12.3572074Z branch 'master' set up to track 'origin/master'.
MSRV (Rust 1.78)	Run actions/checkout@v4	2026-04-19T00:05:12.3578389Z ##[endgroup]
MSRV (Rust 1.78)	Run actions/checkout@v4	2026-04-19T00:05:12.3610095Z [command]/usr/bin/git log -1 --format=%H
MSRV (Rust 1.78)	Run actions/checkout@v4	2026-04-19T00:05:12.3630886Z bf0c0ce9b06a1a2f017f6ce7f5253373b0c65bdb
MSRV (Rust 1.78)	Run dtolnay/rust-toolchain@master	﻿2026-04-19T00:05:12.3950600Z ##[group]Run dtolnay/rust-toolchain@master
MSRV (Rust 1.78)	Run dtolnay/rust-toolchain@master	2026-04-19T00:05:12.3951261Z with:
MSRV (Rust 1.78)	Run dtolnay/rust-toolchain@master	2026-04-19T00:05:12.3951585Z   toolchain: 1.78
MSRV (Rust 1.78)	Run dtolnay/rust-toolchain@master	2026-04-19T00:05:12.3951940Z env:
MSRV (Rust 1.78)	Run dtolnay/rust-toolchain@master	2026-04-19T00:05:12.3952273Z   CARGO_TERM_COLOR: always
MSRV (Rust 1.78)	Run dtolnay/rust-toolchain@master	2026-04-19T00:05:12.3952715Z ##[endgroup]
MSRV (Rust 1.78)	Run dtolnay/rust-toolchain@master	2026-04-19T00:05:12.4077390Z ##[group]Run : parse toolchain version
MSRV (Rust 1.78)	Run dtolnay/rust-toolchain@master	2026-04-19T00:05:12.4078272Z [36;1m: parse toolchain version[0m
MSRV (Rust 1.78)	Run dtolnay/rust-toolchain@master	2026-04-19T00:05:12.4078698Z [36;1mif [[ -z $toolchain ]]; then[0m
MSRV (Rust 1.78)	Run dtolnay/rust-toolchain@master	2026-04-19T00:05:12.4079411Z [36;1m  # GitHub does not enforce `required: true` inputs itself. https://github.com/actions/runner/issues/1070[0m
MSRV (Rust 1.78)	Run dtolnay/rust-toolchain@master	2026-04-19T00:05:12.4080245Z [36;1m  echo "'toolchain' is a required input" >&2[0m
MSRV (Rust 1.78)	Run dtolnay/rust-toolchain@master	2026-04-19T00:05:12.4080723Z [36;1m  exit 1[0m
MSRV (Rust 1.78)	Run dtolnay/rust-toolchain@master	2026-04-19T00:05:12.4081211Z [36;1melif [[ $toolchain =~ ^stable' '[0-9]+' '(year|month|week|day)s?' 'ago$ ]]; then[0m
MSRV (Rust 1.78)	Run dtolnay/rust-toolchain@master	2026-04-19T00:05:12.4081827Z [36;1m  if [[ Linux == macOS ]]; then[0m
MSRV (Rust 1.78)	Run dtolnay/rust-toolchain@master	2026-04-19T00:05:12.4082551Z [36;1m    echo "toolchain=1.$((($(date -v-$(sed 's/stable \([0-9]*\) \(.\).*/\1\2/' <<< $toolchain) +%s)/60/60/24-16569)/7/6))" >> $GITHUB_OUTPUT[0m
MSRV (Rust 1.78)	Run dtolnay/rust-toolchain@master	2026-04-19T00:05:12.4083368Z [36;1m  else[0m
MSRV (Rust 1.78)	Run dtolnay/rust-toolchain@master	2026-04-19T00:05:12.4083963Z [36;1m    echo "toolchain=1.$((($(date --date "${toolchain#stable }" +%s)/60/60/24-16569)/7/6))" >> $GITHUB_OUTPUT[0m
MSRV (Rust 1.78)	Run dtolnay/rust-toolchain@master	2026-04-19T00:05:12.4084556Z [36;1m  fi[0m
MSRV (Rust 1.78)	Run dtolnay/rust-toolchain@master	2026-04-19T00:05:12.4085221Z [36;1melif [[ $toolchain =~ ^stable' 'minus' '[0-9]+' 'releases?$ ]]; then[0m
MSRV (Rust 1.78)	Run dtolnay/rust-toolchain@master	2026-04-19T00:05:12.4085970Z [36;1m  echo "toolchain=1.$((($(date +%s)/60/60/24-16569)/7/6-${toolchain//[^0-9]/}))" >> $GITHUB_OUTPUT[0m
MSRV (Rust 1.78)	Run dtolnay/rust-toolchain@master	2026-04-19T00:05:12.4086729Z [36;1melif [[ $toolchain =~ ^1\.[0-9]+$ ]]; then[0m
MSRV (Rust 1.78)	Run dtolnay/rust-toolchain@master	2026-04-19T00:05:12.4087502Z [36;1m  echo "toolchain=1.$((i=${toolchain#1.}, c=($(date +%s)/60/60/24-16569)/7/6, i+9*i*(10*i<=c)+90*i*(100*i<=c)))" >> $GITHUB_OUTPUT[0m
MSRV (Rust 1.78)	Run dtolnay/rust-toolchain@master	2026-04-19T00:05:12.4088152Z [36;1melse[0m
MSRV (Rust 1.78)	Run dtolnay/rust-toolchain@master	2026-04-19T00:05:12.4088560Z [36;1m  echo "toolchain=$toolchain" >> $GITHUB_OUTPUT[0m
MSRV (Rust 1.78)	Run dtolnay/rust-toolchain@master	2026-04-19T00:05:12.4089044Z [36;1mfi[0m
MSRV (Rust 1.78)	Run dtolnay/rust-toolchain@master	2026-04-19T00:05:12.4114798Z shell: /usr/bin/bash --noprofile --norc -e -o pipefail {0}
MSRV (Rust 1.78)	Run dtolnay/rust-toolchain@master	2026-04-19T00:05:12.4115414Z env:
MSRV (Rust 1.78)	Run dtolnay/rust-toolchain@master	2026-04-19T00:05:12.4115794Z   CARGO_TERM_COLOR: always
MSRV (Rust 1.78)	Run dtolnay/rust-toolchain@master	2026-04-19T00:05:12.4116394Z   toolchain: 1.78
MSRV (Rust 1.78)	Run dtolnay/rust-toolchain@master	2026-04-19T00:05:12.4116796Z ##[endgroup]
MSRV (Rust 1.78)	Run dtolnay/rust-toolchain@master	2026-04-19T00:05:12.4267922Z ##[group]Run : construct rustup command line
MSRV (Rust 1.78)	Run dtolnay/rust-toolchain@master	2026-04-19T00:05:12.4268433Z [36;1m: construct rustup command line[0m
MSRV (Rust 1.78)	Run dtolnay/rust-toolchain@master	2026-04-19T00:05:12.4330992Z [36;1mecho "targets=$(for t in ${targets//,/ }; do echo -n ' --target' $t; done)" >> $GITHUB_OUTPUT[0m
MSRV (Rust 1.78)	Run dtolnay/rust-toolchain@master	2026-04-19T00:05:12.4332002Z [36;1mecho "components=$(for c in ${components//,/ }; do echo -n ' --component' $c; done)" >> $GITHUB_OUTPUT[0m
MSRV (Rust 1.78)	Run dtolnay/rust-toolchain@master	2026-04-19T00:05:12.4332673Z [36;1mecho "downgrade=" >> $GITHUB_OUTPUT[0m
MSRV (Rust 1.78)	Run dtolnay/rust-toolchain@master	2026-04-19T00:05:12.4354844Z shell: /usr/bin/bash --noprofile --norc -e -o pipefail {0}
MSRV (Rust 1.78)	Run dtolnay/rust-toolchain@master	2026-04-19T00:05:12.4355279Z env:
MSRV (Rust 1.78)	Run dtolnay/rust-toolchain@master	2026-04-19T00:05:12.4355525Z   CARGO_TERM_COLOR: always
MSRV (Rust 1.78)	Run dtolnay/rust-toolchain@master	2026-04-19T00:05:12.4355809Z   targets: 
MSRV (Rust 1.78)	Run dtolnay/rust-toolchain@master	2026-04-19T00:05:12.4356042Z   components: 
MSRV (Rust 1.78)	Run dtolnay/rust-toolchain@master	2026-04-19T00:05:12.4356590Z ##[endgroup]
MSRV (Rust 1.78)	Run dtolnay/rust-toolchain@master	2026-04-19T00:05:12.4434966Z ##[group]Run : set $CARGO_HOME
MSRV (Rust 1.78)	Run dtolnay/rust-toolchain@master	2026-04-19T00:05:12.4435337Z [36;1m: set $CARGO_HOME[0m
MSRV (Rust 1.78)	Run dtolnay/rust-toolchain@master	2026-04-19T00:05:12.4435774Z [36;1mecho CARGO_HOME=${CARGO_HOME:-"$HOME/.cargo"} >> $GITHUB_ENV[0m
MSRV (Rust 1.78)	Run dtolnay/rust-toolchain@master	2026-04-19T00:05:12.4456000Z shell: /usr/bin/bash --noprofile --norc -e -o pipefail {0}
MSRV (Rust 1.78)	Run dtolnay/rust-toolchain@master	2026-04-19T00:05:12.4456743Z env:
MSRV (Rust 1.78)	Run dtolnay/rust-toolchain@master	2026-04-19T00:05:12.4457038Z   CARGO_TERM_COLOR: always
MSRV (Rust 1.78)	Run dtolnay/rust-toolchain@master	2026-04-19T00:05:12.4457356Z ##[endgroup]
MSRV (Rust 1.78)	Run dtolnay/rust-toolchain@master	2026-04-19T00:05:12.4529894Z ##[group]Run : install rustup if needed
MSRV (Rust 1.78)	Run dtolnay/rust-toolchain@master	2026-04-19T00:05:12.4530316Z [36;1m: install rustup if needed[0m
MSRV (Rust 1.78)	Run dtolnay/rust-toolchain@master	2026-04-19T00:05:12.4530705Z [36;1mif ! command -v rustup &>/dev/null; then[0m
MSRV (Rust 1.78)	Run dtolnay/rust-toolchain@master	2026-04-19T00:05:12.4531672Z [36;1m  curl --proto '=https' --tlsv1.2 --retry 10 --retry-connrefused --location --silent --show-error --fail https://sh.rustup.rs | sh -s -- --default-toolchain none -y[0m
MSRV (Rust 1.78)	Run dtolnay/rust-toolchain@master	2026-04-19T00:05:12.4532544Z [36;1m  echo "$CARGO_HOME/bin" >> $GITHUB_PATH[0m
MSRV (Rust 1.78)	Run dtolnay/rust-toolchain@master	2026-04-19T00:05:12.4532917Z [36;1mfi[0m
MSRV (Rust 1.78)	Run dtolnay/rust-toolchain@master	2026-04-19T00:05:12.4553163Z shell: /usr/bin/bash --noprofile --norc -e -o pipefail {0}
MSRV (Rust 1.78)	Run dtolnay/rust-toolchain@master	2026-04-19T00:05:12.4553617Z env:
MSRV (Rust 1.78)	Run dtolnay/rust-toolchain@master	2026-04-19T00:05:12.4553890Z   CARGO_TERM_COLOR: always
MSRV (Rust 1.78)	Run dtolnay/rust-toolchain@master	2026-04-19T00:05:12.4554227Z   CARGO_HOME: /home/runner/.cargo
MSRV (Rust 1.78)	Run dtolnay/rust-toolchain@master	2026-04-19T00:05:12.4554564Z ##[endgroup]
MSRV (Rust 1.78)	Run dtolnay/rust-toolchain@master	2026-04-19T00:05:12.4628302Z ##[group]Run rustup toolchain install 1.78 --profile minimal --no-self-update
MSRV (Rust 1.78)	Run dtolnay/rust-toolchain@master	2026-04-19T00:05:12.4629131Z [36;1mrustup toolchain install 1.78 --profile minimal --no-self-update[0m
MSRV (Rust 1.78)	Run dtolnay/rust-toolchain@master	2026-04-19T00:05:12.4649353Z shell: /usr/bin/bash --noprofile --norc -e -o pipefail {0}
MSRV (Rust 1.78)	Run dtolnay/rust-toolchain@master	2026-04-19T00:05:12.4649803Z env:
MSRV (Rust 1.78)	Run dtolnay/rust-toolchain@master	2026-04-19T00:05:12.4650074Z   CARGO_TERM_COLOR: always
MSRV (Rust 1.78)	Run dtolnay/rust-toolchain@master	2026-04-19T00:05:12.4650419Z   CARGO_HOME: /home/runner/.cargo
MSRV (Rust 1.78)	Run dtolnay/rust-toolchain@master	2026-04-19T00:05:12.4650775Z   RUSTUP_PERMIT_COPY_RENAME: 1
MSRV (Rust 1.78)	Run dtolnay/rust-toolchain@master	2026-04-19T00:05:12.4651093Z ##[endgroup]
MSRV (Rust 1.78)	Run dtolnay/rust-toolchain@master	2026-04-19T00:05:12.4882929Z info: syncing channel updates for 1.78-x86_64-unknown-linux-gnu
MSRV (Rust 1.78)	Run dtolnay/rust-toolchain@master	2026-04-19T00:05:12.6652499Z info: latest update on 2024-05-02 for version 1.78.0 (9b00956e5 2024-04-29)
MSRV (Rust 1.78)	Run dtolnay/rust-toolchain@master	2026-04-19T00:05:12.6653560Z info: downloading 3 components
MSRV (Rust 1.78)	Run dtolnay/rust-toolchain@master	2026-04-19T00:05:19.0139560Z 
MSRV (Rust 1.78)	Run dtolnay/rust-toolchain@master	2026-04-19T00:05:19.0221181Z   1.78-x86_64-unknown-linux-gnu installed - rustc 1.78.0 (9b00956e5 2024-04-29)
MSRV (Rust 1.78)	Run dtolnay/rust-toolchain@master	2026-04-19T00:05:19.0221955Z 
MSRV (Rust 1.78)	Run dtolnay/rust-toolchain@master	2026-04-19T00:05:19.0292456Z ##[group]Run rustup default 1.78
MSRV (Rust 1.78)	Run dtolnay/rust-toolchain@master	2026-04-19T00:05:19.0292732Z [36;1mrustup default 1.78[0m
MSRV (Rust 1.78)	Run dtolnay/rust-toolchain@master	2026-04-19T00:05:19.0313403Z shell: /usr/bin/bash --noprofile --norc -e -o pipefail {0}
MSRV (Rust 1.78)	Run dtolnay/rust-toolchain@master	2026-04-19T00:05:19.0313725Z env:
MSRV (Rust 1.78)	Run dtolnay/rust-toolchain@master	2026-04-19T00:05:19.0313899Z   CARGO_TERM_COLOR: always
MSRV (Rust 1.78)	Run dtolnay/rust-toolchain@master	2026-04-19T00:05:19.0314119Z   CARGO_HOME: /home/runner/.cargo
MSRV (Rust 1.78)	Run dtolnay/rust-toolchain@master	2026-04-19T00:05:19.0314346Z ##[endgroup]
MSRV (Rust 1.78)	Run dtolnay/rust-toolchain@master	2026-04-19T00:05:19.0404754Z info: using existing install for 1.78-x86_64-unknown-linux-gnu
MSRV (Rust 1.78)	Run dtolnay/rust-toolchain@master	2026-04-19T00:05:19.0411256Z info: default toolchain set to 1.78-x86_64-unknown-linux-gnu
MSRV (Rust 1.78)	Run dtolnay/rust-toolchain@master	2026-04-19T00:05:19.0411735Z 
MSRV (Rust 1.78)	Run dtolnay/rust-toolchain@master	2026-04-19T00:05:19.0490145Z   1.78-x86_64-unknown-linux-gnu unchanged - rustc 1.78.0 (9b00956e5 2024-04-29)
MSRV (Rust 1.78)	Run dtolnay/rust-toolchain@master	2026-04-19T00:05:19.0490740Z 
MSRV (Rust 1.78)	Run dtolnay/rust-toolchain@master	2026-04-19T00:05:19.0520692Z ##[group]Run : create cachekey
MSRV (Rust 1.78)	Run dtolnay/rust-toolchain@master	2026-04-19T00:05:19.0520978Z [36;1m: create cachekey[0m
MSRV (Rust 1.78)	Run dtolnay/rust-toolchain@master	2026-04-19T00:05:19.0521441Z [36;1mDATE=$(rustc +1.78 --version --verbose | sed -ne 's/^commit-date: \(20[0-9][0-9]\)-\([01][0-9]\)-\([0-3][0-9]\)$/\1\2\3/p')[0m
MSRV (Rust 1.78)	Run dtolnay/rust-toolchain@master	2026-04-19T00:05:19.0522054Z [36;1mHASH=$(rustc +1.78 --version --verbose | sed -ne 's/^commit-hash: //p')[0m
MSRV (Rust 1.78)	Run dtolnay/rust-toolchain@master	2026-04-19T00:05:19.0522514Z [36;1mecho "cachekey=$(echo $DATE$HASH | head -c12)" >> $GITHUB_OUTPUT[0m
MSRV (Rust 1.78)	Run dtolnay/rust-toolchain@master	2026-04-19T00:05:19.0541847Z shell: /usr/bin/bash --noprofile --norc -e -o pipefail {0}
MSRV (Rust 1.78)	Run dtolnay/rust-toolchain@master	2026-04-19T00:05:19.0542179Z env:
MSRV (Rust 1.78)	Run dtolnay/rust-toolchain@master	2026-04-19T00:05:19.0542353Z   CARGO_TERM_COLOR: always
MSRV (Rust 1.78)	Run dtolnay/rust-toolchain@master	2026-04-19T00:05:19.0542584Z   CARGO_HOME: /home/runner/.cargo
MSRV (Rust 1.78)	Run dtolnay/rust-toolchain@master	2026-04-19T00:05:19.0542806Z ##[endgroup]
MSRV (Rust 1.78)	Run dtolnay/rust-toolchain@master	2026-04-19T00:05:19.0883985Z ##[group]Run : disable incremental compilation
MSRV (Rust 1.78)	Run dtolnay/rust-toolchain@master	2026-04-19T00:05:19.0884350Z [36;1m: disable incremental compilation[0m
MSRV (Rust 1.78)	Run dtolnay/rust-toolchain@master	2026-04-19T00:05:19.0884648Z [36;1mif [ -z "${CARGO_INCREMENTAL+set}" ]; then[0m
MSRV (Rust 1.78)	Run dtolnay/rust-toolchain@master	2026-04-19T00:05:19.0884953Z [36;1m  echo CARGO_INCREMENTAL=0 >> $GITHUB_ENV[0m
MSRV (Rust 1.78)	Run dtolnay/rust-toolchain@master	2026-04-19T00:05:19.0885257Z [36;1mfi[0m
MSRV (Rust 1.78)	Run dtolnay/rust-toolchain@master	2026-04-19T00:05:19.0905640Z shell: /usr/bin/bash --noprofile --norc -e -o pipefail {0}
MSRV (Rust 1.78)	Run dtolnay/rust-toolchain@master	2026-04-19T00:05:19.0905972Z env:
MSRV (Rust 1.78)	Run dtolnay/rust-toolchain@master	2026-04-19T00:05:19.0906428Z   CARGO_TERM_COLOR: always
MSRV (Rust 1.78)	Run dtolnay/rust-toolchain@master	2026-04-19T00:05:19.0906674Z   CARGO_HOME: /home/runner/.cargo
MSRV (Rust 1.78)	Run dtolnay/rust-toolchain@master	2026-04-19T00:05:19.0906965Z ##[endgroup]
MSRV (Rust 1.78)	Run dtolnay/rust-toolchain@master	2026-04-19T00:05:19.0962384Z ##[group]Run : enable colors in Cargo output
MSRV (Rust 1.78)	Run dtolnay/rust-toolchain@master	2026-04-19T00:05:19.0962697Z [36;1m: enable colors in Cargo output[0m
MSRV (Rust 1.78)	Run dtolnay/rust-toolchain@master	2026-04-19T00:05:19.0962995Z [36;1mif [ -z "${CARGO_TERM_COLOR+set}" ]; then[0m
MSRV (Rust 1.78)	Run dtolnay/rust-toolchain@master	2026-04-19T00:05:19.0963319Z [36;1m  echo CARGO_TERM_COLOR=always >> $GITHUB_ENV[0m
MSRV (Rust 1.78)	Run dtolnay/rust-toolchain@master	2026-04-19T00:05:19.0963588Z [36;1mfi[0m
MSRV (Rust 1.78)	Run dtolnay/rust-toolchain@master	2026-04-19T00:05:19.0982422Z shell: /usr/bin/bash --noprofile --norc -e -o pipefail {0}
MSRV (Rust 1.78)	Run dtolnay/rust-toolchain@master	2026-04-19T00:05:19.0982755Z env:
MSRV (Rust 1.78)	Run dtolnay/rust-toolchain@master	2026-04-19T00:05:19.0982931Z   CARGO_TERM_COLOR: always
MSRV (Rust 1.78)	Run dtolnay/rust-toolchain@master	2026-04-19T00:05:19.0983155Z   CARGO_HOME: /home/runner/.cargo
MSRV (Rust 1.78)	Run dtolnay/rust-toolchain@master	2026-04-19T00:05:19.0983386Z   CARGO_INCREMENTAL: 0
MSRV (Rust 1.78)	Run dtolnay/rust-toolchain@master	2026-04-19T00:05:19.0983766Z ##[endgroup]
MSRV (Rust 1.78)	Run dtolnay/rust-toolchain@master	2026-04-19T00:05:19.1039382Z ##[group]Run : enable Cargo sparse registry
MSRV (Rust 1.78)	Run dtolnay/rust-toolchain@master	2026-04-19T00:05:19.1039694Z [36;1m: enable Cargo sparse registry[0m
MSRV (Rust 1.78)	Run dtolnay/rust-toolchain@master	2026-04-19T00:05:19.1040032Z [36;1m# implemented in 1.66, stabilized in 1.68, made default in 1.70[0m
MSRV (Rust 1.78)	Run dtolnay/rust-toolchain@master	2026-04-19T00:05:19.1040702Z [36;1mif [ -z "${CARGO_REGISTRIES_CRATES_IO_PROTOCOL+set}" -o -f "/home/runner/work/_temp"/.implicit_cargo_registries_crates_io_protocol ]; then[0m
MSRV (Rust 1.78)	Run dtolnay/rust-toolchain@master	2026-04-19T00:05:19.1041523Z [36;1m  if rustc +1.78 --version --verbose | grep -q '^release: 1\.6[89]\.'; then[0m
MSRV (Rust 1.78)	Run dtolnay/rust-toolchain@master	2026-04-19T00:05:19.1042041Z [36;1m    touch "/home/runner/work/_temp"/.implicit_cargo_registries_crates_io_protocol || true[0m
MSRV (Rust 1.78)	Run dtolnay/rust-toolchain@master	2026-04-19T00:05:19.1042540Z [36;1m    echo CARGO_REGISTRIES_CRATES_IO_PROTOCOL=sparse >> $GITHUB_ENV[0m
MSRV (Rust 1.78)	Run dtolnay/rust-toolchain@master	2026-04-19T00:05:19.1042987Z [36;1m  elif rustc +1.78 --version --verbose | grep -q '^release: 1\.6[67]\.'; then[0m
MSRV (Rust 1.78)	Run dtolnay/rust-toolchain@master	2026-04-19T00:05:19.1043502Z [36;1m    touch "/home/runner/work/_temp"/.implicit_cargo_registries_crates_io_protocol || true[0m
MSRV (Rust 1.78)	Run dtolnay/rust-toolchain@master	2026-04-19T00:05:19.1044000Z [36;1m    echo CARGO_REGISTRIES_CRATES_IO_PROTOCOL=git >> $GITHUB_ENV[0m
MSRV (Rust 1.78)	Run dtolnay/rust-toolchain@master	2026-04-19T00:05:19.1044317Z [36;1m  fi[0m
MSRV (Rust 1.78)	Run dtolnay/rust-toolchain@master	2026-04-19T00:05:19.1044480Z [36;1mfi[0m
MSRV (Rust 1.78)	Run dtolnay/rust-toolchain@master	2026-04-19T00:05:19.1063253Z shell: /usr/bin/bash --noprofile --norc -e -o pipefail {0}
MSRV (Rust 1.78)	Run dtolnay/rust-toolchain@master	2026-04-19T00:05:19.1063574Z env:
MSRV (Rust 1.78)	Run dtolnay/rust-toolchain@master	2026-04-19T00:05:19.1063760Z   CARGO_TERM_COLOR: always
MSRV (Rust 1.78)	Run dtolnay/rust-toolchain@master	2026-04-19T00:05:19.1063987Z   CARGO_HOME: /home/runner/.cargo
MSRV (Rust 1.78)	Run dtolnay/rust-toolchain@master	2026-04-19T00:05:19.1064221Z   CARGO_INCREMENTAL: 0
MSRV (Rust 1.78)	Run dtolnay/rust-toolchain@master	2026-04-19T00:05:19.1064413Z ##[endgroup]
MSRV (Rust 1.78)	Run dtolnay/rust-toolchain@master	2026-04-19T00:05:19.1380676Z ##[group]Run : work around spurious network errors in curl 8.0
MSRV (Rust 1.78)	Run dtolnay/rust-toolchain@master	2026-04-19T00:05:19.1381120Z [36;1m: work around spurious network errors in curl 8.0[0m
MSRV (Rust 1.78)	Run dtolnay/rust-toolchain@master	2026-04-19T00:05:19.1381642Z [36;1m# https://rust-lang.zulipchat.com/#narrow/stream/246057-t-cargo/topic/timeout.20investigation[0m
MSRV (Rust 1.78)	Run dtolnay/rust-toolchain@master	2026-04-19T00:05:19.1382234Z [36;1mif rustc +1.78 --version --verbose | grep -q '^release: 1\.7[01]\.'; then[0m
MSRV (Rust 1.78)	Run dtolnay/rust-toolchain@master	2026-04-19T00:05:19.1382657Z [36;1m  echo CARGO_HTTP_MULTIPLEXING=false >> $GITHUB_ENV[0m
MSRV (Rust 1.78)	Run dtolnay/rust-toolchain@master	2026-04-19T00:05:19.1382982Z [36;1mfi[0m
MSRV (Rust 1.78)	Run dtolnay/rust-toolchain@master	2026-04-19T00:05:19.1403374Z shell: /usr/bin/bash --noprofile --norc -e -o pipefail {0}
MSRV (Rust 1.78)	Run dtolnay/rust-toolchain@master	2026-04-19T00:05:19.1403703Z env:
MSRV (Rust 1.78)	Run dtolnay/rust-toolchain@master	2026-04-19T00:05:19.1403875Z   CARGO_TERM_COLOR: always
MSRV (Rust 1.78)	Run dtolnay/rust-toolchain@master	2026-04-19T00:05:19.1404098Z   CARGO_HOME: /home/runner/.cargo
MSRV (Rust 1.78)	Run dtolnay/rust-toolchain@master	2026-04-19T00:05:19.1404337Z   CARGO_INCREMENTAL: 0
MSRV (Rust 1.78)	Run dtolnay/rust-toolchain@master	2026-04-19T00:05:19.1404531Z ##[endgroup]
MSRV (Rust 1.78)	Run dtolnay/rust-toolchain@master	2026-04-19T00:05:19.1593485Z ##[group]Run rustc +1.78 --version --verbose
MSRV (Rust 1.78)	Run dtolnay/rust-toolchain@master	2026-04-19T00:05:19.1593806Z [36;1mrustc +1.78 --version --verbose[0m
MSRV (Rust 1.78)	Run dtolnay/rust-toolchain@master	2026-04-19T00:05:19.1613495Z shell: /usr/bin/bash --noprofile --norc -e -o pipefail {0}
MSRV (Rust 1.78)	Run dtolnay/rust-toolchain@master	2026-04-19T00:05:19.1613827Z env:
MSRV (Rust 1.78)	Run dtolnay/rust-toolchain@master	2026-04-19T00:05:19.1614003Z   CARGO_TERM_COLOR: always
MSRV (Rust 1.78)	Run dtolnay/rust-toolchain@master	2026-04-19T00:05:19.1614232Z   CARGO_HOME: /home/runner/.cargo
MSRV (Rust 1.78)	Run dtolnay/rust-toolchain@master	2026-04-19T00:05:19.1614455Z   CARGO_INCREMENTAL: 0
MSRV (Rust 1.78)	Run dtolnay/rust-toolchain@master	2026-04-19T00:05:19.1614653Z ##[endgroup]
MSRV (Rust 1.78)	Run dtolnay/rust-toolchain@master	2026-04-19T00:05:19.1768441Z rustc 1.78.0 (9b00956e5 2024-04-29)
MSRV (Rust 1.78)	Run dtolnay/rust-toolchain@master	2026-04-19T00:05:19.1768885Z binary: rustc
MSRV (Rust 1.78)	Run dtolnay/rust-toolchain@master	2026-04-19T00:05:19.1769305Z commit-hash: 9b00956e56009bab2aa15d7bff10916599e3d6d6
MSRV (Rust 1.78)	Run dtolnay/rust-toolchain@master	2026-04-19T00:05:19.1769791Z commit-date: 2024-04-29
MSRV (Rust 1.78)	Run dtolnay/rust-toolchain@master	2026-04-19T00:05:19.1770156Z host: x86_64-unknown-linux-gnu
MSRV (Rust 1.78)	Run dtolnay/rust-toolchain@master	2026-04-19T00:05:19.1770382Z release: 1.78.0
MSRV (Rust 1.78)	Run dtolnay/rust-toolchain@master	2026-04-19T00:05:19.1770576Z LLVM version: 18.1.2
MSRV (Rust 1.78)	Run Swatinem/rust-cache@v2	﻿2026-04-19T00:05:19.1909274Z ##[group]Run Swatinem/rust-cache@v2
MSRV (Rust 1.78)	Run Swatinem/rust-cache@v2	2026-04-19T00:05:19.1909573Z with:
MSRV (Rust 1.78)	Run Swatinem/rust-cache@v2	2026-04-19T00:05:19.1909745Z   key: msrv
MSRV (Rust 1.78)	Run Swatinem/rust-cache@v2	2026-04-19T00:05:19.1909915Z   prefix-key: v0-rust
MSRV (Rust 1.78)	Run Swatinem/rust-cache@v2	2026-04-19T00:05:19.1910119Z   add-job-id-key: true
MSRV (Rust 1.78)	Run Swatinem/rust-cache@v2	2026-04-19T00:05:19.1910331Z   add-rust-environment-hash-key: true
MSRV (Rust 1.78)	Run Swatinem/rust-cache@v2	2026-04-19T00:05:19.1910585Z   cache-targets: true
MSRV (Rust 1.78)	Run Swatinem/rust-cache@v2	2026-04-19T00:05:19.1910779Z   cache-all-crates: false
MSRV (Rust 1.78)	Run Swatinem/rust-cache@v2	2026-04-19T00:05:19.1911003Z   cache-workspace-crates: false
MSRV (Rust 1.78)	Run Swatinem/rust-cache@v2	2026-04-19T00:05:19.1911222Z   save-if: true
MSRV (Rust 1.78)	Run Swatinem/rust-cache@v2	2026-04-19T00:05:19.1911400Z   cache-provider: github
MSRV (Rust 1.78)	Run Swatinem/rust-cache@v2	2026-04-19T00:05:19.1911602Z   cache-bin: true
MSRV (Rust 1.78)	Run Swatinem/rust-cache@v2	2026-04-19T00:05:19.1911776Z   lookup-only: false
MSRV (Rust 1.78)	Run Swatinem/rust-cache@v2	2026-04-19T00:05:19.1911965Z   cmd-format: {0}
MSRV (Rust 1.78)	Run Swatinem/rust-cache@v2	2026-04-19T00:05:19.1912135Z env:
MSRV (Rust 1.78)	Run Swatinem/rust-cache@v2	2026-04-19T00:05:19.1912305Z   CARGO_TERM_COLOR: always
MSRV (Rust 1.78)	Run Swatinem/rust-cache@v2	2026-04-19T00:05:19.1912517Z   CARGO_HOME: /home/runner/.cargo
MSRV (Rust 1.78)	Run Swatinem/rust-cache@v2	2026-04-19T00:05:19.1912746Z   CARGO_INCREMENTAL: 0
MSRV (Rust 1.78)	Run Swatinem/rust-cache@v2	2026-04-19T00:05:19.1912928Z ##[endgroup]
MSRV (Rust 1.78)	Run Swatinem/rust-cache@v2	2026-04-19T00:05:19.4630479Z (node:2506) [DEP0040] DeprecationWarning: The `punycode` module is deprecated. Please use a userland alternative instead.
MSRV (Rust 1.78)	Run Swatinem/rust-cache@v2	2026-04-19T00:05:19.4632155Z (Use `node --trace-deprecation ...` to show where the warning was created)
MSRV (Rust 1.78)	Run Swatinem/rust-cache@v2	2026-04-19T00:05:19.7069521Z ##[group]Cache Configuration
MSRV (Rust 1.78)	Run Swatinem/rust-cache@v2	2026-04-19T00:05:19.7070106Z Cache Provider:
MSRV (Rust 1.78)	Run Swatinem/rust-cache@v2	2026-04-19T00:05:19.7070547Z     github
MSRV (Rust 1.78)	Run Swatinem/rust-cache@v2	2026-04-19T00:05:19.7070970Z Workspaces:
MSRV (Rust 1.78)	Run Swatinem/rust-cache@v2	2026-04-19T00:05:19.7071340Z     /home/runner/work/qssm-rs/qssm-rs
MSRV (Rust 1.78)	Run Swatinem/rust-cache@v2	2026-04-19T00:05:19.7071693Z Cache Paths:
MSRV (Rust 1.78)	Run Swatinem/rust-cache@v2	2026-04-19T00:05:19.7072123Z     /home/runner/.cargo/bin
MSRV (Rust 1.78)	Run Swatinem/rust-cache@v2	2026-04-19T00:05:19.7072519Z     /home/runner/.cargo/.crates.toml
MSRV (Rust 1.78)	Run Swatinem/rust-cache@v2	2026-04-19T00:05:19.7073026Z     /home/runner/.cargo/.crates2.json
MSRV (Rust 1.78)	Run Swatinem/rust-cache@v2	2026-04-19T00:05:19.7073560Z     /home/runner/.cargo/registry
MSRV (Rust 1.78)	Run Swatinem/rust-cache@v2	2026-04-19T00:05:19.7074115Z     /home/runner/.cargo/git
MSRV (Rust 1.78)	Run Swatinem/rust-cache@v2	2026-04-19T00:05:19.7074712Z     /home/runner/work/qssm-rs/qssm-rs/target
MSRV (Rust 1.78)	Run Swatinem/rust-cache@v2	2026-04-19T00:05:19.7075287Z Restore Key:
MSRV (Rust 1.78)	Run Swatinem/rust-cache@v2	2026-04-19T00:05:19.7075743Z     v0-rust-msrv-msrv-Linux-x64-0e46299a
MSRV (Rust 1.78)	Run Swatinem/rust-cache@v2	2026-04-19T00:05:19.7076489Z Cache Key:
MSRV (Rust 1.78)	Run Swatinem/rust-cache@v2	2026-04-19T00:05:19.7077022Z     v0-rust-msrv-msrv-Linux-x64-0e46299a-179c6761
MSRV (Rust 1.78)	Run Swatinem/rust-cache@v2	2026-04-19T00:05:19.7077645Z .. Prefix:
MSRV (Rust 1.78)	Run Swatinem/rust-cache@v2	2026-04-19T00:05:19.7077999Z   - v0-rust-msrv-msrv-Linux-x64
MSRV (Rust 1.78)	Run Swatinem/rust-cache@v2	2026-04-19T00:05:19.7078526Z .. Environment considered:
MSRV (Rust 1.78)	Run Swatinem/rust-cache@v2	2026-04-19T00:05:19.7079034Z   - Rust Versions:
MSRV (Rust 1.78)	Run Swatinem/rust-cache@v2	2026-04-19T00:05:19.7079626Z     - 1.78.0 x86_64-unknown-linux-gnu 9b00956e56009bab2aa15d7bff10916599e3d6d6
MSRV (Rust 1.78)	Run Swatinem/rust-cache@v2	2026-04-19T00:05:19.7080421Z     - 1.94.1 x86_64-unknown-linux-gnu e408947bfd200af42db322daf0fadfe7e26d3bd1
MSRV (Rust 1.78)	Run Swatinem/rust-cache@v2	2026-04-19T00:05:19.7081197Z     - 1.78.0 x86_64-unknown-linux-gnu 9b00956e56009bab2aa15d7bff10916599e3d6d6
MSRV (Rust 1.78)	Run Swatinem/rust-cache@v2	2026-04-19T00:05:19.7081801Z   - CARGO_HOME
MSRV (Rust 1.78)	Run Swatinem/rust-cache@v2	2026-04-19T00:05:19.7082222Z   - CARGO_INCREMENTAL
MSRV (Rust 1.78)	Run Swatinem/rust-cache@v2	2026-04-19T00:05:19.7082648Z   - CARGO_TERM_COLOR
MSRV (Rust 1.78)	Run Swatinem/rust-cache@v2	2026-04-19T00:05:19.7083052Z .. Lockfiles considered:
MSRV (Rust 1.78)	Run Swatinem/rust-cache@v2	2026-04-19T00:05:19.7083556Z   - /home/runner/work/qssm-rs/qssm-rs/.cargo/config.toml
MSRV (Rust 1.78)	Run Swatinem/rust-cache@v2	2026-04-19T00:05:19.7084186Z   - /home/runner/work/qssm-rs/qssm-rs/Cargo.lock
MSRV (Rust 1.78)	Run Swatinem/rust-cache@v2	2026-04-19T00:05:19.7084931Z   - /home/runner/work/qssm-rs/qssm-rs/desktop/src-tauri/Cargo.toml
MSRV (Rust 1.78)	Run Swatinem/rust-cache@v2	2026-04-19T00:05:19.7085655Z   - /home/runner/work/qssm-rs/qssm-rs/integration/Cargo.toml
MSRV (Rust 1.78)	Run Swatinem/rust-cache@v2	2026-04-19T00:05:19.7086672Z   - /home/runner/work/qssm-rs/qssm-rs/truth-engine/examples/Cargo.toml
MSRV (Rust 1.78)	Run Swatinem/rust-cache@v2	2026-04-19T00:05:19.7087452Z   - /home/runner/work/qssm-rs/qssm-rs/truth-engine/qssm-api/Cargo.toml
MSRV (Rust 1.78)	Run Swatinem/rust-cache@v2	2026-04-19T00:05:19.7088251Z   - /home/runner/work/qssm-rs/qssm-rs/truth-engine/qssm-entropy/Cargo.toml
MSRV (Rust 1.78)	Run Swatinem/rust-cache@v2	2026-04-19T00:05:19.7089114Z   - /home/runner/work/qssm-rs/qssm-rs/truth-engine/qssm-gadget/Cargo.toml
MSRV (Rust 1.78)	Run Swatinem/rust-cache@v2	2026-04-19T00:05:19.7089879Z   - /home/runner/work/qssm-rs/qssm-rs/truth-engine/qssm-le/Cargo.toml
MSRV (Rust 1.78)	Run Swatinem/rust-cache@v2	2026-04-19T00:05:19.7090825Z   - /home/runner/work/qssm-rs/qssm-rs/truth-engine/qssm-le/fuzz/.cargo/config.toml
MSRV (Rust 1.78)	Run Swatinem/rust-cache@v2	2026-04-19T00:05:19.7091669Z   - /home/runner/work/qssm-rs/qssm-rs/truth-engine/qssm-local-prover/Cargo.toml
MSRV (Rust 1.78)	Run Swatinem/rust-cache@v2	2026-04-19T00:05:19.7092623Z   - /home/runner/work/qssm-rs/qssm-rs/truth-engine/qssm-local-verifier/Cargo.toml
MSRV (Rust 1.78)	Run Swatinem/rust-cache@v2	2026-04-19T00:05:19.7093543Z   - /home/runner/work/qssm-rs/qssm-rs/truth-engine/qssm-ms/Cargo.toml
MSRV (Rust 1.78)	Run Swatinem/rust-cache@v2	2026-04-19T00:05:19.7094834Z   - /home/runner/work/qssm-rs/qssm-rs/truth-engine/qssm-proofs/Cargo.toml
MSRV (Rust 1.78)	Run Swatinem/rust-cache@v2	2026-04-19T00:05:19.7095718Z   - /home/runner/work/qssm-rs/qssm-rs/truth-engine/qssm-templates/Cargo.toml
MSRV (Rust 1.78)	Run Swatinem/rust-cache@v2	2026-04-19T00:05:19.7098003Z   - /home/runner/work/qssm-rs/qssm-rs/truth-engine/qssm-utils/Cargo.toml
MSRV (Rust 1.78)	Run Swatinem/rust-cache@v2	2026-04-19T00:05:19.7098675Z ##[endgroup]
MSRV (Rust 1.78)	Run Swatinem/rust-cache@v2	2026-04-19T00:05:19.7098873Z 
MSRV (Rust 1.78)	Run Swatinem/rust-cache@v2	2026-04-19T00:05:19.7099021Z ... Restoring cache ...
MSRV (Rust 1.78)	Run Swatinem/rust-cache@v2	2026-04-19T00:05:19.9431396Z No cache found.
MSRV (Rust 1.78)	Run cargo check --workspace --exclude qssm-desktop	﻿2026-04-19T00:05:19.9544573Z ##[group]Run cargo check --workspace --exclude qssm-desktop
MSRV (Rust 1.78)	Run cargo check --workspace --exclude qssm-desktop	2026-04-19T00:05:19.9545009Z [36;1mcargo check --workspace --exclude qssm-desktop[0m
MSRV (Rust 1.78)	Run cargo check --workspace --exclude qssm-desktop	2026-04-19T00:05:19.9567919Z shell: /usr/bin/bash -e {0}
MSRV (Rust 1.78)	Run cargo check --workspace --exclude qssm-desktop	2026-04-19T00:05:19.9568164Z env:
MSRV (Rust 1.78)	Run cargo check --workspace --exclude qssm-desktop	2026-04-19T00:05:19.9568337Z   CARGO_TERM_COLOR: always
MSRV (Rust 1.78)	Run cargo check --workspace --exclude qssm-desktop	2026-04-19T00:05:19.9568566Z   CARGO_HOME: /home/runner/.cargo
MSRV (Rust 1.78)	Run cargo check --workspace --exclude qssm-desktop	2026-04-19T00:05:19.9568788Z   CARGO_INCREMENTAL: 0
MSRV (Rust 1.78)	Run cargo check --workspace --exclude qssm-desktop	2026-04-19T00:05:19.9568991Z   CACHE_ON_FAILURE: false
MSRV (Rust 1.78)	Run cargo check --workspace --exclude qssm-desktop	2026-04-19T00:05:19.9569190Z ##[endgroup]
MSRV (Rust 1.78)	Run cargo check --workspace --exclude qssm-desktop	2026-04-19T00:05:20.0072090Z [1m[32m    Updating[0m crates.io index
MSRV (Rust 1.78)	Run cargo check --workspace --exclude qssm-desktop	2026-04-19T00:05:21.1638493Z [1m[32m Downloading[0m crates ...
MSRV (Rust 1.78)	Run cargo check --workspace --exclude qssm-desktop	2026-04-19T00:05:21.2405283Z [1m[32m  Downloaded[0m accelerometer v0.12.0
MSRV (Rust 1.78)	Run cargo check --workspace --exclude qssm-desktop	2026-04-19T00:05:21.2477427Z [1m[32m  Downloaded[0m zeroize_derive v1.4.3
MSRV (Rust 1.78)	Run cargo check --workspace --exclude qssm-desktop	2026-04-19T00:05:21.2491872Z [1m[32m  Downloaded[0m zmij v1.0.21
MSRV (Rust 1.78)	Run cargo check --workspace --exclude qssm-desktop	2026-04-19T00:05:21.2548993Z [1m[32m  Downloaded[0m zeroize v1.8.2
MSRV (Rust 1.78)	Run cargo check --workspace --exclude qssm-desktop	2026-04-19T00:05:21.2571147Z [1m[32m  Downloaded[0m cpufeatures v0.2.17
MSRV (Rust 1.78)	Run cargo check --workspace --exclude qssm-desktop	2026-04-19T00:05:21.2586210Z [1m[32m  Downloaded[0m base16ct v0.2.0
MSRV (Rust 1.78)	Run cargo check --workspace --exclude qssm-desktop	2026-04-19T00:05:21.2619351Z [1m[32m  Downloaded[0m crypto-common v0.1.7
MSRV (Rust 1.78)	Run cargo check --workspace --exclude qssm-desktop	2026-04-19T00:05:21.2675543Z [1m[32m  Downloaded[0m libudev v0.3.0
MSRV (Rust 1.78)	Run cargo check --workspace --exclude qssm-desktop	2026-04-19T00:05:21.2702039Z [1m[32m  Downloaded[0m crypto-bigint v0.5.5
MSRV (Rust 1.78)	Run cargo check --workspace --exclude qssm-desktop	2026-04-19T00:05:21.2784760Z [1m[32m  Downloaded[0m ff v0.13.1
MSRV (Rust 1.78)	Run cargo check --workspace --exclude qssm-desktop	2026-04-19T00:05:21.2803437Z [1m[32m  Downloaded[0m digest v0.10.7
MSRV (Rust 1.78)	Run cargo check --workspace --exclude qssm-desktop	2026-04-19T00:05:21.2822839Z [1m[32m  Downloaded[0m pkcs8 v0.10.2
MSRV (Rust 1.78)	Run cargo check --workspace --exclude qssm-desktop	2026-04-19T00:05:21.2852555Z [1m[32m  Downloaded[0m cpufeatures v0.3.0
MSRV (Rust 1.78)	Run cargo check --workspace --exclude qssm-desktop	2026-04-19T00:05:21.3403917Z [1m[31merror[0m[1m:[0m failed to parse manifest at `/home/runner/.cargo/registry/src/index.crates.io-6f17d22bba15001f/cpufeatures-0.3.0/Cargo.toml`
MSRV (Rust 1.78)	Run cargo check --workspace --exclude qssm-desktop	2026-04-19T00:05:21.3404675Z 
MSRV (Rust 1.78)	Run cargo check --workspace --exclude qssm-desktop	2026-04-19T00:05:21.3404765Z Caused by:
MSRV (Rust 1.78)	Run cargo check --workspace --exclude qssm-desktop	2026-04-19T00:05:21.3404997Z   feature `edition2024` is required
MSRV (Rust 1.78)	Run cargo check --workspace --exclude qssm-desktop	2026-04-19T00:05:21.3405202Z 
MSRV (Rust 1.78)	Run cargo check --workspace --exclude qssm-desktop	2026-04-19T00:05:21.3405741Z   The package requires the Cargo feature called `edition2024`, but that feature is not stabilized in this version of Cargo (1.78.0 (54d8815d0 2024-03-26)).
MSRV (Rust 1.78)	Run cargo check --workspace --exclude qssm-desktop	2026-04-19T00:05:21.3407213Z   Consider trying a newer version of Cargo (this may require the nightly release).
MSRV (Rust 1.78)	Run cargo check --workspace --exclude qssm-desktop	2026-04-19T00:05:21.3408122Z   See https://doc.rust-lang.org/nightly/cargo/reference/unstable.html#edition-2024 for more information about the status of this feature.
MSRV (Rust 1.78)	Run cargo check --workspace --exclude qssm-desktop	2026-04-19T00:05:21.3547009Z ##[error]Process completed with exit code 101.
MSRV (Rust 1.78)	Post Run actions/checkout@v4	﻿2026-04-19T00:05:21.3631457Z Post job cleanup.
MSRV (Rust 1.78)	Post Run actions/checkout@v4	2026-04-19T00:05:21.4566067Z [command]/usr/bin/git version
MSRV (Rust 1.78)	Post Run actions/checkout@v4	2026-04-19T00:05:21.4601603Z git version 2.53.0
MSRV (Rust 1.78)	Post Run actions/checkout@v4	2026-04-19T00:05:21.4644465Z Temporarily overriding HOME='/home/runner/work/_temp/f6c9f5db-cd7c-402d-b5a1-09cda343630e' before making global git config changes
MSRV (Rust 1.78)	Post Run actions/checkout@v4	2026-04-19T00:05:21.4645657Z Adding repository directory to the temporary git global config as a safe directory
MSRV (Rust 1.78)	Post Run actions/checkout@v4	2026-04-19T00:05:21.4651721Z [command]/usr/bin/git config --global --add safe.directory /home/runner/work/qssm-rs/qssm-rs
MSRV (Rust 1.78)	Post Run actions/checkout@v4	2026-04-19T00:05:21.4686522Z [command]/usr/bin/git config --local --name-only --get-regexp core\.sshCommand
MSRV (Rust 1.78)	Post Run actions/checkout@v4	2026-04-19T00:05:21.4717670Z [command]/usr/bin/git submodule foreach --recursive sh -c "git config --local --name-only --get-regexp 'core\.sshCommand' && git config --local --unset-all 'core.sshCommand' || :"
MSRV (Rust 1.78)	Post Run actions/checkout@v4	2026-04-19T00:05:21.4935755Z [command]/usr/bin/git config --local --name-only --get-regexp http\.https\:\/\/github\.com\/\.extraheader
MSRV (Rust 1.78)	Post Run actions/checkout@v4	2026-04-19T00:05:21.4955572Z http.https://github.com/.extraheader
MSRV (Rust 1.78)	Post Run actions/checkout@v4	2026-04-19T00:05:21.4969203Z [command]/usr/bin/git config --local --unset-all http.https://github.com/.extraheader
MSRV (Rust 1.78)	Post Run actions/checkout@v4	2026-04-19T00:05:21.4998519Z [command]/usr/bin/git submodule foreach --recursive sh -c "git config --local --name-only --get-regexp 'http\.https\:\/\/github\.com\/\.extraheader' && git config --local --unset-all 'http.https://github.com/.extraheader' || :"
MSRV (Rust 1.78)	Post Run actions/checkout@v4	2026-04-19T00:05:21.5212933Z [command]/usr/bin/git config --local --name-only --get-regexp ^includeIf\.gitdir:
MSRV (Rust 1.78)	Post Run actions/checkout@v4	2026-04-19T00:05:21.5244912Z [command]/usr/bin/git submodule foreach --recursive git config --local --show-origin --name-only --get-regexp remote.origin.url
MSRV (Rust 1.78)	Complete job	﻿2026-04-19T00:05:21.5567318Z Cleaning up orphan processes
MSRV (Rust 1.78)	Complete job	2026-04-19T00:05:21.5817355Z ##[warning]Node.js 20 actions are deprecated. The following actions are running on Node.js 20 and may not work as expected: actions/checkout@v4. Actions will be forced to run with Node.js 24 by default starting June 2nd, 2026. Node.js 20 will be removed from the runner on September 16th, 2026. Please check if updated versions of these actions are available that support Node.js 24. To opt into Node.js 24 now, set the FORCE_JAVASCRIPT_ACTIONS_TO_NODE24=true environment variable on the runner or in your workflow file. Once Node.js 24 becomes the default, you can temporarily opt out by setting ACTIONS_ALLOW_USE_UNSECURE_NODE_VERSION=true. For more information see: https://github.blog/changelog/2025-09-19-deprecation-of-node-20-on-github-actions-runners/
Clippy	Set up job	﻿2026-04-19T00:05:07.9831784Z Current runner version: '2.333.1'
Clippy	Set up job	2026-04-19T00:05:07.9866996Z ##[group]Runner Image Provisioner
Clippy	Set up job	2026-04-19T00:05:07.9868243Z Hosted Compute Agent
Clippy	Set up job	2026-04-19T00:05:07.9869123Z Version: 20260213.493
Clippy	Set up job	2026-04-19T00:05:07.9870041Z Commit: 5c115507f6dd24b8de37d8bbe0bb4509d0cc0fa3
Clippy	Set up job	2026-04-19T00:05:07.9871266Z Build Date: 2026-02-13T00:28:41Z
Clippy	Set up job	2026-04-19T00:05:07.9872572Z Worker ID: {f593ff8f-84b3-4c2b-b31e-3461917efa57}
Clippy	Set up job	2026-04-19T00:05:07.9873661Z Azure Region: eastus
Clippy	Set up job	2026-04-19T00:05:07.9874626Z ##[endgroup]
Clippy	Set up job	2026-04-19T00:05:07.9876621Z ##[group]Operating System
Clippy	Set up job	2026-04-19T00:05:07.9877628Z Ubuntu
Clippy	Set up job	2026-04-19T00:05:07.9878394Z 24.04.4
Clippy	Set up job	2026-04-19T00:05:07.9879112Z LTS
Clippy	Set up job	2026-04-19T00:05:07.9879762Z ##[endgroup]
Clippy	Set up job	2026-04-19T00:05:07.9880642Z ##[group]Runner Image
Clippy	Set up job	2026-04-19T00:05:07.9881771Z Image: ubuntu-24.04
Clippy	Set up job	2026-04-19T00:05:07.9882656Z Version: 20260413.86.1
Clippy	Set up job	2026-04-19T00:05:07.9884406Z Included Software: https://github.com/actions/runner-images/blob/ubuntu24/20260413.86/images/ubuntu/Ubuntu2404-Readme.md
Clippy	Set up job	2026-04-19T00:05:07.9887115Z Image Release: https://github.com/actions/runner-images/releases/tag/ubuntu24%2F20260413.86
Clippy	Set up job	2026-04-19T00:05:07.9888729Z ##[endgroup]
Clippy	Set up job	2026-04-19T00:05:07.9890396Z ##[group]GITHUB_TOKEN Permissions
Clippy	Set up job	2026-04-19T00:05:07.9893211Z Contents: read
Clippy	Set up job	2026-04-19T00:05:07.9894111Z Metadata: read
Clippy	Set up job	2026-04-19T00:05:07.9894853Z ##[endgroup]
Clippy	Set up job	2026-04-19T00:05:07.9897765Z Secret source: Actions
Clippy	Set up job	2026-04-19T00:05:07.9898794Z Prepare workflow directory
Clippy	Set up job	2026-04-19T00:05:08.0451064Z Prepare all required actions
Clippy	Set up job	2026-04-19T00:05:08.0506778Z Getting action download info
Clippy	Set up job	2026-04-19T00:05:08.3494353Z Download action repository 'actions/checkout@v4' (SHA:34e114876b0b11c390a56381ad16ebd13914f8d5)
Clippy	Set up job	2026-04-19T00:05:08.4680930Z Download action repository 'dtolnay/rust-toolchain@stable' (SHA:29eef336d9b2848a0b548edc03f92a220660cdb8)
Clippy	Set up job	2026-04-19T00:05:08.6820163Z Download action repository 'Swatinem/rust-cache@v2' (SHA:e18b497796c12c097a38f9edb9d0641fb99eee32)
Clippy	Set up job	2026-04-19T00:05:09.0814089Z Complete job name: Clippy
Clippy	Run actions/checkout@v4	﻿2026-04-19T00:05:09.1511799Z ##[group]Run actions/checkout@v4
Clippy	Run actions/checkout@v4	2026-04-19T00:05:09.1512699Z with:
Clippy	Run actions/checkout@v4	2026-04-19T00:05:09.1513115Z   repository: peavey2787/qssm-rs
Clippy	Run actions/checkout@v4	2026-04-19T00:05:09.1513741Z   token: ***
Clippy	Run actions/checkout@v4	2026-04-19T00:05:09.1514119Z   ssh-strict: true
Clippy	Run actions/checkout@v4	2026-04-19T00:05:09.1514509Z   ssh-user: git
Clippy	Run actions/checkout@v4	2026-04-19T00:05:09.1514912Z   persist-credentials: true
Clippy	Run actions/checkout@v4	2026-04-19T00:05:09.1515363Z   clean: true
Clippy	Run actions/checkout@v4	2026-04-19T00:05:09.1515762Z   sparse-checkout-cone-mode: true
Clippy	Run actions/checkout@v4	2026-04-19T00:05:09.1516242Z   fetch-depth: 1
Clippy	Run actions/checkout@v4	2026-04-19T00:05:09.1516628Z   fetch-tags: false
Clippy	Run actions/checkout@v4	2026-04-19T00:05:09.1517039Z   show-progress: true
Clippy	Run actions/checkout@v4	2026-04-19T00:05:09.1517433Z   lfs: false
Clippy	Run actions/checkout@v4	2026-04-19T00:05:09.1517805Z   submodules: false
Clippy	Run actions/checkout@v4	2026-04-19T00:05:09.1518204Z   set-safe-directory: true
Clippy	Run actions/checkout@v4	2026-04-19T00:05:09.1518841Z env:
Clippy	Run actions/checkout@v4	2026-04-19T00:05:09.1519229Z   CARGO_TERM_COLOR: always
Clippy	Run actions/checkout@v4	2026-04-19T00:05:09.1519654Z ##[endgroup]
Clippy	Run actions/checkout@v4	2026-04-19T00:05:09.2625337Z Syncing repository: peavey2787/qssm-rs
Clippy	Run actions/checkout@v4	2026-04-19T00:05:09.2627046Z ##[group]Getting Git version info
Clippy	Run actions/checkout@v4	2026-04-19T00:05:09.2627787Z Working directory is '/home/runner/work/qssm-rs/qssm-rs'
Clippy	Run actions/checkout@v4	2026-04-19T00:05:09.2628751Z [command]/usr/bin/git version
Clippy	Run actions/checkout@v4	2026-04-19T00:05:09.2669599Z git version 2.53.0
Clippy	Run actions/checkout@v4	2026-04-19T00:05:09.2696799Z ##[endgroup]
Clippy	Run actions/checkout@v4	2026-04-19T00:05:09.2712973Z Temporarily overriding HOME='/home/runner/work/_temp/4a43d530-ec89-4229-a61d-3c25018420fd' before making global git config changes
Clippy	Run actions/checkout@v4	2026-04-19T00:05:09.2715372Z Adding repository directory to the temporary git global config as a safe directory
Clippy	Run actions/checkout@v4	2026-04-19T00:05:09.2727340Z [command]/usr/bin/git config --global --add safe.directory /home/runner/work/qssm-rs/qssm-rs
Clippy	Run actions/checkout@v4	2026-04-19T00:05:09.2759538Z Deleting the contents of '/home/runner/work/qssm-rs/qssm-rs'
Clippy	Run actions/checkout@v4	2026-04-19T00:05:09.2763700Z ##[group]Initializing the repository
Clippy	Run actions/checkout@v4	2026-04-19T00:05:09.2768492Z [command]/usr/bin/git init /home/runner/work/qssm-rs/qssm-rs
Clippy	Run actions/checkout@v4	2026-04-19T00:05:09.2859692Z hint: Using 'master' as the name for the initial branch. This default branch name
Clippy	Run actions/checkout@v4	2026-04-19T00:05:09.2861417Z hint: will change to "main" in Git 3.0. To configure the initial branch name
Clippy	Run actions/checkout@v4	2026-04-19T00:05:09.2863768Z hint: to use in all of your new repositories, which will suppress this warning,
Clippy	Run actions/checkout@v4	2026-04-19T00:05:09.2865082Z hint: call:
Clippy	Run actions/checkout@v4	2026-04-19T00:05:09.2865727Z hint:
Clippy	Run actions/checkout@v4	2026-04-19T00:05:09.2866580Z hint: 	git config --global init.defaultBranch <name>
Clippy	Run actions/checkout@v4	2026-04-19T00:05:09.2867651Z hint:
Clippy	Run actions/checkout@v4	2026-04-19T00:05:09.2868605Z hint: Names commonly chosen instead of 'master' are 'main', 'trunk' and
Clippy	Run actions/checkout@v4	2026-04-19T00:05:09.2870134Z hint: 'development'. The just-created branch can be renamed via this command:
Clippy	Run actions/checkout@v4	2026-04-19T00:05:09.2871405Z hint:
Clippy	Run actions/checkout@v4	2026-04-19T00:05:09.2872453Z hint: 	git branch -m <name>
Clippy	Run actions/checkout@v4	2026-04-19T00:05:09.2873247Z hint:
Clippy	Run actions/checkout@v4	2026-04-19T00:05:09.2874341Z hint: Disable this message with "git config set advice.defaultBranchName false"
Clippy	Run actions/checkout@v4	2026-04-19T00:05:09.2876083Z Initialized empty Git repository in /home/runner/work/qssm-rs/qssm-rs/.git/
Clippy	Run actions/checkout@v4	2026-04-19T00:05:09.2878590Z [command]/usr/bin/git remote add origin https://github.com/peavey2787/qssm-rs
Clippy	Run actions/checkout@v4	2026-04-19T00:05:09.2904184Z ##[endgroup]
Clippy	Run actions/checkout@v4	2026-04-19T00:05:09.2905409Z ##[group]Disabling automatic garbage collection
Clippy	Run actions/checkout@v4	2026-04-19T00:05:09.2909331Z [command]/usr/bin/git config --local gc.auto 0
Clippy	Run actions/checkout@v4	2026-04-19T00:05:09.2937387Z ##[endgroup]
Clippy	Run actions/checkout@v4	2026-04-19T00:05:09.2938606Z ##[group]Setting up auth
Clippy	Run actions/checkout@v4	2026-04-19T00:05:09.2945300Z [command]/usr/bin/git config --local --name-only --get-regexp core\.sshCommand
Clippy	Run actions/checkout@v4	2026-04-19T00:05:09.2975543Z [command]/usr/bin/git submodule foreach --recursive sh -c "git config --local --name-only --get-regexp 'core\.sshCommand' && git config --local --unset-all 'core.sshCommand' || :"
Clippy	Run actions/checkout@v4	2026-04-19T00:05:09.3271157Z [command]/usr/bin/git config --local --name-only --get-regexp http\.https\:\/\/github\.com\/\.extraheader
Clippy	Run actions/checkout@v4	2026-04-19T00:05:09.3302037Z [command]/usr/bin/git submodule foreach --recursive sh -c "git config --local --name-only --get-regexp 'http\.https\:\/\/github\.com\/\.extraheader' && git config --local --unset-all 'http.https://github.com/.extraheader' || :"
Clippy	Run actions/checkout@v4	2026-04-19T00:05:09.3526484Z [command]/usr/bin/git config --local --name-only --get-regexp ^includeIf\.gitdir:
Clippy	Run actions/checkout@v4	2026-04-19T00:05:09.3567169Z [command]/usr/bin/git submodule foreach --recursive git config --local --show-origin --name-only --get-regexp remote.origin.url
Clippy	Run actions/checkout@v4	2026-04-19T00:05:09.3794833Z [command]/usr/bin/git config --local http.https://github.com/.extraheader AUTHORIZATION: basic ***
Clippy	Run actions/checkout@v4	2026-04-19T00:05:09.3829050Z ##[endgroup]
Clippy	Run actions/checkout@v4	2026-04-19T00:05:09.3830314Z ##[group]Fetching the repository
Clippy	Run actions/checkout@v4	2026-04-19T00:05:09.3838998Z [command]/usr/bin/git -c protocol.version=2 fetch --no-tags --prune --no-recurse-submodules --depth=1 origin +bf0c0ce9b06a1a2f017f6ce7f5253373b0c65bdb:refs/remotes/origin/master
Clippy	Run actions/checkout@v4	2026-04-19T00:05:09.6560102Z From https://github.com/peavey2787/qssm-rs
Clippy	Run actions/checkout@v4	2026-04-19T00:05:09.6561116Z  * [new ref]         bf0c0ce9b06a1a2f017f6ce7f5253373b0c65bdb -> origin/master
Clippy	Run actions/checkout@v4	2026-04-19T00:05:09.6587505Z ##[endgroup]
Clippy	Run actions/checkout@v4	2026-04-19T00:05:09.6588650Z ##[group]Determining the checkout info
Clippy	Run actions/checkout@v4	2026-04-19T00:05:09.6590215Z ##[endgroup]
Clippy	Run actions/checkout@v4	2026-04-19T00:05:09.6595857Z [command]/usr/bin/git sparse-checkout disable
Clippy	Run actions/checkout@v4	2026-04-19T00:05:09.6631811Z [command]/usr/bin/git config --local --unset-all extensions.worktreeConfig
Clippy	Run actions/checkout@v4	2026-04-19T00:05:09.6656315Z ##[group]Checking out the ref
Clippy	Run actions/checkout@v4	2026-04-19T00:05:09.6660143Z [command]/usr/bin/git checkout --progress --force -B master refs/remotes/origin/master
Clippy	Run actions/checkout@v4	2026-04-19T00:05:09.6942515Z Reset branch 'master'
Clippy	Run actions/checkout@v4	2026-04-19T00:05:09.6944892Z branch 'master' set up to track 'origin/master'.
Clippy	Run actions/checkout@v4	2026-04-19T00:05:09.6953994Z ##[endgroup]
Clippy	Run actions/checkout@v4	2026-04-19T00:05:09.6986506Z [command]/usr/bin/git log -1 --format=%H
Clippy	Run actions/checkout@v4	2026-04-19T00:05:09.7008341Z bf0c0ce9b06a1a2f017f6ce7f5253373b0c65bdb
Clippy	Run dtolnay/rust-toolchain@stable	﻿2026-04-19T00:05:09.7376214Z ##[group]Run dtolnay/rust-toolchain@stable
Clippy	Run dtolnay/rust-toolchain@stable	2026-04-19T00:05:09.7376963Z with:
Clippy	Run dtolnay/rust-toolchain@stable	2026-04-19T00:05:09.7377461Z   components: clippy
Clippy	Run dtolnay/rust-toolchain@stable	2026-04-19T00:05:09.7378073Z   toolchain: stable
Clippy	Run dtolnay/rust-toolchain@stable	2026-04-19T00:05:09.7378555Z env:
Clippy	Run dtolnay/rust-toolchain@stable	2026-04-19T00:05:09.7379071Z   CARGO_TERM_COLOR: always
Clippy	Run dtolnay/rust-toolchain@stable	2026-04-19T00:05:09.7379624Z ##[endgroup]
Clippy	Run dtolnay/rust-toolchain@stable	2026-04-19T00:05:09.7515485Z ##[group]Run : parse toolchain version
Clippy	Run dtolnay/rust-toolchain@stable	2026-04-19T00:05:09.7516575Z [36;1m: parse toolchain version[0m
Clippy	Run dtolnay/rust-toolchain@stable	2026-04-19T00:05:09.7517347Z [36;1mif [[ -z $toolchain ]]; then[0m
Clippy	Run dtolnay/rust-toolchain@stable	2026-04-19T00:05:09.7518395Z [36;1m  # GitHub does not enforce `required: true` inputs itself. https://github.com/actions/runner/issues/1070[0m
Clippy	Run dtolnay/rust-toolchain@stable	2026-04-19T00:05:09.7519554Z [36;1m  echo "'toolchain' is a required input" >&2[0m
Clippy	Run dtolnay/rust-toolchain@stable	2026-04-19T00:05:09.7520310Z [36;1m  exit 1[0m
Clippy	Run dtolnay/rust-toolchain@stable	2026-04-19T00:05:09.7521013Z [36;1melif [[ $toolchain =~ ^stable' '[0-9]+' '(year|month|week|day)s?' 'ago$ ]]; then[0m
Clippy	Run dtolnay/rust-toolchain@stable	2026-04-19T00:05:09.7522083Z [36;1m  if [[ Linux == macOS ]]; then[0m
Clippy	Run dtolnay/rust-toolchain@stable	2026-04-19T00:05:09.7523198Z [36;1m    echo "toolchain=1.$((($(date -v-$(sed 's/stable \([0-9]*\) \(.\).*/\1\2/' <<< $toolchain) +%s)/60/60/24-16569)/7/6))" >> $GITHUB_OUTPUT[0m
Clippy	Run dtolnay/rust-toolchain@stable	2026-04-19T00:05:09.7524364Z [36;1m  else[0m
Clippy	Run dtolnay/rust-toolchain@stable	2026-04-19T00:05:09.7525272Z [36;1m    echo "toolchain=1.$((($(date --date "${toolchain#stable }" +%s)/60/60/24-16569)/7/6))" >> $GITHUB_OUTPUT[0m
Clippy	Run dtolnay/rust-toolchain@stable	2026-04-19T00:05:09.7526271Z [36;1m  fi[0m
Clippy	Run dtolnay/rust-toolchain@stable	2026-04-19T00:05:09.7526908Z [36;1melif [[ $toolchain =~ ^stable' 'minus' '[0-9]+' 'releases?$ ]]; then[0m
Clippy	Run dtolnay/rust-toolchain@stable	2026-04-19T00:05:09.7528022Z [36;1m  echo "toolchain=1.$((($(date +%s)/60/60/24-16569)/7/6-${toolchain//[^0-9]/}))" >> $GITHUB_OUTPUT[0m
Clippy	Run dtolnay/rust-toolchain@stable	2026-04-19T00:05:09.7529060Z [36;1melif [[ $toolchain =~ ^1\.[0-9]+$ ]]; then[0m
Clippy	Run dtolnay/rust-toolchain@stable	2026-04-19T00:05:09.7530132Z [36;1m  echo "toolchain=1.$((i=${toolchain#1.}, c=($(date +%s)/60/60/24-16569)/7/6, i+9*i*(10*i<=c)+90*i*(100*i<=c)))" >> $GITHUB_OUTPUT[0m
Clippy	Run dtolnay/rust-toolchain@stable	2026-04-19T00:05:09.7531192Z [36;1melse[0m
Clippy	Run dtolnay/rust-toolchain@stable	2026-04-19T00:05:09.7531970Z [36;1m  echo "toolchain=$toolchain" >> $GITHUB_OUTPUT[0m
Clippy	Run dtolnay/rust-toolchain@stable	2026-04-19T00:05:09.7532662Z [36;1mfi[0m
Clippy	Run dtolnay/rust-toolchain@stable	2026-04-19T00:05:09.7558996Z shell: /usr/bin/bash --noprofile --norc -e -o pipefail {0}
Clippy	Run dtolnay/rust-toolchain@stable	2026-04-19T00:05:09.7559818Z env:
Clippy	Run dtolnay/rust-toolchain@stable	2026-04-19T00:05:09.7560349Z   CARGO_TERM_COLOR: always
Clippy	Run dtolnay/rust-toolchain@stable	2026-04-19T00:05:09.7560944Z   toolchain: stable
Clippy	Run dtolnay/rust-toolchain@stable	2026-04-19T00:05:09.7561423Z ##[endgroup]
Clippy	Run dtolnay/rust-toolchain@stable	2026-04-19T00:05:09.7710306Z ##[group]Run : construct rustup command line
Clippy	Run dtolnay/rust-toolchain@stable	2026-04-19T00:05:09.7711057Z [36;1m: construct rustup command line[0m
Clippy	Run dtolnay/rust-toolchain@stable	2026-04-19T00:05:09.7712363Z [36;1mecho "targets=$(for t in ${targets//,/ }; do echo -n ' --target' $t; done)" >> $GITHUB_OUTPUT[0m
Clippy	Run dtolnay/rust-toolchain@stable	2026-04-19T00:05:09.7713720Z [36;1mecho "components=$(for c in ${components//,/ }; do echo -n ' --component' $c; done)" >> $GITHUB_OUTPUT[0m
Clippy	Run dtolnay/rust-toolchain@stable	2026-04-19T00:05:09.7714736Z [36;1mecho "downgrade=" >> $GITHUB_OUTPUT[0m
Clippy	Run dtolnay/rust-toolchain@stable	2026-04-19T00:05:09.7735527Z shell: /usr/bin/bash --noprofile --norc -e -o pipefail {0}
Clippy	Run dtolnay/rust-toolchain@stable	2026-04-19T00:05:09.7736291Z env:
Clippy	Run dtolnay/rust-toolchain@stable	2026-04-19T00:05:09.7736800Z   CARGO_TERM_COLOR: always
Clippy	Run dtolnay/rust-toolchain@stable	2026-04-19T00:05:09.7737378Z   targets: 
Clippy	Run dtolnay/rust-toolchain@stable	2026-04-19T00:05:09.7737859Z   components: clippy
Clippy	Run dtolnay/rust-toolchain@stable	2026-04-19T00:05:09.7738427Z ##[endgroup]
Clippy	Run dtolnay/rust-toolchain@stable	2026-04-19T00:05:09.7897712Z ##[group]Run : set $CARGO_HOME
Clippy	Run dtolnay/rust-toolchain@stable	2026-04-19T00:05:09.7898260Z [36;1m: set $CARGO_HOME[0m
Clippy	Run dtolnay/rust-toolchain@stable	2026-04-19T00:05:09.7898925Z [36;1mecho CARGO_HOME=${CARGO_HOME:-"$HOME/.cargo"} >> $GITHUB_ENV[0m
Clippy	Run dtolnay/rust-toolchain@stable	2026-04-19T00:05:09.7919555Z shell: /usr/bin/bash --noprofile --norc -e -o pipefail {0}
Clippy	Run dtolnay/rust-toolchain@stable	2026-04-19T00:05:09.7920233Z env:
Clippy	Run dtolnay/rust-toolchain@stable	2026-04-19T00:05:09.7920640Z   CARGO_TERM_COLOR: always
Clippy	Run dtolnay/rust-toolchain@stable	2026-04-19T00:05:09.7921115Z ##[endgroup]
Clippy	Run dtolnay/rust-toolchain@stable	2026-04-19T00:05:09.8004204Z ##[group]Run : install rustup if needed
Clippy	Run dtolnay/rust-toolchain@stable	2026-04-19T00:05:09.8004797Z [36;1m: install rustup if needed[0m
Clippy	Run dtolnay/rust-toolchain@stable	2026-04-19T00:05:09.8005368Z [36;1mif ! command -v rustup &>/dev/null; then[0m
Clippy	Run dtolnay/rust-toolchain@stable	2026-04-19T00:05:09.8006713Z [36;1m  curl --proto '=https' --tlsv1.2 --retry 10 --retry-connrefused --location --silent --show-error --fail https://sh.rustup.rs | sh -s -- --default-toolchain none -y[0m
Clippy	Run dtolnay/rust-toolchain@stable	2026-04-19T00:05:09.8008043Z [36;1m  echo "$CARGO_HOME/bin" >> $GITHUB_PATH[0m
Clippy	Run dtolnay/rust-toolchain@stable	2026-04-19T00:05:09.8008805Z [36;1mfi[0m
Clippy	Run dtolnay/rust-toolchain@stable	2026-04-19T00:05:09.8029160Z shell: /usr/bin/bash --noprofile --norc -e -o pipefail {0}
Clippy	Run dtolnay/rust-toolchain@stable	2026-04-19T00:05:09.8029824Z env:
Clippy	Run dtolnay/rust-toolchain@stable	2026-04-19T00:05:09.8030211Z   CARGO_TERM_COLOR: always
Clippy	Run dtolnay/rust-toolchain@stable	2026-04-19T00:05:09.8030690Z   CARGO_HOME: /home/runner/.cargo
Clippy	Run dtolnay/rust-toolchain@stable	2026-04-19T00:05:09.8031174Z ##[endgroup]
Clippy	Run dtolnay/rust-toolchain@stable	2026-04-19T00:05:09.8116676Z ##[group]Run rustup toolchain install stable --component clippy --profile minimal --no-self-update
Clippy	Run dtolnay/rust-toolchain@stable	2026-04-19T00:05:09.8117924Z [36;1mrustup toolchain install stable --component clippy --profile minimal --no-self-update[0m
Clippy	Run dtolnay/rust-toolchain@stable	2026-04-19T00:05:09.8138532Z shell: /usr/bin/bash --noprofile --norc -e -o pipefail {0}
Clippy	Run dtolnay/rust-toolchain@stable	2026-04-19T00:05:09.8139179Z env:
Clippy	Run dtolnay/rust-toolchain@stable	2026-04-19T00:05:09.8139574Z   CARGO_TERM_COLOR: always
Clippy	Run dtolnay/rust-toolchain@stable	2026-04-19T00:05:09.8140138Z   CARGO_HOME: /home/runner/.cargo
Clippy	Run dtolnay/rust-toolchain@stable	2026-04-19T00:05:09.8140663Z   RUSTUP_PERMIT_COPY_RENAME: 1
Clippy	Run dtolnay/rust-toolchain@stable	2026-04-19T00:05:09.8141136Z ##[endgroup]
Clippy	Run dtolnay/rust-toolchain@stable	2026-04-19T00:05:09.9709634Z info: syncing channel updates for stable-x86_64-unknown-linux-gnu
Clippy	Run dtolnay/rust-toolchain@stable	2026-04-19T00:05:10.2523563Z info: latest update on 2026-04-16 for version 1.95.0 (59807616e 2026-04-14)
Clippy	Run dtolnay/rust-toolchain@stable	2026-04-19T00:05:10.2653114Z info: removing previous version of component clippy
Clippy	Run dtolnay/rust-toolchain@stable	2026-04-19T00:05:10.2670709Z info: removing previous version of component rustfmt
Clippy	Run dtolnay/rust-toolchain@stable	2026-04-19T00:05:10.2683797Z info: removing previous version of component cargo
Clippy	Run dtolnay/rust-toolchain@stable	2026-04-19T00:05:10.2736369Z info: removing previous version of component rust-std
Clippy	Run dtolnay/rust-toolchain@stable	2026-04-19T00:05:10.2784972Z info: removing previous version of component rustc
Clippy	Run dtolnay/rust-toolchain@stable	2026-04-19T00:05:10.2840458Z info: downloading 5 components
Clippy	Run dtolnay/rust-toolchain@stable	2026-04-19T00:05:18.4314401Z 
Clippy	Run dtolnay/rust-toolchain@stable	2026-04-19T00:05:18.4410986Z   stable-x86_64-unknown-linux-gnu updated - rustc 1.95.0 (59807616e 2026-04-14) (from rustc 1.94.1 (e408947bf 2026-03-25))
Clippy	Run dtolnay/rust-toolchain@stable	2026-04-19T00:05:18.4412914Z 
Clippy	Run dtolnay/rust-toolchain@stable	2026-04-19T00:05:18.4510103Z ##[group]Run rustup default stable
Clippy	Run dtolnay/rust-toolchain@stable	2026-04-19T00:05:18.4510425Z [36;1mrustup default stable[0m
Clippy	Run dtolnay/rust-toolchain@stable	2026-04-19T00:05:18.4533021Z shell: /usr/bin/bash --noprofile --norc -e -o pipefail {0}
Clippy	Run dtolnay/rust-toolchain@stable	2026-04-19T00:05:18.4533411Z env:
Clippy	Run dtolnay/rust-toolchain@stable	2026-04-19T00:05:18.4533629Z   CARGO_TERM_COLOR: always
Clippy	Run dtolnay/rust-toolchain@stable	2026-04-19T00:05:18.4533887Z   CARGO_HOME: /home/runner/.cargo
Clippy	Run dtolnay/rust-toolchain@stable	2026-04-19T00:05:18.4534145Z ##[endgroup]
Clippy	Run dtolnay/rust-toolchain@stable	2026-04-19T00:05:18.4629553Z info: using existing install for stable-x86_64-unknown-linux-gnu
Clippy	Run dtolnay/rust-toolchain@stable	2026-04-19T00:05:18.4635314Z info: default toolchain set to stable-x86_64-unknown-linux-gnu
Clippy	Run dtolnay/rust-toolchain@stable	2026-04-19T00:05:18.4635842Z 
Clippy	Run dtolnay/rust-toolchain@stable	2026-04-19T00:05:18.4702217Z   stable-x86_64-unknown-linux-gnu unchanged - rustc 1.95.0 (59807616e 2026-04-14)
Clippy	Run dtolnay/rust-toolchain@stable	2026-04-19T00:05:18.4702852Z 
Clippy	Run dtolnay/rust-toolchain@stable	2026-04-19T00:05:18.4736975Z ##[group]Run : create cachekey
Clippy	Run dtolnay/rust-toolchain@stable	2026-04-19T00:05:18.4737280Z [36;1m: create cachekey[0m
Clippy	Run dtolnay/rust-toolchain@stable	2026-04-19T00:05:18.4737798Z [36;1mDATE=$(rustc +stable --version --verbose | sed -ne 's/^commit-date: \(20[0-9][0-9]\)-\([01][0-9]\)-\([0-3][0-9]\)$/\1\2\3/p')[0m
Clippy	Run dtolnay/rust-toolchain@stable	2026-04-19T00:05:18.4738474Z [36;1mHASH=$(rustc +stable --version --verbose | sed -ne 's/^commit-hash: //p')[0m
Clippy	Run dtolnay/rust-toolchain@stable	2026-04-19T00:05:18.4738980Z [36;1mecho "cachekey=$(echo $DATE$HASH | head -c12)" >> $GITHUB_OUTPUT[0m
Clippy	Run dtolnay/rust-toolchain@stable	2026-04-19T00:05:18.4760339Z shell: /usr/bin/bash --noprofile --norc -e -o pipefail {0}
Clippy	Run dtolnay/rust-toolchain@stable	2026-04-19T00:05:18.4760736Z env:
Clippy	Run dtolnay/rust-toolchain@stable	2026-04-19T00:05:18.4760962Z   CARGO_TERM_COLOR: always
Clippy	Run dtolnay/rust-toolchain@stable	2026-04-19T00:05:18.4761226Z   CARGO_HOME: /home/runner/.cargo
Clippy	Run dtolnay/rust-toolchain@stable	2026-04-19T00:05:18.4761703Z ##[endgroup]
Clippy	Run dtolnay/rust-toolchain@stable	2026-04-19T00:05:18.5095674Z ##[group]Run : disable incremental compilation
Clippy	Run dtolnay/rust-toolchain@stable	2026-04-19T00:05:18.5096102Z [36;1m: disable incremental compilation[0m
Clippy	Run dtolnay/rust-toolchain@stable	2026-04-19T00:05:18.5096450Z [36;1mif [ -z "${CARGO_INCREMENTAL+set}" ]; then[0m
Clippy	Run dtolnay/rust-toolchain@stable	2026-04-19T00:05:18.5096796Z [36;1m  echo CARGO_INCREMENTAL=0 >> $GITHUB_ENV[0m
Clippy	Run dtolnay/rust-toolchain@stable	2026-04-19T00:05:18.5097116Z [36;1mfi[0m
Clippy	Run dtolnay/rust-toolchain@stable	2026-04-19T00:05:18.5118260Z shell: /usr/bin/bash --noprofile --norc -e -o pipefail {0}
Clippy	Run dtolnay/rust-toolchain@stable	2026-04-19T00:05:18.5118642Z env:
Clippy	Run dtolnay/rust-toolchain@stable	2026-04-19T00:05:18.5118861Z   CARGO_TERM_COLOR: always
Clippy	Run dtolnay/rust-toolchain@stable	2026-04-19T00:05:18.5119120Z   CARGO_HOME: /home/runner/.cargo
Clippy	Run dtolnay/rust-toolchain@stable	2026-04-19T00:05:18.5119427Z ##[endgroup]
Clippy	Run dtolnay/rust-toolchain@stable	2026-04-19T00:05:18.5183850Z ##[group]Run : enable colors in Cargo output
Clippy	Run dtolnay/rust-toolchain@stable	2026-04-19T00:05:18.5184459Z [36;1m: enable colors in Cargo output[0m
Clippy	Run dtolnay/rust-toolchain@stable	2026-04-19T00:05:18.5184805Z [36;1mif [ -z "${CARGO_TERM_COLOR+set}" ]; then[0m
Clippy	Run dtolnay/rust-toolchain@stable	2026-04-19T00:05:18.5185165Z [36;1m  echo CARGO_TERM_COLOR=always >> $GITHUB_ENV[0m
Clippy	Run dtolnay/rust-toolchain@stable	2026-04-19T00:05:18.5185473Z [36;1mfi[0m
Clippy	Run dtolnay/rust-toolchain@stable	2026-04-19T00:05:18.5205718Z shell: /usr/bin/bash --noprofile --norc -e -o pipefail {0}
Clippy	Run dtolnay/rust-toolchain@stable	2026-04-19T00:05:18.5206246Z env:
Clippy	Run dtolnay/rust-toolchain@stable	2026-04-19T00:05:18.5206462Z   CARGO_TERM_COLOR: always
Clippy	Run dtolnay/rust-toolchain@stable	2026-04-19T00:05:18.5206720Z   CARGO_HOME: /home/runner/.cargo
Clippy	Run dtolnay/rust-toolchain@stable	2026-04-19T00:05:18.5206991Z   CARGO_INCREMENTAL: 0
Clippy	Run dtolnay/rust-toolchain@stable	2026-04-19T00:05:18.5207216Z ##[endgroup]
Clippy	Run dtolnay/rust-toolchain@stable	2026-04-19T00:05:18.5272157Z ##[group]Run : enable Cargo sparse registry
Clippy	Run dtolnay/rust-toolchain@stable	2026-04-19T00:05:18.5272521Z [36;1m: enable Cargo sparse registry[0m
Clippy	Run dtolnay/rust-toolchain@stable	2026-04-19T00:05:18.5272901Z [36;1m# implemented in 1.66, stabilized in 1.68, made default in 1.70[0m
Clippy	Run dtolnay/rust-toolchain@stable	2026-04-19T00:05:18.5273626Z [36;1mif [ -z "${CARGO_REGISTRIES_CRATES_IO_PROTOCOL+set}" -o -f "/home/runner/work/_temp"/.implicit_cargo_registries_crates_io_protocol ]; then[0m
Clippy	Run dtolnay/rust-toolchain@stable	2026-04-19T00:05:18.5274384Z [36;1m  if rustc +stable --version --verbose | grep -q '^release: 1\.6[89]\.'; then[0m
Clippy	Run dtolnay/rust-toolchain@stable	2026-04-19T00:05:18.5274988Z [36;1m    touch "/home/runner/work/_temp"/.implicit_cargo_registries_crates_io_protocol || true[0m
Clippy	Run dtolnay/rust-toolchain@stable	2026-04-19T00:05:18.5275547Z [36;1m    echo CARGO_REGISTRIES_CRATES_IO_PROTOCOL=sparse >> $GITHUB_ENV[0m
Clippy	Run dtolnay/rust-toolchain@stable	2026-04-19T00:05:18.5276075Z [36;1m  elif rustc +stable --version --verbose | grep -q '^release: 1\.6[67]\.'; then[0m
Clippy	Run dtolnay/rust-toolchain@stable	2026-04-19T00:05:18.5276656Z [36;1m    touch "/home/runner/work/_temp"/.implicit_cargo_registries_crates_io_protocol || true[0m
Clippy	Run dtolnay/rust-toolchain@stable	2026-04-19T00:05:18.5277204Z [36;1m    echo CARGO_REGISTRIES_CRATES_IO_PROTOCOL=git >> $GITHUB_ENV[0m
Clippy	Run dtolnay/rust-toolchain@stable	2026-04-19T00:05:18.5277559Z [36;1m  fi[0m
Clippy	Run dtolnay/rust-toolchain@stable	2026-04-19T00:05:18.5277764Z [36;1mfi[0m
Clippy	Run dtolnay/rust-toolchain@stable	2026-04-19T00:05:18.5298177Z shell: /usr/bin/bash --noprofile --norc -e -o pipefail {0}
Clippy	Run dtolnay/rust-toolchain@stable	2026-04-19T00:05:18.5298537Z env:
Clippy	Run dtolnay/rust-toolchain@stable	2026-04-19T00:05:18.5298751Z   CARGO_TERM_COLOR: always
Clippy	Run dtolnay/rust-toolchain@stable	2026-04-19T00:05:18.5299010Z   CARGO_HOME: /home/runner/.cargo
Clippy	Run dtolnay/rust-toolchain@stable	2026-04-19T00:05:18.5299291Z   CARGO_INCREMENTAL: 0
Clippy	Run dtolnay/rust-toolchain@stable	2026-04-19T00:05:18.5299518Z ##[endgroup]
Clippy	Run dtolnay/rust-toolchain@stable	2026-04-19T00:05:18.5606268Z ##[group]Run : work around spurious network errors in curl 8.0
Clippy	Run dtolnay/rust-toolchain@stable	2026-04-19T00:05:18.5606734Z [36;1m: work around spurious network errors in curl 8.0[0m
Clippy	Run dtolnay/rust-toolchain@stable	2026-04-19T00:05:18.5607456Z [36;1m# https://rust-lang.zulipchat.com/#narrow/stream/246057-t-cargo/topic/timeout.20investigation[0m
Clippy	Run dtolnay/rust-toolchain@stable	2026-04-19T00:05:18.5608106Z [36;1mif rustc +stable --version --verbose | grep -q '^release: 1\.7[01]\.'; then[0m
Clippy	Run dtolnay/rust-toolchain@stable	2026-04-19T00:05:18.5608581Z [36;1m  echo CARGO_HTTP_MULTIPLEXING=false >> $GITHUB_ENV[0m
Clippy	Run dtolnay/rust-toolchain@stable	2026-04-19T00:05:18.5608909Z [36;1mfi[0m
Clippy	Run dtolnay/rust-toolchain@stable	2026-04-19T00:05:18.5630790Z shell: /usr/bin/bash --noprofile --norc -e -o pipefail {0}
Clippy	Run dtolnay/rust-toolchain@stable	2026-04-19T00:05:18.5631167Z env:
Clippy	Run dtolnay/rust-toolchain@stable	2026-04-19T00:05:18.5631372Z   CARGO_TERM_COLOR: always
Clippy	Run dtolnay/rust-toolchain@stable	2026-04-19T00:05:18.5632054Z   CARGO_HOME: /home/runner/.cargo
Clippy	Run dtolnay/rust-toolchain@stable	2026-04-19T00:05:18.5632328Z   CARGO_INCREMENTAL: 0
Clippy	Run dtolnay/rust-toolchain@stable	2026-04-19T00:05:18.5632561Z ##[endgroup]
Clippy	Run dtolnay/rust-toolchain@stable	2026-04-19T00:05:18.5817069Z ##[group]Run rustc +stable --version --verbose
Clippy	Run dtolnay/rust-toolchain@stable	2026-04-19T00:05:18.5817433Z [36;1mrustc +stable --version --verbose[0m
Clippy	Run dtolnay/rust-toolchain@stable	2026-04-19T00:05:18.5839509Z shell: /usr/bin/bash --noprofile --norc -e -o pipefail {0}
Clippy	Run dtolnay/rust-toolchain@stable	2026-04-19T00:05:18.5839886Z env:
Clippy	Run dtolnay/rust-toolchain@stable	2026-04-19T00:05:18.5840093Z   CARGO_TERM_COLOR: always
Clippy	Run dtolnay/rust-toolchain@stable	2026-04-19T00:05:18.5840361Z   CARGO_HOME: /home/runner/.cargo
Clippy	Run dtolnay/rust-toolchain@stable	2026-04-19T00:05:18.5840635Z   CARGO_INCREMENTAL: 0
Clippy	Run dtolnay/rust-toolchain@stable	2026-04-19T00:05:18.5840870Z ##[endgroup]
Clippy	Run dtolnay/rust-toolchain@stable	2026-04-19T00:05:18.5990682Z rustc 1.95.0 (59807616e 2026-04-14)
Clippy	Run dtolnay/rust-toolchain@stable	2026-04-19T00:05:18.5991309Z binary: rustc
Clippy	Run dtolnay/rust-toolchain@stable	2026-04-19T00:05:18.5992174Z commit-hash: 59807616e1fa2540724bfbac14d7976d7e4a3860
Clippy	Run dtolnay/rust-toolchain@stable	2026-04-19T00:05:18.5992841Z commit-date: 2026-04-14
Clippy	Run dtolnay/rust-toolchain@stable	2026-04-19T00:05:18.5993377Z host: x86_64-unknown-linux-gnu
Clippy	Run dtolnay/rust-toolchain@stable	2026-04-19T00:05:18.5993860Z release: 1.95.0
Clippy	Run dtolnay/rust-toolchain@stable	2026-04-19T00:05:18.5994244Z LLVM version: 22.1.2
Clippy	Run Swatinem/rust-cache@v2	﻿2026-04-19T00:05:18.6160035Z ##[group]Run Swatinem/rust-cache@v2
Clippy	Run Swatinem/rust-cache@v2	2026-04-19T00:05:18.6160370Z with:
Clippy	Run Swatinem/rust-cache@v2	2026-04-19T00:05:18.6160583Z   prefix-key: v0-rust
Clippy	Run Swatinem/rust-cache@v2	2026-04-19T00:05:18.6160824Z   add-job-id-key: true
Clippy	Run Swatinem/rust-cache@v2	2026-04-19T00:05:18.6161082Z   add-rust-environment-hash-key: true
Clippy	Run Swatinem/rust-cache@v2	2026-04-19T00:05:18.6161363Z   cache-targets: true
Clippy	Run Swatinem/rust-cache@v2	2026-04-19T00:05:18.6161937Z   cache-all-crates: false
Clippy	Run Swatinem/rust-cache@v2	2026-04-19T00:05:18.6162219Z   cache-workspace-crates: false
Clippy	Run Swatinem/rust-cache@v2	2026-04-19T00:05:18.6162491Z   save-if: true
Clippy	Run Swatinem/rust-cache@v2	2026-04-19T00:05:18.6162708Z   cache-provider: github
Clippy	Run Swatinem/rust-cache@v2	2026-04-19T00:05:18.6163140Z   cache-bin: true
Clippy	Run Swatinem/rust-cache@v2	2026-04-19T00:05:18.6163352Z   lookup-only: false
Clippy	Run Swatinem/rust-cache@v2	2026-04-19T00:05:18.6163576Z   cmd-format: {0}
Clippy	Run Swatinem/rust-cache@v2	2026-04-19T00:05:18.6163776Z env:
Clippy	Run Swatinem/rust-cache@v2	2026-04-19T00:05:18.6163976Z   CARGO_TERM_COLOR: always
Clippy	Run Swatinem/rust-cache@v2	2026-04-19T00:05:18.6164226Z   CARGO_HOME: /home/runner/.cargo
Clippy	Run Swatinem/rust-cache@v2	2026-04-19T00:05:18.6164482Z   CARGO_INCREMENTAL: 0
Clippy	Run Swatinem/rust-cache@v2	2026-04-19T00:05:18.6164707Z ##[endgroup]
Clippy	Run Swatinem/rust-cache@v2	2026-04-19T00:05:18.8907634Z (node:2405) [DEP0040] DeprecationWarning: The `punycode` module is deprecated. Please use a userland alternative instead.
Clippy	Run Swatinem/rust-cache@v2	2026-04-19T00:05:18.8909353Z (Use `node --trace-deprecation ...` to show where the warning was created)
Clippy	Run Swatinem/rust-cache@v2	2026-04-19T00:05:19.0531128Z ##[group]Cache Configuration
Clippy	Run Swatinem/rust-cache@v2	2026-04-19T00:05:19.0531898Z Cache Provider:
Clippy	Run Swatinem/rust-cache@v2	2026-04-19T00:05:19.0532244Z     github
Clippy	Run Swatinem/rust-cache@v2	2026-04-19T00:05:19.0532530Z Workspaces:
Clippy	Run Swatinem/rust-cache@v2	2026-04-19T00:05:19.0532806Z     /home/runner/work/qssm-rs/qssm-rs
Clippy	Run Swatinem/rust-cache@v2	2026-04-19T00:05:19.0533077Z Cache Paths:
Clippy	Run Swatinem/rust-cache@v2	2026-04-19T00:05:19.0533268Z     /home/runner/.cargo/bin
Clippy	Run Swatinem/rust-cache@v2	2026-04-19T00:05:19.0533515Z     /home/runner/.cargo/.crates.toml
Clippy	Run Swatinem/rust-cache@v2	2026-04-19T00:05:19.0533762Z     /home/runner/.cargo/.crates2.json
Clippy	Run Swatinem/rust-cache@v2	2026-04-19T00:05:19.0533996Z     /home/runner/.cargo/registry
Clippy	Run Swatinem/rust-cache@v2	2026-04-19T00:05:19.0534235Z     /home/runner/.cargo/git
Clippy	Run Swatinem/rust-cache@v2	2026-04-19T00:05:19.0534457Z     /home/runner/work/qssm-rs/qssm-rs/target
Clippy	Run Swatinem/rust-cache@v2	2026-04-19T00:05:19.0534932Z Restore Key:
Clippy	Run Swatinem/rust-cache@v2	2026-04-19T00:05:19.0535296Z     v0-rust-clippy-Linux-x64-e88b75f5
Clippy	Run Swatinem/rust-cache@v2	2026-04-19T00:05:19.0535613Z Cache Key:
Clippy	Run Swatinem/rust-cache@v2	2026-04-19T00:05:19.0535827Z     v0-rust-clippy-Linux-x64-e88b75f5-179c6761
Clippy	Run Swatinem/rust-cache@v2	2026-04-19T00:05:19.0536102Z .. Prefix:
Clippy	Run Swatinem/rust-cache@v2	2026-04-19T00:05:19.0536289Z   - v0-rust-clippy-Linux-x64
Clippy	Run Swatinem/rust-cache@v2	2026-04-19T00:05:19.0536517Z .. Environment considered:
Clippy	Run Swatinem/rust-cache@v2	2026-04-19T00:05:19.0536725Z   - Rust Versions:
Clippy	Run Swatinem/rust-cache@v2	2026-04-19T00:05:19.0537020Z     - 1.95.0 x86_64-unknown-linux-gnu 59807616e1fa2540724bfbac14d7976d7e4a3860
Clippy	Run Swatinem/rust-cache@v2	2026-04-19T00:05:19.0537468Z     - 1.95.0 x86_64-unknown-linux-gnu 59807616e1fa2540724bfbac14d7976d7e4a3860
Clippy	Run Swatinem/rust-cache@v2	2026-04-19T00:05:19.0537796Z   - CARGO_HOME
Clippy	Run Swatinem/rust-cache@v2	2026-04-19T00:05:19.0537973Z   - CARGO_INCREMENTAL
Clippy	Run Swatinem/rust-cache@v2	2026-04-19T00:05:19.0538159Z   - CARGO_TERM_COLOR
Clippy	Run Swatinem/rust-cache@v2	2026-04-19T00:05:19.0538340Z .. Lockfiles considered:
Clippy	Run Swatinem/rust-cache@v2	2026-04-19T00:05:19.0538595Z   - /home/runner/work/qssm-rs/qssm-rs/.cargo/config.toml
Clippy	Run Swatinem/rust-cache@v2	2026-04-19T00:05:19.0538910Z   - /home/runner/work/qssm-rs/qssm-rs/Cargo.lock
Clippy	Run Swatinem/rust-cache@v2	2026-04-19T00:05:19.0539258Z   - /home/runner/work/qssm-rs/qssm-rs/desktop/src-tauri/Cargo.toml
Clippy	Run Swatinem/rust-cache@v2	2026-04-19T00:05:19.0539637Z   - /home/runner/work/qssm-rs/qssm-rs/integration/Cargo.toml
Clippy	Run Swatinem/rust-cache@v2	2026-04-19T00:05:19.0540027Z   - /home/runner/work/qssm-rs/qssm-rs/truth-engine/examples/Cargo.toml
Clippy	Run Swatinem/rust-cache@v2	2026-04-19T00:05:19.0540461Z   - /home/runner/work/qssm-rs/qssm-rs/truth-engine/qssm-api/Cargo.toml
Clippy	Run Swatinem/rust-cache@v2	2026-04-19T00:05:19.0540884Z   - /home/runner/work/qssm-rs/qssm-rs/truth-engine/qssm-entropy/Cargo.toml
Clippy	Run Swatinem/rust-cache@v2	2026-04-19T00:05:19.0541329Z   - /home/runner/work/qssm-rs/qssm-rs/truth-engine/qssm-gadget/Cargo.toml
Clippy	Run Swatinem/rust-cache@v2	2026-04-19T00:05:19.0542237Z   - /home/runner/work/qssm-rs/qssm-rs/truth-engine/qssm-le/Cargo.toml
Clippy	Run Swatinem/rust-cache@v2	2026-04-19T00:05:19.0543060Z   - /home/runner/work/qssm-rs/qssm-rs/truth-engine/qssm-le/fuzz/.cargo/config.toml
Clippy	Run Swatinem/rust-cache@v2	2026-04-19T00:05:19.0543606Z   - /home/runner/work/qssm-rs/qssm-rs/truth-engine/qssm-local-prover/Cargo.toml
Clippy	Run Swatinem/rust-cache@v2	2026-04-19T00:05:19.0544138Z   - /home/runner/work/qssm-rs/qssm-rs/truth-engine/qssm-local-verifier/Cargo.toml
Clippy	Run Swatinem/rust-cache@v2	2026-04-19T00:05:19.0544621Z   - /home/runner/work/qssm-rs/qssm-rs/truth-engine/qssm-ms/Cargo.toml
Clippy	Run Swatinem/rust-cache@v2	2026-04-19T00:05:19.0545095Z   - /home/runner/work/qssm-rs/qssm-rs/truth-engine/qssm-proofs/Cargo.toml
Clippy	Run Swatinem/rust-cache@v2	2026-04-19T00:05:19.0545573Z   - /home/runner/work/qssm-rs/qssm-rs/truth-engine/qssm-templates/Cargo.toml
Clippy	Run Swatinem/rust-cache@v2	2026-04-19T00:05:19.0546923Z   - /home/runner/work/qssm-rs/qssm-rs/truth-engine/qssm-utils/Cargo.toml
Clippy	Run Swatinem/rust-cache@v2	2026-04-19T00:05:19.0547771Z ##[endgroup]
Clippy	Run Swatinem/rust-cache@v2	2026-04-19T00:05:19.0547942Z 
Clippy	Run Swatinem/rust-cache@v2	2026-04-19T00:05:19.0548087Z ... Restoring cache ...
Clippy	Run Swatinem/rust-cache@v2	2026-04-19T00:05:19.1069435Z No cache found.
Clippy	Run cargo clippy --workspace --all-targets --exclude qssm-desktop -- -D warnings	﻿2026-04-19T00:05:19.1185663Z ##[group]Run cargo clippy --workspace --all-targets --exclude qssm-desktop -- -D warnings
Clippy	Run cargo clippy --workspace --all-targets --exclude qssm-desktop -- -D warnings	2026-04-19T00:05:19.1186465Z [36;1mcargo clippy --workspace --all-targets --exclude qssm-desktop -- -D warnings[0m
Clippy	Run cargo clippy --workspace --all-targets --exclude qssm-desktop -- -D warnings	2026-04-19T00:05:19.1209562Z shell: /usr/bin/bash -e {0}
Clippy	Run cargo clippy --workspace --all-targets --exclude qssm-desktop -- -D warnings	2026-04-19T00:05:19.1209797Z env:
Clippy	Run cargo clippy --workspace --all-targets --exclude qssm-desktop -- -D warnings	2026-04-19T00:05:19.1209963Z   CARGO_TERM_COLOR: always
Clippy	Run cargo clippy --workspace --all-targets --exclude qssm-desktop -- -D warnings	2026-04-19T00:05:19.1210189Z   CARGO_HOME: /home/runner/.cargo
Clippy	Run cargo clippy --workspace --all-targets --exclude qssm-desktop -- -D warnings	2026-04-19T00:05:19.1210417Z   CARGO_INCREMENTAL: 0
Clippy	Run cargo clippy --workspace --all-targets --exclude qssm-desktop -- -D warnings	2026-04-19T00:05:19.1210608Z   CACHE_ON_FAILURE: false
Clippy	Run cargo clippy --workspace --all-targets --exclude qssm-desktop -- -D warnings	2026-04-19T00:05:19.1210804Z ##[endgroup]
Clippy	Run cargo clippy --workspace --all-targets --exclude qssm-desktop -- -D warnings	2026-04-19T00:05:19.1957303Z [1m[92m    Updating[0m crates.io index
Clippy	Run cargo clippy --workspace --all-targets --exclude qssm-desktop -- -D warnings	2026-04-19T00:05:21.2332794Z [1m[92m Downloading[0m crates ...
Clippy	Run cargo clippy --workspace --all-targets --exclude qssm-desktop -- -D warnings	2026-04-19T00:05:21.3470869Z [1m[92m  Downloaded[0m cfg-if v1.0.4
Clippy	Run cargo clippy --workspace --all-targets --exclude qssm-desktop -- -D warnings	2026-04-19T00:05:21.3489455Z [1m[92m  Downloaded[0m bit-set v0.8.0
Clippy	Run cargo clippy --workspace --all-targets --exclude qssm-desktop -- -D warnings	2026-04-19T00:05:21.3560848Z [1m[92m  Downloaded[0m rusty-fork v0.3.1
Clippy	Run cargo clippy --workspace --all-targets --exclude qssm-desktop -- -D warnings	2026-04-19T00:05:21.3598332Z [1m[92m  Downloaded[0m wait-timeout v0.2.1
Clippy	Run cargo clippy --workspace --all-targets --exclude qssm-desktop -- -D warnings	2026-04-19T00:05:21.3657301Z [1m[92m  Downloaded[0m signature v2.2.0
Clippy	Run cargo clippy --workspace --all-targets --exclude qssm-desktop -- -D warnings	2026-04-19T00:05:21.3675432Z [1m[92m  Downloaded[0m unicode-ident v1.0.24
Clippy	Run cargo clippy --workspace --all-targets --exclude qssm-desktop -- -D warnings	2026-04-19T00:05:21.3707424Z [1m[92m  Downloaded[0m spki v0.7.3
Clippy	Run cargo clippy --workspace --all-targets --exclude qssm-desktop -- -D warnings	2026-04-19T00:05:21.3728362Z [1m[92m  Downloaded[0m serde_core v1.0.228
Clippy	Run cargo clippy --workspace --all-targets --exclude qssm-desktop -- -D warnings	2026-04-19T00:05:21.3759558Z [1m[92m  Downloaded[0m shlex v1.3.0
Clippy	Run cargo clippy --workspace --all-targets --exclude qssm-desktop -- -D warnings	2026-04-19T00:05:21.3775911Z [1m[92m  Downloaded[0m typenum v1.19.0
Clippy	Run cargo clippy --workspace --all-targets --exclude qssm-desktop -- -D warnings	2026-04-19T00:05:21.3808399Z [1m[92m  Downloaded[0m unescaper v0.1.8
Clippy	Run cargo clippy --workspace --all-targets --exclude qssm-desktop -- -D warnings	2026-04-19T00:05:21.3828924Z [1m[92m  Downloaded[0m zmij v1.0.21
Clippy	Run cargo clippy --workspace --all-targets --exclude qssm-desktop -- -D warnings	2026-04-19T00:05:21.3852011Z [1m[92m  Downloaded[0m zeroize v1.8.2
Clippy	Run cargo clippy --workspace --all-targets --exclude qssm-desktop -- -D warnings	2026-04-19T00:05:21.3869835Z [1m[92m  Downloaded[0m zeroize_derive v1.4.3
Clippy	Run cargo clippy --workspace --all-targets --exclude qssm-desktop -- -D warnings	2026-04-19T00:05:21.3883816Z [1m[92m  Downloaded[0m thiserror v2.0.18
Clippy	Run cargo clippy --workspace --all-targets --exclude qssm-desktop -- -D warnings	2026-04-19T00:05:21.3951177Z [1m[92m  Downloaded[0m smallvec v1.15.1
Clippy	Run cargo clippy --workspace --all-targets --exclude qssm-desktop -- -D warnings	2026-04-19T00:05:21.3982296Z [1m[92m  Downloaded[0m ppv-lite86 v0.2.21
Clippy	Run cargo clippy --workspace --all-targets --exclude qssm-desktop -- -D warnings	2026-04-19T00:05:21.4003862Z [1m[92m  Downloaded[0m rand_xorshift v0.4.0
Clippy	Run cargo clippy --workspace --all-targets --exclude qssm-desktop -- -D warnings	2026-04-19T00:05:21.4017935Z [1m[92m  Downloaded[0m serde v1.0.228
Clippy	Run cargo clippy --workspace --all-targets --exclude qssm-desktop -- -D warnings	2026-04-19T00:05:21.4058024Z [1m[92m  Downloaded[0m getrandom v0.3.4
Clippy	Run cargo clippy --workspace --all-targets --exclude qssm-desktop -- -D warnings	2026-04-19T00:05:21.4096366Z [1m[92m  Downloaded[0m plotters v0.3.7
Clippy	Run cargo clippy --workspace --all-targets --exclude qssm-desktop -- -D warnings	2026-04-19T00:05:21.4193231Z [1m[92m  Downloaded[0m errno v0.3.14
Clippy	Run cargo clippy --workspace --all-targets --exclude qssm-desktop -- -D warnings	2026-04-19T00:05:21.4211739Z [1m[92m  Downloaded[0m serde_json v1.0.149
Clippy	Run cargo clippy --workspace --all-targets --exclude qssm-desktop -- -D warnings	2026-04-19T00:05:21.4286611Z [1m[92m  Downloaded[0m regex v1.12.3
Clippy	Run cargo clippy --workspace --all-targets --exclude qssm-desktop -- -D warnings	2026-04-19T00:05:21.4345040Z [1m[92m  Downloaded[0m hex v0.4.3
Clippy	Run cargo clippy --workspace --all-targets --exclude qssm-desktop -- -D warnings	2026-04-19T00:05:21.4365325Z [1m[92m  Downloaded[0m zerocopy v0.8.48
Clippy	Run cargo clippy --workspace --all-targets --exclude qssm-desktop -- -D warnings	2026-04-19T00:05:21.4581028Z [1m[92m  Downloaded[0m syn v2.0.117
Clippy	Run cargo clippy --workspace --all-targets --exclude qssm-desktop -- -D warnings	2026-04-19T00:05:21.4687461Z [1m[92m  Downloaded[0m itertools v0.10.5
Clippy	Run cargo clippy --workspace --all-targets --exclude qssm-desktop -- -D warnings	2026-04-19T00:05:21.4752466Z [1m[92m  Downloaded[0m hmac v0.12.1
Clippy	Run cargo clippy --workspace --all-targets --exclude qssm-desktop -- -D warnings	2026-04-19T00:05:21.4774755Z [1m[92m  Downloaded[0m micromath v1.1.1
Clippy	Run cargo clippy --workspace --all-targets --exclude qssm-desktop -- -D warnings	2026-04-19T00:05:21.4822354Z [1m[92m  Downloaded[0m crossbeam-deque v0.8.6
Clippy	Run cargo clippy --workspace --all-targets --exclude qssm-desktop -- -D warnings	2026-04-19T00:05:21.4838651Z [1m[92m  Downloaded[0m bitflags v1.3.2
Clippy	Run cargo clippy --workspace --all-targets --exclude qssm-desktop -- -D warnings	2026-04-19T00:05:21.4873974Z [1m[92m  Downloaded[0m libc v0.2.185
Clippy	Run cargo clippy --workspace --all-targets --exclude qssm-desktop -- -D warnings	2026-04-19T00:05:21.5258381Z [1m[92m  Downloaded[0m rand_chacha v0.9.0
Clippy	Run cargo clippy --workspace --all-targets --exclude qssm-desktop -- -D warnings	2026-04-19T00:05:21.5271110Z [1m[92m  Downloaded[0m autocfg v1.5.0
Clippy	Run cargo clippy --workspace --all-targets --exclude qssm-desktop -- -D warnings	2026-04-19T00:05:21.5294702Z [1m[92m  Downloaded[0m libudev-sys v0.1.4
Clippy	Run cargo clippy --workspace --all-targets --exclude qssm-desktop -- -D warnings	2026-04-19T00:05:21.5309093Z [1m[92m  Downloaded[0m rand_core v0.6.4
Clippy	Run cargo clippy --workspace --all-targets --exclude qssm-desktop -- -D warnings	2026-04-19T00:05:21.5328438Z [1m[92m  Downloaded[0m rand v0.9.4
Clippy	Run cargo clippy --workspace --all-targets --exclude qssm-desktop -- -D warnings	2026-04-19T00:05:21.5371169Z [1m[92m  Downloaded[0m nix v0.26.4
Clippy	Run cargo clippy --workspace --all-targets --exclude qssm-desktop -- -D warnings	2026-04-19T00:05:21.5474831Z [1m[92m  Downloaded[0m rayon-core v1.13.0
Clippy	Run cargo clippy --workspace --all-targets --exclude qssm-desktop -- -D warnings	2026-04-19T00:05:21.5516367Z [1m[92m  Downloaded[0m rand_core v0.9.5
Clippy	Run cargo clippy --workspace --all-targets --exclude qssm-desktop -- -D warnings	2026-04-19T00:05:21.5530052Z [1m[92m  Downloaded[0m digest v0.10.7
Clippy	Run cargo clippy --workspace --all-targets --exclude qssm-desktop -- -D warnings	2026-04-19T00:05:21.5550170Z [1m[92m  Downloaded[0m pkcs8 v0.10.2
Clippy	Run cargo clippy --workspace --all-targets --exclude qssm-desktop -- -D warnings	2026-04-19T00:05:21.5583887Z [1m[92m  Downloaded[0m oorandom v11.1.5
Clippy	Run cargo clippy --workspace --all-targets --exclude qssm-desktop -- -D warnings	2026-04-19T00:05:21.5599591Z [1m[92m  Downloaded[0m itoa v1.0.18
Clippy	Run cargo clippy --workspace --all-targets --exclude qssm-desktop -- -D warnings	2026-04-19T00:05:21.5617285Z [1m[92m  Downloaded[0m rayon v1.12.0
Clippy	Run cargo clippy --workspace --all-targets --exclude qssm-desktop -- -D warnings	2026-04-19T00:05:21.5712517Z [1m[92m  Downloaded[0m proptest v1.11.0
Clippy	Run cargo clippy --workspace --all-targets --exclude qssm-desktop -- -D warnings	2026-04-19T00:05:21.5811019Z [1m[92m  Downloaded[0m base64ct v1.8.3
Clippy	Run cargo clippy --workspace --all-targets --exclude qssm-desktop -- -D warnings	2026-04-19T00:05:21.5839043Z [1m[92m  Downloaded[0m thiserror-impl v1.0.69
Clippy	Run cargo clippy --workspace --all-targets --exclude qssm-desktop -- -D warnings	2026-04-19T00:05:21.5853640Z [1m[92m  Downloaded[0m getrandom v0.2.17
Clippy	Run cargo clippy --workspace --all-targets --exclude qssm-desktop -- -D warnings	2026-04-19T00:05:21.5886371Z [1m[92m  Downloaded[0m quote v1.0.45
Clippy	Run cargo clippy --workspace --all-targets --exclude qssm-desktop -- -D warnings	2026-04-19T00:05:21.5913713Z [1m[92m  Downloaded[0m getrandom v0.4.2
Clippy	Run cargo clippy --workspace --all-targets --exclude qssm-desktop -- -D warnings	2026-04-19T00:05:21.5951911Z [1m[92m  Downloaded[0m fnv v1.0.7
Clippy	Run cargo clippy --workspace --all-targets --exclude qssm-desktop -- -D warnings	2026-04-19T00:05:21.5962674Z [1m[92m  Downloaded[0m primeorder v0.13.6
Clippy	Run cargo clippy --workspace --all-targets --exclude qssm-desktop -- -D warnings	2026-04-19T00:05:21.5976807Z [1m[92m  Downloaded[0m once_cell v1.21.4
Clippy	Run cargo clippy --workspace --all-targets --exclude qssm-desktop -- -D warnings	2026-04-19T00:05:21.6003179Z [1m[92m  Downloaded[0m clap v4.6.1
Clippy	Run cargo clippy --workspace --all-targets --exclude qssm-desktop -- -D warnings	2026-04-19T00:05:21.6099523Z [1m[92m  Downloaded[0m flate2 v1.1.9
Clippy	Run cargo clippy --workspace --all-targets --exclude qssm-desktop -- -D warnings	2026-04-19T00:05:21.6148858Z [1m[92m  Downloaded[0m crypto-bigint v0.5.5
Clippy	Run cargo clippy --workspace --all-targets --exclude qssm-desktop -- -D warnings	2026-04-19T00:05:21.6219731Z [1m[92m  Downloaded[0m hashbrown v0.17.0
Clippy	Run cargo clippy --workspace --all-targets --exclude qssm-desktop -- -D warnings	2026-04-19T00:05:21.6272379Z [1m[92m  Downloaded[0m ciborium-ll v0.2.2
Clippy	Run cargo clippy --workspace --all-targets --exclude qssm-desktop -- -D warnings	2026-04-19T00:05:21.6284027Z [1m[92m  Downloaded[0m ciborium-io v0.2.2
Clippy	Run cargo clippy --workspace --all-targets --exclude qssm-desktop -- -D warnings	2026-04-19T00:05:21.6292137Z [1m[92m  Downloaded[0m anstyle v1.0.14
Clippy	Run cargo clippy --workspace --all-targets --exclude qssm-desktop -- -D warnings	2026-04-19T00:05:21.6307255Z [1m[92m  Downloaded[0m cpufeatures v0.2.17
Clippy	Run cargo clippy --workspace --all-targets --exclude qssm-desktop -- -D warnings	2026-04-19T00:05:21.6324101Z [1m[92m  Downloaded[0m ecdsa v0.16.9
Clippy	Run cargo clippy --workspace --all-targets --exclude qssm-desktop -- -D warnings	2026-04-19T00:05:21.6342529Z [1m[92m  Downloaded[0m bitflags v2.11.1
Clippy	Run cargo clippy --workspace --all-targets --exclude qssm-desktop -- -D warnings	2026-04-19T00:05:21.6389182Z [1m[92m  Downloaded[0m openentropy-core v0.12.3
Clippy	Run cargo clippy --workspace --all-targets --exclude qssm-desktop -- -D warnings	2026-04-19T00:05:21.6479873Z [1m[92m  Downloaded[0m miniz_oxide v0.8.9
Clippy	Run cargo clippy --workspace --all-targets --exclude qssm-desktop -- -D warnings	2026-04-19T00:05:21.6504674Z [1m[92m  Downloaded[0m indexmap v2.14.0
Clippy	Run cargo clippy --workspace --all-targets --exclude qssm-desktop -- -D warnings	2026-04-19T00:05:21.6545950Z [1m[92m  Downloaded[0m equivalent v1.0.2
Clippy	Run cargo clippy --workspace --all-targets --exclude qssm-desktop -- -D warnings	2026-04-19T00:05:21.6556479Z [1m[92m  Downloaded[0m crossbeam-utils v0.8.21
Clippy	Run cargo clippy --workspace --all-targets --exclude qssm-desktop -- -D warnings	2026-04-19T00:05:21.6583149Z [1m[92m  Downloaded[0m crossbeam-epoch v0.9.18
Clippy	Run cargo clippy --workspace --all-targets --exclude qssm-desktop -- -D warnings	2026-04-19T00:05:21.6607167Z [1m[92m  Downloaded[0m block-buffer v0.10.4
Clippy	Run cargo clippy --workspace --all-targets --exclude qssm-desktop -- -D warnings	2026-04-19T00:05:21.6617936Z [1m[92m  Downloaded[0m proc-macro2 v1.0.106
Clippy	Run cargo clippy --workspace --all-targets --exclude qssm-desktop -- -D warnings	2026-04-19T00:05:21.6646764Z [1m[92m  Downloaded[0m plotters-backend v0.3.7
Clippy	Run cargo clippy --workspace --all-targets --exclude qssm-desktop -- -D warnings	2026-04-19T00:05:21.6659386Z [1m[92m  Downloaded[0m find-msvc-tools v0.1.9
Clippy	Run cargo clippy --workspace --all-targets --exclude qssm-desktop -- -D warnings	2026-04-19T00:05:21.6675116Z [1m[92m  Downloaded[0m const-oid v0.9.6
Clippy	Run cargo clippy --workspace --all-targets --exclude qssm-desktop -- -D warnings	2026-04-19T00:05:21.6693732Z [1m[92m  Downloaded[0m arrayvec v0.7.6
Clippy	Run cargo clippy --workspace --all-targets --exclude qssm-desktop -- -D warnings	2026-04-19T00:05:21.6713407Z [1m[92m  Downloaded[0m elliptic-curve v0.13.8
Clippy	Run cargo clippy --workspace --all-targets --exclude qssm-desktop -- -D warnings	2026-04-19T00:05:21.6750644Z [1m[92m  Downloaded[0m der v0.7.10
Clippy	Run cargo clippy --workspace --all-targets --exclude qssm-desktop -- -D warnings	2026-04-19T00:05:21.6802329Z [1m[92m  Downloaded[0m crypto-common v0.1.7
Clippy	Run cargo clippy --workspace --all-targets --exclude qssm-desktop -- -D warnings	2026-04-19T00:05:21.6811749Z [1m[92m  Downloaded[0m ciborium v0.2.2
Clippy	Run cargo clippy --workspace --all-targets --exclude qssm-desktop -- -D warnings	2026-04-19T00:05:21.6835160Z [1m[92m  Downloaded[0m qcicada v0.2.2
Clippy	Run cargo clippy --workspace --all-targets --exclude qssm-desktop -- -D warnings	2026-04-19T00:05:21.6851620Z [1m[92m  Downloaded[0m memchr v2.8.0
Clippy	Run cargo clippy --workspace --all-targets --exclude qssm-desktop -- -D warnings	2026-04-19T00:05:21.6904174Z [1m[92m  Downloaded[0m rand_chacha v0.3.1
Clippy	Run cargo clippy --workspace --all-targets --exclude qssm-desktop -- -D warnings	2026-04-19T00:05:21.6915435Z [1m[92m  Downloaded[0m criterion v0.5.1
Clippy	Run cargo clippy --workspace --all-targets --exclude qssm-desktop -- -D warnings	2026-04-19T00:05:21.6986057Z [1m[92m  Downloaded[0m constant_time_eq v0.4.2
Clippy	Run cargo clippy --workspace --all-targets --exclude qssm-desktop -- -D warnings	2026-04-19T00:05:21.7006356Z [1m[92m  Downloaded[0m clap_lex v1.1.0
Clippy	Run cargo clippy --workspace --all-targets --exclude qssm-desktop -- -D warnings	2026-04-19T00:05:21.7017292Z [1m[92m  Downloaded[0m cast v0.3.0
Clippy	Run cargo clippy --workspace --all-targets --exclude qssm-desktop -- -D warnings	2026-04-19T00:05:21.7028732Z [1m[92m  Downloaded[0m regex-automata v0.4.14
Clippy	Run cargo clippy --workspace --all-targets --exclude qssm-desktop -- -D warnings	2026-04-19T00:05:21.7162815Z [1m[92m  Downloaded[0m libudev v0.3.0
Clippy	Run cargo clippy --workspace --all-targets --exclude qssm-desktop -- -D warnings	2026-04-19T00:05:21.7186935Z [1m[92m  Downloaded[0m half v2.7.1
Clippy	Run cargo clippy --workspace --all-targets --exclude qssm-desktop -- -D warnings	2026-04-19T00:05:21.7215182Z [1m[92m  Downloaded[0m group v0.13.0
Clippy	Run cargo clippy --workspace --all-targets --exclude qssm-desktop -- -D warnings	2026-04-19T00:05:21.7229998Z [1m[92m  Downloaded[0m cpufeatures v0.3.0
Clippy	Run cargo clippy --workspace --all-targets --exclude qssm-desktop -- -D warnings	2026-04-19T00:05:21.7244259Z [1m[92m  Downloaded[0m plotters-svg v0.3.7
Clippy	Run cargo clippy --workspace --all-targets --exclude qssm-desktop -- -D warnings	2026-04-19T00:05:21.7252701Z [1m[92m  Downloaded[0m pkg-config v0.3.33
Clippy	Run cargo clippy --workspace --all-targets --exclude qssm-desktop -- -D warnings	2026-04-19T00:05:21.7268291Z [1m[92m  Downloaded[0m p256 v0.13.2
Clippy	Run cargo clippy --workspace --all-targets --exclude qssm-desktop -- -D warnings	2026-04-19T00:05:21.7300701Z [1m[92m  Downloaded[0m arrayref v0.3.9
Clippy	Run cargo clippy --workspace --all-targets --exclude qssm-desktop -- -D warnings	2026-04-19T00:05:21.7313918Z [1m[92m  Downloaded[0m anes v0.1.6
Clippy	Run cargo clippy --workspace --all-targets --exclude qssm-desktop -- -D warnings	2026-04-19T00:05:21.7341702Z [1m[92m  Downloaded[0m fastrand v2.4.1
Clippy	Run cargo clippy --workspace --all-targets --exclude qssm-desktop -- -D warnings	2026-04-19T00:05:21.7355868Z [1m[92m  Downloaded[0m blake3 v1.8.4
Clippy	Run cargo clippy --workspace --all-targets --exclude qssm-desktop -- -D warnings	2026-04-19T00:05:21.7433333Z [1m[92m  Downloaded[0m rand v0.8.6
Clippy	Run cargo clippy --workspace --all-targets --exclude qssm-desktop -- -D warnings	2026-04-19T00:05:21.7466242Z [1m[92m  Downloaded[0m num-traits v0.2.19
Clippy	Run cargo clippy --workspace --all-targets --exclude qssm-desktop -- -D warnings	2026-04-19T00:05:21.7492092Z [1m[92m  Downloaded[0m log v0.4.29
Clippy	Run cargo clippy --workspace --all-targets --exclude qssm-desktop -- -D warnings	2026-04-19T00:05:21.7517308Z [1m[92m  Downloaded[0m is-terminal v0.4.17
Clippy	Run cargo clippy --workspace --all-targets --exclude qssm-desktop -- -D warnings	2026-04-19T00:05:21.7526479Z [1m[92m  Downloaded[0m either v1.15.0
Clippy	Run cargo clippy --workspace --all-targets --exclude qssm-desktop -- -D warnings	2026-04-19T00:05:21.7540977Z [1m[92m  Downloaded[0m bit-vec v0.8.0
Clippy	Run cargo clippy --workspace --all-targets --exclude qssm-desktop -- -D warnings	2026-04-19T00:05:21.7557604Z [1m[92m  Downloaded[0m ff v0.13.1
Clippy	Run cargo clippy --workspace --all-targets --exclude qssm-desktop -- -D warnings	2026-04-19T00:05:21.7572457Z [1m[92m  Downloaded[0m criterion-plot v0.5.0
Clippy	Run cargo clippy --workspace --all-targets --exclude qssm-desktop -- -D warnings	2026-04-19T00:05:21.7589692Z [1m[92m  Downloaded[0m crc32fast v1.5.0
Clippy	Run cargo clippy --workspace --all-targets --exclude qssm-desktop -- -D warnings	2026-04-19T00:05:21.7608327Z [1m[92m  Downloaded[0m clap_builder v4.6.0
Clippy	Run cargo clippy --workspace --all-targets --exclude qssm-desktop -- -D warnings	2026-04-19T00:05:21.7670010Z [1m[92m  Downloaded[0m base16ct v0.2.0
Clippy	Run cargo clippy --workspace --all-targets --exclude qssm-desktop -- -D warnings	2026-04-19T00:05:21.7683712Z [1m[92m  Downloaded[0m cc v1.2.60
Clippy	Run cargo clippy --workspace --all-targets --exclude qssm-desktop -- -D warnings	2026-04-19T00:05:21.7712508Z [1m[92m  Downloaded[0m pem-rfc7468 v0.7.0
Clippy	Run cargo clippy --workspace --all-targets --exclude qssm-desktop -- -D warnings	2026-04-19T00:05:21.7732484Z [1m[92m  Downloaded[0m generic-array v0.14.7
Clippy	Run cargo clippy --workspace --all-targets --exclude qssm-desktop -- -D warnings	2026-04-19T00:05:21.7747088Z [1m[92m  Downloaded[0m serialport v4.9.0
Clippy	Run cargo clippy --workspace --all-targets --exclude qssm-desktop -- -D warnings	2026-04-19T00:05:21.7789940Z [1m[92m  Downloaded[0m same-file v1.0.6
Clippy	Run cargo clippy --workspace --all-targets --exclude qssm-desktop -- -D warnings	2026-04-19T00:05:21.7803652Z [1m[92m  Downloaded[0m rfc6979 v0.4.0
Clippy	Run cargo clippy --workspace --all-targets --exclude qssm-desktop -- -D warnings	2026-04-19T00:05:21.7814561Z [1m[92m  Downloaded[0m quick-error v1.2.3
Clippy	Run cargo clippy --workspace --all-targets --exclude qssm-desktop -- -D warnings	2026-04-19T00:05:21.7827484Z [1m[92m  Downloaded[0m accelerometer v0.12.0
Clippy	Run cargo clippy --workspace --all-targets --exclude qssm-desktop -- -D warnings	2026-04-19T00:05:21.7843885Z [1m[92m  Downloaded[0m zerocopy-derive v0.8.48
Clippy	Run cargo clippy --workspace --all-targets --exclude qssm-desktop -- -D warnings	2026-04-19T00:05:21.7934904Z [1m[92m  Downloaded[0m walkdir v2.5.0
Clippy	Run cargo clippy --workspace --all-targets --exclude qssm-desktop -- -D warnings	2026-04-19T00:05:21.7953559Z [1m[92m  Downloaded[0m uuid v1.23.1
Clippy	Run cargo clippy --workspace --all-targets --exclude qssm-desktop -- -D warnings	2026-04-19T00:05:21.7982090Z [1m[92m  Downloaded[0m thiserror-impl v2.0.18
Clippy	Run cargo clippy --workspace --all-targets --exclude qssm-desktop -- -D warnings	2026-04-19T00:05:21.7998301Z [1m[92m  Downloaded[0m sha2 v0.10.9
Clippy	Run cargo clippy --workspace --all-targets --exclude qssm-desktop -- -D warnings	2026-04-19T00:05:21.8024145Z [1m[92m  Downloaded[0m aho-corasick v1.1.4
Clippy	Run cargo clippy --workspace --all-targets --exclude qssm-desktop -- -D warnings	2026-04-19T00:05:21.8075331Z [1m[92m  Downloaded[0m adler2 v2.0.1
Clippy	Run cargo clippy --workspace --all-targets --exclude qssm-desktop -- -D warnings	2026-04-19T00:05:21.8088008Z [1m[92m  Downloaded[0m unarray v0.1.4
Clippy	Run cargo clippy --workspace --all-targets --exclude qssm-desktop -- -D warnings	2026-04-19T00:05:21.8100680Z [1m[92m  Downloaded[0m tinytemplate v1.2.1
Clippy	Run cargo clippy --workspace --all-targets --exclude qssm-desktop -- -D warnings	2026-04-19T00:05:21.8117778Z [1m[92m  Downloaded[0m serde_derive v1.0.228
Clippy	Run cargo clippy --workspace --all-targets --exclude qssm-desktop -- -D warnings	2026-04-19T00:05:21.8148040Z [1m[92m  Downloaded[0m rustix v1.1.4
Clippy	Run cargo clippy --workspace --all-targets --exclude qssm-desktop -- -D warnings	2026-04-19T00:05:21.8465732Z [1m[92m  Downloaded[0m version_check v0.9.5
Clippy	Run cargo clippy --workspace --all-targets --exclude qssm-desktop -- -D warnings	2026-04-19T00:05:21.8478454Z [1m[92m  Downloaded[0m thiserror v1.0.69
Clippy	Run cargo clippy --workspace --all-targets --exclude qssm-desktop -- -D warnings	2026-04-19T00:05:21.8533961Z [1m[92m  Downloaded[0m simd-adler32 v0.3.9
Clippy	Run cargo clippy --workspace --all-targets --exclude qssm-desktop -- -D warnings	2026-04-19T00:05:21.8552857Z [1m[92m  Downloaded[0m sec1 v0.7.3
Clippy	Run cargo clippy --workspace --all-targets --exclude qssm-desktop -- -D warnings	2026-04-19T00:05:21.8569193Z [1m[92m  Downloaded[0m tempfile v3.27.0
Clippy	Run cargo clippy --workspace --all-targets --exclude qssm-desktop -- -D warnings	2026-04-19T00:05:21.8595468Z [1m[92m  Downloaded[0m subtle v2.6.1
Clippy	Run cargo clippy --workspace --all-targets --exclude qssm-desktop -- -D warnings	2026-04-19T00:05:21.8607466Z [1m[92m  Downloaded[0m scopeguard v1.2.0
Clippy	Run cargo clippy --workspace --all-targets --exclude qssm-desktop -- -D warnings	2026-04-19T00:05:21.8619474Z [1m[92m  Downloaded[0m regex-syntax v0.8.10
Clippy	Run cargo clippy --workspace --all-targets --exclude qssm-desktop -- -D warnings	2026-04-19T00:05:21.8708204Z [1m[92m  Downloaded[0m linux-raw-sys v0.12.1
Clippy	Run cargo clippy --workspace --all-targets --exclude qssm-desktop -- -D warnings	2026-04-19T00:05:21.9879052Z [1m[92m   Compiling[0m proc-macro2 v1.0.106
Clippy	Run cargo clippy --workspace --all-targets --exclude qssm-desktop -- -D warnings	2026-04-19T00:05:21.9879696Z [1m[92m   Compiling[0m unicode-ident v1.0.24
Clippy	Run cargo clippy --workspace --all-targets --exclude qssm-desktop -- -D warnings	2026-04-19T00:05:21.9880213Z [1m[92m   Compiling[0m quote v1.0.45
Clippy	Run cargo clippy --workspace --all-targets --exclude qssm-desktop -- -D warnings	2026-04-19T00:05:21.9880705Z [1m[92m    Checking[0m cfg-if v1.0.4
Clippy	Run cargo clippy --workspace --all-targets --exclude qssm-desktop -- -D warnings	2026-04-19T00:05:22.0178694Z [1m[92m   Compiling[0m libc v0.2.185
Clippy	Run cargo clippy --workspace --all-targets --exclude qssm-desktop -- -D warnings	2026-04-19T00:05:22.0466267Z [1m[92m    Checking[0m subtle v2.6.1
Clippy	Run cargo clippy --workspace --all-targets --exclude qssm-desktop -- -D warnings	2026-04-19T00:05:22.1390419Z [1m[92m   Compiling[0m crossbeam-utils v0.8.21
Clippy	Run cargo clippy --workspace --all-targets --exclude qssm-desktop -- -D warnings	2026-04-19T00:05:22.1723504Z [1m[92m   Compiling[0m zerocopy v0.8.48
Clippy	Run cargo clippy --workspace --all-targets --exclude qssm-desktop -- -D warnings	2026-04-19T00:05:22.4354096Z [1m[92m   Compiling[0m find-msvc-tools v0.1.9
Clippy	Run cargo clippy --workspace --all-targets --exclude qssm-desktop -- -D warnings	2026-04-19T00:05:22.6162979Z [1m[92m    Checking[0m crossbeam-epoch v0.9.18
Clippy	Run cargo clippy --workspace --all-targets --exclude qssm-desktop -- -D warnings	2026-04-19T00:05:22.7872874Z [1m[92m   Compiling[0m syn v2.0.117
Clippy	Run cargo clippy --workspace --all-targets --exclude qssm-desktop -- -D warnings	2026-04-19T00:05:22.8125076Z [1m[92m   Compiling[0m thiserror v1.0.69
Clippy	Run cargo clippy --workspace --all-targets --exclude qssm-desktop -- -D warnings	2026-04-19T00:05:22.8212538Z [1m[92m   Compiling[0m shlex v1.3.0
Clippy	Run cargo clippy --workspace --all-targets --exclude qssm-desktop -- -D warnings	2026-04-19T00:05:22.9403377Z [1m[92m    Checking[0m either v1.15.0
Clippy	Run cargo clippy --workspace --all-targets --exclude qssm-desktop -- -D warnings	2026-04-19T00:05:22.9823125Z [1m[92m   Compiling[0m rayon-core v1.13.0
Clippy	Run cargo clippy --workspace --all-targets --exclude qssm-desktop -- -D warnings	2026-04-19T00:05:23.0781119Z [1m[92m   Compiling[0m cc v1.2.60
Clippy	Run cargo clippy --workspace --all-targets --exclude qssm-desktop -- -D warnings	2026-04-19T00:05:23.1399548Z [1m[92m    Checking[0m crossbeam-deque v0.8.6
Clippy	Run cargo clippy --workspace --all-targets --exclude qssm-desktop -- -D warnings	2026-04-19T00:05:23.5502910Z [1m[92m    Checking[0m rayon v1.12.0
Clippy	Run cargo clippy --workspace --all-targets --exclude qssm-desktop -- -D warnings	2026-04-19T00:05:23.5663122Z [1m[92m    Checking[0m getrandom v0.2.17
Clippy	Run cargo clippy --workspace --all-targets --exclude qssm-desktop -- -D warnings	2026-04-19T00:05:23.6542856Z [1m[92m    Checking[0m rand_core v0.6.4
Clippy	Run cargo clippy --workspace --all-targets --exclude qssm-desktop -- -D warnings	2026-04-19T00:05:23.7572745Z [1m[92m    Checking[0m arrayref v0.3.9
Clippy	Run cargo clippy --workspace --all-targets --exclude qssm-desktop -- -D warnings	2026-04-19T00:05:23.7842821Z [1m[92m    Checking[0m arrayvec v0.7.6
Clippy	Run cargo clippy --workspace --all-targets --exclude qssm-desktop -- -D warnings	2026-04-19T00:05:23.9163338Z [1m[92m    Checking[0m constant_time_eq v0.4.2
Clippy	Run cargo clippy --workspace --all-targets --exclude qssm-desktop -- -D warnings	2026-04-19T00:05:23.9751980Z [1m[92m    Checking[0m cpufeatures v0.3.0
Clippy	Run cargo clippy --workspace --all-targets --exclude qssm-desktop -- -D warnings	2026-04-19T00:05:24.0061845Z [1m[92m   Compiling[0m serde_core v1.0.228
Clippy	Run cargo clippy --workspace --all-targets --exclude qssm-desktop -- -D warnings	2026-04-19T00:05:24.4429349Z [1m[92m   Compiling[0m blake3 v1.8.4
Clippy	Run cargo clippy --workspace --all-targets --exclude qssm-desktop -- -D warnings	2026-04-19T00:05:25.1548865Z [1m[92m   Compiling[0m serde v1.0.228
Clippy	Run cargo clippy --workspace --all-targets --exclude qssm-desktop -- -D warnings	2026-04-19T00:05:25.2674965Z [1m[92m   Compiling[0m zmij v1.0.21
Clippy	Run cargo clippy --workspace --all-targets --exclude qssm-desktop -- -D warnings	2026-04-19T00:05:25.4224840Z [1m[92m   Compiling[0m serde_json v1.0.149
Clippy	Run cargo clippy --workspace --all-targets --exclude qssm-desktop -- -D warnings	2026-04-19T00:05:25.5170046Z [1m[92m    Checking[0m hashbrown v0.17.0
Clippy	Run cargo clippy --workspace --all-targets --exclude qssm-desktop -- -D warnings	2026-04-19T00:05:25.7562919Z [1m[92m    Checking[0m equivalent v1.0.2
Clippy	Run cargo clippy --workspace --all-targets --exclude qssm-desktop -- -D warnings	2026-04-19T00:05:25.9762887Z [1m[92m    Checking[0m indexmap v2.14.0
Clippy	Run cargo clippy --workspace --all-targets --exclude qssm-desktop -- -D warnings	2026-04-19T00:05:25.9973197Z [1m[92m    Checking[0m memchr v2.8.0
Clippy	Run cargo clippy --workspace --all-targets --exclude qssm-desktop -- -D warnings	2026-04-19T00:05:26.1054979Z [1m[92m    Checking[0m itoa v1.0.18
Clippy	Run cargo clippy --workspace --all-targets --exclude qssm-desktop -- -D warnings	2026-04-19T00:05:26.1922851Z [1m[92m   Compiling[0m typenum v1.19.0
Clippy	Run cargo clippy --workspace --all-targets --exclude qssm-desktop -- -D warnings	2026-04-19T00:05:26.3705673Z [1m[92m   Compiling[0m version_check v0.9.5
Clippy	Run cargo clippy --workspace --all-targets --exclude qssm-desktop -- -D warnings	2026-04-19T00:05:26.4233402Z [1m[92m   Compiling[0m getrandom v0.3.4
Clippy	Run cargo clippy --workspace --all-targets --exclude qssm-desktop -- -D warnings	2026-04-19T00:05:26.6020653Z [1m[92m   Compiling[0m generic-array v0.14.7
Clippy	Run cargo clippy --workspace --all-targets --exclude qssm-desktop -- -D warnings	2026-04-19T00:05:26.6092603Z [1m[92m    Checking[0m hex v0.4.3
Clippy	Run cargo clippy --workspace --all-targets --exclude qssm-desktop -- -D warnings	2026-04-19T00:05:26.8619907Z [1m[92m   Compiling[0m getrandom v0.4.2
Clippy	Run cargo clippy --workspace --all-targets --exclude qssm-desktop -- -D warnings	2026-04-19T00:05:26.9862868Z [1m[92m    Checking[0m bitflags v2.11.1
Clippy	Run cargo clippy --workspace --all-targets --exclude qssm-desktop -- -D warnings	2026-04-19T00:05:27.1834061Z [1m[92m   Compiling[0m rustix v1.1.4
Clippy	Run cargo clippy --workspace --all-targets --exclude qssm-desktop -- -D warnings	2026-04-19T00:05:27.1945157Z [1m[92m    Checking[0m rand_core v0.9.5
Clippy	Run cargo clippy --workspace --all-targets --exclude qssm-desktop -- -D warnings	2026-04-19T00:05:27.3063332Z [1m[92m    Checking[0m linux-raw-sys v0.12.1
Clippy	Run cargo clippy --workspace --all-targets --exclude qssm-desktop -- -D warnings	2026-04-19T00:05:27.3856288Z [1m[92m    Checking[0m once_cell v1.21.4
Clippy	Run cargo clippy --workspace --all-targets --exclude qssm-desktop -- -D warnings	2026-04-19T00:05:27.4736163Z [1m[92m    Checking[0m fastrand v2.4.1
Clippy	Run cargo clippy --workspace --all-targets --exclude qssm-desktop -- -D warnings	2026-04-19T00:05:27.4959512Z [1m[92m    Checking[0m const-oid v0.9.6
Clippy	Run cargo clippy --workspace --all-targets --exclude qssm-desktop -- -D warnings	2026-04-19T00:05:27.5889367Z [1m[92m    Checking[0m base64ct v1.8.3
Clippy	Run cargo clippy --workspace --all-targets --exclude qssm-desktop -- -D warnings	2026-04-19T00:05:27.5925223Z [1m[92m    Checking[0m ff v0.13.1
Clippy	Run cargo clippy --workspace --all-targets --exclude qssm-desktop -- -D warnings	2026-04-19T00:05:27.6053092Z [1m[92m   Compiling[0m zeroize_derive v1.4.3
Clippy	Run cargo clippy --workspace --all-targets --exclude qssm-desktop -- -D warnings	2026-04-19T00:05:27.6623609Z [1m[92m   Compiling[0m zerocopy-derive v0.8.48
Clippy	Run cargo clippy --workspace --all-targets --exclude qssm-desktop -- -D warnings	2026-04-19T00:05:27.7530933Z [1m[92m   Compiling[0m thiserror-impl v1.0.69
Clippy	Run cargo clippy --workspace --all-targets --exclude qssm-desktop -- -D warnings	2026-04-19T00:05:28.0162843Z [1m[92m    Checking[0m zeroize v1.8.2
Clippy	Run cargo clippy --workspace --all-targets --exclude qssm-desktop -- -D warnings	2026-04-19T00:05:28.0942808Z [1m[92m   Compiling[0m serde_derive v1.0.228
Clippy	Run cargo clippy --workspace --all-targets --exclude qssm-desktop -- -D warnings	2026-04-19T00:05:28.9259641Z [1m[92m    Checking[0m qssm-utils v1.0.0 (/home/runner/work/qssm-rs/qssm-rs/truth-engine/qssm-utils)
Clippy	Run cargo clippy --workspace --all-targets --exclude qssm-desktop -- -D warnings	2026-04-19T00:05:29.0253544Z [1m[91merror[0m[1m: this function has a `#[must_use]` attribute with no message, but returns a type already marked as `#[must_use]`[0m
Clippy	Run cargo clippy --workspace --all-targets --exclude qssm-desktop -- -D warnings	2026-04-19T00:05:29.0264087Z   [1m[94m--> [0mtruth-engine/qssm-utils/src/entropy_stats.rs:26:1
Clippy	Run cargo clippy --workspace --all-targets --exclude qssm-desktop -- -D warnings	2026-04-19T00:05:29.0265054Z    [1m[94m|[0m
Clippy	Run cargo clippy --workspace --all-targets --exclude qssm-desktop -- -D warnings	2026-04-19T00:05:29.0266181Z [1m[94m26[0m [1m[94m|[0m pub fn validate_entropy_distribution(bytes: &[u8]) -> Result<(), EntropyStatsError> {
Clippy	Run cargo clippy --workspace --all-targets --exclude qssm-desktop -- -D warnings	2026-04-19T00:05:29.0267586Z    [1m[94m|[0m [1m[91m^^^^^^^^^^^^^^^^^^^^^^^^^^^^^^^^^^^^^^^^^^^^^^^^^^^^^^^^^^^^^^^^^^^^^^^^^^^^^^^^^^^[0m
Clippy	Run cargo clippy --workspace --all-targets --exclude qssm-desktop -- -D warnings	2026-04-19T00:05:29.0268573Z    [1m[94m|[0m
Clippy	Run cargo clippy --workspace --all-targets --exclude qssm-desktop -- -D warnings	2026-04-19T00:05:29.0269470Z    [1m[94m= [0m[1mhelp[0m: either add some descriptive message or remove the attribute
Clippy	Run cargo clippy --workspace --all-targets --exclude qssm-desktop -- -D warnings	2026-04-19T00:05:29.0271097Z    [1m[94m= [0m[1mhelp[0m: for further information visit https://rust-lang.github.io/rust-clippy/rust-1.95.0/index.html#double_must_use
Clippy	Run cargo clippy --workspace --all-targets --exclude qssm-desktop -- -D warnings	2026-04-19T00:05:29.0279762Z    [1m[94m= [0m[1mnote[0m: `-D clippy::double-must-use` implied by `-D warnings`
Clippy	Run cargo clippy --workspace --all-targets --exclude qssm-desktop -- -D warnings	2026-04-19T00:05:29.0281256Z    [1m[94m= [0m[1mhelp[0m: to override `-D warnings` add `#[allow(clippy::double_must_use)]`
Clippy	Run cargo clippy --workspace --all-targets --exclude qssm-desktop -- -D warnings	2026-04-19T00:05:29.0282339Z 
Clippy	Run cargo clippy --workspace --all-targets --exclude qssm-desktop -- -D warnings	2026-04-19T00:05:29.0373168Z [1m[91merror[0m: could not compile `qssm-utils` (lib) due to 1 previous error
Clippy	Run cargo clippy --workspace --all-targets --exclude qssm-desktop -- -D warnings	2026-04-19T00:05:29.0377053Z [1m[33mwarning[0m: build failed, waiting for other jobs to finish...
Clippy	Run cargo clippy --workspace --all-targets --exclude qssm-desktop -- -D warnings	2026-04-19T00:05:31.6426200Z ##[error]Process completed with exit code 101.
Clippy	Post Run actions/checkout@v4	﻿2026-04-19T00:05:31.6515617Z Post job cleanup.
Clippy	Post Run actions/checkout@v4	2026-04-19T00:05:31.7438910Z [command]/usr/bin/git version
Clippy	Post Run actions/checkout@v4	2026-04-19T00:05:31.7474350Z git version 2.53.0
Clippy	Post Run actions/checkout@v4	2026-04-19T00:05:31.7518418Z Temporarily overriding HOME='/home/runner/work/_temp/45ad6dc8-254f-44dd-b672-21f34adf8da0' before making global git config changes
Clippy	Post Run actions/checkout@v4	2026-04-19T00:05:31.7520030Z Adding repository directory to the temporary git global config as a safe directory
Clippy	Post Run actions/checkout@v4	2026-04-19T00:05:31.7525431Z [command]/usr/bin/git config --global --add safe.directory /home/runner/work/qssm-rs/qssm-rs
Clippy	Post Run actions/checkout@v4	2026-04-19T00:05:31.7565702Z [command]/usr/bin/git config --local --name-only --get-regexp core\.sshCommand
Clippy	Post Run actions/checkout@v4	2026-04-19T00:05:31.7597979Z [command]/usr/bin/git submodule foreach --recursive sh -c "git config --local --name-only --get-regexp 'core\.sshCommand' && git config --local --unset-all 'core.sshCommand' || :"
Clippy	Post Run actions/checkout@v4	2026-04-19T00:05:31.7821940Z [command]/usr/bin/git config --local --name-only --get-regexp http\.https\:\/\/github\.com\/\.extraheader
Clippy	Post Run actions/checkout@v4	2026-04-19T00:05:31.7841650Z http.https://github.com/.extraheader
Clippy	Post Run actions/checkout@v4	2026-04-19T00:05:31.7854468Z [command]/usr/bin/git config --local --unset-all http.https://github.com/.extraheader
Clippy	Post Run actions/checkout@v4	2026-04-19T00:05:31.7884968Z [command]/usr/bin/git submodule foreach --recursive sh -c "git config --local --name-only --get-regexp 'http\.https\:\/\/github\.com\/\.extraheader' && git config --local --unset-all 'http.https://github.com/.extraheader' || :"
Clippy	Post Run actions/checkout@v4	2026-04-19T00:05:31.8101270Z [command]/usr/bin/git config --local --name-only --get-regexp ^includeIf\.gitdir:
Clippy	Post Run actions/checkout@v4	2026-04-19T00:05:31.8130946Z [command]/usr/bin/git submodule foreach --recursive git config --local --show-origin --name-only --get-regexp remote.origin.url
Clippy	Complete job	﻿2026-04-19T00:05:31.8451433Z Cleaning up orphan processes
Clippy	Complete job	2026-04-19T00:05:31.8744949Z ##[warning]Node.js 20 actions are deprecated. The following actions are running on Node.js 20 and may not work as expected: actions/checkout@v4. Actions will be forced to run with Node.js 24 by default starting June 2nd, 2026. Node.js 20 will be removed from the runner on September 16th, 2026. Please check if updated versions of these actions are available that support Node.js 24. To opt into Node.js 24 now, set the FORCE_JAVASCRIPT_ACTIONS_TO_NODE24=true environment variable on the runner or in your workflow file. Once Node.js 24 becomes the default, you can temporarily opt out by setting ACTIONS_ALLOW_USE_UNSECURE_NODE_VERSION=true. For more information see: https://github.blog/changelog/2025-09-19-deprecation-of-node-20-on-github-actions-runners/
Formatting	Set up job	﻿2026-04-19T00:05:07.7705932Z Current runner version: '2.333.1'
Formatting	Set up job	2026-04-19T00:05:07.7742743Z ##[group]Runner Image Provisioner
Formatting	Set up job	2026-04-19T00:05:07.7744212Z Hosted Compute Agent
Formatting	Set up job	2026-04-19T00:05:07.7745128Z Version: 20260213.493
Formatting	Set up job	2026-04-19T00:05:07.7746196Z Commit: 5c115507f6dd24b8de37d8bbe0bb4509d0cc0fa3
Formatting	Set up job	2026-04-19T00:05:07.7747424Z Build Date: 2026-02-13T00:28:41Z
Formatting	Set up job	2026-04-19T00:05:07.7748589Z Worker ID: {22fbbf25-6508-4f6b-b2a3-2b069dff8778}
Formatting	Set up job	2026-04-19T00:05:07.7749695Z Azure Region: eastus
Formatting	Set up job	2026-04-19T00:05:07.7750679Z ##[endgroup]
Formatting	Set up job	2026-04-19T00:05:07.7753177Z ##[group]Operating System
Formatting	Set up job	2026-04-19T00:05:07.7754145Z Ubuntu
Formatting	Set up job	2026-04-19T00:05:07.7755168Z 24.04.4
Formatting	Set up job	2026-04-19T00:05:07.7755957Z LTS
Formatting	Set up job	2026-04-19T00:05:07.7756712Z ##[endgroup]
Formatting	Set up job	2026-04-19T00:05:07.7757744Z ##[group]Runner Image
Formatting	Set up job	2026-04-19T00:05:07.7758721Z Image: ubuntu-24.04
Formatting	Set up job	2026-04-19T00:05:07.7759764Z Version: 20260413.86.1
Formatting	Set up job	2026-04-19T00:05:07.7761482Z Included Software: https://github.com/actions/runner-images/blob/ubuntu24/20260413.86/images/ubuntu/Ubuntu2404-Readme.md
Formatting	Set up job	2026-04-19T00:05:07.7764603Z Image Release: https://github.com/actions/runner-images/releases/tag/ubuntu24%2F20260413.86
Formatting	Set up job	2026-04-19T00:05:07.7766264Z ##[endgroup]
Formatting	Set up job	2026-04-19T00:05:07.7768107Z ##[group]GITHUB_TOKEN Permissions
Formatting	Set up job	2026-04-19T00:05:07.7770604Z Contents: read
Formatting	Set up job	2026-04-19T00:05:07.7771434Z Metadata: read
Formatting	Set up job	2026-04-19T00:05:07.7772816Z ##[endgroup]
Formatting	Set up job	2026-04-19T00:05:07.7775740Z Secret source: Actions
Formatting	Set up job	2026-04-19T00:05:07.7776860Z Prepare workflow directory
Formatting	Set up job	2026-04-19T00:05:07.8354241Z Prepare all required actions
Formatting	Set up job	2026-04-19T00:05:07.8412072Z Getting action download info
Formatting	Set up job	2026-04-19T00:05:08.0808916Z Download action repository 'actions/checkout@v4' (SHA:34e114876b0b11c390a56381ad16ebd13914f8d5)
Formatting	Set up job	2026-04-19T00:05:08.5788870Z Download action repository 'dtolnay/rust-toolchain@stable' (SHA:29eef336d9b2848a0b548edc03f92a220660cdb8)
Formatting	Set up job	2026-04-19T00:05:08.8409898Z Complete job name: Formatting
Formatting	Run actions/checkout@v4	﻿2026-04-19T00:05:08.9105195Z ##[group]Run actions/checkout@v4
Formatting	Run actions/checkout@v4	2026-04-19T00:05:08.9106029Z with:
Formatting	Run actions/checkout@v4	2026-04-19T00:05:08.9106432Z   repository: peavey2787/qssm-rs
Formatting	Run actions/checkout@v4	2026-04-19T00:05:08.9107088Z   token: ***
Formatting	Run actions/checkout@v4	2026-04-19T00:05:08.9107467Z   ssh-strict: true
Formatting	Run actions/checkout@v4	2026-04-19T00:05:08.9107851Z   ssh-user: git
Formatting	Run actions/checkout@v4	2026-04-19T00:05:08.9108245Z   persist-credentials: true
Formatting	Run actions/checkout@v4	2026-04-19T00:05:08.9108688Z   clean: true
Formatting	Run actions/checkout@v4	2026-04-19T00:05:08.9109078Z   sparse-checkout-cone-mode: true
Formatting	Run actions/checkout@v4	2026-04-19T00:05:08.9109553Z   fetch-depth: 1
Formatting	Run actions/checkout@v4	2026-04-19T00:05:08.9109935Z   fetch-tags: false
Formatting	Run actions/checkout@v4	2026-04-19T00:05:08.9110323Z   show-progress: true
Formatting	Run actions/checkout@v4	2026-04-19T00:05:08.9110720Z   lfs: false
Formatting	Run actions/checkout@v4	2026-04-19T00:05:08.9111071Z   submodules: false
Formatting	Run actions/checkout@v4	2026-04-19T00:05:08.9111478Z   set-safe-directory: true
Formatting	Run actions/checkout@v4	2026-04-19T00:05:08.9112091Z env:
Formatting	Run actions/checkout@v4	2026-04-19T00:05:08.9112670Z   CARGO_TERM_COLOR: always
Formatting	Run actions/checkout@v4	2026-04-19T00:05:08.9113111Z ##[endgroup]
Formatting	Run actions/checkout@v4	2026-04-19T00:05:09.0165969Z Syncing repository: peavey2787/qssm-rs
Formatting	Run actions/checkout@v4	2026-04-19T00:05:09.0167679Z ##[group]Getting Git version info
Formatting	Run actions/checkout@v4	2026-04-19T00:05:09.0168392Z Working directory is '/home/runner/work/qssm-rs/qssm-rs'
Formatting	Run actions/checkout@v4	2026-04-19T00:05:09.0169364Z [command]/usr/bin/git version
Formatting	Run actions/checkout@v4	2026-04-19T00:05:09.0214918Z git version 2.53.0
Formatting	Run actions/checkout@v4	2026-04-19T00:05:09.0241293Z ##[endgroup]
Formatting	Run actions/checkout@v4	2026-04-19T00:05:09.0257760Z Temporarily overriding HOME='/home/runner/work/_temp/8e9d1ffb-b338-4286-b25a-ab8539df1627' before making global git config changes
Formatting	Run actions/checkout@v4	2026-04-19T00:05:09.0260150Z Adding repository directory to the temporary git global config as a safe directory
Formatting	Run actions/checkout@v4	2026-04-19T00:05:09.0271469Z [command]/usr/bin/git config --global --add safe.directory /home/runner/work/qssm-rs/qssm-rs
Formatting	Run actions/checkout@v4	2026-04-19T00:05:09.0303294Z Deleting the contents of '/home/runner/work/qssm-rs/qssm-rs'
Formatting	Run actions/checkout@v4	2026-04-19T00:05:09.0307292Z ##[group]Initializing the repository
Formatting	Run actions/checkout@v4	2026-04-19T00:05:09.0312109Z [command]/usr/bin/git init /home/runner/work/qssm-rs/qssm-rs
Formatting	Run actions/checkout@v4	2026-04-19T00:05:09.0413748Z hint: Using 'master' as the name for the initial branch. This default branch name
Formatting	Run actions/checkout@v4	2026-04-19T00:05:09.0415855Z hint: will change to "main" in Git 3.0. To configure the initial branch name
Formatting	Run actions/checkout@v4	2026-04-19T00:05:09.0417353Z hint: to use in all of your new repositories, which will suppress this warning,
Formatting	Run actions/checkout@v4	2026-04-19T00:05:09.0418584Z hint: call:
Formatting	Run actions/checkout@v4	2026-04-19T00:05:09.0419374Z hint:
Formatting	Run actions/checkout@v4	2026-04-19T00:05:09.0420282Z hint: 	git config --global init.defaultBranch <name>
Formatting	Run actions/checkout@v4	2026-04-19T00:05:09.0421356Z hint:
Formatting	Run actions/checkout@v4	2026-04-19T00:05:09.0422352Z hint: Names commonly chosen instead of 'master' are 'main', 'trunk' and
Formatting	Run actions/checkout@v4	2026-04-19T00:05:09.0424260Z hint: 'development'. The just-created branch can be renamed via this command:
Formatting	Run actions/checkout@v4	2026-04-19T00:05:09.0425495Z hint:
Formatting	Run actions/checkout@v4	2026-04-19T00:05:09.0426188Z hint: 	git branch -m <name>
Formatting	Run actions/checkout@v4	2026-04-19T00:05:09.0427004Z hint:
Formatting	Run actions/checkout@v4	2026-04-19T00:05:09.0428059Z hint: Disable this message with "git config set advice.defaultBranchName false"
Formatting	Run actions/checkout@v4	2026-04-19T00:05:09.0429833Z Initialized empty Git repository in /home/runner/work/qssm-rs/qssm-rs/.git/
Formatting	Run actions/checkout@v4	2026-04-19T00:05:09.0432360Z [command]/usr/bin/git remote add origin https://github.com/peavey2787/qssm-rs
Formatting	Run actions/checkout@v4	2026-04-19T00:05:09.0459474Z ##[endgroup]
Formatting	Run actions/checkout@v4	2026-04-19T00:05:09.0460705Z ##[group]Disabling automatic garbage collection
Formatting	Run actions/checkout@v4	2026-04-19T00:05:09.0464765Z [command]/usr/bin/git config --local gc.auto 0
Formatting	Run actions/checkout@v4	2026-04-19T00:05:09.0493182Z ##[endgroup]
Formatting	Run actions/checkout@v4	2026-04-19T00:05:09.0494405Z ##[group]Setting up auth
Formatting	Run actions/checkout@v4	2026-04-19T00:05:09.0500727Z [command]/usr/bin/git config --local --name-only --get-regexp core\.sshCommand
Formatting	Run actions/checkout@v4	2026-04-19T00:05:09.0531346Z [command]/usr/bin/git submodule foreach --recursive sh -c "git config --local --name-only --get-regexp 'core\.sshCommand' && git config --local --unset-all 'core.sshCommand' || :"
Formatting	Run actions/checkout@v4	2026-04-19T00:05:09.0842835Z [command]/usr/bin/git config --local --name-only --get-regexp http\.https\:\/\/github\.com\/\.extraheader
Formatting	Run actions/checkout@v4	2026-04-19T00:05:09.0869877Z [command]/usr/bin/git submodule foreach --recursive sh -c "git config --local --name-only --get-regexp 'http\.https\:\/\/github\.com\/\.extraheader' && git config --local --unset-all 'http.https://github.com/.extraheader' || :"
Formatting	Run actions/checkout@v4	2026-04-19T00:05:09.1083911Z [command]/usr/bin/git config --local --name-only --get-regexp ^includeIf\.gitdir:
Formatting	Run actions/checkout@v4	2026-04-19T00:05:09.1120914Z [command]/usr/bin/git submodule foreach --recursive git config --local --show-origin --name-only --get-regexp remote.origin.url
Formatting	Run actions/checkout@v4	2026-04-19T00:05:09.1337856Z [command]/usr/bin/git config --local http.https://github.com/.extraheader AUTHORIZATION: basic ***
Formatting	Run actions/checkout@v4	2026-04-19T00:05:09.1372939Z ##[endgroup]
Formatting	Run actions/checkout@v4	2026-04-19T00:05:09.1374202Z ##[group]Fetching the repository
Formatting	Run actions/checkout@v4	2026-04-19T00:05:09.1382295Z [command]/usr/bin/git -c protocol.version=2 fetch --no-tags --prune --no-recurse-submodules --depth=1 origin +bf0c0ce9b06a1a2f017f6ce7f5253373b0c65bdb:refs/remotes/origin/master
Formatting	Run actions/checkout@v4	2026-04-19T00:05:09.3709321Z From https://github.com/peavey2787/qssm-rs
Formatting	Run actions/checkout@v4	2026-04-19T00:05:09.3710912Z  * [new ref]         bf0c0ce9b06a1a2f017f6ce7f5253373b0c65bdb -> origin/master
Formatting	Run actions/checkout@v4	2026-04-19T00:05:09.3739002Z ##[endgroup]
Formatting	Run actions/checkout@v4	2026-04-19T00:05:09.3739797Z ##[group]Determining the checkout info
Formatting	Run actions/checkout@v4	2026-04-19T00:05:09.3741098Z ##[endgroup]
Formatting	Run actions/checkout@v4	2026-04-19T00:05:09.3746716Z [command]/usr/bin/git sparse-checkout disable
Formatting	Run actions/checkout@v4	2026-04-19T00:05:09.3782985Z [command]/usr/bin/git config --local --unset-all extensions.worktreeConfig
Formatting	Run actions/checkout@v4	2026-04-19T00:05:09.3808100Z ##[group]Checking out the ref
Formatting	Run actions/checkout@v4	2026-04-19T00:05:09.3811632Z [command]/usr/bin/git checkout --progress --force -B master refs/remotes/origin/master
Formatting	Run actions/checkout@v4	2026-04-19T00:05:09.4059759Z Reset branch 'master'
Formatting	Run actions/checkout@v4	2026-04-19T00:05:09.4062951Z branch 'master' set up to track 'origin/master'.
Formatting	Run actions/checkout@v4	2026-04-19T00:05:09.4069857Z ##[endgroup]
Formatting	Run actions/checkout@v4	2026-04-19T00:05:09.4103616Z [command]/usr/bin/git log -1 --format=%H
Formatting	Run actions/checkout@v4	2026-04-19T00:05:09.4125226Z bf0c0ce9b06a1a2f017f6ce7f5253373b0c65bdb
Formatting	Run dtolnay/rust-toolchain@stable	﻿2026-04-19T00:05:09.4487151Z ##[group]Run dtolnay/rust-toolchain@stable
Formatting	Run dtolnay/rust-toolchain@stable	2026-04-19T00:05:09.4487804Z with:
Formatting	Run dtolnay/rust-toolchain@stable	2026-04-19T00:05:09.4488203Z   components: rustfmt
Formatting	Run dtolnay/rust-toolchain@stable	2026-04-19T00:05:09.4488649Z   toolchain: stable
Formatting	Run dtolnay/rust-toolchain@stable	2026-04-19T00:05:09.4489053Z env:
Formatting	Run dtolnay/rust-toolchain@stable	2026-04-19T00:05:09.4489436Z   CARGO_TERM_COLOR: always
Formatting	Run dtolnay/rust-toolchain@stable	2026-04-19T00:05:09.4489895Z ##[endgroup]
Formatting	Run dtolnay/rust-toolchain@stable	2026-04-19T00:05:09.4616466Z ##[group]Run : parse toolchain version
Formatting	Run dtolnay/rust-toolchain@stable	2026-04-19T00:05:09.4617158Z [36;1m: parse toolchain version[0m
Formatting	Run dtolnay/rust-toolchain@stable	2026-04-19T00:05:09.4617715Z [36;1mif [[ -z $toolchain ]]; then[0m
Formatting	Run dtolnay/rust-toolchain@stable	2026-04-19T00:05:09.4618960Z [36;1m  # GitHub does not enforce `required: true` inputs itself. https://github.com/actions/runner/issues/1070[0m
Formatting	Run dtolnay/rust-toolchain@stable	2026-04-19T00:05:09.4619988Z [36;1m  echo "'toolchain' is a required input" >&2[0m
Formatting	Run dtolnay/rust-toolchain@stable	2026-04-19T00:05:09.4620604Z [36;1m  exit 1[0m
Formatting	Run dtolnay/rust-toolchain@stable	2026-04-19T00:05:09.4621247Z [36;1melif [[ $toolchain =~ ^stable' '[0-9]+' '(year|month|week|day)s?' 'ago$ ]]; then[0m
Formatting	Run dtolnay/rust-toolchain@stable	2026-04-19T00:05:09.4622037Z [36;1m  if [[ Linux == macOS ]]; then[0m
Formatting	Run dtolnay/rust-toolchain@stable	2026-04-19T00:05:09.4623198Z [36;1m    echo "toolchain=1.$((($(date -v-$(sed 's/stable \([0-9]*\) \(.\).*/\1\2/' <<< $toolchain) +%s)/60/60/24-16569)/7/6))" >> $GITHUB_OUTPUT[0m
Formatting	Run dtolnay/rust-toolchain@stable	2026-04-19T00:05:09.4624203Z [36;1m  else[0m
Formatting	Run dtolnay/rust-toolchain@stable	2026-04-19T00:05:09.4624955Z [36;1m    echo "toolchain=1.$((($(date --date "${toolchain#stable }" +%s)/60/60/24-16569)/7/6))" >> $GITHUB_OUTPUT[0m
Formatting	Run dtolnay/rust-toolchain@stable	2026-04-19T00:05:09.4625816Z [36;1m  fi[0m
Formatting	Run dtolnay/rust-toolchain@stable	2026-04-19T00:05:09.4626400Z [36;1melif [[ $toolchain =~ ^stable' 'minus' '[0-9]+' 'releases?$ ]]; then[0m
Formatting	Run dtolnay/rust-toolchain@stable	2026-04-19T00:05:09.4627417Z [36;1m  echo "toolchain=1.$((($(date +%s)/60/60/24-16569)/7/6-${toolchain//[^0-9]/}))" >> $GITHUB_OUTPUT[0m
Formatting	Run dtolnay/rust-toolchain@stable	2026-04-19T00:05:09.4628284Z [36;1melif [[ $toolchain =~ ^1\.[0-9]+$ ]]; then[0m
Formatting	Run dtolnay/rust-toolchain@stable	2026-04-19T00:05:09.4629269Z [36;1m  echo "toolchain=1.$((i=${toolchain#1.}, c=($(date +%s)/60/60/24-16569)/7/6, i+9*i*(10*i<=c)+90*i*(100*i<=c)))" >> $GITHUB_OUTPUT[0m
Formatting	Run dtolnay/rust-toolchain@stable	2026-04-19T00:05:09.4630194Z [36;1melse[0m
Formatting	Run dtolnay/rust-toolchain@stable	2026-04-19T00:05:09.4630694Z [36;1m  echo "toolchain=$toolchain" >> $GITHUB_OUTPUT[0m
Formatting	Run dtolnay/rust-toolchain@stable	2026-04-19T00:05:09.4631300Z [36;1mfi[0m
Formatting	Run dtolnay/rust-toolchain@stable	2026-04-19T00:05:09.4656926Z shell: /usr/bin/bash --noprofile --norc -e -o pipefail {0}
Formatting	Run dtolnay/rust-toolchain@stable	2026-04-19T00:05:09.4657620Z env:
Formatting	Run dtolnay/rust-toolchain@stable	2026-04-19T00:05:09.4658004Z   CARGO_TERM_COLOR: always
Formatting	Run dtolnay/rust-toolchain@stable	2026-04-19T00:05:09.4658483Z   toolchain: stable
Formatting	Run dtolnay/rust-toolchain@stable	2026-04-19T00:05:09.4658895Z ##[endgroup]
Formatting	Run dtolnay/rust-toolchain@stable	2026-04-19T00:05:09.4798469Z ##[group]Run : construct rustup command line
Formatting	Run dtolnay/rust-toolchain@stable	2026-04-19T00:05:09.4799148Z [36;1m: construct rustup command line[0m
Formatting	Run dtolnay/rust-toolchain@stable	2026-04-19T00:05:09.4799974Z [36;1mecho "targets=$(for t in ${targets//,/ }; do echo -n ' --target' $t; done)" >> $GITHUB_OUTPUT[0m
Formatting	Run dtolnay/rust-toolchain@stable	2026-04-19T00:05:09.4801143Z [36;1mecho "components=$(for c in ${components//,/ }; do echo -n ' --component' $c; done)" >> $GITHUB_OUTPUT[0m
Formatting	Run dtolnay/rust-toolchain@stable	2026-04-19T00:05:09.4802098Z [36;1mecho "downgrade=" >> $GITHUB_OUTPUT[0m
Formatting	Run dtolnay/rust-toolchain@stable	2026-04-19T00:05:09.4823757Z shell: /usr/bin/bash --noprofile --norc -e -o pipefail {0}
Formatting	Run dtolnay/rust-toolchain@stable	2026-04-19T00:05:09.4824754Z env:
Formatting	Run dtolnay/rust-toolchain@stable	2026-04-19T00:05:09.4825427Z   CARGO_TERM_COLOR: always
Formatting	Run dtolnay/rust-toolchain@stable	2026-04-19T00:05:09.4826298Z   targets: 
Formatting	Run dtolnay/rust-toolchain@stable	2026-04-19T00:05:09.4827023Z   components: rustfmt
Formatting	Run dtolnay/rust-toolchain@stable	2026-04-19T00:05:09.4827848Z ##[endgroup]
Formatting	Run dtolnay/rust-toolchain@stable	2026-04-19T00:05:09.4913929Z ##[group]Run : set $CARGO_HOME
Formatting	Run dtolnay/rust-toolchain@stable	2026-04-19T00:05:09.4914474Z [36;1m: set $CARGO_HOME[0m
Formatting	Run dtolnay/rust-toolchain@stable	2026-04-19T00:05:09.4915106Z [36;1mecho CARGO_HOME=${CARGO_HOME:-"$HOME/.cargo"} >> $GITHUB_ENV[0m
Formatting	Run dtolnay/rust-toolchain@stable	2026-04-19T00:05:09.4935437Z shell: /usr/bin/bash --noprofile --norc -e -o pipefail {0}
Formatting	Run dtolnay/rust-toolchain@stable	2026-04-19T00:05:09.4936095Z env:
Formatting	Run dtolnay/rust-toolchain@stable	2026-04-19T00:05:09.4936493Z   CARGO_TERM_COLOR: always
Formatting	Run dtolnay/rust-toolchain@stable	2026-04-19T00:05:09.4936969Z ##[endgroup]
Formatting	Run dtolnay/rust-toolchain@stable	2026-04-19T00:05:09.5086764Z ##[group]Run : install rustup if needed
Formatting	Run dtolnay/rust-toolchain@stable	2026-04-19T00:05:09.5087387Z [36;1m: install rustup if needed[0m
Formatting	Run dtolnay/rust-toolchain@stable	2026-04-19T00:05:09.5087966Z [36;1mif ! command -v rustup &>/dev/null; then[0m
Formatting	Run dtolnay/rust-toolchain@stable	2026-04-19T00:05:09.5089312Z [36;1m  curl --proto '=https' --tlsv1.2 --retry 10 --retry-connrefused --location --silent --show-error --fail https://sh.rustup.rs | sh -s -- --default-toolchain none -y[0m
Formatting	Run dtolnay/rust-toolchain@stable	2026-04-19T00:05:09.5090675Z [36;1m  echo "$CARGO_HOME/bin" >> $GITHUB_PATH[0m
Formatting	Run dtolnay/rust-toolchain@stable	2026-04-19T00:05:09.5091442Z [36;1mfi[0m
Formatting	Run dtolnay/rust-toolchain@stable	2026-04-19T00:05:09.5111763Z shell: /usr/bin/bash --noprofile --norc -e -o pipefail {0}
Formatting	Run dtolnay/rust-toolchain@stable	2026-04-19T00:05:09.5112659Z env:
Formatting	Run dtolnay/rust-toolchain@stable	2026-04-19T00:05:09.5113091Z   CARGO_TERM_COLOR: always
Formatting	Run dtolnay/rust-toolchain@stable	2026-04-19T00:05:09.5113589Z   CARGO_HOME: /home/runner/.cargo
Formatting	Run dtolnay/rust-toolchain@stable	2026-04-19T00:05:09.5114087Z ##[endgroup]
Formatting	Run dtolnay/rust-toolchain@stable	2026-04-19T00:05:09.5198851Z ##[group]Run rustup toolchain install stable --component rustfmt --profile minimal --no-self-update
Formatting	Run dtolnay/rust-toolchain@stable	2026-04-19T00:05:09.5200293Z [36;1mrustup toolchain install stable --component rustfmt --profile minimal --no-self-update[0m
Formatting	Run dtolnay/rust-toolchain@stable	2026-04-19T00:05:09.5221360Z shell: /usr/bin/bash --noprofile --norc -e -o pipefail {0}
Formatting	Run dtolnay/rust-toolchain@stable	2026-04-19T00:05:09.5222018Z env:
Formatting	Run dtolnay/rust-toolchain@stable	2026-04-19T00:05:09.5222424Z   CARGO_TERM_COLOR: always
Formatting	Run dtolnay/rust-toolchain@stable	2026-04-19T00:05:09.5223225Z   CARGO_HOME: /home/runner/.cargo
Formatting	Run dtolnay/rust-toolchain@stable	2026-04-19T00:05:09.5223749Z   RUSTUP_PERMIT_COPY_RENAME: 1
Formatting	Run dtolnay/rust-toolchain@stable	2026-04-19T00:05:09.5224234Z ##[endgroup]
Formatting	Run dtolnay/rust-toolchain@stable	2026-04-19T00:05:09.6774445Z info: syncing channel updates for stable-x86_64-unknown-linux-gnu
Formatting	Run dtolnay/rust-toolchain@stable	2026-04-19T00:05:09.7746860Z info: latest update on 2026-04-16 for version 1.95.0 (59807616e 2026-04-14)
Formatting	Run dtolnay/rust-toolchain@stable	2026-04-19T00:05:09.7976019Z info: removing previous version of component clippy
Formatting	Run dtolnay/rust-toolchain@stable	2026-04-19T00:05:09.8148677Z info: removing previous version of component rustfmt
Formatting	Run dtolnay/rust-toolchain@stable	2026-04-19T00:05:09.8160471Z info: removing previous version of component cargo
Formatting	Run dtolnay/rust-toolchain@stable	2026-04-19T00:05:09.8205095Z info: removing previous version of component rust-std
Formatting	Run dtolnay/rust-toolchain@stable	2026-04-19T00:05:09.8261924Z info: removing previous version of component rustc
Formatting	Run dtolnay/rust-toolchain@stable	2026-04-19T00:05:09.8313932Z info: downloading 5 components
Formatting	Run dtolnay/rust-toolchain@stable	2026-04-19T00:05:17.8648245Z 
Formatting	Run dtolnay/rust-toolchain@stable	2026-04-19T00:05:17.8718965Z   stable-x86_64-unknown-linux-gnu updated - rustc 1.95.0 (59807616e 2026-04-14) (from rustc 1.94.1 (e408947bf 2026-03-25))
Formatting	Run dtolnay/rust-toolchain@stable	2026-04-19T00:05:17.8720638Z 
Formatting	Run dtolnay/rust-toolchain@stable	2026-04-19T00:05:17.8817004Z ##[group]Run rustup default stable
Formatting	Run dtolnay/rust-toolchain@stable	2026-04-19T00:05:17.8817362Z [36;1mrustup default stable[0m
Formatting	Run dtolnay/rust-toolchain@stable	2026-04-19T00:05:17.8839905Z shell: /usr/bin/bash --noprofile --norc -e -o pipefail {0}
Formatting	Run dtolnay/rust-toolchain@stable	2026-04-19T00:05:17.8840313Z env:
Formatting	Run dtolnay/rust-toolchain@stable	2026-04-19T00:05:17.8840557Z   CARGO_TERM_COLOR: always
Formatting	Run dtolnay/rust-toolchain@stable	2026-04-19T00:05:17.8840845Z   CARGO_HOME: /home/runner/.cargo
Formatting	Run dtolnay/rust-toolchain@stable	2026-04-19T00:05:17.8841147Z ##[endgroup]
Formatting	Run dtolnay/rust-toolchain@stable	2026-04-19T00:05:17.8937008Z info: using existing install for stable-x86_64-unknown-linux-gnu
Formatting	Run dtolnay/rust-toolchain@stable	2026-04-19T00:05:17.8943818Z info: default toolchain set to stable-x86_64-unknown-linux-gnu
Formatting	Run dtolnay/rust-toolchain@stable	2026-04-19T00:05:17.8944385Z 
Formatting	Run dtolnay/rust-toolchain@stable	2026-04-19T00:05:17.9007827Z   stable-x86_64-unknown-linux-gnu unchanged - rustc 1.95.0 (59807616e 2026-04-14)
Formatting	Run dtolnay/rust-toolchain@stable	2026-04-19T00:05:17.9008605Z 
Formatting	Run dtolnay/rust-toolchain@stable	2026-04-19T00:05:17.9043912Z ##[group]Run : create cachekey
Formatting	Run dtolnay/rust-toolchain@stable	2026-04-19T00:05:17.9044247Z [36;1m: create cachekey[0m
Formatting	Run dtolnay/rust-toolchain@stable	2026-04-19T00:05:17.9044814Z [36;1mDATE=$(rustc +stable --version --verbose | sed -ne 's/^commit-date: \(20[0-9][0-9]\)-\([01][0-9]\)-\([0-3][0-9]\)$/\1\2\3/p')[0m
Formatting	Run dtolnay/rust-toolchain@stable	2026-04-19T00:05:17.9045526Z [36;1mHASH=$(rustc +stable --version --verbose | sed -ne 's/^commit-hash: //p')[0m
Formatting	Run dtolnay/rust-toolchain@stable	2026-04-19T00:05:17.9046061Z [36;1mecho "cachekey=$(echo $DATE$HASH | head -c12)" >> $GITHUB_OUTPUT[0m
Formatting	Run dtolnay/rust-toolchain@stable	2026-04-19T00:05:17.9067510Z shell: /usr/bin/bash --noprofile --norc -e -o pipefail {0}
Formatting	Run dtolnay/rust-toolchain@stable	2026-04-19T00:05:17.9067919Z env:
Formatting	Run dtolnay/rust-toolchain@stable	2026-04-19T00:05:17.9068151Z   CARGO_TERM_COLOR: always
Formatting	Run dtolnay/rust-toolchain@stable	2026-04-19T00:05:17.9068447Z   CARGO_HOME: /home/runner/.cargo
Formatting	Run dtolnay/rust-toolchain@stable	2026-04-19T00:05:17.9068730Z ##[endgroup]
Formatting	Run dtolnay/rust-toolchain@stable	2026-04-19T00:05:17.9407242Z ##[group]Run : disable incremental compilation
Formatting	Run dtolnay/rust-toolchain@stable	2026-04-19T00:05:17.9407692Z [36;1m: disable incremental compilation[0m
Formatting	Run dtolnay/rust-toolchain@stable	2026-04-19T00:05:17.9408065Z [36;1mif [ -z "${CARGO_INCREMENTAL+set}" ]; then[0m
Formatting	Run dtolnay/rust-toolchain@stable	2026-04-19T00:05:17.9408452Z [36;1m  echo CARGO_INCREMENTAL=0 >> $GITHUB_ENV[0m
Formatting	Run dtolnay/rust-toolchain@stable	2026-04-19T00:05:17.9408804Z [36;1mfi[0m
Formatting	Run dtolnay/rust-toolchain@stable	2026-04-19T00:05:17.9431375Z shell: /usr/bin/bash --noprofile --norc -e -o pipefail {0}
Formatting	Run dtolnay/rust-toolchain@stable	2026-04-19T00:05:17.9431781Z env:
Formatting	Run dtolnay/rust-toolchain@stable	2026-04-19T00:05:17.9432020Z   CARGO_TERM_COLOR: always
Formatting	Run dtolnay/rust-toolchain@stable	2026-04-19T00:05:17.9432305Z   CARGO_HOME: /home/runner/.cargo
Formatting	Run dtolnay/rust-toolchain@stable	2026-04-19T00:05:17.9432937Z ##[endgroup]
Formatting	Run dtolnay/rust-toolchain@stable	2026-04-19T00:05:17.9497211Z ##[group]Run : enable colors in Cargo output
Formatting	Run dtolnay/rust-toolchain@stable	2026-04-19T00:05:17.9497868Z [36;1m: enable colors in Cargo output[0m
Formatting	Run dtolnay/rust-toolchain@stable	2026-04-19T00:05:17.9498224Z [36;1mif [ -z "${CARGO_TERM_COLOR+set}" ]; then[0m
Formatting	Run dtolnay/rust-toolchain@stable	2026-04-19T00:05:17.9498627Z [36;1m  echo CARGO_TERM_COLOR=always >> $GITHUB_ENV[0m
Formatting	Run dtolnay/rust-toolchain@stable	2026-04-19T00:05:17.9498955Z [36;1mfi[0m
Formatting	Run dtolnay/rust-toolchain@stable	2026-04-19T00:05:17.9519901Z shell: /usr/bin/bash --noprofile --norc -e -o pipefail {0}
Formatting	Run dtolnay/rust-toolchain@stable	2026-04-19T00:05:17.9520304Z env:
Formatting	Run dtolnay/rust-toolchain@stable	2026-04-19T00:05:17.9520543Z   CARGO_TERM_COLOR: always
Formatting	Run dtolnay/rust-toolchain@stable	2026-04-19T00:05:17.9520839Z   CARGO_HOME: /home/runner/.cargo
Formatting	Run dtolnay/rust-toolchain@stable	2026-04-19T00:05:17.9521312Z   CARGO_INCREMENTAL: 0
Formatting	Run dtolnay/rust-toolchain@stable	2026-04-19T00:05:17.9521567Z ##[endgroup]
Formatting	Run dtolnay/rust-toolchain@stable	2026-04-19T00:05:17.9586410Z ##[group]Run : enable Cargo sparse registry
Formatting	Run dtolnay/rust-toolchain@stable	2026-04-19T00:05:17.9586796Z [36;1m: enable Cargo sparse registry[0m
Formatting	Run dtolnay/rust-toolchain@stable	2026-04-19T00:05:17.9587210Z [36;1m# implemented in 1.66, stabilized in 1.68, made default in 1.70[0m
Formatting	Run dtolnay/rust-toolchain@stable	2026-04-19T00:05:17.9587974Z [36;1mif [ -z "${CARGO_REGISTRIES_CRATES_IO_PROTOCOL+set}" -o -f "/home/runner/work/_temp"/.implicit_cargo_registries_crates_io_protocol ]; then[0m
Formatting	Run dtolnay/rust-toolchain@stable	2026-04-19T00:05:17.9588776Z [36;1m  if rustc +stable --version --verbose | grep -q '^release: 1\.6[89]\.'; then[0m
Formatting	Run dtolnay/rust-toolchain@stable	2026-04-19T00:05:17.9589404Z [36;1m    touch "/home/runner/work/_temp"/.implicit_cargo_registries_crates_io_protocol || true[0m
Formatting	Run dtolnay/rust-toolchain@stable	2026-04-19T00:05:17.9590018Z [36;1m    echo CARGO_REGISTRIES_CRATES_IO_PROTOCOL=sparse >> $GITHUB_ENV[0m
Formatting	Run dtolnay/rust-toolchain@stable	2026-04-19T00:05:17.9590573Z [36;1m  elif rustc +stable --version --verbose | grep -q '^release: 1\.6[67]\.'; then[0m
Formatting	Run dtolnay/rust-toolchain@stable	2026-04-19T00:05:17.9591213Z [36;1m    touch "/home/runner/work/_temp"/.implicit_cargo_registries_crates_io_protocol || true[0m
Formatting	Run dtolnay/rust-toolchain@stable	2026-04-19T00:05:17.9591795Z [36;1m    echo CARGO_REGISTRIES_CRATES_IO_PROTOCOL=git >> $GITHUB_ENV[0m
Formatting	Run dtolnay/rust-toolchain@stable	2026-04-19T00:05:17.9592182Z [36;1m  fi[0m
Formatting	Run dtolnay/rust-toolchain@stable	2026-04-19T00:05:17.9592401Z [36;1mfi[0m
Formatting	Run dtolnay/rust-toolchain@stable	2026-04-19T00:05:17.9613590Z shell: /usr/bin/bash --noprofile --norc -e -o pipefail {0}
Formatting	Run dtolnay/rust-toolchain@stable	2026-04-19T00:05:17.9613975Z env:
Formatting	Run dtolnay/rust-toolchain@stable	2026-04-19T00:05:17.9614212Z   CARGO_TERM_COLOR: always
Formatting	Run dtolnay/rust-toolchain@stable	2026-04-19T00:05:17.9614508Z   CARGO_HOME: /home/runner/.cargo
Formatting	Run dtolnay/rust-toolchain@stable	2026-04-19T00:05:17.9614813Z   CARGO_INCREMENTAL: 0
Formatting	Run dtolnay/rust-toolchain@stable	2026-04-19T00:05:17.9615069Z ##[endgroup]
Formatting	Run dtolnay/rust-toolchain@stable	2026-04-19T00:05:17.9932875Z ##[group]Run : work around spurious network errors in curl 8.0
Formatting	Run dtolnay/rust-toolchain@stable	2026-04-19T00:05:17.9933409Z [36;1m: work around spurious network errors in curl 8.0[0m
Formatting	Run dtolnay/rust-toolchain@stable	2026-04-19T00:05:17.9934203Z [36;1m# https://rust-lang.zulipchat.com/#narrow/stream/246057-t-cargo/topic/timeout.20investigation[0m
Formatting	Run dtolnay/rust-toolchain@stable	2026-04-19T00:05:17.9934883Z [36;1mif rustc +stable --version --verbose | grep -q '^release: 1\.7[01]\.'; then[0m
Formatting	Run dtolnay/rust-toolchain@stable	2026-04-19T00:05:17.9935420Z [36;1m  echo CARGO_HTTP_MULTIPLEXING=false >> $GITHUB_ENV[0m
Formatting	Run dtolnay/rust-toolchain@stable	2026-04-19T00:05:17.9935763Z [36;1mfi[0m
Formatting	Run dtolnay/rust-toolchain@stable	2026-04-19T00:05:17.9958750Z shell: /usr/bin/bash --noprofile --norc -e -o pipefail {0}
Formatting	Run dtolnay/rust-toolchain@stable	2026-04-19T00:05:17.9959147Z env:
Formatting	Run dtolnay/rust-toolchain@stable	2026-04-19T00:05:17.9959380Z   CARGO_TERM_COLOR: always
Formatting	Run dtolnay/rust-toolchain@stable	2026-04-19T00:05:17.9959676Z   CARGO_HOME: /home/runner/.cargo
Formatting	Run dtolnay/rust-toolchain@stable	2026-04-19T00:05:17.9959976Z   CARGO_INCREMENTAL: 0
Formatting	Run dtolnay/rust-toolchain@stable	2026-04-19T00:05:17.9960236Z ##[endgroup]
Formatting	Run dtolnay/rust-toolchain@stable	2026-04-19T00:05:18.0151242Z ##[group]Run rustc +stable --version --verbose
Formatting	Run dtolnay/rust-toolchain@stable	2026-04-19T00:05:18.0151640Z [36;1mrustc +stable --version --verbose[0m
Formatting	Run dtolnay/rust-toolchain@stable	2026-04-19T00:05:18.0174211Z shell: /usr/bin/bash --noprofile --norc -e -o pipefail {0}
Formatting	Run dtolnay/rust-toolchain@stable	2026-04-19T00:05:18.0174621Z env:
Formatting	Run dtolnay/rust-toolchain@stable	2026-04-19T00:05:18.0174861Z   CARGO_TERM_COLOR: always
Formatting	Run dtolnay/rust-toolchain@stable	2026-04-19T00:05:18.0175161Z   CARGO_HOME: /home/runner/.cargo
Formatting	Run dtolnay/rust-toolchain@stable	2026-04-19T00:05:18.0175456Z   CARGO_INCREMENTAL: 0
Formatting	Run dtolnay/rust-toolchain@stable	2026-04-19T00:05:18.0175710Z ##[endgroup]
Formatting	Run dtolnay/rust-toolchain@stable	2026-04-19T00:05:18.0326990Z rustc 1.95.0 (59807616e 2026-04-14)
Formatting	Run dtolnay/rust-toolchain@stable	2026-04-19T00:05:18.0327574Z binary: rustc
Formatting	Run dtolnay/rust-toolchain@stable	2026-04-19T00:05:18.0328120Z commit-hash: 59807616e1fa2540724bfbac14d7976d7e4a3860
Formatting	Run dtolnay/rust-toolchain@stable	2026-04-19T00:05:18.0328795Z commit-date: 2026-04-14
Formatting	Run dtolnay/rust-toolchain@stable	2026-04-19T00:05:18.0329289Z host: x86_64-unknown-linux-gnu
Formatting	Run dtolnay/rust-toolchain@stable	2026-04-19T00:05:18.0329779Z release: 1.95.0
Formatting	Run dtolnay/rust-toolchain@stable	2026-04-19T00:05:18.0330245Z LLVM version: 22.1.2
Formatting	Run cargo fmt --all -- --check	﻿2026-04-19T00:05:18.0401344Z ##[group]Run cargo fmt --all -- --check
Formatting	Run cargo fmt --all -- --check	2026-04-19T00:05:18.0401754Z [36;1mcargo fmt --all -- --check[0m
Formatting	Run cargo fmt --all -- --check	2026-04-19T00:05:18.0425037Z shell: /usr/bin/bash -e {0}
Formatting	Run cargo fmt --all -- --check	2026-04-19T00:05:18.0425343Z env:
Formatting	Run cargo fmt --all -- --check	2026-04-19T00:05:18.0425584Z   CARGO_TERM_COLOR: always
Formatting	Run cargo fmt --all -- --check	2026-04-19T00:05:18.0425874Z   CARGO_HOME: /home/runner/.cargo
Formatting	Run cargo fmt --all -- --check	2026-04-19T00:05:18.0426158Z   CARGO_INCREMENTAL: 0
Formatting	Run cargo fmt --all -- --check	2026-04-19T00:05:18.0426407Z ##[endgroup]
Formatting	Run cargo fmt --all -- --check	2026-04-19T00:05:18.0996842Z Diff in /home/runner/work/qssm-rs/qssm-rs/desktop/src-tauri/src/commands.rs:9:
Formatting	Run cargo fmt --all -- --check	2026-04-19T00:05:18.1001985Z  use bip39::Mnemonic;
Formatting	Run cargo fmt --all -- --check	2026-04-19T00:05:18.1002964Z  // SmtRoot: local newtype replacing qssm_traits::SmtRoot (crate removed)
Formatting	Run cargo fmt --all -- --check	2026-04-19T00:05:18.1003765Z  struct SmtRoot(pub [u8; 32]);
Formatting	Run cargo fmt --all -- --check	2026-04-19T00:05:18.1004109Z -use qssm_gadget::TruthWitness;
Formatting	Run cargo fmt --all -- --check	2026-04-19T00:05:18.1004466Z -use qssm_gadget::EntropyAnchor;
Formatting	Run cargo fmt --all -- --check	2026-04-19T00:05:18.1004800Z  use qssm_entropy::HarvestConfig;
Formatting	Run cargo fmt --all -- --check	2026-04-19T00:05:18.1005221Z +use qssm_gadget::EntropyAnchor;
Formatting	Run cargo fmt --all -- --check	2026-04-19T00:05:18.1005541Z +use qssm_gadget::TruthWitness;
Formatting	Run cargo fmt --all -- --check	2026-04-19T00:05:18.1005900Z  use qssm_le::BETA;
Formatting	Run cargo fmt --all -- --check	2026-04-19T00:05:18.1006371Z  use qssm_le::{encode_rq_coeffs_le, prove_arithmetic, PublicInstance, VerifyingKey, Witness};
Formatting	Run cargo fmt --all -- --check	2026-04-19T00:05:18.1007014Z +use qssm_templates::{QssmTemplate, QSSM_TEMPLATE_VERSION};
Formatting	Run cargo fmt --all -- --check	2026-04-19T00:05:18.1007456Z  use qssm_utils::hashing::blake3_hash;
Formatting	Run cargo fmt --all -- --check	2026-04-19T00:05:18.1007805Z  use rand::{RngCore, SeedableRng};
Formatting	Run cargo fmt --all -- --check	2026-04-19T00:05:18.1008150Z  use serde::Deserialize;
Formatting	Run cargo fmt --all -- --check	2026-04-19T00:05:18.1008581Z Diff in /home/runner/work/qssm-rs/qssm-rs/desktop/src-tauri/src/commands.rs:20:
Formatting	Run cargo fmt --all -- --check	2026-04-19T00:05:18.1009142Z -use qssm_templates::{QssmTemplate, QSSM_TEMPLATE_VERSION};
Formatting	Run cargo fmt --all -- --check	2026-04-19T00:05:18.1009503Z  
Formatting	Run cargo fmt --all -- --check	2026-04-19T00:05:18.1009940Z  /// Application-level harvest gate (moved from `qssm-entropy`; this is UI/policy, not harvesting).
Formatting	Run cargo fmt --all -- --check	2026-04-19T00:05:18.1010582Z  static HARDWARE_HARVEST_ENABLED: AtomicBool = AtomicBool::new(true);
Formatting	Run cargo fmt --all -- --check	2026-04-19T00:05:18.1011138Z Diff in /home/runner/work/qssm-rs/qssm-rs/desktop/src-tauri/src/commands.rs:198:
Formatting	Run cargo fmt --all -- --check	2026-04-19T00:05:18.1011589Z          match self {
Formatting	Run cargo fmt --all -- --check	2026-04-19T00:05:18.1011857Z              Self::Kaspa {
Formatting	Run cargo fmt --all -- --check	2026-04-19T00:05:18.1012142Z                  parent_block_id_hex,
Formatting	Run cargo fmt --all -- --check	2026-04-19T00:05:18.1012790Z -            } => Ok(EntropyAnchor::AnchorHash(hex_to_32(
Formatting	Run cargo fmt --all -- --check	2026-04-19T00:05:18.1013207Z -                parent_block_id_hex,
Formatting	Run cargo fmt --all -- --check	2026-04-19T00:05:18.1013504Z -            )?)),
Formatting	Run cargo fmt --all -- --check	2026-04-19T00:05:18.1013867Z +            } => Ok(EntropyAnchor::AnchorHash(hex_to_32(parent_block_id_hex)?)),
Formatting	Run cargo fmt --all -- --check	2026-04-19T00:05:18.1014448Z              Self::StaticRoot { root_hex } => Ok(EntropyAnchor::StaticRoot(hex_to_32(root_hex)?)),
Formatting	Run cargo fmt --all -- --check	2026-04-19T00:05:18.1015046Z              Self::Timestamp { unix_secs } => Ok(EntropyAnchor::TimestampUnixSecs {
Formatting	Run cargo fmt --all -- --check	2026-04-19T00:05:18.1015501Z                  unix_secs: *unix_secs,
Formatting	Run cargo fmt --all -- --check	2026-04-19T00:05:18.1015992Z Diff in /home/runner/work/qssm-rs/qssm-rs/desktop/src-tauri/src/commands.rs:239:
Formatting	Run cargo fmt --all -- --check	2026-04-19T00:05:18.1016448Z              let label = a.kind_label();
Formatting	Run cargo fmt --all -- --check	2026-04-19T00:05:18.1016919Z              return Ok((a.to_entropy_anchor()?, label));
Formatting	Run cargo fmt --all -- --check	2026-04-19T00:05:18.1017358Z          }
Formatting	Run cargo fmt --all -- --check	2026-04-19T00:05:18.1017669Z -        let hex = self.anchor_hash_hex.as_ref().ok_or_else(|| {
Formatting	Run cargo fmt --all -- --check	2026-04-19T00:05:18.1018150Z -            "missing entropy anchor: set anchor or anchor_hash_hex".to_string()
Formatting	Run cargo fmt --all -- --check	2026-04-19T00:05:18.1018550Z -        })?;
Formatting	Run cargo fmt --all -- --check	2026-04-19T00:05:18.1018776Z -        Ok((
Formatting	Run cargo fmt --all -- --check	2026-04-19T00:05:18.1019069Z -            EntropyAnchor::AnchorHash(hex_to_32(hex)?),
Formatting	Run cargo fmt --all -- --check	2026-04-19T00:05:18.1019405Z -            "anchor",
Formatting	Run cargo fmt --all -- --check	2026-04-19T00:05:18.1019641Z -        ))
Formatting	Run cargo fmt --all -- --check	2026-04-19T00:05:18.1019873Z +        let hex = self
Formatting	Run cargo fmt --all -- --check	2026-04-19T00:05:18.1020147Z +            .anchor_hash_hex
Formatting	Run cargo fmt --all -- --check	2026-04-19T00:05:18.1020427Z +            .as_ref()
Formatting	Run cargo fmt --all -- --check	2026-04-19T00:05:18.1020857Z +            .ok_or_else(|| "missing entropy anchor: set anchor or anchor_hash_hex".to_string())?;
Formatting	Run cargo fmt --all -- --check	2026-04-19T00:05:18.1021411Z +        Ok((EntropyAnchor::AnchorHash(hex_to_32(hex)?), "anchor"))
Formatting	Run cargo fmt --all -- --check	2026-04-19T00:05:18.1021762Z      }
Formatting	Run cargo fmt --all -- --check	2026-04-19T00:05:18.1021964Z  }
Formatting	Run cargo fmt --all -- --check	2026-04-19T00:05:18.1022428Z  
Formatting	Run cargo fmt --all -- --check	2026-04-19T00:05:18.1022971Z Diff in /home/runner/work/qssm-rs/qssm-rs/desktop/src-tauri/src/commands.rs:289:
Formatting	Run cargo fmt --all -- --check	2026-04-19T00:05:18.1023436Z              "QSSM-SDK-LE-MASK-v1",
Formatting	Run cargo fmt --all -- --check	2026-04-19T00:05:18.1023758Z              &[&rng_seed, rollup_ctx, &[attempt]],
Formatting	Run cargo fmt --all -- --check	2026-04-19T00:05:18.1024069Z          );
Formatting	Run cargo fmt --all -- --check	2026-04-19T00:05:18.1024502Z -        if let Ok((commitment, proof)) = prove_arithmetic(&vk, &public, &witness, rollup_ctx, mask_seed) {
Formatting	Run cargo fmt --all -- --check	2026-04-19T00:05:18.1025021Z +        if let Ok((commitment, proof)) =
Formatting	Run cargo fmt --all -- --check	2026-04-19T00:05:18.1025430Z +            prove_arithmetic(&vk, &public, &witness, rollup_ctx, mask_seed)
Formatting	Run cargo fmt --all -- --check	2026-04-19T00:05:18.1025961Z +        {
Formatting	Run cargo fmt --all -- --check	2026-04-19T00:05:18.1026202Z              return Ok(json!({
Formatting	Run cargo fmt --all -- --check	2026-04-19T00:05:18.1026638Z                  "commitment_coeffs_hex": hex::encode(encode_rq_coeffs_le(&commitment.0)),
Formatting	Run cargo fmt --all -- --check	2026-04-19T00:05:18.1027164Z                  "t_coeffs_hex": hex::encode(encode_rq_coeffs_le(&proof.t)),
Formatting	Run cargo fmt --all -- --check	2026-04-19T00:05:18.1027676Z Diff in /home/runner/work/qssm-rs/qssm-rs/desktop/src-tauri/src/commands.rs:334:
Formatting	Run cargo fmt --all -- --check	2026-04-19T00:05:18.1028131Z          external_entropy,
Formatting	Run cargo fmt --all -- --check	2026-04-19T00:05:18.1028421Z          external_entropy_included,
Formatting	Run cargo fmt --all -- --check	2026-04-19T00:05:18.1028701Z      );
Formatting	Run cargo fmt --all -- --check	2026-04-19T00:05:18.1029037Z -    truth_witness.validate().map_err(|e| format!("TruthWitness: {e}"))?;
Formatting	Run cargo fmt --all -- --check	2026-04-19T00:05:18.1029440Z +    truth_witness
Formatting	Run cargo fmt --all -- --check	2026-04-19T00:05:18.1029677Z +        .validate()
Formatting	Run cargo fmt --all -- --check	2026-04-19T00:05:18.1029966Z +        .map_err(|e| format!("TruthWitness: {e}"))?;
Formatting	Run cargo fmt --all -- --check	2026-04-19T00:05:18.1030280Z  
Formatting	Run cargo fmt --all -- --check	2026-04-19T00:05:18.1030598Z -    let sw: Value = serde_json::from_str(&truth_witness.to_prover_json()
Formatting	Run cargo fmt --all -- --check	2026-04-19T00:05:18.1031161Z -        .map_err(|e| format!("truth witness JSON serialization failed: {e}"))?)
Formatting	Run cargo fmt --all -- --check	2026-04-19T00:05:18.1031691Z -        .map_err(|e| format!("truth witness JSON serialization failed: {e}"))?;
Formatting	Run cargo fmt --all -- --check	2026-04-19T00:05:18.1032164Z -    let le_rng_seed = qssm_utils::hashing::hash_domain(
Formatting	Run cargo fmt --all -- --check	2026-04-19T00:05:18.1032672Z -        "QSSM-SDK-LE-MASK-v1",
Formatting	Run cargo fmt --all -- --check	2026-04-19T00:05:18.1032999Z -        &[&external_entropy, &rollup_ctx],
Formatting	Run cargo fmt --all -- --check	2026-04-19T00:05:18.1033312Z -    );
Formatting	Run cargo fmt --all -- --check	2026-04-19T00:05:18.1033571Z +    let sw: Value = serde_json::from_str(
Formatting	Run cargo fmt --all -- --check	2026-04-19T00:05:18.1033893Z +        &truth_witness
Formatting	Run cargo fmt --all -- --check	2026-04-19T00:05:18.1034161Z +            .to_prover_json()
Formatting	Run cargo fmt --all -- --check	2026-04-19T00:05:18.1034591Z +            .map_err(|e| format!("truth witness JSON serialization failed: {e}"))?,
Formatting	Run cargo fmt --all -- --check	2026-04-19T00:05:18.1034990Z +    )
Formatting	Run cargo fmt --all -- --check	2026-04-19T00:05:18.1035342Z +    .map_err(|e| format!("truth witness JSON serialization failed: {e}"))?;
Formatting	Run cargo fmt --all -- --check	2026-04-19T00:05:18.1035747Z +    let le_rng_seed =
Formatting	Run cargo fmt --all -- --check	2026-04-19T00:05:18.1057651Z +        qssm_utils::hashing::hash_domain("QSSM-SDK-LE-MASK-v1", &[&external_entropy, &rollup_ctx]);
Formatting	Run cargo fmt --all -- --check	2026-04-19T00:05:18.1059135Z      let lattice = prove_lattice_demo(truth_witness.digest_coeff_vector, &rollup_ctx, le_rng_seed)?;
Formatting	Run cargo fmt --all -- --check	2026-04-19T00:05:18.1060310Z -    let qrng = if external_entropy_included { "external" } else { "fallback" };
Formatting	Run cargo fmt --all -- --check	2026-04-19T00:05:18.1060892Z +    let qrng = if external_entropy_included {
Formatting	Run cargo fmt --all -- --check	2026-04-19T00:05:18.1061265Z +        "external"
Formatting	Run cargo fmt --all -- --check	2026-04-19T00:05:18.1061509Z +    } else {
Formatting	Run cargo fmt --all -- --check	2026-04-19T00:05:18.1061755Z +        "fallback"
Formatting	Run cargo fmt --all -- --check	2026-04-19T00:05:18.1061982Z +    };
Formatting	Run cargo fmt --all -- --check	2026-04-19T00:05:18.1062239Z      let l1_sync = match anchor_kind {
Formatting	Run cargo fmt --all -- --check	2026-04-19T00:05:18.1062721Z          "kaspa" => L1_HUD,
Formatting	Run cargo fmt --all -- --check	2026-04-19T00:05:18.1063123Z          "static_root" => "Generic mode - static root anchor (no L1)",
Formatting	Run cargo fmt --all -- --check	2026-04-19T00:05:18.1063690Z Diff in /home/runner/work/qssm-rs/qssm-rs/desktop/src-tauri/src/commands.rs:406:
Formatting	Run cargo fmt --all -- --check	2026-04-19T00:05:18.1064251Z      if template.qssm_template_version() != QSSM_TEMPLATE_VERSION {
Formatting	Run cargo fmt --all -- --check	2026-04-19T00:05:18.1064671Z          return Err(format!(
Formatting	Run cargo fmt --all -- --check	2026-04-19T00:05:18.1065055Z              "unsupported qssm_template_version (got {}, expected {})",
Formatting	Run cargo fmt --all -- --check	2026-04-19T00:05:18.1065558Z -            template.qssm_template_version(), QSSM_TEMPLATE_VERSION
Formatting	Run cargo fmt --all -- --check	2026-04-19T00:05:18.1065985Z +            template.qssm_template_version(),
Formatting	Run cargo fmt --all -- --check	2026-04-19T00:05:18.1066365Z +            QSSM_TEMPLATE_VERSION
Formatting	Run cargo fmt --all -- --check	2026-04-19T00:05:18.1066643Z          ));
Formatting	Run cargo fmt --all -- --check	2026-04-19T00:05:18.1067091Z      }
Formatting	Run cargo fmt --all -- --check	2026-04-19T00:05:18.1067325Z      let claim: Value =
Formatting	Run cargo fmt --all -- --check	2026-04-19T00:05:18.1067757Z Diff in /home/runner/work/qssm-rs/qssm-rs/desktop/src-tauri/src/commands.rs:427:
Formatting	Run cargo fmt --all -- --check	2026-04-19T00:05:18.1068324Z      if template.qssm_template_version() != QSSM_TEMPLATE_VERSION {
Formatting	Run cargo fmt --all -- --check	2026-04-19T00:05:18.1068724Z          return Err(format!(
Formatting	Run cargo fmt --all -- --check	2026-04-19T00:05:18.1069116Z              "unsupported qssm_template_version (got {}, expected {})",
Formatting	Run cargo fmt --all -- --check	2026-04-19T00:05:18.1069593Z -            template.qssm_template_version(), QSSM_TEMPLATE_VERSION
Formatting	Run cargo fmt --all -- --check	2026-04-19T00:05:18.1070012Z +            template.qssm_template_version(),
Formatting	Run cargo fmt --all -- --check	2026-04-19T00:05:18.1070484Z +            QSSM_TEMPLATE_VERSION
Formatting	Run cargo fmt --all -- --check	2026-04-19T00:05:18.1070766Z          ));
Formatting	Run cargo fmt --all -- --check	2026-04-19T00:05:18.1070989Z      }
Formatting	Run cargo fmt --all -- --check	2026-04-19T00:05:18.1071424Z      let pretty = serde_json::to_string_pretty(&template).map_err(|e| e.to_string())?;
Formatting	Run cargo fmt --all -- --check	2026-04-19T00:05:18.1072144Z Diff in /home/runner/work/qssm-rs/qssm-rs/integration/adversarial_replay.rs:24:
Formatting	Run cargo fmt --all -- --check	2026-04-19T00:05:18.1072807Z      let witness = Witness::new([0i32; N]);
Formatting	Run cargo fmt --all -- --check	2026-04-19T00:05:18.1073122Z  
Formatting	Run cargo fmt --all -- --check	2026-04-19T00:05:18.1073378Z      let ctx_le = le_context();
Formatting	Run cargo fmt --all -- --check	2026-04-19T00:05:18.1073918Z -    let (commitment, proof) = prove_arithmetic(&vk, &public, &witness, &ctx_le, [0xBB; 32]).expect("le proof");
Formatting	Run cargo fmt --all -- --check	2026-04-19T00:05:18.1074487Z +    let (commitment, proof) =
Formatting	Run cargo fmt --all -- --check	2026-04-19T00:05:18.1074950Z +        prove_arithmetic(&vk, &public, &witness, &ctx_le, [0xBB; 32]).expect("le proof");
Formatting	Run cargo fmt --all -- --check	2026-04-19T00:05:18.1075569Z      assert!(verify_lattice(&vk, &public, &commitment, &proof, &ctx_le).is_ok());
Formatting	Run cargo fmt --all -- --check	2026-04-19T00:05:18.1075995Z  
Formatting	Run cargo fmt --all -- --check	2026-04-19T00:05:18.1076223Z      let ctx_ms = ms_context();
Formatting	Run cargo fmt --all -- --check	2026-04-19T00:05:18.1076682Z Diff in /home/runner/work/qssm-rs/qssm-rs/integration/src/lib.rs:1:
Formatting	Run cargo fmt --all -- --check	2026-04-19T00:05:18.1077405Z  #![forbid(unsafe_code)]
Formatting	Run cargo fmt --all -- --check	2026-04-19T00:05:18.1077853Z +
Formatting	Run cargo fmt --all -- --check	2026-04-19T00:05:18.1078247Z Diff in /home/runner/work/qssm-rs/qssm-rs/integration/test_entropy.rs:32:
Formatting	Run cargo fmt --all -- --check	2026-04-19T00:05:18.1078759Z      let ent = blake3_hash(b"DETERMINISTIC-ENTROPY");
Formatting	Run cargo fmt --all -- --check	2026-04-19T00:05:18.1079120Z      let b = binding();
Formatting	Run cargo fmt --all -- --check	2026-04-19T00:05:18.1079435Z      let ctx = ProofContext::new(seed());
Formatting	Run cargo fmt --all -- --check	2026-04-19T00:05:18.1079844Z -    let proof1 = prove(&ctx, &template(), &claim(), 100, 50, b, ent)
Formatting	Run cargo fmt --all -- --check	2026-04-19T00:05:18.1080253Z -        .expect("prove 1");
Formatting	Run cargo fmt --all -- --check	2026-04-19T00:05:18.1080697Z +    let proof1 = prove(&ctx, &template(), &claim(), 100, 50, b, ent).expect("prove 1");
Formatting	Run cargo fmt --all -- --check	2026-04-19T00:05:18.1081172Z      let ctx2 = ProofContext::new(seed());
Formatting	Run cargo fmt --all -- --check	2026-04-19T00:05:18.1081597Z -    let proof2 = prove(&ctx2, &template(), &claim(), 100, 50, b, ent)
Formatting	Run cargo fmt --all -- --check	2026-04-19T00:05:18.1082002Z -        .expect("prove 2");
Formatting	Run cargo fmt --all -- --check	2026-04-19T00:05:18.1082667Z +    let proof2 = prove(&ctx2, &template(), &claim(), 100, 50, b, ent).expect("prove 2");
Formatting	Run cargo fmt --all -- --check	2026-04-19T00:05:18.1083189Z  
Formatting	Run cargo fmt --all -- --check	2026-04-19T00:05:18.1083494Z      let b1 = ProofBundle::from_proof(&proof1);
Formatting	Run cargo fmt --all -- --check	2026-04-19T00:05:18.1083881Z      let b2 = ProofBundle::from_proof(&proof2);
Formatting	Run cargo fmt --all -- --check	2026-04-19T00:05:18.1084341Z Diff in /home/runner/work/qssm-rs/qssm-rs/integration/test_entropy.rs:53:
Formatting	Run cargo fmt --all -- --check	2026-04-19T00:05:18.1084761Z          &ctx,
Formatting	Run cargo fmt --all -- --check	2026-04-19T00:05:18.1084995Z          &template(),
Formatting	Run cargo fmt --all -- --check	2026-04-19T00:05:18.1085248Z          &claim(),
Formatting	Run cargo fmt --all -- --check	2026-04-19T00:05:18.1085483Z -        100, 50, b,
Formatting	Run cargo fmt --all -- --check	2026-04-19T00:05:18.1085725Z +        100,
Formatting	Run cargo fmt --all -- --check	2026-04-19T00:05:18.1085937Z +        50,
Formatting	Run cargo fmt --all -- --check	2026-04-19T00:05:18.1086161Z +        b,
Formatting	Run cargo fmt --all -- --check	2026-04-19T00:05:18.1086408Z          blake3_hash(b"ENTROPY-A"),
Formatting	Run cargo fmt --all -- --check	2026-04-19T00:05:18.1086685Z      )
Formatting	Run cargo fmt --all -- --check	2026-04-19T00:05:18.1087075Z      .expect("prove 1");
Formatting	Run cargo fmt --all -- --check	2026-04-19T00:05:18.1087615Z Diff in /home/runner/work/qssm-rs/qssm-rs/integration/test_entropy.rs:62:
Formatting	Run cargo fmt --all -- --check	2026-04-19T00:05:18.1088038Z          &ctx2,
Formatting	Run cargo fmt --all -- --check	2026-04-19T00:05:18.1088271Z          &template(),
Formatting	Run cargo fmt --all -- --check	2026-04-19T00:05:18.1088518Z          &claim(),
Formatting	Run cargo fmt --all -- --check	2026-04-19T00:05:18.1088747Z -        100, 50, b,
Formatting	Run cargo fmt --all -- --check	2026-04-19T00:05:18.1088999Z +        100,
Formatting	Run cargo fmt --all -- --check	2026-04-19T00:05:18.1089218Z +        50,
Formatting	Run cargo fmt --all -- --check	2026-04-19T00:05:18.1089428Z +        b,
Formatting	Run cargo fmt --all -- --check	2026-04-19T00:05:18.1089676Z          blake3_hash(b"ENTROPY-B"),
Formatting	Run cargo fmt --all -- --check	2026-04-19T00:05:18.1089946Z      )
Formatting	Run cargo fmt --all -- --check	2026-04-19T00:05:18.1090463Z      .expect("prove 2");
Formatting	Run cargo fmt --all -- --check	2026-04-19T00:05:18.1091199Z Diff in /home/runner/work/qssm-rs/qssm-rs/integration/test_entropy.rs:80:
Formatting	Run cargo fmt --all -- --check	2026-04-19T00:05:18.1091699Z          &ctx1,
Formatting	Run cargo fmt --all -- --check	2026-04-19T00:05:18.1091947Z          &template(),
Formatting	Run cargo fmt --all -- --check	2026-04-19T00:05:18.1092192Z          &claim(),
Formatting	Run cargo fmt --all -- --check	2026-04-19T00:05:18.1092709Z -        100, 50,
Formatting	Run cargo fmt --all -- --check	2026-04-19T00:05:18.1092977Z +        100,
Formatting	Run cargo fmt --all -- --check	2026-04-19T00:05:18.1093210Z +        50,
Formatting	Run cargo fmt --all -- --check	2026-04-19T00:05:18.1093464Z          blake3_hash(b"BINDING-A"),
Formatting	Run cargo fmt --all -- --check	2026-04-19T00:05:18.1094061Z          ent,
Formatting	Run cargo fmt --all -- --check	2026-04-19T00:05:18.1094389Z      )
Formatting	Run cargo fmt --all -- --check	2026-04-19T00:05:18.1094978Z Diff in /home/runner/work/qssm-rs/qssm-rs/integration/test_entropy.rs:90:
Formatting	Run cargo fmt --all -- --check	2026-04-19T00:05:18.1095394Z          &ctx2,
Formatting	Run cargo fmt --all -- --check	2026-04-19T00:05:18.1095639Z          &template(),
Formatting	Run cargo fmt --all -- --check	2026-04-19T00:05:18.1095889Z          &claim(),
Formatting	Run cargo fmt --all -- --check	2026-04-19T00:05:18.1096129Z -        100, 50,
Formatting	Run cargo fmt --all -- --check	2026-04-19T00:05:18.1096352Z +        100,
Formatting	Run cargo fmt --all -- --check	2026-04-19T00:05:18.1096569Z +        50,
Formatting	Run cargo fmt --all -- --check	2026-04-19T00:05:18.1096823Z          blake3_hash(b"BINDING-B"),
Formatting	Run cargo fmt --all -- --check	2026-04-19T00:05:18.1097124Z          ent,
Formatting	Run cargo fmt --all -- --check	2026-04-19T00:05:18.1097341Z      )
Formatting	Run cargo fmt --all -- --check	2026-04-19T00:05:18.1097788Z Diff in /home/runner/work/qssm-rs/qssm-rs/integration/test_entropy.rs:111:
Formatting	Run cargo fmt --all -- --check	2026-04-19T00:05:18.1098520Z          &ctx,
Formatting	Run cargo fmt --all -- --check	2026-04-19T00:05:18.1098786Z          &template(),
Formatting	Run cargo fmt --all -- --check	2026-04-19T00:05:18.1099040Z          &claim(),
Formatting	Run cargo fmt --all -- --check	2026-04-19T00:05:18.1099264Z -        100, 50,
Formatting	Run cargo fmt --all -- --check	2026-04-19T00:05:18.1099497Z +        100,
Formatting	Run cargo fmt --all -- --check	2026-04-19T00:05:18.1099716Z +        50,
Formatting	Run cargo fmt --all -- --check	2026-04-19T00:05:18.1099935Z          binding(),
Formatting	Run cargo fmt --all -- --check	2026-04-19T00:05:18.1100201Z          blake3_hash(b"CHECK-LENGTH"),
Formatting	Run cargo fmt --all -- --check	2026-04-19T00:05:18.1100497Z      )
Formatting	Run cargo fmt --all -- --check	2026-04-19T00:05:18.1100854Z Diff in /home/runner/work/qssm-rs/qssm-rs/integration/test_entropy.rs:128:
Formatting	Run cargo fmt --all -- --check	2026-04-19T00:05:18.1101254Z          &ctx,
Formatting	Run cargo fmt --all -- --check	2026-04-19T00:05:18.1101489Z          &template(),
Formatting	Run cargo fmt --all -- --check	2026-04-19T00:05:18.1101734Z          &claim(),
Formatting	Run cargo fmt --all -- --check	2026-04-19T00:05:18.1101960Z -        100, 50,
Formatting	Run cargo fmt --all -- --check	2026-04-19T00:05:18.1102177Z +        100,
Formatting	Run cargo fmt --all -- --check	2026-04-19T00:05:18.1102390Z +        50,
Formatting	Run cargo fmt --all -- --check	2026-04-19T00:05:18.1102768Z          binding(),
Formatting	Run cargo fmt --all -- --check	2026-04-19T00:05:18.1103060Z          blake3_hash(b"CHECK-BINDING-LEN"),
Formatting	Run cargo fmt --all -- --check	2026-04-19T00:05:18.1103354Z      )
Formatting	Run cargo fmt --all -- --check	2026-04-19T00:05:18.1103704Z Diff in /home/runner/work/qssm-rs/qssm-rs/integration/test_entropy.rs:150:
Formatting	Run cargo fmt --all -- --check	2026-04-19T00:05:18.1104136Z          buf.extend_from_slice(&chunk);
Formatting	Run cargo fmt --all -- --check	2026-04-19T00:05:18.1104413Z      }
Formatting	Run cargo fmt --all -- --check	2026-04-19T00:05:18.1104734Z      let result = qssm_utils::validate_entropy_full(&buf);
Formatting	Run cargo fmt --all -- --check	2026-04-19T00:05:18.1105297Z -    assert!(result.is_ok(), "deterministic blake3 buffer must pass entropy audit: {result:?}");
Formatting	Run cargo fmt --all -- --check	2026-04-19T00:05:18.1105778Z +    assert!(
Formatting	Run cargo fmt --all -- --check	2026-04-19T00:05:18.1106017Z +        result.is_ok(),
Formatting	Run cargo fmt --all -- --check	2026-04-19T00:05:18.1106401Z +        "deterministic blake3 buffer must pass entropy audit: {result:?}"
Formatting	Run cargo fmt --all -- --check	2026-04-19T00:05:18.1106793Z +    );
Formatting	Run cargo fmt --all -- --check	2026-04-19T00:05:18.1106987Z  }
Formatting	Run cargo fmt --all -- --check	2026-04-19T00:05:18.1107191Z  
Formatting	Run cargo fmt --all -- --check	2026-04-19T00:05:18.1107389Z  #[test]
Formatting	Run cargo fmt --all -- --check	2026-04-19T00:05:18.1108083Z Diff in /home/runner/work/qssm-rs/qssm-rs/integration/test_negative.rs:21:
Formatting	Run cargo fmt --all -- --check	2026-04-19T00:05:18.1108767Z      blake3_hash(b"E2E-NEGATIVE-BINDING")
Formatting	Run cargo fmt --all -- --check	2026-04-19T00:05:18.1109085Z  }
Formatting	Run cargo fmt --all -- --check	2026-04-19T00:05:18.1109290Z  
Formatting	Run cargo fmt --all -- --check	2026-04-19T00:05:18.1109698Z -fn make_proof() -> (ProofContext, QssmTemplate, serde_json::Value, Proof, [u8; 32]) {
Formatting	Run cargo fmt --all -- --check	2026-04-19T00:05:18.1110167Z +fn make_proof() -> (
Formatting	Run cargo fmt --all -- --check	2026-04-19T00:05:18.1110427Z +    ProofContext,
Formatting	Run cargo fmt --all -- --check	2026-04-19T00:05:18.1110668Z +    QssmTemplate,
Formatting	Run cargo fmt --all -- --check	2026-04-19T00:05:18.1110920Z +    serde_json::Value,
Formatting	Run cargo fmt --all -- --check	2026-04-19T00:05:18.1111160Z +    Proof,
Formatting	Run cargo fmt --all -- --check	2026-04-19T00:05:18.1111381Z +    [u8; 32],
Formatting	Run cargo fmt --all -- --check	2026-04-19T00:05:18.1111591Z +) {
Formatting	Run cargo fmt --all -- --check	2026-04-19T00:05:18.1111922Z      let template = QssmTemplate::proof_of_age("age-gate-21");
Formatting	Run cargo fmt --all -- --check	2026-04-19T00:05:18.1112338Z      let ctx = ProofContext::new(seed());
Formatting	Run cargo fmt --all -- --check	2026-04-19T00:05:18.1112870Z      let claim = json!({ "claim": { "age_years": 30 } });
Formatting	Run cargo fmt --all -- --check	2026-04-19T00:05:18.1113354Z Diff in /home/runner/work/qssm-rs/qssm-rs/integration/test_negative.rs:38:
Formatting	Run cargo fmt --all -- --check	2026-04-19T00:05:18.1113893Z      let template = QssmTemplate::proof_of_age("age-gate-21");
Formatting	Run cargo fmt --all -- --check	2026-04-19T00:05:18.1114311Z      let ctx = ProofContext::new(seed());
Formatting	Run cargo fmt --all -- --check	2026-04-19T00:05:18.1114870Z      let claim = json!({ "claim": { "age_years": 17 } });
Formatting	Run cargo fmt --all -- --check	2026-04-19T00:05:18.1115329Z -    let err = prove(&ctx, &template, &claim, 100, 50, binding(), entropy())
Formatting	Run cargo fmt --all -- --check	2026-04-19T00:05:18.1115736Z -        .unwrap_err();
Formatting	Run cargo fmt --all -- --check	2026-04-19T00:05:18.1116153Z +    let err = prove(&ctx, &template, &claim, 100, 50, binding(), entropy()).unwrap_err();
Formatting	Run cargo fmt --all -- --check	2026-04-19T00:05:18.1116684Z      assert!(matches!(err, ZkError::PredicateFailed(_)));
Formatting	Run cargo fmt --all -- --check	2026-04-19T00:05:18.1117016Z  }
Formatting	Run cargo fmt --all -- --check	2026-04-19T00:05:18.1117220Z  
Formatting	Run cargo fmt --all -- --check	2026-04-19T00:05:18.1117567Z Diff in /home/runner/work/qssm-rs/qssm-rs/integration/test_negative.rs:48:
Formatting	Run cargo fmt --all -- --check	2026-04-19T00:05:18.1118206Z      let template = QssmTemplate::proof_of_age("age-gate-21");
Formatting	Run cargo fmt --all -- --check	2026-04-19T00:05:18.1118599Z      let ctx = ProofContext::new(seed());
Formatting	Run cargo fmt --all -- --check	2026-04-19T00:05:18.1118966Z      let claim = json!({ "claim": { "name": "Alice" } });
Formatting	Run cargo fmt --all -- --check	2026-04-19T00:05:18.1119404Z -    let err = prove(&ctx, &template, &claim, 100, 50, binding(), entropy())
Formatting	Run cargo fmt --all -- --check	2026-04-19T00:05:18.1119812Z -        .unwrap_err();
Formatting	Run cargo fmt --all -- --check	2026-04-19T00:05:18.1120217Z +    let err = prove(&ctx, &template, &claim, 100, 50, binding(), entropy()).unwrap_err();
Formatting	Run cargo fmt --all -- --check	2026-04-19T00:05:18.1120747Z      assert!(matches!(err, ZkError::PredicateFailed(_)));
Formatting	Run cargo fmt --all -- --check	2026-04-19T00:05:18.1121399Z  }
Formatting	Run cargo fmt --all -- --check	2026-04-19T00:05:18.1121692Z  
Formatting	Run cargo fmt --all -- --check	2026-04-19T00:05:18.1122059Z Diff in /home/runner/work/qssm-rs/qssm-rs/integration/test_negative.rs:63:
Formatting	Run cargo fmt --all -- --check	2026-04-19T00:05:18.1122757Z      root[0] ^= 0xFF;
Formatting	Run cargo fmt --all -- --check	2026-04-19T00:05:18.1123181Z      bundle.ms_root_hex = hex::encode(root);
Formatting	Run cargo fmt --all -- --check	2026-04-19T00:05:18.1123550Z      let tampered = bundle.to_proof().unwrap();
Formatting	Run cargo fmt --all -- --check	2026-04-19T00:05:18.1124002Z -    let err = verify(&ctx, &template, &claim, &tampered, binding_ctx)
Formatting	Run cargo fmt --all -- --check	2026-04-19T00:05:18.1124386Z -        .unwrap_err();
Formatting	Run cargo fmt --all -- --check	2026-04-19T00:05:18.1124787Z +    let err = verify(&ctx, &template, &claim, &tampered, binding_ctx).unwrap_err();
Formatting	Run cargo fmt --all -- --check	2026-04-19T00:05:18.1125293Z      assert!(matches!(err, ZkError::MsVerifyFailed));
Formatting	Run cargo fmt --all -- --check	2026-04-19T00:05:18.1125609Z  }
Formatting	Run cargo fmt --all -- --check	2026-04-19T00:05:18.1125812Z  
Formatting	Run cargo fmt --all -- --check	2026-04-19T00:05:18.1126415Z Diff in /home/runner/work/qssm-rs/qssm-rs/integration/test_negative.rs:86:
Formatting	Run cargo fmt --all -- --check	2026-04-19T00:05:18.1126892Z  fn wrong_binding_context_rejected() {
Formatting	Run cargo fmt --all -- --check	2026-04-19T00:05:18.1127279Z      let (ctx, template, claim, proof, _) = make_proof();
Formatting	Run cargo fmt --all -- --check	2026-04-19T00:05:18.1127707Z      let wrong_ctx = blake3_hash(b"WRONG-BINDING-CONTEXT");
Formatting	Run cargo fmt --all -- --check	2026-04-19T00:05:18.1128161Z -    let err = verify(&ctx, &template, &claim, &proof, wrong_ctx)
Formatting	Run cargo fmt --all -- --check	2026-04-19T00:05:18.1128540Z -        .unwrap_err();
Formatting	Run cargo fmt --all -- --check	2026-04-19T00:05:18.1128934Z +    let err = verify(&ctx, &template, &claim, &proof, wrong_ctx).unwrap_err();
Formatting	Run cargo fmt --all -- --check	2026-04-19T00:05:18.1129433Z      assert!(matches!(err, ZkError::MsVerifyFailed));
Formatting	Run cargo fmt --all -- --check	2026-04-19T00:05:18.1129756Z  }
Formatting	Run cargo fmt --all -- --check	2026-04-19T00:05:18.1130007Z  
Formatting	Run cargo fmt --all -- --check	2026-04-19T00:05:18.1130545Z Diff in /home/runner/work/qssm-rs/qssm-rs/integration/test_negative.rs:97:
Formatting	Run cargo fmt --all -- --check	2026-04-19T00:05:18.1131007Z  fn wrong_claim_rejected_at_verify() {
Formatting	Run cargo fmt --all -- --check	2026-04-19T00:05:18.1131417Z      let (ctx, template, _claim, proof, binding_ctx) = make_proof();
Formatting	Run cargo fmt --all -- --check	2026-04-19T00:05:18.1131892Z      let wrong_claim = json!({ "claim": { "age_years": 15 } });
Formatting	Run cargo fmt --all -- --check	2026-04-19T00:05:18.1132365Z -    let err = verify(&ctx, &template, &wrong_claim, &proof, binding_ctx)
Formatting	Run cargo fmt --all -- --check	2026-04-19T00:05:18.1133030Z -        .unwrap_err();
Formatting	Run cargo fmt --all -- --check	2026-04-19T00:05:18.1133447Z +    let err = verify(&ctx, &template, &wrong_claim, &proof, binding_ctx).unwrap_err();
Formatting	Run cargo fmt --all -- --check	2026-04-19T00:05:18.1133987Z      assert!(matches!(err, ZkError::PredicateFailed(_)));
Formatting	Run cargo fmt --all -- --check	2026-04-19T00:05:18.1134319Z  }
Formatting	Run cargo fmt --all -- --check	2026-04-19T00:05:18.1134525Z  
Formatting	Run cargo fmt --all -- --check	2026-04-19T00:05:18.1134884Z Diff in /home/runner/work/qssm-rs/qssm-rs/integration/test_negative.rs:124:
Formatting	Run cargo fmt --all -- --check	2026-04-19T00:05:18.1135395Z      let mut bundle = ProofBundle::from_proof(&proof);
Formatting	Run cargo fmt --all -- --check	2026-04-19T00:05:18.1135816Z      std::mem::swap(&mut bundle.value, &mut bundle.target);
Formatting	Run cargo fmt --all -- --check	2026-04-19T00:05:18.1136208Z      let tampered = bundle.to_proof().unwrap();
Formatting	Run cargo fmt --all -- --check	2026-04-19T00:05:18.1136634Z -    let err = verify(&ctx, &template, &claim, &tampered, binding_ctx)
Formatting	Run cargo fmt --all -- --check	2026-04-19T00:05:18.1137011Z -        .unwrap_err();
Formatting	Run cargo fmt --all -- --check	2026-04-19T00:05:18.1137611Z +    let err = verify(&ctx, &template, &claim, &tampered, binding_ctx).unwrap_err();
Formatting	Run cargo fmt --all -- --check	2026-04-19T00:05:18.1138113Z      assert!(matches!(err, ZkError::MsVerifyFailed));
Formatting	Run cargo fmt --all -- --check	2026-04-19T00:05:18.1138432Z  }
Formatting	Run cargo fmt --all -- --check	2026-04-19T00:05:18.1138635Z  
Formatting	Run cargo fmt --all -- --check	2026-04-19T00:05:18.1138984Z Diff in /home/runner/work/qssm-rs/qssm-rs/integration/test_negative.rs:134:
Formatting	Run cargo fmt --all -- --check	2026-04-19T00:05:18.1139392Z  #[test]
Formatting	Run cargo fmt --all -- --check	2026-04-19T00:05:18.1139637Z  fn unknown_template_rejected_offline() {
Formatting	Run cargo fmt --all -- --check	2026-04-19T00:05:18.1140052Z      let (ctx, _template, claim, proof, binding_ctx) = make_proof();
Formatting	Run cargo fmt --all -- --check	2026-04-19T00:05:18.1140648Z -    let result = verify_proof_offline(&ctx, "nonexistent-template-xyz", &claim, &proof, binding_ctx);
Formatting	Run cargo fmt --all -- --check	2026-04-19T00:05:18.1141312Z +    let result = verify_proof_offline(
Formatting	Run cargo fmt --all -- --check	2026-04-19T00:05:18.1141606Z +        &ctx,
Formatting	Run cargo fmt --all -- --check	2026-04-19T00:05:18.1141868Z +        "nonexistent-template-xyz",
Formatting	Run cargo fmt --all -- --check	2026-04-19T00:05:18.1142154Z +        &claim,
Formatting	Run cargo fmt --all -- --check	2026-04-19T00:05:18.1142381Z +        &proof,
Formatting	Run cargo fmt --all -- --check	2026-04-19T00:05:18.1142762Z +        binding_ctx,
Formatting	Run cargo fmt --all -- --check	2026-04-19T00:05:18.1143006Z +    );
Formatting	Run cargo fmt --all -- --check	2026-04-19T00:05:18.1143349Z      assert!(matches!(result, Err(VerifyError::UnknownTemplate(_))));
Formatting	Run cargo fmt --all -- --check	2026-04-19T00:05:18.1143715Z  }
Formatting	Run cargo fmt --all -- --check	2026-04-19T00:05:18.1143911Z  
Formatting	Run cargo fmt --all -- --check	2026-04-19T00:05:18.1144257Z Diff in /home/runner/work/qssm-rs/qssm-rs/integration/test_negative.rs:145:
Formatting	Run cargo fmt --all -- --check	2026-04-19T00:05:18.1144778Z      let (_ctx, template, claim, proof, binding_ctx) = make_proof();
Formatting	Run cargo fmt --all -- --check	2026-04-19T00:05:18.1145292Z      let different_ctx = ProofContext::new(blake3_hash(b"DIFFERENT-SEED"));
Formatting	Run cargo fmt --all -- --check	2026-04-19T00:05:18.1145847Z      let result = verify(&different_ctx, &template, &claim, &proof, binding_ctx);
Formatting	Run cargo fmt --all -- --check	2026-04-19T00:05:18.1146415Z -    assert!(result.is_err(), "proof under seed A must not verify under seed B");
Formatting	Run cargo fmt --all -- --check	2026-04-19T00:05:18.1146818Z +    assert!(
Formatting	Run cargo fmt --all -- --check	2026-04-19T00:05:18.1147060Z +        result.is_err(),
Formatting	Run cargo fmt --all -- --check	2026-04-19T00:05:18.1147395Z +        "proof under seed A must not verify under seed B"
Formatting	Run cargo fmt --all -- --check	2026-04-19T00:05:18.1147730Z +    );
Formatting	Run cargo fmt --all -- --check	2026-04-19T00:05:18.1147923Z  }
Formatting	Run cargo fmt --all -- --check	2026-04-19T00:05:18.1148123Z  
Formatting	Run cargo fmt --all -- --check	2026-04-19T00:05:18.1148481Z Diff in /home/runner/work/qssm-rs/qssm-rs/integration/test_roundtrip.rs:32:
Formatting	Run cargo fmt --all -- --check	2026-04-19T00:05:18.1148884Z  
Formatting	Run cargo fmt --all -- --check	2026-04-19T00:05:18.1149230Z      let proof = prove(&ctx, &template, &claim, 100, 50, binding_ctx, entropy())
Formatting	Run cargo fmt --all -- --check	2026-04-19T00:05:18.1149654Z          .expect("prove must succeed");
Formatting	Run cargo fmt --all -- --check	2026-04-19T00:05:18.1150054Z -    let ok = verify(&ctx, &template, &claim, &proof, binding_ctx)
Formatting	Run cargo fmt --all -- --check	2026-04-19T00:05:18.1150441Z -        .expect("verify must succeed");
Formatting	Run cargo fmt --all -- --check	2026-04-19T00:05:18.1150934Z +    let ok = verify(&ctx, &template, &claim, &proof, binding_ctx).expect("verify must succeed");
Formatting	Run cargo fmt --all -- --check	2026-04-19T00:05:18.1151435Z      assert!(ok, "valid proof must verify");
Formatting	Run cargo fmt --all -- --check	2026-04-19T00:05:18.1151730Z  }
Formatting	Run cargo fmt --all -- --check	2026-04-19T00:05:18.1151923Z  
Formatting	Run cargo fmt --all -- --check	2026-04-19T00:05:18.1152268Z Diff in /home/runner/work/qssm-rs/qssm-rs/integration/test_roundtrip.rs:79:
Formatting	Run cargo fmt --all -- --check	2026-04-19T00:05:18.1152823Z      let ent = entropy();
Formatting	Run cargo fmt --all -- --check	2026-04-19T00:05:18.1153069Z  
Formatting	Run cargo fmt --all -- --check	2026-04-19T00:05:18.1153323Z      let ctx1 = ProofContext::new(seed());
Formatting	Run cargo fmt --all -- --check	2026-04-19T00:05:18.1153756Z -    let proof1 = prove(&ctx1, &template, &claim, 100, 50, binding_ctx, ent)
Formatting	Run cargo fmt --all -- --check	2026-04-19T00:05:18.1154177Z -        .expect("prove 1");
Formatting	Run cargo fmt --all -- --check	2026-04-19T00:05:18.1154641Z +    let proof1 = prove(&ctx1, &template, &claim, 100, 50, binding_ctx, ent).expect("prove 1");
Formatting	Run cargo fmt --all -- --check	2026-04-19T00:05:18.1155137Z      let ctx2 = ProofContext::new(seed());
Formatting	Run cargo fmt --all -- --check	2026-04-19T00:05:18.1155556Z -    let proof2 = prove(&ctx2, &template, &claim, 100, 50, binding_ctx, ent)
Formatting	Run cargo fmt --all -- --check	2026-04-19T00:05:18.1155970Z -        .expect("prove 2");
Formatting	Run cargo fmt --all -- --check	2026-04-19T00:05:18.1156423Z +    let proof2 = prove(&ctx2, &template, &claim, 100, 50, binding_ctx, ent).expect("prove 2");
Formatting	Run cargo fmt --all -- --check	2026-04-19T00:05:18.1156858Z  
Formatting	Run cargo fmt --all -- --check	2026-04-19T00:05:18.1157142Z      let bundle1 = ProofBundle::from_proof(&proof1);
Formatting	Run cargo fmt --all -- --check	2026-04-19T00:05:18.1157537Z      let bundle2 = ProofBundle::from_proof(&proof2);
Formatting	Run cargo fmt --all -- --check	2026-04-19T00:05:18.1158018Z Diff in /home/runner/work/qssm-rs/qssm-rs/integration/test_roundtrip.rs:90:
Formatting	Run cargo fmt --all -- --check	2026-04-19T00:05:18.1158511Z      let json1 = serde_json::to_string(&bundle1).unwrap();
Formatting	Run cargo fmt --all -- --check	2026-04-19T00:05:18.1159089Z      let json2 = serde_json::to_string(&bundle2).unwrap();
Formatting	Run cargo fmt --all -- --check	2026-04-19T00:05:18.1159581Z -    assert_eq!(json1, json2, "identical inputs must produce identical proofs");
Formatting	Run cargo fmt --all -- --check	2026-04-19T00:05:18.1160073Z +    assert_eq!(
Formatting	Run cargo fmt --all -- --check	2026-04-19T00:05:18.1160509Z +        json1, json2,
Formatting	Run cargo fmt --all -- --check	2026-04-19T00:05:18.1161057Z +        "identical inputs must produce identical proofs"
Formatting	Run cargo fmt --all -- --check	2026-04-19T00:05:18.1161575Z +    );
Formatting	Run cargo fmt --all -- --check	2026-04-19T00:05:18.1161778Z  }
Formatting	Run cargo fmt --all -- --check	2026-04-19T00:05:18.1161981Z  
Formatting	Run cargo fmt --all -- --check	2026-04-19T00:05:18.1162847Z  // ── Different entropy → different proof ──────────────────────────────
Formatting	Run cargo fmt --all -- --check	2026-04-19T00:05:18.1163461Z Diff in /home/runner/work/qssm-rs/qssm-rs/integration/test_roundtrip.rs:101:
Formatting	Run cargo fmt --all -- --check	2026-04-19T00:05:18.1164120Z      let binding_ctx = binding();
Formatting	Run cargo fmt --all -- --check	2026-04-19T00:05:18.1164389Z  
Formatting	Run cargo fmt --all -- --check	2026-04-19T00:05:18.1164657Z      let ctx = ProofContext::new(seed());
Formatting	Run cargo fmt --all -- --check	2026-04-19T00:05:18.1165106Z -    let proof_a = prove(&ctx, &template, &claim, 100, 50, binding_ctx, entropy())
Formatting	Run cargo fmt --all -- --check	2026-04-19T00:05:18.1165549Z -        .expect("prove a");
Formatting	Run cargo fmt --all -- --check	2026-04-19T00:05:18.1166043Z +    let proof_a = prove(&ctx, &template, &claim, 100, 50, binding_ctx, entropy()).expect("prove a");
Formatting	Run cargo fmt --all -- --check	2026-04-19T00:05:18.1166615Z      let ctx2 = ProofContext::new(seed());
Formatting	Run cargo fmt --all -- --check	2026-04-19T00:05:18.1166933Z      let proof_b = prove(
Formatting	Run cargo fmt --all -- --check	2026-04-19T00:05:18.1167198Z          &ctx2,
Formatting	Run cargo fmt --all -- --check	2026-04-19T00:05:18.1167582Z Diff in /home/runner/work/qssm-rs/qssm-rs/integration/test_roundtrip.rs:117:
Formatting	Run cargo fmt --all -- --check	2026-04-19T00:05:18.1167985Z  
Formatting	Run cargo fmt --all -- --check	2026-04-19T00:05:18.1168368Z      let json_a = serde_json::to_string(&ProofBundle::from_proof(&proof_a)).unwrap();
Formatting	Run cargo fmt --all -- --check	2026-04-19T00:05:18.1168962Z      let json_b = serde_json::to_string(&ProofBundle::from_proof(&proof_b)).unwrap();
Formatting	Run cargo fmt --all -- --check	2026-04-19T00:05:18.1169539Z -    assert_ne!(json_a, json_b, "different entropy must yield different proofs");
Formatting	Run cargo fmt --all -- --check	2026-04-19T00:05:18.1169957Z +    assert_ne!(
Formatting	Run cargo fmt --all -- --check	2026-04-19T00:05:18.1170192Z +        json_a, json_b,
Formatting	Run cargo fmt --all -- --check	2026-04-19T00:05:18.1170521Z +        "different entropy must yield different proofs"
Formatting	Run cargo fmt --all -- --check	2026-04-19T00:05:18.1170839Z +    );
Formatting	Run cargo fmt --all -- --check	2026-04-19T00:05:18.1171035Z  }
Formatting	Run cargo fmt --all -- --check	2026-04-19T00:05:18.1171242Z  
Formatting	Run cargo fmt --all -- --check	2026-04-19T00:05:18.1171658Z  // ── Wire round-trip preserves verifiability ──────────────────────────
Formatting	Run cargo fmt --all -- --check	2026-04-19T00:05:18.1172213Z Diff in /home/runner/work/qssm-rs/qssm-rs/integration/test_roundtrip.rs:129:
Formatting	Run cargo fmt --all -- --check	2026-04-19T00:05:18.1172990Z      let claim = json!({ "claim": { "age_years": 30 } });
Formatting	Run cargo fmt --all -- --check	2026-04-19T00:05:18.1173359Z      let binding_ctx = binding();
Formatting	Run cargo fmt --all -- --check	2026-04-19T00:05:18.1173627Z  
Formatting	Run cargo fmt --all -- --check	2026-04-19T00:05:18.1174275Z -    let proof = prove(&ctx, &template, &claim, 100, 50, binding_ctx, entropy())
Formatting	Run cargo fmt --all -- --check	2026-04-19T00:05:18.1174730Z -        .expect("prove");
Formatting	Run cargo fmt --all -- --check	2026-04-19T00:05:18.1175222Z +    let proof = prove(&ctx, &template, &claim, 100, 50, binding_ctx, entropy()).expect("prove");
Formatting	Run cargo fmt --all -- --check	2026-04-19T00:05:18.1175757Z      let bundle = ProofBundle::from_proof(&proof);
Formatting	Run cargo fmt --all -- --check	2026-04-19T00:05:18.1176195Z      let json = serde_json::to_string(&bundle).expect("serialize");
Formatting	Run cargo fmt --all -- --check	2026-04-19T00:05:18.1176736Z      let recovered: ProofBundle = serde_json::from_str(&json).expect("deserialize");
Formatting	Run cargo fmt --all -- --check	2026-04-19T00:05:18.1177323Z Diff in /home/runner/work/qssm-rs/qssm-rs/integration/test_roundtrip.rs:137:
Formatting	Run cargo fmt --all -- --check	2026-04-19T00:05:18.1177818Z      let proof2 = recovered.to_proof().expect("to_proof");
Formatting	Run cargo fmt --all -- --check	2026-04-19T00:05:18.1178141Z  
Formatting	Run cargo fmt --all -- --check	2026-04-19T00:05:18.1178389Z      let ctx2 = ProofContext::new(seed());
Formatting	Run cargo fmt --all -- --check	2026-04-19T00:05:18.1178791Z -    let ok = verify(&ctx2, &template, &claim, &proof2, binding_ctx)
Formatting	Run cargo fmt --all -- --check	2026-04-19T00:05:18.1179196Z -        .expect("verify deserialized proof");
Formatting	Run cargo fmt --all -- --check	2026-04-19T00:05:18.1179505Z +    let ok =
Formatting	Run cargo fmt --all -- --check	2026-04-19T00:05:18.1179928Z +        verify(&ctx2, &template, &claim, &proof2, binding_ctx).expect("verify deserialized proof");
Formatting	Run cargo fmt --all -- --check	2026-04-19T00:05:18.1180412Z      assert!(ok);
Formatting	Run cargo fmt --all -- --check	2026-04-19T00:05:18.1180627Z  }
Formatting	Run cargo fmt --all -- --check	2026-04-19T00:05:18.1180833Z  
Formatting	Run cargo fmt --all -- --check	2026-04-19T00:05:18.1181294Z Diff in /home/runner/work/qssm-rs/qssm-rs/integration/test_serialization.rs:25:
Formatting	Run cargo fmt --all -- --check	2026-04-19T00:05:18.1181835Z      let template = QssmTemplate::proof_of_age("age-gate-21");
Formatting	Run cargo fmt --all -- --check	2026-04-19T00:05:18.1182233Z      let ctx = ProofContext::new(seed());
Formatting	Run cargo fmt --all -- --check	2026-04-19T00:05:18.1183080Z      let claim = json!({ "claim": { "age_years": 30 } });
Formatting	Run cargo fmt --all -- --check	2026-04-19T00:05:18.1183544Z -    let proof = prove(&ctx, &template, &claim, 100, 50, binding(), entropy())
Formatting	Run cargo fmt --all -- --check	2026-04-19T00:05:18.1183953Z -        .expect("prove");
Formatting	Run cargo fmt --all -- --check	2026-04-19T00:05:18.1184391Z +    let proof = prove(&ctx, &template, &claim, 100, 50, binding(), entropy()).expect("prove");
Formatting	Run cargo fmt --all -- --check	2026-04-19T00:05:18.1184873Z      ProofBundle::from_proof(&proof)
Formatting	Run cargo fmt --all -- --check	2026-04-19T00:05:18.1185160Z  }
Formatting	Run cargo fmt --all -- --check	2026-04-19T00:05:18.1185359Z  
Formatting	Run cargo fmt --all -- --check	2026-04-19T00:05:18.1185717Z Diff in /home/runner/work/qssm-rs/qssm-rs/integration/test_serialization.rs:97:
Formatting	Run cargo fmt --all -- --check	2026-04-19T00:05:18.1186411Z      let json = serde_json::to_string(&bundle).unwrap();
Formatting	Run cargo fmt --all -- --check	2026-04-19T00:05:18.1186878Z      let parsed: ProofBundle = serde_json::from_str(&json).unwrap();
Formatting	Run cargo fmt --all -- --check	2026-04-19T00:05:18.1187309Z      let err = parsed.to_proof().unwrap_err();
Formatting	Run cargo fmt --all -- --check	2026-04-19T00:05:18.1187788Z -    assert!(matches!(err, WireFormatError::BadLength { expected: 32, got: 16, .. }));
Formatting	Run cargo fmt --all -- --check	2026-04-19T00:05:18.1188247Z +    assert!(matches!(
Formatting	Run cargo fmt --all -- --check	2026-04-19T00:05:18.1188505Z +        err,
Formatting	Run cargo fmt --all -- --check	2026-04-19T00:05:18.1188762Z +        WireFormatError::BadLength {
Formatting	Run cargo fmt --all -- --check	2026-04-19T00:05:18.1189071Z +            expected: 32,
Formatting	Run cargo fmt --all -- --check	2026-04-19T00:05:18.1189347Z +            got: 16,
Formatting	Run cargo fmt --all -- --check	2026-04-19T00:05:18.1189586Z +            ..
Formatting	Run cargo fmt --all -- --check	2026-04-19T00:05:18.1189803Z +        }
Formatting	Run cargo fmt --all -- --check	2026-04-19T00:05:18.1190011Z +    ));
Formatting	Run cargo fmt --all -- --check	2026-04-19T00:05:18.1190209Z  }
Formatting	Run cargo fmt --all -- --check	2026-04-19T00:05:18.1190409Z  
Formatting	Run cargo fmt --all -- --check	2026-04-19T00:05:18.1190834Z  // ── Coefficient count validation ─────────────────────────────────────
Formatting	Run cargo fmt --all -- --check	2026-04-19T00:05:18.1191404Z Diff in /home/runner/work/qssm-rs/qssm-rs/integration/test_serialization.rs:109:
Formatting	Run cargo fmt --all -- --check	2026-04-19T00:05:18.1191938Z      let json = serde_json::to_string(&bundle).unwrap();
Formatting	Run cargo fmt --all -- --check	2026-04-19T00:05:18.1192388Z      let parsed: ProofBundle = serde_json::from_str(&json).unwrap();
Formatting	Run cargo fmt --all -- --check	2026-04-19T00:05:18.1193114Z      let err = parsed.to_proof().unwrap_err();
Formatting	Run cargo fmt --all -- --check	2026-04-19T00:05:18.1193634Z -    assert!(matches!(err, WireFormatError::BadCoeffCount { expected: 256, got: 10, .. }));
Formatting	Run cargo fmt --all -- --check	2026-04-19T00:05:18.1194127Z +    assert!(matches!(
Formatting	Run cargo fmt --all -- --check	2026-04-19T00:05:18.1194367Z +        err,
Formatting	Run cargo fmt --all -- --check	2026-04-19T00:05:18.1194828Z +        WireFormatError::BadCoeffCount {
Formatting	Run cargo fmt --all -- --check	2026-04-19T00:05:18.1195181Z +            expected: 256,
Formatting	Run cargo fmt --all -- --check	2026-04-19T00:05:18.1195452Z +            got: 10,
Formatting	Run cargo fmt --all -- --check	2026-04-19T00:05:18.1195691Z +            ..
Formatting	Run cargo fmt --all -- --check	2026-04-19T00:05:18.1195963Z +        }
Formatting	Run cargo fmt --all -- --check	2026-04-19T00:05:18.1196339Z +    ));
Formatting	Run cargo fmt --all -- --check	2026-04-19T00:05:18.1196693Z  }
Formatting	Run cargo fmt --all -- --check	2026-04-19T00:05:18.1197068Z  
Formatting	Run cargo fmt --all -- --check	2026-04-19T00:05:18.1197303Z  #[test]
Formatting	Run cargo fmt --all -- --check	2026-04-19T00:05:18.1197699Z Diff in /home/runner/work/qssm-rs/qssm-rs/integration/test_serialization.rs:134:
Formatting	Run cargo fmt --all -- --check	2026-04-19T00:05:18.1198147Z      );
Formatting	Run cargo fmt --all -- --check	2026-04-19T00:05:18.1198435Z      let json = serde_json::to_string(&val).unwrap();
Formatting	Run cargo fmt --all -- --check	2026-04-19T00:05:18.1198854Z      let result = serde_json::from_str::<ProofBundle>(&json);
Formatting	Run cargo fmt --all -- --check	2026-04-19T00:05:18.1199334Z -    assert!(result.is_err(), "deny_unknown_fields must reject extra keys");
Formatting	Run cargo fmt --all -- --check	2026-04-19T00:05:18.1199737Z +    assert!(
Formatting	Run cargo fmt --all -- --check	2026-04-19T00:05:18.1199967Z +        result.is_err(),
Formatting	Run cargo fmt --all -- --check	2026-04-19T00:05:18.1200297Z +        "deny_unknown_fields must reject extra keys"
Formatting	Run cargo fmt --all -- --check	2026-04-19T00:05:18.1200602Z +    );
Formatting	Run cargo fmt --all -- --check	2026-04-19T00:05:18.1200898Z  }
Formatting	Run cargo fmt --all -- --check	2026-04-19T00:05:18.1201249Z  
Formatting	Run cargo fmt --all -- --check	2026-04-19T00:05:18.1201690Z  // ── Field name stability ─────────────────────────────────────────────
Formatting	Run cargo fmt --all -- --check	2026-04-19T00:05:18.1202244Z Diff in /home/runner/work/qssm-rs/qssm-rs/integration/test_serialization.rs:167:
Formatting	Run cargo fmt --all -- --check	2026-04-19T00:05:18.1202962Z          "value",
Formatting	Run cargo fmt --all -- --check	2026-04-19T00:05:18.1203199Z          "version",
Formatting	Run cargo fmt --all -- --check	2026-04-19T00:05:18.1203426Z      ];
Formatting	Run cargo fmt --all -- --check	2026-04-19T00:05:18.1203792Z -    assert_eq!(keys, expected, "wire format field names must match frozen schema");
Formatting	Run cargo fmt --all -- --check	2026-04-19T00:05:18.1204251Z +    assert_eq!(
Formatting	Run cargo fmt --all -- --check	2026-04-19T00:05:18.1204491Z +        keys, expected,
Formatting	Run cargo fmt --all -- --check	2026-04-19T00:05:18.1204810Z +        "wire format field names must match frozen schema"
Formatting	Run cargo fmt --all -- --check	2026-04-19T00:05:18.1205141Z +    );
Formatting	Run cargo fmt --all -- --check	2026-04-19T00:05:18.1205335Z  }
Formatting	Run cargo fmt --all -- --check	2026-04-19T00:05:18.1205532Z  
Formatting	Run cargo fmt --all -- --check	2026-04-19T00:05:18.1205923Z  // ── Empty JSON body rejected ─────────────────────────────────────────
Formatting	Run cargo fmt --all -- --check	2026-04-19T00:05:18.1206684Z Diff in /home/runner/work/qssm-rs/qssm-rs/integration/test_template_resolution.rs:4:
Formatting	Run cargo fmt --all -- --check	2026-04-19T00:05:18.1207156Z  //! parsing across crate boundaries.
Formatting	Run cargo fmt --all -- --check	2026-04-19T00:05:18.1207442Z  
Formatting	Run cargo fmt --all -- --check	2026-04-19T00:05:18.1207675Z  use qssm_templates::{
Formatting	Run cargo fmt --all -- --check	2026-04-19T00:05:18.1208052Z -    resolve, standard_templates, eval_predicate, eval_all_predicates,
Formatting	Run cargo fmt --all -- --check	2026-04-19T00:05:18.1208534Z -    QssmTemplate, PredicateError, QSSM_TEMPLATE_VERSION,
Formatting	Run cargo fmt --all -- --check	2026-04-19T00:05:18.1209110Z +    eval_all_predicates, eval_predicate, resolve, standard_templates, PredicateError, QssmTemplate,
Formatting	Run cargo fmt --all -- --check	2026-04-19T00:05:18.1209649Z +    QSSM_TEMPLATE_VERSION,
Formatting	Run cargo fmt --all -- --check	2026-04-19T00:05:18.1210035Z  };
Formatting	Run cargo fmt --all -- --check	2026-04-19T00:05:18.1210263Z  use serde_json::json;
Formatting	Run cargo fmt --all -- --check	2026-04-19T00:05:18.1210495Z  
Formatting	Run cargo fmt --all -- --check	2026-04-19T00:05:18.1210891Z Diff in /home/runner/work/qssm-rs/qssm-rs/integration/test_template_resolution.rs:29:
Formatting	Run cargo fmt --all -- --check	2026-04-19T00:05:18.1211328Z  #[test]
Formatting	Run cargo fmt --all -- --check	2026-04-19T00:05:18.1211571Z  fn standard_templates_is_not_empty() {
Formatting	Run cargo fmt --all -- --check	2026-04-19T00:05:18.1211905Z      let templates = standard_templates();
Formatting	Run cargo fmt --all -- --check	2026-04-19T00:05:18.1212391Z -    assert!(!templates.is_empty(), "gallery must contain at least one template");
Formatting	Run cargo fmt --all -- --check	2026-04-19T00:05:18.1213247Z +    assert!(
Formatting	Run cargo fmt --all -- --check	2026-04-19T00:05:18.1213708Z +        !templates.is_empty(),
Formatting	Run cargo fmt --all -- --check	2026-04-19T00:05:18.1214316Z +        "gallery must contain at least one template"
Formatting	Run cargo fmt --all -- --check	2026-04-19T00:05:18.1214669Z +    );
Formatting	Run cargo fmt --all -- --check	2026-04-19T00:05:18.1214872Z  }
Formatting	Run cargo fmt --all -- --check	2026-04-19T00:05:18.1215066Z  
Formatting	Run cargo fmt --all -- --check	2026-04-19T00:05:18.1215269Z  #[test]
Formatting	Run cargo fmt --all -- --check	2026-04-19T00:05:18.1215657Z Diff in /home/runner/work/qssm-rs/qssm-rs/integration/test_template_resolution.rs:46:
Formatting	Run cargo fmt --all -- --check	2026-04-19T00:05:18.1216143Z  fn all_standard_templates_resolvable() {
Formatting	Run cargo fmt --all -- --check	2026-04-19T00:05:18.1216488Z      for t in standard_templates() {
Formatting	Run cargo fmt --all -- --check	2026-04-19T00:05:18.1216805Z          let resolved = resolve(t.id());
Formatting	Run cargo fmt --all -- --check	2026-04-19T00:05:18.1217245Z -        assert!(resolved.is_some(), "template '{}' must be resolvable by ID", t.id());
Formatting	Run cargo fmt --all -- --check	2026-04-19T00:05:18.1217678Z +        assert!(
Formatting	Run cargo fmt --all -- --check	2026-04-19T00:05:18.1217935Z +            resolved.is_some(),
Formatting	Run cargo fmt --all -- --check	2026-04-19T00:05:18.1218255Z +            "template '{}' must be resolvable by ID",
Formatting	Run cargo fmt --all -- --check	2026-04-19T00:05:18.1218586Z +            t.id()
Formatting	Run cargo fmt --all -- --check	2026-04-19T00:05:18.1218808Z +        );
Formatting	Run cargo fmt --all -- --check	2026-04-19T00:05:18.1219018Z      }
Formatting	Run cargo fmt --all -- --check	2026-04-19T00:05:18.1219217Z  }
Formatting	Run cargo fmt --all -- --check	2026-04-19T00:05:18.1219417Z  
Formatting	Run cargo fmt --all -- --check	2026-04-19T00:05:18.1219798Z Diff in /home/runner/work/qssm-rs/qssm-rs/integration/test_template_resolution.rs:56:
Formatting	Run cargo fmt --all -- --check	2026-04-19T00:05:18.1220282Z  fn valid_claim_passes_predicate() {
Formatting	Run cargo fmt --all -- --check	2026-04-19T00:05:18.1220858Z      let t = resolve("age-gate-21").unwrap();
Formatting	Run cargo fmt --all -- --check	2026-04-19T00:05:18.1221274Z      let claim = json!({ "claim": { "age_years": 25 } });
Formatting	Run cargo fmt --all -- --check	2026-04-19T00:05:18.1221741Z -    t.verify_public_claim(&claim).expect("predicate should pass");
Formatting	Run cargo fmt --all -- --check	2026-04-19T00:05:18.1222154Z +    t.verify_public_claim(&claim)
Formatting	Run cargo fmt --all -- --check	2026-04-19T00:05:18.1222612Z +        .expect("predicate should pass");
Formatting	Run cargo fmt --all -- --check	2026-04-19T00:05:18.1222912Z  }
Formatting	Run cargo fmt --all -- --check	2026-04-19T00:05:18.1223119Z  
Formatting	Run cargo fmt --all -- --check	2026-04-19T00:05:18.1223317Z  #[test]
Formatting	Run cargo fmt --all -- --check	2026-04-19T00:05:18.1223716Z Diff in /home/runner/work/qssm-rs/qssm-rs/integration/test_template_resolution.rs:115:
Formatting	Run cargo fmt --all -- --check	2026-04-19T00:05:18.1224305Z      let json_bytes = serde_json::to_vec(&original).expect("serialize");
Formatting	Run cargo fmt --all -- --check	2026-04-19T00:05:18.1224880Z      let recovered = QssmTemplate::from_json_slice(&json_bytes).expect("deserialize");
Formatting	Run cargo fmt --all -- --check	2026-04-19T00:05:18.1225370Z      assert_eq!(original.id(), recovered.id());
Formatting	Run cargo fmt --all -- --check	2026-04-19T00:05:18.1225848Z -    assert_eq!(original.qssm_template_version(), recovered.qssm_template_version());
Formatting	Run cargo fmt --all -- --check	2026-04-19T00:05:18.1226289Z +    assert_eq!(
Formatting	Run cargo fmt --all -- --check	2026-04-19T00:05:18.1226551Z +        original.qssm_template_version(),
Formatting	Run cargo fmt --all -- --check	2026-04-19T00:05:18.1226887Z +        recovered.qssm_template_version()
Formatting	Run cargo fmt --all -- --check	2026-04-19T00:05:18.1227178Z +    );
Formatting	Run cargo fmt --all -- --check	2026-04-19T00:05:18.1227382Z  }
Formatting	Run cargo fmt --all -- --check	2026-04-19T00:05:18.1227575Z  
Formatting	Run cargo fmt --all -- --check	2026-04-19T00:05:18.1228000Z  // ── eval_predicate / eval_all_predicates direct ──────────────────────
Formatting	Run cargo fmt --all -- --check	2026-04-19T00:05:18.1228582Z Diff in /home/runner/work/qssm-rs/qssm-rs/integration/test_template_resolution.rs:148:
Formatting	Run cargo fmt --all -- --check	2026-04-19T00:05:18.1229131Z      let binding = blake3_hash(b"TEMPLATE-PIPELINE-BINDING");
Formatting	Run cargo fmt --all -- --check	2026-04-19T00:05:18.1229782Z      let entropy = blake3_hash(b"TEMPLATE-PIPELINE-ENTROPY");
Formatting	Run cargo fmt --all -- --check	2026-04-19T00:05:18.1230123Z  
Formatting	Run cargo fmt --all -- --check	2026-04-19T00:05:18.1230495Z -    let proof = qssm_local_prover::prove(&ctx, &t, &claim, 100, 50, binding, entropy)
Formatting	Run cargo fmt --all -- --check	2026-04-19T00:05:18.1230938Z -        .expect("prove");
Formatting	Run cargo fmt --all -- --check	2026-04-19T00:05:18.1231340Z -    let ok = qssm_local_verifier::verify(&ctx, &t, &claim, &proof, binding)
Formatting	Run cargo fmt --all -- --check	2026-04-19T00:05:18.1231761Z -        .expect("verify");
Formatting	Run cargo fmt --all -- --check	2026-04-19T00:05:18.1232029Z +    let proof =
Formatting	Run cargo fmt --all -- --check	2026-04-19T00:05:18.1232726Z +        qssm_local_prover::prove(&ctx, &t, &claim, 100, 50, binding, entropy).expect("prove");
Formatting	Run cargo fmt --all -- --check	2026-04-19T00:05:18.1233610Z +    let ok = qssm_local_verifier::verify(&ctx, &t, &claim, &proof, binding).expect("verify");
Formatting	Run cargo fmt --all -- --check	2026-04-19T00:05:18.1234082Z      assert!(ok);
Formatting	Run cargo fmt --all -- --check	2026-04-19T00:05:18.1234306Z  }
Formatting	Run cargo fmt --all -- --check	2026-04-19T00:05:18.1234511Z  
Formatting	Run cargo fmt --all -- --check	2026-04-19T00:05:18.1234903Z Diff in /home/runner/work/qssm-rs/qssm-rs/truth-engine/examples/src/bin/age_gate.rs:26:
Formatting	Run cargo fmt --all -- --check	2026-04-19T00:05:18.1235433Z      let result = prove(claim_bad, &salt, &blueprint);
Formatting	Run cargo fmt --all -- --check	2026-04-19T00:05:18.1235780Z      println!(
Formatting	Run cargo fmt --all -- --check	2026-04-19T00:05:18.1236031Z          "Age 17 => prove result: {}",
Formatting	Run cargo fmt --all -- --check	2026-04-19T00:05:18.1236509Z -        if result.is_err() { "rejected (correct)" } else { "ERROR: should have been rejected" }
Formatting	Run cargo fmt --all -- --check	2026-04-19T00:05:18.1236977Z +        if result.is_err() {
Formatting	Run cargo fmt --all -- --check	2026-04-19T00:05:18.1237268Z +            "rejected (correct)"
Formatting	Run cargo fmt --all -- --check	2026-04-19T00:05:18.1237538Z +        } else {
Formatting	Run cargo fmt --all -- --check	2026-04-19T00:05:18.1237811Z +            "ERROR: should have been rejected"
Formatting	Run cargo fmt --all -- --check	2026-04-19T00:05:18.1238110Z +        }
Formatting	Run cargo fmt --all -- --check	2026-04-19T00:05:18.1238318Z      );
Formatting	Run cargo fmt --all -- --check	2026-04-19T00:05:18.1238636Z      assert!(result.is_err(), "underage claim should be rejected");
Formatting	Run cargo fmt --all -- --check	2026-04-19T00:05:18.1239000Z  
Formatting	Run cargo fmt --all -- --check	2026-04-19T00:05:18.1239400Z Diff in /home/runner/work/qssm-rs/qssm-rs/truth-engine/examples/src/bin/simple_proof.rs:4:
Formatting	Run cargo fmt --all -- --check	2026-04-19T00:05:18.1239943Z  //! cargo run -p zk-examples --bin simple_proof
Formatting	Run cargo fmt --all -- --check	2026-04-19T00:05:18.1240265Z  //! ```
Formatting	Run cargo fmt --all -- --check	2026-04-19T00:05:18.1240467Z  
Formatting	Run cargo fmt --all -- --check	2026-04-19T00:05:18.1240760Z -use qssm_api::{compile, commit, prove, verify, open};
Formatting	Run cargo fmt --all -- --check	2026-04-19T00:05:18.1241179Z +use qssm_api::{commit, compile, open, prove, verify};
Formatting	Run cargo fmt --all -- --check	2026-04-19T00:05:18.1241543Z  use zk_examples::hex_short;
Formatting	Run cargo fmt --all -- --check	2026-04-19T00:05:18.1241800Z  
Formatting	Run cargo fmt --all -- --check	2026-04-19T00:05:18.1242006Z  fn main() {
Formatting	Run cargo fmt --all -- --check	2026-04-19T00:05:18.1242380Z Diff in /home/runner/work/qssm-rs/qssm-rs/truth-engine/qssm-api/src/lib.rs:31:
Formatting	Run cargo fmt --all -- --check	2026-04-19T00:05:18.1242943Z  
Formatting	Run cargo fmt --all -- --check	2026-04-19T00:05:18.1243198Z  use qssm_local_prover::ProofContext;
Formatting	Run cargo fmt --all -- --check	2026-04-19T00:05:18.1243525Z  use qssm_utils::hashing::blake3_hash;
Formatting	Run cargo fmt --all -- --check	2026-04-19T00:05:18.1243858Z -use serde::{Serialize, Deserialize};
Formatting	Run cargo fmt --all -- --check	2026-04-19T00:05:18.1244200Z +use serde::{Deserialize, Serialize};
Formatting	Run cargo fmt --all -- --check	2026-04-19T00:05:18.1244481Z  
Formatting	Run cargo fmt --all -- --check	2026-04-19T00:05:18.1244896Z  // ── Internal wire-format structs (never public) ──────────────────────
Formatting	Run cargo fmt --all -- --check	2026-04-19T00:05:18.1245296Z  
Formatting	Run cargo fmt --all -- --check	2026-04-19T00:05:18.1245658Z Diff in /home/runner/work/qssm-rs/qssm-rs/truth-engine/qssm-api/src/lib.rs:92:
Formatting	Run cargo fmt --all -- --check	2026-04-19T00:05:18.1246216Z  /// template's predicates, if hardware entropy is unavailable, or if the
Formatting	Run cargo fmt --all -- --check	2026-04-19T00:05:18.1246666Z  /// internal prove pipeline fails.
Formatting	Run cargo fmt --all -- --check	2026-04-19T00:05:18.1247121Z  pub fn prove(secret: &[u8], salt: &[u8; 32], blueprint: &[u8]) -> Result<Vec<u8>, String> {
Formatting	Run cargo fmt --all -- --check	2026-04-19T00:05:18.1247676Z -    let wire_bp: WireBlueprint = serde_json::from_slice(blueprint)
Formatting	Run cargo fmt --all -- --check	2026-04-19T00:05:18.1248127Z -        .map_err(|e| format!("invalid blueprint: {e}"))?;
Formatting	Run cargo fmt --all -- --check	2026-04-19T00:05:18.1248500Z +    let wire_bp: WireBlueprint =
Formatting	Run cargo fmt --all -- --check	2026-04-19T00:05:18.1248962Z +        serde_json::from_slice(blueprint).map_err(|e| format!("invalid blueprint: {e}"))?;
Formatting	Run cargo fmt --all -- --check	2026-04-19T00:05:18.1249533Z      let seed = decode_hex_32(&wire_bp.seed_hex, "blueprint seed")?;
Formatting	Run cargo fmt --all -- --check	2026-04-19T00:05:18.1250017Z      let template = qssm_templates::resolve(&wire_bp.template_id)
Formatting	Run cargo fmt --all -- --check	2026-04-19T00:05:18.1250511Z          .ok_or_else(|| format!("unknown template: {}", wire_bp.template_id))?;
Formatting	Run cargo fmt --all -- --check	2026-04-19T00:05:18.1251059Z Diff in /home/runner/work/qssm-rs/qssm-rs/truth-engine/qssm-api/src/lib.rs:100:
Formatting	Run cargo fmt --all -- --check	2026-04-19T00:05:18.1251514Z      let ctx = ProofContext::new(seed);
Formatting	Run cargo fmt --all -- --check	2026-04-19T00:05:18.1251946Z  
Formatting	Run cargo fmt --all -- --check	2026-04-19T00:05:18.1252257Z -    let claim: serde_json::Value = serde_json::from_slice(secret)
Formatting	Run cargo fmt --all -- --check	2026-04-19T00:05:18.1252985Z -        .map_err(|e| format!("invalid JSON claim: {e}"))?;
Formatting	Run cargo fmt --all -- --check	2026-04-19T00:05:18.1253377Z +    let claim: serde_json::Value =
Formatting	Run cargo fmt --all -- --check	2026-04-19T00:05:18.1253829Z +        serde_json::from_slice(secret).map_err(|e| format!("invalid JSON claim: {e}"))?;
Formatting	Run cargo fmt --all -- --check	2026-04-19T00:05:18.1254304Z      let binding_ctx = blake3_hash(salt);
Formatting	Run cargo fmt --all -- --check	2026-04-19T00:05:18.1254775Z      let entropy_seed = qssm_entropy::harvest(&qssm_entropy::HarvestConfig::default())
Formatting	Run cargo fmt --all -- --check	2026-04-19T00:05:18.1255443Z          .map_err(|e| format!("entropy unavailable: {e}"))?
Formatting	Run cargo fmt --all -- --check	2026-04-19T00:05:18.1255935Z Diff in /home/runner/work/qssm-rs/qssm-rs/truth-engine/qssm-api/src/lib.rs:108:
Formatting	Run cargo fmt --all -- --check	2026-04-19T00:05:18.1256457Z      let (value, target) = extract_value_target(&claim, &template);
Formatting	Run cargo fmt --all -- --check	2026-04-19T00:05:18.1256810Z  
Formatting	Run cargo fmt --all -- --check	2026-04-19T00:05:18.1257058Z      let proof = qssm_local_prover::prove(
Formatting	Run cargo fmt --all -- --check	2026-04-19T00:05:18.1257491Z -        &ctx, &template, &claim, value, target, binding_ctx, entropy_seed,
Formatting	Run cargo fmt --all -- --check	2026-04-19T00:05:18.1257873Z +        &ctx,
Formatting	Run cargo fmt --all -- --check	2026-04-19T00:05:18.1258104Z +        &template,
Formatting	Run cargo fmt --all -- --check	2026-04-19T00:05:18.1258330Z +        &claim,
Formatting	Run cargo fmt --all -- --check	2026-04-19T00:05:18.1258554Z +        value,
Formatting	Run cargo fmt --all -- --check	2026-04-19T00:05:18.1258772Z +        target,
Formatting	Run cargo fmt --all -- --check	2026-04-19T00:05:18.1259001Z +        binding_ctx,
Formatting	Run cargo fmt --all -- --check	2026-04-19T00:05:18.1259245Z +        entropy_seed,
Formatting	Run cargo fmt --all -- --check	2026-04-19T00:05:18.1259482Z      )
Formatting	Run cargo fmt --all -- --check	2026-04-19T00:05:18.1259746Z      .map_err(|e| format!("prove failed: {e}"))?;
Formatting	Run cargo fmt --all -- --check	2026-04-19T00:05:18.1260048Z  
Formatting	Run cargo fmt --all -- --check	2026-04-19T00:05:18.1260422Z Diff in /home/runner/work/qssm-rs/qssm-rs/truth-engine/qssm-api/src/lib.rs:142:
Formatting	Run cargo fmt --all -- --check	2026-04-19T00:05:18.1261044Z  // ── Internal helpers ─────────────────────────────────────────────────
Formatting	Run cargo fmt --all -- --check	2026-04-19T00:05:18.1261418Z  
Formatting	Run cargo fmt --all -- --check	2026-04-19T00:05:18.1261752Z  fn verify_inner(proof: &[u8], blueprint: &[u8]) -> Result<bool, String> {
Formatting	Run cargo fmt --all -- --check	2026-04-19T00:05:18.1262263Z -    let wire_bp: WireBlueprint = serde_json::from_slice(blueprint)
Formatting	Run cargo fmt --all -- --check	2026-04-19T00:05:18.1262888Z -        .map_err(|e| format!("invalid blueprint: {e}"))?;
Formatting	Run cargo fmt --all -- --check	2026-04-19T00:05:18.1263258Z +    let wire_bp: WireBlueprint =
Formatting	Run cargo fmt --all -- --check	2026-04-19T00:05:18.1263723Z +        serde_json::from_slice(blueprint).map_err(|e| format!("invalid blueprint: {e}"))?;
Formatting	Run cargo fmt --all -- --check	2026-04-19T00:05:18.1264272Z      let seed = decode_hex_32(&wire_bp.seed_hex, "blueprint seed")?;
Formatting	Run cargo fmt --all -- --check	2026-04-19T00:05:18.1264755Z      let template = qssm_templates::resolve(&wire_bp.template_id)
Formatting	Run cargo fmt --all -- --check	2026-04-19T00:05:18.1265237Z          .ok_or_else(|| format!("unknown template: {}", wire_bp.template_id))?;
Formatting	Run cargo fmt --all -- --check	2026-04-19T00:05:18.1265803Z Diff in /home/runner/work/qssm-rs/qssm-rs/truth-engine/qssm-api/src/lib.rs:150:
Formatting	Run cargo fmt --all -- --check	2026-04-19T00:05:18.1266293Z      let ctx = ProofContext::new(seed);
Formatting	Run cargo fmt --all -- --check	2026-04-19T00:05:18.1266582Z  
Formatting	Run cargo fmt --all -- --check	2026-04-19T00:05:18.1266903Z -    let wire_proof: WireZkProof = serde_json::from_slice(proof)
Formatting	Run cargo fmt --all -- --check	2026-04-19T00:05:18.1267325Z -        .map_err(|e| format!("invalid proof: {e}"))?;
Formatting	Run cargo fmt --all -- --check	2026-04-19T00:05:18.1267690Z +    let wire_proof: WireZkProof =
Formatting	Run cargo fmt --all -- --check	2026-04-19T00:05:18.1268126Z +        serde_json::from_slice(proof).map_err(|e| format!("invalid proof: {e}"))?;
Formatting	Run cargo fmt --all -- --check	2026-04-19T00:05:18.1268688Z      let binding_ctx = decode_hex_32(&wire_proof.binding_ctx_hex, "binding_ctx")?;
Formatting	Run cargo fmt --all -- --check	2026-04-19T00:05:18.1269155Z -    let inner_proof = wire_proof.bundle.to_proof()
Formatting	Run cargo fmt --all -- --check	2026-04-19T00:05:18.1269507Z +    let inner_proof = wire_proof
Formatting	Run cargo fmt --all -- --check	2026-04-19T00:05:18.1269779Z +        .bundle
Formatting	Run cargo fmt --all -- --check	2026-04-19T00:05:18.1270012Z +        .to_proof()
Formatting	Run cargo fmt --all -- --check	2026-04-19T00:05:18.1270325Z          .map_err(|e| format!("invalid proof bundle: {e}"))?;
Formatting	Run cargo fmt --all -- --check	2026-04-19T00:05:18.1270647Z  
Formatting	Run cargo fmt --all -- --check	2026-04-19T00:05:18.1271066Z -    qssm_local_verifier::verify(&ctx, &template, &wire_proof.claim, &inner_proof, binding_ctx)
Formatting	Run cargo fmt --all -- --check	2026-04-19T00:05:18.1271601Z -        .map_err(|e| format!("verification failed: {e}"))
Formatting	Run cargo fmt --all -- --check	2026-04-19T00:05:18.1271961Z +    qssm_local_verifier::verify(
Formatting	Run cargo fmt --all -- --check	2026-04-19T00:05:18.1272228Z +        &ctx,
Formatting	Run cargo fmt --all -- --check	2026-04-19T00:05:18.1272690Z +        &template,
Formatting	Run cargo fmt --all -- --check	2026-04-19T00:05:18.1272978Z +        &wire_proof.claim,
Formatting	Run cargo fmt --all -- --check	2026-04-19T00:05:18.1273413Z +        &inner_proof,
Formatting	Run cargo fmt --all -- --check	2026-04-19T00:05:18.1273665Z +        binding_ctx,
Formatting	Run cargo fmt --all -- --check	2026-04-19T00:05:18.1273896Z +    )
Formatting	Run cargo fmt --all -- --check	2026-04-19T00:05:18.1274177Z +    .map_err(|e| format!("verification failed: {e}"))
Formatting	Run cargo fmt --all -- --check	2026-04-19T00:05:18.1274500Z  }
Formatting	Run cargo fmt --all -- --check	2026-04-19T00:05:18.1274697Z  
Formatting	Run cargo fmt --all -- --check	2026-04-19T00:05:18.1275024Z  fn decode_hex_32(hex_str: &str, field: &str) -> Result<[u8; 32], String> {
Formatting	Run cargo fmt --all -- --check	2026-04-19T00:05:18.1275576Z Diff in /home/runner/work/qssm-rs/qssm-rs/truth-engine/qssm-api/src/lib.rs:163:
Formatting	Run cargo fmt --all -- --check	2026-04-19T00:05:18.1276030Z -    let bytes = hex::decode(hex_str)
Formatting	Run cargo fmt --all -- --check	2026-04-19T00:05:18.1276403Z -        .map_err(|e| format!("invalid hex for {field}: {e}"))?;
Formatting	Run cargo fmt --all -- --check	2026-04-19T00:05:18.1277043Z +    let bytes = hex::decode(hex_str).map_err(|e| format!("invalid hex for {field}: {e}"))?;
Formatting	Run cargo fmt --all -- --check	2026-04-19T00:05:18.1277524Z      <[u8; 32]>::try_from(bytes.as_slice())
Formatting	Run cargo fmt --all -- --check	2026-04-19T00:05:18.1277952Z          .map_err(|_| format!("{field}: expected 32 bytes, got {}", bytes.len()))
Formatting	Run cargo fmt --all -- --check	2026-04-19T00:05:18.1278328Z  }
Formatting	Run cargo fmt --all -- --check	2026-04-19T00:05:18.1278694Z Diff in /home/runner/work/qssm-rs/qssm-rs/truth-engine/qssm-api/src/lib.rs:169:
Formatting	Run cargo fmt --all -- --check	2026-04-19T00:05:18.1279316Z  // ── Internal helpers ─────────────────────────────────────────────────
Formatting	Run cargo fmt --all -- --check	2026-04-19T00:05:18.1279685Z  
Formatting	Run cargo fmt --all -- --check	2026-04-19T00:05:18.1279986Z  /// Extract (value, target) from claim + template predicates.
Formatting	Run cargo fmt --all -- --check	2026-04-19T00:05:18.1280605Z -fn extract_value_target(claim: &serde_json::Value, template: &qssm_templates::QssmTemplate) -> (u64, u64) {
Formatting	Run cargo fmt --all -- --check	2026-04-19T00:05:18.1281212Z -    use qssm_templates::{PredicateBlock, json_at_path};
Formatting	Run cargo fmt --all -- --check	2026-04-19T00:05:18.1281567Z +fn extract_value_target(
Formatting	Run cargo fmt --all -- --check	2026-04-19T00:05:18.1281873Z +    claim: &serde_json::Value,
Formatting	Run cargo fmt --all -- --check	2026-04-19T00:05:18.1282192Z +    template: &qssm_templates::QssmTemplate,
Formatting	Run cargo fmt --all -- --check	2026-04-19T00:05:18.1282780Z +) -> (u64, u64) {
Formatting	Run cargo fmt --all -- --check	2026-04-19T00:05:18.1283125Z +    use qssm_templates::{json_at_path, PredicateBlock};
Formatting	Run cargo fmt --all -- --check	2026-04-19T00:05:18.1283459Z  
Formatting	Run cargo fmt --all -- --check	2026-04-19T00:05:18.1283699Z      for pred in template.predicates() {
Formatting	Run cargo fmt --all -- --check	2026-04-19T00:05:18.1284009Z          match pred {
Formatting	Run cargo fmt --all -- --check	2026-04-19T00:05:18.1284453Z Diff in /home/runner/work/qssm-rs/qssm-rs/truth-engine/qssm-api/src/lib.rs:184:
Formatting	Run cargo fmt --all -- --check	2026-04-19T00:05:18.1284925Z                      return (val, *min as u64);
Formatting	Run cargo fmt --all -- --check	2026-04-19T00:05:18.1285223Z                  }
Formatting	Run cargo fmt --all -- --check	2026-04-19T00:05:18.1285446Z              }
Formatting	Run cargo fmt --all -- --check	2026-04-19T00:05:18.1285840Z -            PredicateBlock::Compare { field, op: qssm_templates::CmpOp::Gt, rhs } => {
Formatting	Run cargo fmt --all -- --check	2026-04-19T00:05:18.1286309Z +            PredicateBlock::Compare {
Formatting	Run cargo fmt --all -- --check	2026-04-19T00:05:18.1286613Z +                field,
Formatting	Run cargo fmt --all -- --check	2026-04-19T00:05:18.1286904Z +                op: qssm_templates::CmpOp::Gt,
Formatting	Run cargo fmt --all -- --check	2026-04-19T00:05:18.1287216Z +                rhs,
Formatting	Run cargo fmt --all -- --check	2026-04-19T00:05:18.1287448Z +            } => {
Formatting	Run cargo fmt --all -- --check	2026-04-19T00:05:18.1287732Z                  if let (Some(lhs), Some(rhs_val)) = (
Formatting	Run cargo fmt --all -- --check	2026-04-19T00:05:18.1288131Z                      json_at_path(claim, field).and_then(|v| v.as_u64()),
Formatting	Run cargo fmt --all -- --check	2026-04-19T00:05:18.1288498Z                      rhs.as_u64(),
Formatting	Run cargo fmt --all -- --check	2026-04-19T00:05:18.1288962Z Diff in /home/runner/work/qssm-rs/qssm-rs/truth-engine/qssm-api/tests/api_surface.rs:82:
Formatting	Run cargo fmt --all -- --check	2026-04-19T00:05:18.1289417Z  #[test]
Formatting	Run cargo fmt --all -- --check	2026-04-19T00:05:18.1289656Z  fn byte_array_round_trip() {
Formatting	Run cargo fmt --all -- --check	2026-04-19T00:05:18.1289942Z      // compile returns Vec<u8>
Formatting	Run cargo fmt --all -- --check	2026-04-19T00:05:18.1290319Z -    let blueprint: Vec<u8> = qssm_api::compile("age-gate-21")
Formatting	Run cargo fmt --all -- --check	2026-04-19T00:05:18.1290751Z -        .expect("compile should succeed for age-gate-21");
Formatting	Run cargo fmt --all -- --check	2026-04-19T00:05:18.1291119Z +    let blueprint: Vec<u8> =
Formatting	Run cargo fmt --all -- --check	2026-04-19T00:05:18.1291568Z +        qssm_api::compile("age-gate-21").expect("compile should succeed for age-gate-21");
Formatting	Run cargo fmt --all -- --check	2026-04-19T00:05:18.1291999Z  
Formatting	Run cargo fmt --all -- --check	2026-04-19T00:05:18.1292228Z      // prove returns Vec<u8>
Formatting	Run cargo fmt --all -- --check	2026-04-19T00:05:18.1292800Z      let claim = br#"{"claim":{"age_years":30}}"#;
Formatting	Run cargo fmt --all -- --check	2026-04-19T00:05:18.1293335Z Diff in /home/runner/work/qssm-rs/qssm-rs/truth-engine/qssm-api/tests/api_surface.rs:90:
Formatting	Run cargo fmt --all -- --check	2026-04-19T00:05:18.1293807Z      let salt = [99u8; 32];
Formatting	Run cargo fmt --all -- --check	2026-04-19T00:05:18.1294182Z -    let proof: Vec<u8> = qssm_api::prove(claim, &salt, &blueprint)
Formatting	Run cargo fmt --all -- --check	2026-04-19T00:05:18.1294627Z -        .expect("prove should succeed for valid claim");
Formatting	Run cargo fmt --all -- --check	2026-04-19T00:05:18.1295138Z +    let proof: Vec<u8> =
Formatting	Run cargo fmt --all -- --check	2026-04-19T00:05:18.1295605Z +        qssm_api::prove(claim, &salt, &blueprint).expect("prove should succeed for valid claim");
Formatting	Run cargo fmt --all -- --check	2026-04-19T00:05:18.1296059Z  
Formatting	Run cargo fmt --all -- --check	2026-04-19T00:05:18.1296303Z      // verify accepts &[u8] and returns bool
Formatting	Run cargo fmt --all -- --check	2026-04-19T00:05:18.1296689Z      let ok: bool = qssm_api::verify(&proof, &blueprint);
Formatting	Run cargo fmt --all -- --check	2026-04-19T00:05:18.1297213Z Diff in /home/runner/work/qssm-rs/qssm-rs/truth-engine/qssm-api/tests/api_surface.rs:103:
Formatting	Run cargo fmt --all -- --check	2026-04-19T00:05:18.1297669Z  
Formatting	Run cargo fmt --all -- --check	2026-04-19T00:05:18.1297902Z      // wrong secret must differ
Formatting	Run cargo fmt --all -- --check	2026-04-19T00:05:18.1298413Z      let wrong: Vec<u8> = qssm_api::open(b"wrong-secret", &salt);
Formatting	Run cargo fmt --all -- --check	2026-04-19T00:05:18.1298941Z -    assert_ne!(commitment, wrong, "different secret must produce different output");
Formatting	Run cargo fmt --all -- --check	2026-04-19T00:05:18.1299380Z +    assert_ne!(
Formatting	Run cargo fmt --all -- --check	2026-04-19T00:05:18.1299624Z +        commitment, wrong,
Formatting	Run cargo fmt --all -- --check	2026-04-19T00:05:18.1299957Z +        "different secret must produce different output"
Formatting	Run cargo fmt --all -- --check	2026-04-19T00:05:18.1300284Z +    );
Formatting	Run cargo fmt --all -- --check	2026-04-19T00:05:18.1300485Z  }
Formatting	Run cargo fmt --all -- --check	2026-04-19T00:05:18.1300678Z  
Formatting	Run cargo fmt --all -- --check	2026-04-19T00:05:18.1301091Z  // ── 4. Error paths return Result, never panic ────────────────────────
Formatting	Run cargo fmt --all -- --check	2026-04-19T00:05:18.1301784Z Diff in /home/runner/work/qssm-rs/qssm-rs/truth-engine/qssm-entropy/src/backend/windows_tsc.rs:10:
Formatting	Run cargo fmt --all -- --check	2026-04-19T00:05:18.1302290Z  use std::thread;
Formatting	Run cargo fmt --all -- --check	2026-04-19T00:05:18.1302705Z  use std::time::Duration;
Formatting	Run cargo fmt --all -- --check	2026-04-19T00:05:18.1302957Z  
Formatting	Run cargo fmt --all -- --check	2026-04-19T00:05:18.1303190Z -use qssm_utils::verify_density;
Formatting	Run cargo fmt --all -- --check	2026-04-19T00:05:18.1303487Z  use crate::HeError;
Formatting	Run cargo fmt --all -- --check	2026-04-19T00:05:18.1303770Z +use qssm_utils::verify_density;
Formatting	Run cargo fmt --all -- --check	2026-04-19T00:05:18.1304037Z  
Formatting	Run cargo fmt --all -- --check	2026-04-19T00:05:18.1304271Z  const MAX_DENSITY_PASSES: usize = 12;
Formatting	Run cargo fmt --all -- --check	2026-04-19T00:05:18.1304562Z  
Formatting	Run cargo fmt --all -- --check	2026-04-19T00:05:18.1304963Z Diff in /home/runner/work/qssm-rs/qssm-rs/truth-engine/qssm-entropy/src/core/harvest.rs:12:
Formatting	Run cargo fmt --all -- --check	2026-04-19T00:05:18.1305427Z  
Formatting	Run cargo fmt --all -- --check	2026-04-19T00:05:18.1305735Z  use crate::backend::sensor::{SensorEntropy, SENSOR_INLINE_CAP};
Formatting	Run cargo fmt --all -- --check	2026-04-19T00:05:18.1306184Z  use crate::backend::time::unix_timestamp_ns;
Formatting	Run cargo fmt --all -- --check	2026-04-19T00:05:18.1306517Z -use qssm_utils::MIN_RAW_BYTES;
Formatting	Run cargo fmt --all -- --check	2026-04-19T00:05:18.1306799Z  use crate::HeError;
Formatting	Run cargo fmt --all -- --check	2026-04-19T00:05:18.1307057Z  use crate::Heartbeat;
Formatting	Run cargo fmt --all -- --check	2026-04-19T00:05:18.1307318Z +use qssm_utils::MIN_RAW_BYTES;
Formatting	Run cargo fmt --all -- --check	2026-04-19T00:05:18.1307578Z  
Formatting	Run cargo fmt --all -- --check	2026-04-19T00:05:18.1307937Z  /// Configuration for how many raw bytes to request from the hardware observatory.
Formatting	Run cargo fmt --all -- --check	2026-04-19T00:05:18.1308380Z  #[derive(Debug, Clone)]
Formatting	Run cargo fmt --all -- --check	2026-04-19T00:05:18.1308794Z Diff in /home/runner/work/qssm-rs/qssm-rs/truth-engine/qssm-entropy/src/lib.rs:85:
Formatting	Run cargo fmt --all -- --check	2026-04-19T00:05:18.1309265Z  impl fmt::Debug for Heartbeat {
Formatting	Run cargo fmt --all -- --check	2026-04-19T00:05:18.1309618Z      fn fmt(&self, f: &mut fmt::Formatter<'_>) -> fmt::Result {
Formatting	Run cargo fmt --all -- --check	2026-04-19T00:05:18.1309988Z          f.debug_struct("Heartbeat")
Formatting	Run cargo fmt --all -- --check	2026-04-19T00:05:18.1310411Z -            .field("raw_jitter", &format_args!("[{} bytes]", self.raw_jitter.len()))
Formatting	Run cargo fmt --all -- --check	2026-04-19T00:05:18.1310812Z +            .field(
Formatting	Run cargo fmt --all -- --check	2026-04-19T00:05:18.1311060Z +                "raw_jitter",
Formatting	Run cargo fmt --all -- --check	2026-04-19T00:05:18.1311403Z +                &format_args!("[{} bytes]", self.raw_jitter.len()),
Formatting	Run cargo fmt --all -- --check	2026-04-19T00:05:18.1311742Z +            )
Formatting	Run cargo fmt --all -- --check	2026-04-19T00:05:18.1312098Z              .field("sensor_entropy", &self.sensor_entropy)
Formatting	Run cargo fmt --all -- --check	2026-04-19T00:05:18.1312952Z              .field("timestamp", &self.timestamp)
Formatting	Run cargo fmt --all -- --check	2026-04-19T00:05:18.1313559Z              .finish()
Formatting	Run cargo fmt --all -- --check	2026-04-19T00:05:18.1314215Z Diff in /home/runner/work/qssm-rs/qssm-rs/truth-engine/qssm-entropy/src/lib.rs:130:
Formatting	Run cargo fmt --all -- --check	2026-04-19T00:05:18.1314676Z  
Formatting	Run cargo fmt --all -- --check	2026-04-19T00:05:18.1314875Z      #[test]
Formatting	Run cargo fmt --all -- --check	2026-04-19T00:05:18.1315160Z      fn test_entropy_uniqueness_synthetic() {
Formatting	Run cargo fmt --all -- --check	2026-04-19T00:05:18.1315501Z -        let a = Heartbeat::new(
Formatting	Run cargo fmt --all -- --check	2026-04-19T00:05:18.1315790Z -            vec![1u8; 1024],
Formatting	Run cargo fmt --all -- --check	2026-04-19T00:05:18.1316073Z -            SensorEntropy::none(),
Formatting	Run cargo fmt --all -- --check	2026-04-19T00:05:18.1316355Z -            1,
Formatting	Run cargo fmt --all -- --check	2026-04-19T00:05:18.1316571Z -        );
Formatting	Run cargo fmt --all -- --check	2026-04-19T00:05:18.1316814Z -        let b = Heartbeat::new(
Formatting	Run cargo fmt --all -- --check	2026-04-19T00:05:18.1317094Z -            vec![2u8; 1024],
Formatting	Run cargo fmt --all -- --check	2026-04-19T00:05:18.1317564Z -            SensorEntropy::none(),
Formatting	Run cargo fmt --all -- --check	2026-04-19T00:05:18.1317849Z -            1,
Formatting	Run cargo fmt --all -- --check	2026-04-19T00:05:18.1318068Z -        );
Formatting	Run cargo fmt --all -- --check	2026-04-19T00:05:18.1318403Z +        let a = Heartbeat::new(vec![1u8; 1024], SensorEntropy::none(), 1);
Formatting	Run cargo fmt --all -- --check	2026-04-19T00:05:18.1318906Z +        let b = Heartbeat::new(vec![2u8; 1024], SensorEntropy::none(), 1);
Formatting	Run cargo fmt --all -- --check	2026-04-19T00:05:18.1319330Z          assert_ne!(a.to_seed(), b.to_seed());
Formatting	Run cargo fmt --all -- --check	2026-04-19T00:05:18.1319620Z      }
Formatting	Run cargo fmt --all -- --check	2026-04-19T00:05:18.1319826Z  
Formatting	Run cargo fmt --all -- --check	2026-04-19T00:05:18.1320199Z Diff in /home/runner/work/qssm-rs/qssm-rs/truth-engine/qssm-entropy/src/lib.rs:163:
Formatting	Run cargo fmt --all -- --check	2026-04-19T00:05:18.1320782Z      fn to_seed_determinism() {
Formatting	Run cargo fmt --all -- --check	2026-04-19T00:05:18.1321187Z          let a = Heartbeat::new(vec![42u8; 512], SensorEntropy::none(), 999);
Formatting	Run cargo fmt --all -- --check	2026-04-19T00:05:18.1321686Z          let b = Heartbeat::new(vec![42u8; 512], SensorEntropy::none(), 999);
Formatting	Run cargo fmt --all -- --check	2026-04-19T00:05:18.1322216Z -        assert_eq!(a.to_seed(), b.to_seed(), "same fields must produce the same seed");
Formatting	Run cargo fmt --all -- --check	2026-04-19T00:05:18.1322963Z +        assert_eq!(
Formatting	Run cargo fmt --all -- --check	2026-04-19T00:05:18.1323230Z +            a.to_seed(),
Formatting	Run cargo fmt --all -- --check	2026-04-19T00:05:18.1323488Z +            b.to_seed(),
Formatting	Run cargo fmt --all -- --check	2026-04-19T00:05:18.1323796Z +            "same fields must produce the same seed"
Formatting	Run cargo fmt --all -- --check	2026-04-19T00:05:18.1324115Z +        );
Formatting	Run cargo fmt --all -- --check	2026-04-19T00:05:18.1324318Z      }
Formatting	Run cargo fmt --all -- --check	2026-04-19T00:05:18.1324522Z  
Formatting	Run cargo fmt --all -- --check	2026-04-19T00:05:18.1324719Z      #[test]
Formatting	Run cargo fmt --all -- --check	2026-04-19T00:05:18.1325115Z Diff in /home/runner/work/qssm-rs/qssm-rs/truth-engine/qssm-entropy/src/lib.rs:170:
Formatting	Run cargo fmt --all -- --check	2026-04-19T00:05:18.1325583Z      fn to_seed_binds_timestamp() {
Formatting	Run cargo fmt --all -- --check	2026-04-19T00:05:18.1326008Z          let a = Heartbeat::new(vec![1u8; 512], SensorEntropy::none(), 1);
Formatting	Run cargo fmt --all -- --check	2026-04-19T00:05:18.1326491Z          let b = Heartbeat::new(vec![1u8; 512], SensorEntropy::none(), 2);
Formatting	Run cargo fmt --all -- --check	2026-04-19T00:05:18.1327050Z -        assert_ne!(a.to_seed(), b.to_seed(), "different timestamp must yield different seed");
Formatting	Run cargo fmt --all -- --check	2026-04-19T00:05:18.1327506Z +        assert_ne!(
Formatting	Run cargo fmt --all -- --check	2026-04-19T00:05:18.1327750Z +            a.to_seed(),
Formatting	Run cargo fmt --all -- --check	2026-04-19T00:05:18.1328020Z +            b.to_seed(),
Formatting	Run cargo fmt --all -- --check	2026-04-19T00:05:18.1328339Z +            "different timestamp must yield different seed"
Formatting	Run cargo fmt --all -- --check	2026-04-19T00:05:18.1328673Z +        );
Formatting	Run cargo fmt --all -- --check	2026-04-19T00:05:18.1328876Z      }
Formatting	Run cargo fmt --all -- --check	2026-04-19T00:05:18.1329078Z  
Formatting	Run cargo fmt --all -- --check	2026-04-19T00:05:18.1329274Z      #[test]
Formatting	Run cargo fmt --all -- --check	2026-04-19T00:05:18.1329659Z Diff in /home/runner/work/qssm-rs/qssm-rs/truth-engine/qssm-entropy/src/lib.rs:177:
Formatting	Run cargo fmt --all -- --check	2026-04-19T00:05:18.1330115Z      fn to_seed_binds_sensor() {
Formatting	Run cargo fmt --all -- --check	2026-04-19T00:05:18.1330502Z          let a = Heartbeat::new(vec![1u8; 512], SensorEntropy::none(), 1);
Formatting	Run cargo fmt --all -- --check	2026-04-19T00:05:18.1331034Z          let b = Heartbeat::new(vec![1u8; 512], SensorEntropy::from_slice(&[0xAA; 16]), 1);
Formatting	Run cargo fmt --all -- --check	2026-04-19T00:05:18.1331643Z -        assert_ne!(a.to_seed(), b.to_seed(), "different sensor payload must yield different seed");
Formatting	Run cargo fmt --all -- --check	2026-04-19T00:05:18.1332102Z +        assert_ne!(
Formatting	Run cargo fmt --all -- --check	2026-04-19T00:05:18.1332343Z +            a.to_seed(),
Formatting	Run cargo fmt --all -- --check	2026-04-19T00:05:18.1332856Z +            b.to_seed(),
Formatting	Run cargo fmt --all -- --check	2026-04-19T00:05:18.1333201Z +            "different sensor payload must yield different seed"
Formatting	Run cargo fmt --all -- --check	2026-04-19T00:05:18.1333560Z +        );
Formatting	Run cargo fmt --all -- --check	2026-04-19T00:05:18.1333761Z      }
Formatting	Run cargo fmt --all -- --check	2026-04-19T00:05:18.1333964Z  
Formatting	Run cargo fmt --all -- --check	2026-04-19T00:05:18.1334165Z      #[test]
Formatting	Run cargo fmt --all -- --check	2026-04-19T00:05:18.1334550Z Diff in /home/runner/work/qssm-rs/qssm-rs/truth-engine/qssm-entropy/src/lib.rs:208:
Formatting	Run cargo fmt --all -- --check	2026-04-19T00:05:18.1335121Z              !dbg.contains("222") && !dbg.contains("0xDE") && !dbg.contains("dead"),
Formatting	Run cargo fmt --all -- --check	2026-04-19T00:05:18.1335809Z              "Debug must not leak raw jitter bytes: {dbg}"
Formatting	Run cargo fmt --all -- --check	2026-04-19T00:05:18.1336180Z          );
Formatting	Run cargo fmt --all -- --check	2026-04-19T00:05:18.1336531Z -        assert!(dbg.contains("[2 bytes]"), "Debug must show byte count: {dbg}");
Formatting	Run cargo fmt --all -- --check	2026-04-19T00:05:18.1336953Z +        assert!(
Formatting	Run cargo fmt --all -- --check	2026-04-19T00:05:18.1337206Z +            dbg.contains("[2 bytes]"),
Formatting	Run cargo fmt --all -- --check	2026-04-19T00:05:18.1337537Z +            "Debug must show byte count: {dbg}"
Formatting	Run cargo fmt --all -- --check	2026-04-19T00:05:18.1337841Z +        );
Formatting	Run cargo fmt --all -- --check	2026-04-19T00:05:18.1338042Z      }
Formatting	Run cargo fmt --all -- --check	2026-04-19T00:05:18.1338246Z  
Formatting	Run cargo fmt --all -- --check	2026-04-19T00:05:18.1338442Z      #[test]
Formatting	Run cargo fmt --all -- --check	2026-04-19T00:05:18.1339262Z Diff in /home/runner/work/qssm-rs/qssm-rs/truth-engine/qssm-entropy/src/lib.rs:219:
Formatting	Run cargo fmt --all -- --check	2026-04-19T00:05:18.1339914Z              !dbg.contains("190") && !dbg.contains("0xBE") && !dbg.contains("beef"),
Formatting	Run cargo fmt --all -- --check	2026-04-19T00:05:18.1340377Z              "Debug must not leak sensor bytes: {dbg}"
Formatting	Run cargo fmt --all -- --check	2026-04-19T00:05:18.1340686Z          );
Formatting	Run cargo fmt --all -- --check	2026-04-19T00:05:18.1341051Z -        assert!(dbg.contains("2 bytes"), "Debug must show sensor byte count: {dbg}");
Formatting	Run cargo fmt --all -- --check	2026-04-19T00:05:18.1341478Z +        assert!(
Formatting	Run cargo fmt --all -- --check	2026-04-19T00:05:18.1341726Z +            dbg.contains("2 bytes"),
Formatting	Run cargo fmt --all -- --check	2026-04-19T00:05:18.1342073Z +            "Debug must show sensor byte count: {dbg}"
Formatting	Run cargo fmt --all -- --check	2026-04-19T00:05:18.1342740Z +        );
Formatting	Run cargo fmt --all -- --check	2026-04-19T00:05:18.1343102Z      }
Formatting	Run cargo fmt --all -- --check	2026-04-19T00:05:18.1343427Z  
Formatting	Run cargo fmt --all -- --check	2026-04-19T00:05:18.1343737Z      #[test]
Formatting	Run cargo fmt --all -- --check	2026-04-19T00:05:18.1344179Z Diff in /home/runner/work/qssm-rs/qssm-rs/truth-engine/qssm-gadget/benches/gadget_benches.rs:1:
Formatting	Run cargo fmt --all -- --check	2026-04-19T00:05:18.1344820Z  use criterion::{black_box, criterion_group, criterion_main, Criterion};
Formatting	Run cargo fmt --all -- --check	2026-04-19T00:05:18.1345239Z -use qssm_gadget::{
Formatting	Run cargo fmt --all -- --check	2026-04-19T00:05:18.1345558Z -    digest_coeff_vector_from_truth_digest, truth_digest,
Formatting	Run cargo fmt --all -- --check	2026-04-19T00:05:18.1345892Z -};
Formatting	Run cargo fmt --all -- --check	2026-04-19T00:05:18.1346234Z +use qssm_gadget::{digest_coeff_vector_from_truth_digest, truth_digest};
Formatting	Run cargo fmt --all -- --check	2026-04-19T00:05:18.1346621Z  
Formatting	Run cargo fmt --all -- --check	2026-04-19T00:05:18.1346863Z  fn bench_truth_digest(c: &mut Criterion) {
Formatting	Run cargo fmt --all -- --check	2026-04-19T00:05:18.1347189Z      let root = [0xABu8; 32];
Formatting	Run cargo fmt --all -- --check	2026-04-19T00:05:18.1347772Z Diff in /home/runner/work/qssm-rs/qssm-rs/truth-engine/qssm-gadget/src/circuit/binding.rs:193:
Formatting	Run cargo fmt --all -- --check	2026-04-19T00:05:18.1348241Z  
Formatting	Run cargo fmt --all -- --check	2026-04-19T00:05:18.1348530Z      pub fn validate(&self) -> Result<(), GadgetError> {
Formatting	Run cargo fmt --all -- --check	2026-04-19T00:05:18.1348923Z          if self.domain_tag != DOMAIN_TRUTH_LIMB_V2 {
Formatting	Run cargo fmt --all -- --check	2026-04-19T00:05:18.1349416Z -            return Err(GadgetError::TruthWitnessInvalid { reason: "domain tag mismatch" });
Formatting	Run cargo fmt --all -- --check	2026-04-19T00:05:18.1349945Z +            return Err(GadgetError::TruthWitnessInvalid {
Formatting	Run cargo fmt --all -- --check	2026-04-19T00:05:18.1350319Z +                reason: "domain tag mismatch",
Formatting	Run cargo fmt --all -- --check	2026-04-19T00:05:18.1350626Z +            });
Formatting	Run cargo fmt --all -- --check	2026-04-19T00:05:18.1350841Z          }
Formatting	Run cargo fmt --all -- --check	2026-04-19T00:05:18.1351128Z          let expected_metadata = encode_proof_metadata_v2(
Formatting	Run cargo fmt --all -- --check	2026-04-19T00:05:18.1351774Z              self.n,
Formatting	Run cargo fmt --all -- --check	2026-04-19T00:05:18.1352798Z Diff in /home/runner/work/qssm-rs/qssm-rs/truth-engine/qssm-gadget/src/circuit/binding.rs:204:
Formatting	Run cargo fmt --all -- --check	2026-04-19T00:05:18.1353418Z              self.external_entropy_included,
Formatting	Run cargo fmt --all -- --check	2026-04-19T00:05:18.1353720Z          );
Formatting	Run cargo fmt --all -- --check	2026-04-19T00:05:18.1354070Z          if !bool::from(expected_metadata.ct_eq(&self.proof_metadata)) {
Formatting	Run cargo fmt --all -- --check	2026-04-19T00:05:18.1354668Z -            return Err(GadgetError::TruthWitnessInvalid { reason: "proof metadata mismatch" });
Formatting	Run cargo fmt --all -- --check	2026-04-19T00:05:18.1355217Z +            return Err(GadgetError::TruthWitnessInvalid {
Formatting	Run cargo fmt --all -- --check	2026-04-19T00:05:18.1355596Z +                reason: "proof metadata mismatch",
Formatting	Run cargo fmt --all -- --check	2026-04-19T00:05:18.1356081Z +            });
Formatting	Run cargo fmt --all -- --check	2026-04-19T00:05:18.1356404Z          }
Formatting	Run cargo fmt --all -- --check	2026-04-19T00:05:18.1356807Z          let digest = truth_digest(&self.root, &self.binding_context, &self.proof_metadata);
Formatting	Run cargo fmt --all -- --check	2026-04-19T00:05:18.1357347Z          if !bool::from(digest.ct_eq(&self.digest)) {
Formatting	Run cargo fmt --all -- --check	2026-04-19T00:05:18.1357876Z Diff in /home/runner/work/qssm-rs/qssm-rs/truth-engine/qssm-gadget/src/circuit/binding.rs:211:
Formatting	Run cargo fmt --all -- --check	2026-04-19T00:05:18.1358532Z -            return Err(GadgetError::TruthWitnessInvalid { reason: "digest mismatch" });
Formatting	Run cargo fmt --all -- --check	2026-04-19T00:05:18.1359043Z +            return Err(GadgetError::TruthWitnessInvalid {
Formatting	Run cargo fmt --all -- --check	2026-04-19T00:05:18.1359407Z +                reason: "digest mismatch",
Formatting	Run cargo fmt --all -- --check	2026-04-19T00:05:18.1359694Z +            });
Formatting	Run cargo fmt --all -- --check	2026-04-19T00:05:18.1359922Z          }
Formatting	Run cargo fmt --all -- --check	2026-04-19T00:05:18.1360815Z          let coeffs = digest_coeff_vector_from_truth_digest(&self.digest);
Formatting	Run cargo fmt --all -- --check	2026-04-19T00:05:18.1361543Z          let (limb_bits, message_limb) = message_limb_from_truth_digest_normative(&self.digest);
Formatting	Run cargo fmt --all -- --check	2026-04-19T00:05:18.1362262Z Diff in /home/runner/work/qssm-rs/qssm-rs/truth-engine/qssm-gadget/src/circuit/binding.rs:216:
Formatting	Run cargo fmt --all -- --check	2026-04-19T00:05:18.1363658Z          let coeffs_bytes = bytemuck_cast_u32_slice(&coeffs);
Formatting	Run cargo fmt --all -- --check	2026-04-19T00:05:18.1364221Z          let self_coeffs_bytes = bytemuck_cast_u32_slice(&self.digest_coeff_vector);
Formatting	Run cargo fmt --all -- --check	2026-04-19T00:05:18.1364802Z          let coeffs_eq = coeffs_bytes.ct_eq(&self_coeffs_bytes);
Formatting	Run cargo fmt --all -- --check	2026-04-19T00:05:18.1365558Z -        let limb_bits_eq = limb_bits_to_bytes(&limb_bits).ct_eq(&limb_bits_to_bytes(&self.limb_bits));
Formatting	Run cargo fmt --all -- --check	2026-04-19T00:05:18.1366251Z -        let limb_eq = message_limb.to_le_bytes().ct_eq(&self.message_limb.to_le_bytes());
Formatting	Run cargo fmt --all -- --check	2026-04-19T00:05:18.1366822Z +        let limb_bits_eq =
Formatting	Run cargo fmt --all -- --check	2026-04-19T00:05:18.1367784Z +            limb_bits_to_bytes(&limb_bits).ct_eq(&limb_bits_to_bytes(&self.limb_bits));
Formatting	Run cargo fmt --all -- --check	2026-04-19T00:05:18.1368449Z +        let limb_eq = message_limb
Formatting	Run cargo fmt --all -- --check	2026-04-19T00:05:18.1368929Z +            .to_le_bytes()
Formatting	Run cargo fmt --all -- --check	2026-04-19T00:05:18.1369323Z +            .ct_eq(&self.message_limb.to_le_bytes());
Formatting	Run cargo fmt --all -- --check	2026-04-19T00:05:18.1381465Z          if !bool::from(coeffs_eq & limb_bits_eq & limb_eq) {
Formatting	Run cargo fmt --all -- --check	2026-04-19T00:05:18.1382737Z -            return Err(GadgetError::TruthWitnessInvalid { reason: "coefficient vector or limb mismatch" });
Formatting	Run cargo fmt --all -- --check	2026-04-19T00:05:18.1383399Z +            return Err(GadgetError::TruthWitnessInvalid {
Formatting	Run cargo fmt --all -- --check	2026-04-19T00:05:18.1383821Z +                reason: "coefficient vector or limb mismatch",
Formatting	Run cargo fmt --all -- --check	2026-04-19T00:05:18.1384162Z +            });
Formatting	Run cargo fmt --all -- --check	2026-04-19T00:05:18.1384390Z          }
Formatting	Run cargo fmt --all -- --check	2026-04-19T00:05:18.1384608Z          Ok(())
Formatting	Run cargo fmt --all -- --check	2026-04-19T00:05:18.1384830Z      }
Formatting	Run cargo fmt --all -- --check	2026-04-19T00:05:18.1385270Z Diff in /home/runner/work/qssm-rs/qssm-rs/truth-engine/qssm-gadget/src/circuit/binding.rs:260:
Formatting	Run cargo fmt --all -- --check	2026-04-19T00:05:18.1385870Z  fn truth_witness_value(witness: &TruthWitness) -> Value {
Formatting	Run cargo fmt --all -- --check	2026-04-19T00:05:18.1386266Z      let mut private_wires = Vec::new();
Formatting	Run cargo fmt --all -- --check	2026-04-19T00:05:18.1386591Z      let mut idx = 0usize;
Formatting	Run cargo fmt --all -- --check	2026-04-19T00:05:18.1386998Z -    push_bits32(&mut private_wires, &mut idx, "limb_bits", &witness.limb_bits);
Formatting	Run cargo fmt --all -- --check	2026-04-19T00:05:18.1387429Z +    push_bits32(
Formatting	Run cargo fmt --all -- --check	2026-04-19T00:05:18.1387906Z +        &mut private_wires,
Formatting	Run cargo fmt --all -- --check	2026-04-19T00:05:18.1388347Z +        &mut idx,
Formatting	Run cargo fmt --all -- --check	2026-04-19T00:05:18.1388593Z +        "limb_bits",
Formatting	Run cargo fmt --all -- --check	2026-04-19T00:05:18.1388860Z +        &witness.limb_bits,
Formatting	Run cargo fmt --all -- --check	2026-04-19T00:05:18.1389119Z +    );
Formatting	Run cargo fmt --all -- --check	2026-04-19T00:05:18.1389321Z      json!({
Formatting	Run cargo fmt --all -- --check	2026-04-19T00:05:18.1389573Z          "kind": "TruthWitnessV1",
Formatting	Run cargo fmt --all -- --check	2026-04-19T00:05:18.1389856Z          "public": {
Formatting	Run cargo fmt --all -- --check	2026-04-19T00:05:18.1390320Z Diff in /home/runner/work/qssm-rs/qssm-rs/truth-engine/qssm-gadget/src/circuit/binding.rs:293:
Formatting	Run cargo fmt --all -- --check	2026-04-19T00:05:18.1390792Z  
Formatting	Run cargo fmt --all -- --check	2026-04-19T00:05:18.1391003Z      #[test]
Formatting	Run cargo fmt --all -- --check	2026-04-19T00:05:18.1391243Z      fn limb_is_below_2_pow_30() {
Formatting	Run cargo fmt --all -- --check	2026-04-19T00:05:18.1391730Z -        let witness = TruthWitness::bind([7u8; 32], [9u8; 32], 1, 2, 0, [3u8; 32], [0u8; 32], false);
Formatting	Run cargo fmt --all -- --check	2026-04-19T00:05:18.1392186Z +        let witness =
Formatting	Run cargo fmt --all -- --check	2026-04-19T00:05:18.1392770Z +            TruthWitness::bind([7u8; 32], [9u8; 32], 1, 2, 0, [3u8; 32], [0u8; 32], false);
Formatting	Run cargo fmt --all -- --check	2026-04-19T00:05:18.1393382Z          assert!(witness.message_limb < (1u64 << 30));
Formatting	Run cargo fmt --all -- --check	2026-04-19T00:05:18.1393707Z      }
Formatting	Run cargo fmt --all -- --check	2026-04-19T00:05:18.1393924Z  
Formatting	Run cargo fmt --all -- --check	2026-04-19T00:05:18.1394339Z Diff in /home/runner/work/qssm-rs/qssm-rs/truth-engine/qssm-gadget/src/circuit/binding.rs:300:
Formatting	Run cargo fmt --all -- --check	2026-04-19T00:05:18.1394813Z      #[test]
Formatting	Run cargo fmt --all -- --check	2026-04-19T00:05:18.1395065Z      fn truth_witness_round_trip_validate() {
Formatting	Run cargo fmt --all -- --check	2026-04-19T00:05:18.1395606Z -        let witness = TruthWitness::bind([0xabu8; 32], [0xcdu8; 32], 0, 5, 1, [0xeeu8; 32], [0x11u8; 32], true);
Formatting	Run cargo fmt --all -- --check	2026-04-19T00:05:18.1396135Z +        let witness = TruthWitness::bind(
Formatting	Run cargo fmt --all -- --check	2026-04-19T00:05:18.1396439Z +            [0xabu8; 32],
Formatting	Run cargo fmt --all -- --check	2026-04-19T00:05:18.1396703Z +            [0xcdu8; 32],
Formatting	Run cargo fmt --all -- --check	2026-04-19T00:05:18.1396951Z +            0,
Formatting	Run cargo fmt --all -- --check	2026-04-19T00:05:18.1397175Z +            5,
Formatting	Run cargo fmt --all -- --check	2026-04-19T00:05:18.1397385Z +            1,
Formatting	Run cargo fmt --all -- --check	2026-04-19T00:05:18.1397612Z +            [0xeeu8; 32],
Formatting	Run cargo fmt --all -- --check	2026-04-19T00:05:18.1397880Z +            [0x11u8; 32],
Formatting	Run cargo fmt --all -- --check	2026-04-19T00:05:18.1398131Z +            true,
Formatting	Run cargo fmt --all -- --check	2026-04-19T00:05:18.1398348Z +        );
Formatting	Run cargo fmt --all -- --check	2026-04-19T00:05:18.1398648Z          witness.validate().expect("round-trip validation");
Formatting	Run cargo fmt --all -- --check	2026-04-19T00:05:18.1399330Z          assert_eq!(witness.digest_coeff_vector.len(), DIGEST_COEFF_VECTOR_SIZE);
Formatting	Run cargo fmt --all -- --check	2026-04-19T00:05:18.1399743Z      }
Formatting	Run cargo fmt --all -- --check	2026-04-19T00:05:18.1400166Z Diff in /home/runner/work/qssm-rs/qssm-rs/truth-engine/qssm-gadget/src/circuit/binding.rs:306:
Formatting	Run cargo fmt --all -- --check	2026-04-19T00:05:18.1400632Z  
Formatting	Run cargo fmt --all -- --check	2026-04-19T00:05:18.1400838Z      #[test]
Formatting	Run cargo fmt --all -- --check	2026-04-19T00:05:18.1401084Z      fn truth_to_prover_json_roundtrip() {
Formatting	Run cargo fmt --all -- --check	2026-04-19T00:05:18.1401579Z -        let witness = TruthWitness::bind([1u8; 32], [2u8; 32], 1, 0, 0, [3u8; 32], [4u8; 32], false);
Formatting	Run cargo fmt --all -- --check	2026-04-19T00:05:18.1402294Z -        let value: serde_json::Value = serde_json::from_str(&witness.to_prover_json().expect("json")).expect("parse");
Formatting	Run cargo fmt --all -- --check	2026-04-19T00:05:18.1403258Z +        let witness =
Formatting	Run cargo fmt --all -- --check	2026-04-19T00:05:18.1403662Z +            TruthWitness::bind([1u8; 32], [2u8; 32], 1, 0, 0, [3u8; 32], [4u8; 32], false);
Formatting	Run cargo fmt --all -- --check	2026-04-19T00:05:18.1404129Z +        let value: serde_json::Value =
Formatting	Run cargo fmt --all -- --check	2026-04-19T00:05:18.1404592Z +            serde_json::from_str(&witness.to_prover_json().expect("json")).expect("parse");
Formatting	Run cargo fmt --all -- --check	2026-04-19T00:05:18.1405092Z          assert_eq!(value["kind"], "TruthWitnessV1");
Formatting	Run cargo fmt --all -- --check	2026-04-19T00:05:18.1405610Z -        assert_eq!(value["public"]["message_limb_u30"], serde_json::json!(witness.message_limb));
Formatting	Run cargo fmt --all -- --check	2026-04-19T00:05:18.1406239Z -        assert_eq!(value["public"]["external_entropy_included"], serde_json::json!(false));
Formatting	Run cargo fmt --all -- --check	2026-04-19T00:05:18.1406682Z          assert_eq!(
Formatting	Run cargo fmt --all -- --check	2026-04-19T00:05:18.1407113Z -            value["public"]["digest_coeff_vector_u4"].as_array().expect("digest coeff array").len(),
Formatting	Run cargo fmt --all -- --check	2026-04-19T00:05:18.1407608Z +            value["public"]["message_limb_u30"],
Formatting	Run cargo fmt --all -- --check	2026-04-19T00:05:18.1407990Z +            serde_json::json!(witness.message_limb)
Formatting	Run cargo fmt --all -- --check	2026-04-19T00:05:18.1408296Z +        );
Formatting	Run cargo fmt --all -- --check	2026-04-19T00:05:18.1408517Z +        assert_eq!(
Formatting	Run cargo fmt --all -- --check	2026-04-19T00:05:18.1408818Z +            value["public"]["external_entropy_included"],
Formatting	Run cargo fmt --all -- --check	2026-04-19T00:05:18.1409177Z +            serde_json::json!(false)
Formatting	Run cargo fmt --all -- --check	2026-04-19T00:05:18.1409459Z +        );
Formatting	Run cargo fmt --all -- --check	2026-04-19T00:05:18.1409685Z +        assert_eq!(
Formatting	Run cargo fmt --all -- --check	2026-04-19T00:05:18.1409978Z +            value["public"]["digest_coeff_vector_u4"]
Formatting	Run cargo fmt --all -- --check	2026-04-19T00:05:18.1410472Z +                .as_array()
Formatting	Run cargo fmt --all -- --check	2026-04-19T00:05:18.1411011Z +                .expect("digest coeff array")
Formatting	Run cargo fmt --all -- --check	2026-04-19T00:05:18.1411551Z +                .len(),
Formatting	Run cargo fmt --all -- --check	2026-04-19T00:05:18.1411934Z              DIGEST_COEFF_VECTOR_SIZE
Formatting	Run cargo fmt --all -- --check	2026-04-19T00:05:18.1412223Z          );
Formatting	Run cargo fmt --all -- --check	2026-04-19T00:05:18.1412675Z      }
Formatting	Run cargo fmt --all -- --check	2026-04-19T00:05:18.1413163Z Diff in /home/runner/work/qssm-rs/qssm-rs/truth-engine/qssm-gadget/src/circuit/binding.rs:332:
Formatting	Run cargo fmt --all -- --check	2026-04-19T00:05:18.1413680Z          let context = [2u8; 32];
Formatting	Run cargo fmt --all -- --check	2026-04-19T00:05:18.1414129Z          let metadata = encode_proof_metadata_v2(1, 2, 0, &[3u8; 32], &[4u8; 32], false);
Formatting	Run cargo fmt --all -- --check	2026-04-19T00:05:18.1414638Z          let digest = truth_digest(&root, &context, &metadata);
Formatting	Run cargo fmt --all -- --check	2026-04-19T00:05:18.1415249Z -        assert_eq!(digest_coeff_vector_from_truth_digest(&digest), digest_coeff_vector_from_truth_digest(&digest));
Formatting	Run cargo fmt --all -- --check	2026-04-19T00:05:18.1416058Z -        assert_eq!(message_limb_from_truth_digest_normative(&digest), message_limb_from_truth_digest_normative(&digest));
Formatting	Run cargo fmt --all -- --check	2026-04-19T00:05:18.1416881Z -        assert_eq!(truth_message_limb_v1(&root, &context, &metadata), truth_message_limb_v1(&root, &context, &metadata));
Formatting	Run cargo fmt --all -- --check	2026-04-19T00:05:18.1417404Z +        assert_eq!(
Formatting	Run cargo fmt --all -- --check	2026-04-19T00:05:18.1417714Z +            digest_coeff_vector_from_truth_digest(&digest),
Formatting	Run cargo fmt --all -- --check	2026-04-19T00:05:18.1418119Z +            digest_coeff_vector_from_truth_digest(&digest)
Formatting	Run cargo fmt --all -- --check	2026-04-19T00:05:18.1418435Z +        );
Formatting	Run cargo fmt --all -- --check	2026-04-19T00:05:18.1418651Z +        assert_eq!(
Formatting	Run cargo fmt --all -- --check	2026-04-19T00:05:18.1418962Z +            message_limb_from_truth_digest_normative(&digest),
Formatting	Run cargo fmt --all -- --check	2026-04-19T00:05:18.1419381Z +            message_limb_from_truth_digest_normative(&digest)
Formatting	Run cargo fmt --all -- --check	2026-04-19T00:05:18.1419703Z +        );
Formatting	Run cargo fmt --all -- --check	2026-04-19T00:05:18.1419918Z +        assert_eq!(
Formatting	Run cargo fmt --all -- --check	2026-04-19T00:05:18.1420213Z +            truth_message_limb_v1(&root, &context, &metadata),
Formatting	Run cargo fmt --all -- --check	2026-04-19T00:05:18.1420620Z +            truth_message_limb_v1(&root, &context, &metadata)
Formatting	Run cargo fmt --all -- --check	2026-04-19T00:05:18.1421125Z +        );
Formatting	Run cargo fmt --all -- --check	2026-04-19T00:05:18.1421326Z      }
Formatting	Run cargo fmt --all -- --check	2026-04-19T00:05:18.1421525Z  }
Formatting	Run cargo fmt --all -- --check	2026-04-19T00:05:18.1421724Z +
Formatting	Run cargo fmt --all -- --check	2026-04-19T00:05:18.1422149Z Diff in /home/runner/work/qssm-rs/qssm-rs/truth-engine/qssm-gadget/src/circuit/handshake.rs:102:
Formatting	Run cargo fmt --all -- --check	2026-04-19T00:05:18.1422825Z          serde_json::to_value(self)
Formatting	Run cargo fmt --all -- --check	2026-04-19T00:05:18.1423096Z      }
Formatting	Run cargo fmt --all -- --check	2026-04-19T00:05:18.1423296Z  }
Formatting	Run cargo fmt --all -- --check	2026-04-19T00:05:18.1423483Z -
Formatting	Run cargo fmt --all -- --check	2026-04-19T00:05:18.1423682Z  
Formatting	Run cargo fmt --all -- --check	2026-04-19T00:05:18.1424111Z Diff in /home/runner/work/qssm-rs/qssm-rs/truth-engine/qssm-gadget/src/circuit/lattice_polyop.rs:19:
Formatting	Run cargo fmt --all -- --check	2026-04-19T00:05:18.1424736Z      ///
Formatting	Run cargo fmt --all -- --check	2026-04-19T00:05:18.1425139Z      /// For [`OpPipe`], nominations from **`B`** are merged inside `synthesize_with_context` after
Formatting	Run cargo fmt --all -- --check	2026-04-19T00:05:18.1425844Z      /// **`A::Output`** is known; this method on `OpPipe` returns only **`A`**'s contract (see doc on [`OpPipe`]).
Formatting	Run cargo fmt --all -- --check	2026-04-19T00:05:18.1426655Z -    fn public_binding_requirements_for_input(&self, input: &Self::Input) -> Result<PublicBindingContract, PolyOpError> {
Formatting	Run cargo fmt --all -- --check	2026-04-19T00:05:18.1427270Z +    fn public_binding_requirements_for_input(
Formatting	Run cargo fmt --all -- --check	2026-04-19T00:05:18.1427580Z +        &self,
Formatting	Run cargo fmt --all -- --check	2026-04-19T00:05:18.1427824Z +        input: &Self::Input,
Formatting	Run cargo fmt --all -- --check	2026-04-19T00:05:18.1428160Z +    ) -> Result<PublicBindingContract, PolyOpError> {
Formatting	Run cargo fmt --all -- --check	2026-04-19T00:05:18.1428495Z          let _ = input;
Formatting	Run cargo fmt --all -- --check	2026-04-19T00:05:18.1428784Z          self.get_public_binding_requirements()
Formatting	Run cargo fmt --all -- --check	2026-04-19T00:05:18.1429077Z      }
Formatting	Run cargo fmt --all -- --check	2026-04-19T00:05:18.1429526Z Diff in /home/runner/work/qssm-rs/qssm-rs/truth-engine/qssm-gadget/src/circuit/lattice_polyop.rs:57:
Formatting	Run cargo fmt --all -- --check	2026-04-19T00:05:18.1430036Z      type Input = I;
Formatting	Run cargo fmt --all -- --check	2026-04-19T00:05:18.1430137Z      type Output = O;
Formatting	Run cargo fmt --all -- --check	2026-04-19T00:05:18.1430222Z  
Formatting	Run cargo fmt --all -- --check	2026-04-19T00:05:18.1430620Z -    fn public_binding_requirements_for_input(&self, input: &Self::Input) -> Result<PublicBindingContract, PolyOpError> {
Formatting	Run cargo fmt --all -- --check	2026-04-19T00:05:18.1430769Z +    fn public_binding_requirements_for_input(
Formatting	Run cargo fmt --all -- --check	2026-04-19T00:05:18.1430861Z +        &self,
Formatting	Run cargo fmt --all -- --check	2026-04-19T00:05:18.1430989Z +        input: &Self::Input,
Formatting	Run cargo fmt --all -- --check	2026-04-19T00:05:18.1431159Z +    ) -> Result<PublicBindingContract, PolyOpError> {
Formatting	Run cargo fmt --all -- --check	2026-04-19T00:05:18.1431350Z          self.first.public_binding_requirements_for_input(input)
Formatting	Run cargo fmt --all -- --check	2026-04-19T00:05:18.1431438Z      }
Formatting	Run cargo fmt --all -- --check	2026-04-19T00:05:18.1431529Z  
Formatting	Run cargo fmt --all -- --check	2026-04-19T00:05:18.1432339Z Diff in /home/runner/work/qssm-rs/qssm-rs/truth-engine/qssm-gadget/src/circuit/operators/engine_a_binding.rs:2:
Formatting	Run cargo fmt --all -- --check	2026-04-19T00:05:18.1432609Z  
Formatting	Run cargo fmt --all -- --check	2026-04-19T00:05:18.1432740Z  #![forbid(unsafe_code)]
Formatting	Run cargo fmt --all -- --check	2026-04-19T00:05:18.1432874Z  
Formatting	Run cargo fmt --all -- --check	2026-04-19T00:05:18.1433397Z -use super::super::binding_contract::{BindingLabel, BindingPhase, Nomination, PublicBindingContract};
Formatting	Run cargo fmt --all -- --check	2026-04-19T00:05:18.1433569Z +use super::super::binding_contract::{
Formatting	Run cargo fmt --all -- --check	2026-04-19T00:05:18.1433802Z +    BindingLabel, BindingPhase, Nomination, PublicBindingContract,
Formatting	Run cargo fmt --all -- --check	2026-04-19T00:05:18.1433892Z +};
Formatting	Run cargo fmt --all -- --check	2026-04-19T00:05:18.1434093Z  use super::super::context::{PolyOpContext, PolyOpError};
Formatting	Run cargo fmt --all -- --check	2026-04-19T00:05:18.1434266Z  use super::super::lattice_polyop::LatticePolyOp;
Formatting	Run cargo fmt --all -- --check	2026-04-19T00:05:18.1434416Z  use super::super::r1cs::ConstraintSystem;
Formatting	Run cargo fmt --all -- --check	2026-04-19T00:05:18.1434809Z Diff in /home/runner/work/qssm-rs/qssm-rs/truth-engine/qssm-gadget/src/circuit/operators/engine_a_binding.rs:9:
Formatting	Run cargo fmt --all -- --check	2026-04-19T00:05:18.1434934Z  use subtle::ConstantTimeEq;
Formatting	Run cargo fmt --all -- --check	2026-04-19T00:05:18.1435075Z  use zeroize::{Zeroize, ZeroizeOnDrop};
Formatting	Run cargo fmt --all -- --check	2026-04-19T00:05:18.1435161Z  
Formatting	Run cargo fmt --all -- --check	2026-04-19T00:05:18.1435260Z -use std::fmt;
Formatting	Run cargo fmt --all -- --check	2026-04-19T00:05:18.1435400Z  use qssm_utils::hashing::hash_domain;
Formatting	Run cargo fmt --all -- --check	2026-04-19T00:05:18.1435500Z +use std::fmt;
Formatting	Run cargo fmt --all -- --check	2026-04-19T00:05:18.1435585Z  
Formatting	Run cargo fmt --all -- --check	2026-04-19T00:05:18.1435778Z  const DOMAIN_SEAM_COMMIT_V1: &str = "QSSM-SEAM-COMMIT-v1";
Formatting	Run cargo fmt --all -- --check	2026-04-19T00:05:18.1435956Z  const DOMAIN_SEAM_OPEN_V1: &str = "QSSM-SEAM-OPEN-v1";
Formatting	Run cargo fmt --all -- --check	2026-04-19T00:05:18.1436345Z Diff in /home/runner/work/qssm-rs/qssm-rs/truth-engine/qssm-gadget/src/circuit/operators/engine_a_binding.rs:114:
Formatting	Run cargo fmt --all -- --check	2026-04-19T00:05:18.1436477Z      type Input = EngineABindingInput;
Formatting	Run cargo fmt --all -- --check	2026-04-19T00:05:18.1436612Z      type Output = EngineABindingOutput;
Formatting	Run cargo fmt --all -- --check	2026-04-19T00:05:18.1436858Z  
Formatting	Run cargo fmt --all -- --check	2026-04-19T00:05:18.1437281Z -    fn public_binding_requirements_for_input(&self, input: &Self::Input) -> Result<PublicBindingContract, PolyOpError> {
Formatting	Run cargo fmt --all -- --check	2026-04-19T00:05:18.1437436Z +    fn public_binding_requirements_for_input(
Formatting	Run cargo fmt --all -- --check	2026-04-19T00:05:18.1437530Z +        &self,
Formatting	Run cargo fmt --all -- --check	2026-04-19T00:05:18.1437650Z +        input: &Self::Input,
Formatting	Run cargo fmt --all -- --check	2026-04-19T00:05:18.1437817Z +    ) -> Result<PublicBindingContract, PolyOpError> {
Formatting	Run cargo fmt --all -- --check	2026-04-19T00:05:18.1437987Z          let mut c = PublicBindingContract::default();
Formatting	Run cargo fmt --all -- --check	2026-04-19T00:05:18.1438109Z          c.nominations.push((
Formatting	Run cargo fmt --all -- --check	2026-04-19T00:05:18.1438358Z              BindingPhase::PublicBinding,
Formatting	Run cargo fmt --all -- --check	2026-04-19T00:05:18.1438747Z Diff in /home/runner/work/qssm-rs/qssm-rs/truth-engine/qssm-gadget/src/circuit/operators/engine_a_binding.rs:156:
Formatting	Run cargo fmt --all -- --check	2026-04-19T00:05:18.1438833Z  
Formatting	Run cargo fmt --all -- --check	2026-04-19T00:05:18.1438943Z          let zero = [0u8; 32];
Formatting	Run cargo fmt --all -- --check	2026-04-19T00:05:18.1439109Z          if bool::from(input.state_root.ct_eq(&zero)) {
Formatting	Run cargo fmt --all -- --check	2026-04-19T00:05:18.1439393Z -            return Err(PolyOpError::Binding("engine_a seam: state_root is all-zero".into()));
Formatting	Run cargo fmt --all -- --check	2026-04-19T00:05:18.1439541Z +            return Err(PolyOpError::Binding(
Formatting	Run cargo fmt --all -- --check	2026-04-19T00:05:18.1439715Z +                "engine_a seam: state_root is all-zero".into(),
Formatting	Run cargo fmt --all -- --check	2026-04-19T00:05:18.1439812Z +            ));
Formatting	Run cargo fmt --all -- --check	2026-04-19T00:05:18.1439901Z          }
Formatting	Run cargo fmt --all -- --check	2026-04-19T00:05:18.1440054Z          if bool::from(input.ms_root.ct_eq(&zero)) {
Formatting	Run cargo fmt --all -- --check	2026-04-19T00:05:18.1440336Z -            return Err(PolyOpError::Binding("engine_a seam: ms_root is all-zero".into()));
Formatting	Run cargo fmt --all -- --check	2026-04-19T00:05:18.1440481Z +            return Err(PolyOpError::Binding(
Formatting	Run cargo fmt --all -- --check	2026-04-19T00:05:18.1440643Z +                "engine_a seam: ms_root is all-zero".into(),
Formatting	Run cargo fmt --all -- --check	2026-04-19T00:05:18.1440740Z +            ));
Formatting	Run cargo fmt --all -- --check	2026-04-19T00:05:18.1440829Z          }
Formatting	Run cargo fmt --all -- --check	2026-04-19T00:05:18.1441005Z          if bool::from(input.relation_digest.ct_eq(&zero)) {
Formatting	Run cargo fmt --all -- --check	2026-04-19T00:05:18.1441304Z -            return Err(PolyOpError::Binding("engine_a seam: relation_digest is all-zero".into()));
Formatting	Run cargo fmt --all -- --check	2026-04-19T00:05:18.1441455Z +            return Err(PolyOpError::Binding(
Formatting	Run cargo fmt --all -- --check	2026-04-19T00:05:18.1441633Z +                "engine_a seam: relation_digest is all-zero".into(),
Formatting	Run cargo fmt --all -- --check	2026-04-19T00:05:18.1441725Z +            ));
Formatting	Run cargo fmt --all -- --check	2026-04-19T00:05:18.1441819Z          }
Formatting	Run cargo fmt --all -- --check	2026-04-19T00:05:18.1442002Z          if bool::from(input.device_entropy_link.ct_eq(&zero)) {
Formatting	Run cargo fmt --all -- --check	2026-04-19T00:05:18.1442309Z -            return Err(PolyOpError::Binding("engine_a seam: device_entropy_link is all-zero".into()));
Formatting	Run cargo fmt --all -- --check	2026-04-19T00:05:18.1442621Z +            return Err(PolyOpError::Binding(
Formatting	Run cargo fmt --all -- --check	2026-04-19T00:05:18.1442915Z +                "engine_a seam: device_entropy_link is all-zero".into(),
Formatting	Run cargo fmt --all -- --check	2026-04-19T00:05:18.1443021Z +            ));
Formatting	Run cargo fmt --all -- --check	2026-04-19T00:05:18.1443109Z          }
Formatting	Run cargo fmt --all -- --check	2026-04-19T00:05:18.1443289Z          if bool::from(input.binding_context.ct_eq(&zero)) {
Formatting	Run cargo fmt --all -- --check	2026-04-19T00:05:18.1443580Z -            return Err(PolyOpError::Binding("engine_a seam: binding_context is all-zero".into()));
Formatting	Run cargo fmt --all -- --check	2026-04-19T00:05:18.1443717Z +            return Err(PolyOpError::Binding(
Formatting	Run cargo fmt --all -- --check	2026-04-19T00:05:18.1443904Z +                "engine_a seam: binding_context is all-zero".into(),
Formatting	Run cargo fmt --all -- --check	2026-04-19T00:05:18.1443993Z +            ));
Formatting	Run cargo fmt --all -- --check	2026-04-19T00:05:18.1444080Z          }
Formatting	Run cargo fmt --all -- --check	2026-04-19T00:05:18.1444251Z          if bool::from(input.ms_fs_v2_challenge.ct_eq(&zero)) {
Formatting	Run cargo fmt --all -- --check	2026-04-19T00:05:18.1444560Z -            return Err(PolyOpError::Binding("engine_a seam: ms_fs_v2_challenge is all-zero".into()));
Formatting	Run cargo fmt --all -- --check	2026-04-19T00:05:18.1444698Z +            return Err(PolyOpError::Binding(
Formatting	Run cargo fmt --all -- --check	2026-04-19T00:05:18.1444879Z +                "engine_a seam: ms_fs_v2_challenge is all-zero".into(),
Formatting	Run cargo fmt --all -- --check	2026-04-19T00:05:18.1444982Z +            ));
Formatting	Run cargo fmt --all -- --check	2026-04-19T00:05:18.1445071Z          }
Formatting	Run cargo fmt --all -- --check	2026-04-19T00:05:18.1445237Z          if bool::from(input.truth_digest.ct_eq(&zero)) {
Formatting	Run cargo fmt --all -- --check	2026-04-19T00:05:18.1445525Z -            return Err(PolyOpError::Binding("engine_a seam: truth_digest is all-zero".into()));
Formatting	Run cargo fmt --all -- --check	2026-04-19T00:05:18.1445660Z +            return Err(PolyOpError::Binding(
Formatting	Run cargo fmt --all -- --check	2026-04-19T00:05:18.1445827Z +                "engine_a seam: truth_digest is all-zero".into(),
Formatting	Run cargo fmt --all -- --check	2026-04-19T00:05:18.1446057Z +            ));
Formatting	Run cargo fmt --all -- --check	2026-04-19T00:05:18.1446153Z          }
Formatting	Run cargo fmt --all -- --check	2026-04-19T00:05:18.1446326Z          if bool::from(input.entropy_anchor.ct_eq(&zero)) {
Formatting	Run cargo fmt --all -- --check	2026-04-19T00:05:18.1446620Z -            return Err(PolyOpError::Binding("engine_a seam: entropy_anchor is all-zero".into()));
Formatting	Run cargo fmt --all -- --check	2026-04-19T00:05:18.1446762Z +            return Err(PolyOpError::Binding(
Formatting	Run cargo fmt --all -- --check	2026-04-19T00:05:18.1446934Z +                "engine_a seam: entropy_anchor is all-zero".into(),
Formatting	Run cargo fmt --all -- --check	2026-04-19T00:05:18.1447027Z +            ));
Formatting	Run cargo fmt --all -- --check	2026-04-19T00:05:18.1447231Z          }
Formatting	Run cargo fmt --all -- --check	2026-04-19T00:05:18.1447317Z  
Formatting	Run cargo fmt --all -- --check	2026-04-19T00:05:18.1447491Z          let recomputed = Self::commitment_digest(&input);
Formatting	Run cargo fmt --all -- --check	2026-04-19T00:05:18.1447876Z Diff in /home/runner/work/qssm-rs/qssm-rs/truth-engine/qssm-gadget/src/circuit/operators/entropy_injection.rs:2:
Formatting	Run cargo fmt --all -- --check	2026-04-19T00:05:18.1447975Z  
Formatting	Run cargo fmt --all -- --check	2026-04-19T00:05:18.1448086Z  #![forbid(unsafe_code)]
Formatting	Run cargo fmt --all -- --check	2026-04-19T00:05:18.1448170Z  
Formatting	Run cargo fmt --all -- --check	2026-04-19T00:05:18.1448521Z -use super::super::binding_contract::{BindingLabel, BindingPhase, Nomination, PublicBindingContract};
Formatting	Run cargo fmt --all -- --check	2026-04-19T00:05:18.1448664Z +use super::super::binding_contract::{
Formatting	Run cargo fmt --all -- --check	2026-04-19T00:05:18.1448879Z +    BindingLabel, BindingPhase, Nomination, PublicBindingContract,
Formatting	Run cargo fmt --all -- --check	2026-04-19T00:05:18.1448966Z +};
Formatting	Run cargo fmt --all -- --check	2026-04-19T00:05:18.1449161Z  use super::super::context::{PolyOpContext, PolyOpError};
Formatting	Run cargo fmt --all -- --check	2026-04-19T00:05:18.1449322Z  use super::super::lattice_polyop::LatticePolyOp;
Formatting	Run cargo fmt --all -- --check	2026-04-19T00:05:18.1449460Z  use super::super::r1cs::ConstraintSystem;
Formatting	Run cargo fmt --all -- --check	2026-04-19T00:05:18.1449853Z Diff in /home/runner/work/qssm-rs/qssm-rs/truth-engine/qssm-gadget/src/circuit/operators/entropy_injection.rs:51:
Formatting	Run cargo fmt --all -- --check	2026-04-19T00:05:18.1449975Z      type Input = Vec<u8>;
Formatting	Run cargo fmt --all -- --check	2026-04-19T00:05:18.1450112Z      type Output = EntropyInjectionOutput;
Formatting	Run cargo fmt --all -- --check	2026-04-19T00:05:18.1450203Z  
Formatting	Run cargo fmt --all -- --check	2026-04-19T00:05:18.1450612Z -    fn public_binding_requirements_for_input(&self, input: &Self::Input) -> Result<PublicBindingContract, PolyOpError> {
Formatting	Run cargo fmt --all -- --check	2026-04-19T00:05:18.1450757Z +    fn public_binding_requirements_for_input(
Formatting	Run cargo fmt --all -- --check	2026-04-19T00:05:18.1450862Z +        &self,
Formatting	Run cargo fmt --all -- --check	2026-04-19T00:05:18.1450981Z +        input: &Self::Input,
Formatting	Run cargo fmt --all -- --check	2026-04-19T00:05:18.1451146Z +    ) -> Result<PublicBindingContract, PolyOpError> {
Formatting	Run cargo fmt --all -- --check	2026-04-19T00:05:18.1451270Z          let digest = blake3_hash(input);
Formatting	Run cargo fmt --all -- --check	2026-04-19T00:05:18.1451440Z          let mut c = PublicBindingContract::default();
Formatting	Run cargo fmt --all -- --check	2026-04-19T00:05:18.1451559Z          c.nominations.push((
Formatting	Run cargo fmt --all -- --check	2026-04-19T00:05:18.1451950Z Diff in /home/runner/work/qssm-rs/qssm-rs/truth-engine/qssm-gadget/src/circuit/operators/merkle_parent_blake3.rs:2:
Formatting	Run cargo fmt --all -- --check	2026-04-19T00:05:18.1452048Z  
Formatting	Run cargo fmt --all -- --check	2026-04-19T00:05:18.1452156Z  #![forbid(unsafe_code)]
Formatting	Run cargo fmt --all -- --check	2026-04-19T00:05:18.1452242Z  
Formatting	Run cargo fmt --all -- --check	2026-04-19T00:05:18.1452854Z -use super::super::binding_contract::{BindingLabel, BindingPhase, Nomination, PublicBindingContract};
Formatting	Run cargo fmt --all -- --check	2026-04-19T00:05:18.1453007Z +use super::super::binding_contract::{
Formatting	Run cargo fmt --all -- --check	2026-04-19T00:05:18.1453222Z +    BindingLabel, BindingPhase, Nomination, PublicBindingContract,
Formatting	Run cargo fmt --all -- --check	2026-04-19T00:05:18.1453324Z +};
Formatting	Run cargo fmt --all -- --check	2026-04-19T00:05:18.1453515Z  use super::super::context::{PolyOpContext, PolyOpError};
Formatting	Run cargo fmt --all -- --check	2026-04-19T00:05:18.1453668Z  use super::super::cs_tracing::PolyOpTracingCs;
Formatting	Run cargo fmt --all -- --check	2026-04-19T00:05:18.1453894Z  use super::super::handshake::{MerkleParentBlake3Output, StateRoot32};
Formatting	Run cargo fmt --all -- --check	2026-04-19T00:05:18.1454305Z Diff in /home/runner/work/qssm-rs/qssm-rs/truth-engine/qssm-gadget/src/circuit/operators/merkle_parent_blake3.rs:54:
Formatting	Run cargo fmt --all -- --check	2026-04-19T00:05:18.1454435Z          Ok(self.public_binding_contract())
Formatting	Run cargo fmt --all -- --check	2026-04-19T00:05:18.1454522Z      }
Formatting	Run cargo fmt --all -- --check	2026-04-19T00:05:18.1454606Z  
Formatting	Run cargo fmt --all -- --check	2026-04-19T00:05:18.1455021Z -    fn public_binding_requirements_for_input(&self, _input: &Self::Input) -> Result<PublicBindingContract, PolyOpError> {
Formatting	Run cargo fmt --all -- --check	2026-04-19T00:05:18.1455174Z +    fn public_binding_requirements_for_input(
Formatting	Run cargo fmt --all -- --check	2026-04-19T00:05:18.1455267Z +        &self,
Formatting	Run cargo fmt --all -- --check	2026-04-19T00:05:18.1455393Z +        _input: &Self::Input,
Formatting	Run cargo fmt --all -- --check	2026-04-19T00:05:18.1455556Z +    ) -> Result<PublicBindingContract, PolyOpError> {
Formatting	Run cargo fmt --all -- --check	2026-04-19T00:05:18.1455684Z          Ok(self.public_binding_contract())
Formatting	Run cargo fmt --all -- --check	2026-04-19T00:05:18.1455917Z      }
Formatting	Run cargo fmt --all -- --check	2026-04-19T00:05:18.1456002Z  
Formatting	Run cargo fmt --all -- --check	2026-04-19T00:05:18.1456324Z Diff in /home/runner/work/qssm-rs/qssm-rs/truth-engine/qssm-gadget/src/circuit/operators/mod.rs:1:
Formatting	Run cargo fmt --all -- --check	2026-04-19T00:05:18.1456474Z  //! Concrete [`LatticePolyOp`] implementations.
Formatting	Run cargo fmt --all -- --check	2026-04-19T00:05:18.1456564Z  
Formatting	Run cargo fmt --all -- --check	2026-04-19T00:05:18.1456684Z -pub mod merkle_parent_blake3;
Formatting	Run cargo fmt --all -- --check	2026-04-19T00:05:18.1456787Z -pub mod truth_limb;
Formatting	Run cargo fmt --all -- --check	2026-04-19T00:05:18.1456906Z -pub mod entropy_injection;
Formatting	Run cargo fmt --all -- --check	2026-04-19T00:05:18.1457017Z  pub mod engine_a_binding;
Formatting	Run cargo fmt --all -- --check	2026-04-19T00:05:18.1457130Z +pub mod entropy_injection;
Formatting	Run cargo fmt --all -- --check	2026-04-19T00:05:18.1457356Z +pub mod merkle_parent_blake3;
Formatting	Run cargo fmt --all -- --check	2026-04-19T00:05:18.1457475Z  pub mod ms_ghost_mirror;
Formatting	Run cargo fmt --all -- --check	2026-04-19T00:05:18.1457576Z +pub mod truth_limb;
Formatting	Run cargo fmt --all -- --check	2026-04-19T00:05:18.1457658Z  
Formatting	Run cargo fmt --all -- --check	2026-04-19T00:05:18.1457787Z -pub use merkle_parent_blake3::*;
Formatting	Run cargo fmt --all -- --check	2026-04-19T00:05:18.1457903Z -pub use truth_limb::*;
Formatting	Run cargo fmt --all -- --check	2026-04-19T00:05:18.1458024Z -pub use entropy_injection::*;
Formatting	Run cargo fmt --all -- --check	2026-04-19T00:05:18.1458145Z  pub use engine_a_binding::*;
Formatting	Run cargo fmt --all -- --check	2026-04-19T00:05:18.1458282Z +pub use entropy_injection::*;
Formatting	Run cargo fmt --all -- --check	2026-04-19T00:05:18.1458409Z +pub use merkle_parent_blake3::*;
Formatting	Run cargo fmt --all -- --check	2026-04-19T00:05:18.1458528Z  pub use ms_ghost_mirror::*;
Formatting	Run cargo fmt --all -- --check	2026-04-19T00:05:18.1458643Z +pub use truth_limb::*;
Formatting	Run cargo fmt --all -- --check	2026-04-19T00:05:18.1458727Z  
Formatting	Run cargo fmt --all -- --check	2026-04-19T00:05:18.1458882Z  use super::binding_contract::BindingReservoir;
Formatting	Run cargo fmt --all -- --check	2026-04-19T00:05:18.1459045Z  use super::context::{PolyOpContext, PolyOpError};
Formatting	Run cargo fmt --all -- --check	2026-04-19T00:05:18.1459371Z Diff in /home/runner/work/qssm-rs/qssm-rs/truth-engine/qssm-gadget/src/circuit/operators/mod.rs:32:
Formatting	Run cargo fmt --all -- --check	2026-04-19T00:05:18.1459456Z  
Formatting	Run cargo fmt --all -- --check	2026-04-19T00:05:18.1459698Z      fn enforce_xor(&mut self, _x: VarId, _y: VarId, _and_xy: VarId, _z: VarId) {}
Formatting	Run cargo fmt --all -- --check	2026-04-19T00:05:18.1459789Z  
Formatting	Run cargo fmt --all -- --check	2026-04-19T00:05:18.1459898Z -    fn enforce_full_adder(
Formatting	Run cargo fmt --all -- --check	2026-04-19T00:05:18.1459995Z -        &mut self,
Formatting	Run cargo fmt --all -- --check	2026-04-19T00:05:18.1460090Z -        _a: VarId,
Formatting	Run cargo fmt --all -- --check	2026-04-19T00:05:18.1460188Z -        _b: VarId,
Formatting	Run cargo fmt --all -- --check	2026-04-19T00:05:18.1460284Z -        _cin: VarId,
Formatting	Run cargo fmt --all -- --check	2026-04-19T00:05:18.1460389Z -        _sum: VarId,
Formatting	Run cargo fmt --all -- --check	2026-04-19T00:05:18.1460491Z -        _cout: VarId,
Formatting	Run cargo fmt --all -- --check	2026-04-19T00:05:18.1460580Z -    ) {
Formatting	Run cargo fmt --all -- --check	2026-04-19T00:05:18.1460869Z +    fn enforce_full_adder(&mut self, _a: VarId, _b: VarId, _cin: VarId, _sum: VarId, _cout: VarId) {
Formatting	Run cargo fmt --all -- --check	2026-04-19T00:05:18.1460957Z      }
Formatting	Run cargo fmt --all -- --check	2026-04-19T00:05:18.1461043Z  
Formatting	Run cargo fmt --all -- --check	2026-04-19T00:05:18.1461207Z      fn enforce_equal(&mut self, _a: VarId, _b: VarId) {}
Formatting	Run cargo fmt --all -- --check	2026-04-19T00:05:18.1461524Z Diff in /home/runner/work/qssm-rs/qssm-rs/truth-engine/qssm-gadget/src/circuit/operators/mod.rs:82:
Formatting	Run cargo fmt --all -- --check	2026-04-19T00:05:18.1461622Z              )?;
Formatting	Run cargo fmt --all -- --check	2026-04-19T00:05:18.1461798Z          let mut reservoir = BindingReservoir::default();
Formatting	Run cargo fmt --all -- --check	2026-04-19T00:05:18.1461939Z          c_merged.merge_into(&mut reservoir)?;
Formatting	Run cargo fmt --all -- --check	2026-04-19T00:05:18.1462052Z -        let truth_witness =
Formatting	Run cargo fmt --all -- --check	2026-04-19T00:05:18.1462155Z -            self.second
Formatting	Run cargo fmt --all -- --check	2026-04-19T00:05:18.1462354Z -                .synthesize_with_context(merkle_out.state_root, cs, ctx)?;
Formatting	Run cargo fmt --all -- --check	2026-04-19T00:05:18.1462611Z +        let truth_witness = self
Formatting	Run cargo fmt --all -- --check	2026-04-19T00:05:18.1462724Z +            .second
Formatting	Run cargo fmt --all -- --check	2026-04-19T00:05:18.1462921Z +            .synthesize_with_context(merkle_out.state_root, cs, ctx)?;
Formatting	Run cargo fmt --all -- --check	2026-04-19T00:05:18.1463095Z          let refresh_metadata = ctx.take_refresh_metadata();
Formatting	Run cargo fmt --all -- --check	2026-04-19T00:05:18.1463214Z          Ok(TruthPipeOutput {
Formatting	Run cargo fmt --all -- --check	2026-04-19T00:05:18.1463327Z              merkle: merkle_out,
Formatting	Run cargo fmt --all -- --check	2026-04-19T00:05:18.1463657Z Diff in /home/runner/work/qssm-rs/qssm-rs/truth-engine/qssm-gadget/src/circuit/operators/mod.rs:103:
Formatting	Run cargo fmt --all -- --check	2026-04-19T00:05:18.1463770Z          self.run(&mut cs, ctx)
Formatting	Run cargo fmt --all -- --check	2026-04-19T00:05:18.1463861Z      }
Formatting	Run cargo fmt --all -- --check	2026-04-19T00:05:18.1463953Z  }
Formatting	Run cargo fmt --all -- --check	2026-04-19T00:05:18.1464037Z +
Formatting	Run cargo fmt --all -- --check	2026-04-19T00:05:18.1464408Z Diff in /home/runner/work/qssm-rs/qssm-rs/truth-engine/qssm-gadget/src/circuit/operators/ms_ghost_mirror.rs:7:
Formatting	Run cargo fmt --all -- --check	2026-04-19T00:05:18.1464494Z  
Formatting	Run cargo fmt --all -- --check	2026-04-19T00:05:18.1464600Z  #![forbid(unsafe_code)]
Formatting	Run cargo fmt --all -- --check	2026-04-19T00:05:18.1464682Z  
Formatting	Run cargo fmt --all -- --check	2026-04-19T00:05:18.1465026Z -use super::super::binding_contract::{BindingLabel, BindingPhase, Nomination, PublicBindingContract};
Formatting	Run cargo fmt --all -- --check	2026-04-19T00:05:18.1465292Z +use super::super::binding_contract::{
Formatting	Run cargo fmt --all -- --check	2026-04-19T00:05:18.1465511Z +    BindingLabel, BindingPhase, Nomination, PublicBindingContract,
Formatting	Run cargo fmt --all -- --check	2026-04-19T00:05:18.1465601Z +};
Formatting	Run cargo fmt --all -- --check	2026-04-19T00:05:18.1465834Z  use super::super::context::{PolyOpContext, PolyOpError};
Formatting	Run cargo fmt --all -- --check	2026-04-19T00:05:18.1466131Z  use super::super::lattice_polyop::LatticePolyOp;
Formatting	Run cargo fmt --all -- --check	2026-04-19T00:05:18.1466403Z  use super::super::r1cs::ConstraintSystem;
Formatting	Run cargo fmt --all -- --check	2026-04-19T00:05:18.1466789Z Diff in /home/runner/work/qssm-rs/qssm-rs/truth-engine/qssm-gadget/src/circuit/operators/ms_ghost_mirror.rs:47:
Formatting	Run cargo fmt --all -- --check	2026-04-19T00:05:18.1467076Z      type Input = MsGhostMirrorInput;
Formatting	Run cargo fmt --all -- --check	2026-04-19T00:05:18.1467205Z      type Output = MsGhostMirrorOutput;
Formatting	Run cargo fmt --all -- --check	2026-04-19T00:05:18.1467298Z  
Formatting	Run cargo fmt --all -- --check	2026-04-19T00:05:18.1467708Z -    fn public_binding_requirements_for_input(&self, input: &Self::Input) -> Result<PublicBindingContract, PolyOpError> {
Formatting	Run cargo fmt --all -- --check	2026-04-19T00:05:18.1467852Z +    fn public_binding_requirements_for_input(
Formatting	Run cargo fmt --all -- --check	2026-04-19T00:05:18.1467951Z +        &self,
Formatting	Run cargo fmt --all -- --check	2026-04-19T00:05:18.1468078Z +        input: &Self::Input,
Formatting	Run cargo fmt --all -- --check	2026-04-19T00:05:18.1468247Z +    ) -> Result<PublicBindingContract, PolyOpError> {
Formatting	Run cargo fmt --all -- --check	2026-04-19T00:05:18.1468444Z          let mut contract = PublicBindingContract::default();
Formatting	Run cargo fmt --all -- --check	2026-04-19T00:05:18.1468570Z          contract.nominations.push((
Formatting	Run cargo fmt --all -- --check	2026-04-19T00:05:18.1468701Z              BindingPhase::PublicBinding,
Formatting	Run cargo fmt --all -- --check	2026-04-19T00:05:18.1469052Z Diff in /home/runner/work/qssm-rs/qssm-rs/truth-engine/qssm-gadget/src/circuit/operators/truth_limb.rs:3:
Formatting	Run cargo fmt --all -- --check	2026-04-19T00:05:18.1469166Z  #![forbid(unsafe_code)]
Formatting	Run cargo fmt --all -- --check	2026-04-19T00:05:18.1469250Z  
Formatting	Run cargo fmt --all -- --check	2026-04-19T00:05:18.1469390Z  use super::super::binding::TruthWitness;
Formatting	Run cargo fmt --all -- --check	2026-04-19T00:05:18.1469731Z -use super::super::binding_contract::{BindingLabel, BindingPhase, Nomination, PublicBindingContract};
Formatting	Run cargo fmt --all -- --check	2026-04-19T00:05:18.1469862Z +use super::super::binding_contract::{
Formatting	Run cargo fmt --all -- --check	2026-04-19T00:05:18.1470075Z +    BindingLabel, BindingPhase, Nomination, PublicBindingContract,
Formatting	Run cargo fmt --all -- --check	2026-04-19T00:05:18.1470163Z +};
Formatting	Run cargo fmt --all -- --check	2026-04-19T00:05:18.1470345Z  use super::super::context::{PolyOpContext, PolyOpError};
Formatting	Run cargo fmt --all -- --check	2026-04-19T00:05:18.1470488Z  use super::super::handshake::StateRoot32;
Formatting	Run cargo fmt --all -- --check	2026-04-19T00:05:18.1470643Z  use super::super::lattice_polyop::LatticePolyOp;
Formatting	Run cargo fmt --all -- --check	2026-04-19T00:05:18.1470997Z Diff in /home/runner/work/qssm-rs/qssm-rs/truth-engine/qssm-gadget/src/circuit/operators/truth_limb.rs:37:
Formatting	Run cargo fmt --all -- --check	2026-04-19T00:05:18.1471132Z              .field("challenge", &"[REDACTED]")
Formatting	Run cargo fmt --all -- --check	2026-04-19T00:05:18.1471281Z              .field("external_entropy", &"[REDACTED]")
Formatting	Run cargo fmt --all -- --check	2026-04-19T00:05:18.1471515Z              .field("external_entropy_included", &self.external_entropy_included)
Formatting	Run cargo fmt --all -- --check	2026-04-19T00:05:18.1471780Z -            .field("device_entropy_link", &self.device_entropy_link.map(|_| "[REDACTED]"))
Formatting	Run cargo fmt --all -- --check	2026-04-19T00:05:18.1471878Z +            .field(
Formatting	Run cargo fmt --all -- --check	2026-04-19T00:05:18.1471999Z +                "device_entropy_link",
Formatting	Run cargo fmt --all -- --check	2026-04-19T00:05:18.1472168Z +                &self.device_entropy_link.map(|_| "[REDACTED]"),
Formatting	Run cargo fmt --all -- --check	2026-04-19T00:05:18.1472259Z +            )
Formatting	Run cargo fmt --all -- --check	2026-04-19T00:05:18.1472357Z              .finish()
Formatting	Run cargo fmt --all -- --check	2026-04-19T00:05:18.1472596Z      }
Formatting	Run cargo fmt --all -- --check	2026-04-19T00:05:18.1472686Z  }
Formatting	Run cargo fmt --all -- --check	2026-04-19T00:05:18.1473038Z Diff in /home/runner/work/qssm-rs/qssm-rs/truth-engine/qssm-gadget/src/circuit/operators/truth_limb.rs:92:
Formatting	Run cargo fmt --all -- --check	2026-04-19T00:05:18.1473137Z              ent,
Formatting	Run cargo fmt --all -- --check	2026-04-19T00:05:18.1473283Z              self.params.external_entropy_included,
Formatting	Run cargo fmt --all -- --check	2026-04-19T00:05:18.1473372Z          );
Formatting	Run cargo fmt --all -- --check	2026-04-19T00:05:18.1473630Z -        w.validate().map_err(|e| PolyOpError::Binding(format!("TruthWitness: {e}")))?;
Formatting	Run cargo fmt --all -- --check	2026-04-19T00:05:18.1473735Z +        w.validate()
Formatting	Run cargo fmt --all -- --check	2026-04-19T00:05:18.1473950Z +            .map_err(|e| PolyOpError::Binding(format!("TruthWitness: {e}")))?;
Formatting	Run cargo fmt --all -- --check	2026-04-19T00:05:18.1474120Z          let mut c = PublicBindingContract::default();
Formatting	Run cargo fmt --all -- --check	2026-04-19T00:05:18.1474245Z          c.nominations.push((
Formatting	Run cargo fmt --all -- --check	2026-04-19T00:05:18.1474377Z              BindingPhase::PublicBinding,
Formatting	Run cargo fmt --all -- --check	2026-04-19T00:05:18.1474731Z Diff in /home/runner/work/qssm-rs/qssm-rs/truth-engine/qssm-gadget/src/circuit/operators/truth_limb.rs:109:
Formatting	Run cargo fmt --all -- --check	2026-04-19T00:05:18.1475025Z      type Input = StateRoot32;
Formatting	Run cargo fmt --all -- --check	2026-04-19T00:05:18.1475143Z      type Output = TruthWitness;
Formatting	Run cargo fmt --all -- --check	2026-04-19T00:05:18.1475227Z  
Formatting	Run cargo fmt --all -- --check	2026-04-19T00:05:18.1475629Z -    fn public_binding_requirements_for_input(&self, input: &Self::Input) -> Result<PublicBindingContract, PolyOpError> {
Formatting	Run cargo fmt --all -- --check	2026-04-19T00:05:18.1475778Z +    fn public_binding_requirements_for_input(
Formatting	Run cargo fmt --all -- --check	2026-04-19T00:05:18.1475870Z +        &self,
Formatting	Run cargo fmt --all -- --check	2026-04-19T00:05:18.1475988Z +        input: &Self::Input,
Formatting	Run cargo fmt --all -- --check	2026-04-19T00:05:18.1476161Z +    ) -> Result<PublicBindingContract, PolyOpError> {
Formatting	Run cargo fmt --all -- --check	2026-04-19T00:05:18.1476318Z          self.public_binding_contract_for_root(*input)
Formatting	Run cargo fmt --all -- --check	2026-04-19T00:05:18.1476522Z      }
Formatting	Run cargo fmt --all -- --check	2026-04-19T00:05:18.1476607Z  
Formatting	Run cargo fmt --all -- --check	2026-04-19T00:05:18.1476966Z Diff in /home/runner/work/qssm-rs/qssm-rs/truth-engine/qssm-gadget/src/circuit/operators/truth_limb.rs:136:
Formatting	Run cargo fmt --all -- --check	2026-04-19T00:05:18.1477063Z              ent,
Formatting	Run cargo fmt --all -- --check	2026-04-19T00:05:18.1477207Z              self.params.external_entropy_included,
Formatting	Run cargo fmt --all -- --check	2026-04-19T00:05:18.1477300Z          );
Formatting	Run cargo fmt --all -- --check	2026-04-19T00:05:18.1477562Z -        w.validate().map_err(|e| PolyOpError::Binding(format!("TruthWitness: {e}")))?;
Formatting	Run cargo fmt --all -- --check	2026-04-19T00:05:18.1477660Z +        w.validate()
Formatting	Run cargo fmt --all -- --check	2026-04-19T00:05:18.1477877Z +            .map_err(|e| PolyOpError::Binding(format!("TruthWitness: {e}")))?;
Formatting	Run cargo fmt --all -- --check	2026-04-19T00:05:18.1477970Z          Ok(w)
Formatting	Run cargo fmt --all -- --check	2026-04-19T00:05:18.1478056Z      }
Formatting	Run cargo fmt --all -- --check	2026-04-19T00:05:18.1478139Z  }
Formatting	Run cargo fmt --all -- --check	2026-04-19T00:05:18.1478471Z Diff in /home/runner/work/qssm-rs/qssm-rs/truth-engine/qssm-gadget/src/circuit/poly_ops_tests.rs:12:
Formatting	Run cargo fmt --all -- --check	2026-04-19T00:05:18.1478710Z  use super::handshake::{EngineAPublicJson, TRANSCRIPT_MAP_LAYOUT_VERSION};
Formatting	Run cargo fmt --all -- --check	2026-04-19T00:05:18.1478859Z  use super::lattice_polyop::LatticePolyOp;
Formatting	Run cargo fmt --all -- --check	2026-04-19T00:05:18.1478980Z  use super::operators::{
Formatting	Run cargo fmt --all -- --check	2026-04-19T00:05:18.1479225Z -    effective_external_entropy, merkle_truth_pipe, xor32, EntropyInjectionOp,
Formatting	Run cargo fmt --all -- --check	2026-04-19T00:05:18.1479371Z -    MerkleParentBlake3Op, TruthLimbV2Params,
Formatting	Run cargo fmt --all -- --check	2026-04-19T00:05:18.1479701Z +    effective_external_entropy, merkle_truth_pipe, xor32, EntropyInjectionOp, MerkleParentBlake3Op,
Formatting	Run cargo fmt --all -- --check	2026-04-19T00:05:18.1479816Z +    TruthLimbV2Params,
Formatting	Run cargo fmt --all -- --check	2026-04-19T00:05:18.1479902Z  };
Formatting	Run cargo fmt --all -- --check	2026-04-19T00:05:18.1480110Z  use super::r1cs::{Blake3Gadget, ConstraintSystem, VarId, VarKind};
Formatting	Run cargo fmt --all -- --check	2026-04-19T00:05:18.1480333Z  use crate::primitives::blake3_compress::hash_merkle_parent_witness;
Formatting	Run cargo fmt --all -- --check	2026-04-19T00:05:18.1480657Z Diff in /home/runner/work/qssm-rs/qssm-rs/truth-engine/qssm-gadget/src/circuit/poly_ops_tests.rs:41:
Formatting	Run cargo fmt --all -- --check	2026-04-19T00:05:18.1480876Z          self.constraint_count = self.constraint_count.saturating_add(1);
Formatting	Run cargo fmt --all -- --check	2026-04-19T00:05:18.1480970Z      }
Formatting	Run cargo fmt --all -- --check	2026-04-19T00:05:18.1481061Z  
Formatting	Run cargo fmt --all -- --check	2026-04-19T00:05:18.1481173Z -    fn enforce_full_adder(
Formatting	Run cargo fmt --all -- --check	2026-04-19T00:05:18.1481277Z -        &mut self,
Formatting	Run cargo fmt --all -- --check	2026-04-19T00:05:18.1481372Z -        _a: VarId,
Formatting	Run cargo fmt --all -- --check	2026-04-19T00:05:18.1481466Z -        _b: VarId,
Formatting	Run cargo fmt --all -- --check	2026-04-19T00:05:18.1481563Z -        _cin: VarId,
Formatting	Run cargo fmt --all -- --check	2026-04-19T00:05:18.1481668Z -        _sum: VarId,
Formatting	Run cargo fmt --all -- --check	2026-04-19T00:05:18.1481767Z -        _cout: VarId,
Formatting	Run cargo fmt --all -- --check	2026-04-19T00:05:18.1481856Z -    ) {
Formatting	Run cargo fmt --all -- --check	2026-04-19T00:05:18.1482152Z +    fn enforce_full_adder(&mut self, _a: VarId, _b: VarId, _cin: VarId, _sum: VarId, _cout: VarId) {
Formatting	Run cargo fmt --all -- --check	2026-04-19T00:05:18.1482372Z          self.constraint_count = self.constraint_count.saturating_add(1);
Formatting	Run cargo fmt --all -- --check	2026-04-19T00:05:18.1482712Z      }
Formatting	Run cargo fmt --all -- --check	2026-04-19T00:05:18.1482818Z  
Formatting	Run cargo fmt --all -- --check	2026-04-19T00:05:18.1483200Z Diff in /home/runner/work/qssm-rs/qssm-rs/truth-engine/qssm-gadget/src/circuit/poly_ops_tests.rs:59:
Formatting	Run cargo fmt --all -- --check	2026-04-19T00:05:18.1483291Z  
Formatting	Run cargo fmt --all -- --check	2026-04-19T00:05:18.1483385Z  #[test]
Formatting	Run cargo fmt --all -- --check	2026-04-19T00:05:18.1483543Z  fn transcript_map_version_matches_utils() {
Formatting	Run cargo fmt --all -- --check	2026-04-19T00:05:18.1483808Z -    assert_eq!(TRANSCRIPT_MAP_LAYOUT_VERSION, LE_FS_PUBLIC_BINDING_LAYOUT_VERSION);
Formatting	Run cargo fmt --all -- --check	2026-04-19T00:05:18.1483921Z +    assert_eq!(
Formatting	Run cargo fmt --all -- --check	2026-04-19T00:05:18.1484042Z +        TRANSCRIPT_MAP_LAYOUT_VERSION,
Formatting	Run cargo fmt --all -- --check	2026-04-19T00:05:18.1484173Z +        LE_FS_PUBLIC_BINDING_LAYOUT_VERSION
Formatting	Run cargo fmt --all -- --check	2026-04-19T00:05:18.1484265Z +    );
Formatting	Run cargo fmt --all -- --check	2026-04-19T00:05:18.1484350Z  }
Formatting	Run cargo fmt --all -- --check	2026-04-19T00:05:18.1484432Z  
Formatting	Run cargo fmt --all -- --check	2026-04-19T00:05:18.1484520Z  #[test]
Formatting	Run cargo fmt --all -- --check	2026-04-19T00:05:18.1484999Z Diff in /home/runner/work/qssm-rs/qssm-rs/truth-engine/qssm-gadget/src/circuit/poly_ops_tests.rs:80:
Formatting	Run cargo fmt --all -- --check	2026-04-19T00:05:18.1485088Z  #[test]
Formatting	Run cargo fmt --all -- --check	2026-04-19T00:05:18.1485214Z  fn degree_exceeded_carries_var_ids() {
Formatting	Run cargo fmt --all -- --check	2026-04-19T00:05:18.1485369Z      let mut ctx = PolyOpContext::new("deg");
Formatting	Run cargo fmt --all -- --check	2026-04-19T00:05:18.1485612Z -    ctx.register_binary_product(VarId(0), VarId(1), VarId(2), "test").unwrap();
Formatting	Run cargo fmt --all -- --check	2026-04-19T00:05:18.1485819Z +    ctx.register_binary_product(VarId(0), VarId(1), VarId(2), "test")
Formatting	Run cargo fmt --all -- --check	2026-04-19T00:05:18.1485916Z +        .unwrap();
Formatting	Run cargo fmt --all -- --check	2026-04-19T00:05:18.1486027Z      ctx.ensure_len(6);
Formatting	Run cargo fmt --all -- --check	2026-04-19T00:05:18.1486251Z      ctx.mul_depth[3] = 1;
Formatting	Run cargo fmt --all -- --check	2026-04-19T00:05:18.1486361Z      ctx.mul_depth[4] = 1;
Formatting	Run cargo fmt --all -- --check	2026-04-19T00:05:18.1486685Z Diff in /home/runner/work/qssm-rs/qssm-rs/truth-engine/qssm-gadget/src/circuit/poly_ops_tests.rs:95:
Formatting	Run cargo fmt --all -- --check	2026-04-19T00:05:18.1486773Z  #[test]
Formatting	Run cargo fmt --all -- --check	2026-04-19T00:05:18.1486957Z  fn binding_reservoir_btree_labels_are_canonical_order() {
Formatting	Run cargo fmt --all -- --check	2026-04-19T00:05:18.1487126Z      let mut reservoir = BindingReservoir::default();
Formatting	Run cargo fmt --all -- --check	2026-04-19T00:05:18.1487435Z -    reservoir.nominate(BindingPhase::Aux, BindingLabel("zebra".into()), vec![1]).unwrap();
Formatting	Run cargo fmt --all -- --check	2026-04-19T00:05:18.1487723Z -    reservoir.nominate(BindingPhase::Aux, BindingLabel("alpha".into()), vec![2]).unwrap();
Formatting	Run cargo fmt --all -- --check	2026-04-19T00:05:18.1488051Z -    let keys: Vec<_> = reservoir.by_phase.get(&BindingPhase::Aux).unwrap().keys().cloned().collect();
Formatting	Run cargo fmt --all -- --check	2026-04-19T00:05:18.1488151Z +    reservoir
Formatting	Run cargo fmt --all -- --check	2026-04-19T00:05:18.1488376Z +        .nominate(BindingPhase::Aux, BindingLabel("zebra".into()), vec![1])
Formatting	Run cargo fmt --all -- --check	2026-04-19T00:05:18.1488472Z +        .unwrap();
Formatting	Run cargo fmt --all -- --check	2026-04-19T00:05:18.1488575Z +    reservoir
Formatting	Run cargo fmt --all -- --check	2026-04-19T00:05:18.1488793Z +        .nominate(BindingPhase::Aux, BindingLabel("alpha".into()), vec![2])
Formatting	Run cargo fmt --all -- --check	2026-04-19T00:05:18.1488887Z +        .unwrap();
Formatting	Run cargo fmt --all -- --check	2026-04-19T00:05:18.1489003Z +    let keys: Vec<_> = reservoir
Formatting	Run cargo fmt --all -- --check	2026-04-19T00:05:18.1489103Z +        .by_phase
Formatting	Run cargo fmt --all -- --check	2026-04-19T00:05:18.1489226Z +        .get(&BindingPhase::Aux)
Formatting	Run cargo fmt --all -- --check	2026-04-19T00:05:18.1489324Z +        .unwrap()
Formatting	Run cargo fmt --all -- --check	2026-04-19T00:05:18.1489428Z +        .keys()
Formatting	Run cargo fmt --all -- --check	2026-04-19T00:05:18.1489521Z +        .cloned()
Formatting	Run cargo fmt --all -- --check	2026-04-19T00:05:18.1489618Z +        .collect();
Formatting	Run cargo fmt --all -- --check	2026-04-19T00:05:18.1489733Z      assert_eq!(keys[0].0, "alpha");
Formatting	Run cargo fmt --all -- --check	2026-04-19T00:05:18.1489852Z      assert_eq!(keys[1].0, "zebra");
Formatting	Run cargo fmt --all -- --check	2026-04-19T00:05:18.1489938Z  }
Formatting	Run cargo fmt --all -- --check	2026-04-19T00:05:18.1490279Z Diff in /home/runner/work/qssm-rs/qssm-rs/truth-engine/qssm-gadget/src/circuit/poly_ops_tests.rs:109:
Formatting	Run cargo fmt --all -- --check	2026-04-19T00:05:18.1490436Z      public.validate_transcript_map().unwrap();
Formatting	Run cargo fmt --all -- --check	2026-04-19T00:05:18.1490610Z      let value = public.to_ordered_json_value().unwrap();
Formatting	Run cargo fmt --all -- --check	2026-04-19T00:05:18.1490830Z      let keys: Vec<_> = value.as_object().unwrap().keys().cloned().collect();
Formatting	Run cargo fmt --all -- --check	2026-04-19T00:05:18.1491126Z -    assert_eq!(keys, vec!["message_limb_u30".to_string(), "digest_coeff_vector_u4".to_string()]);
Formatting	Run cargo fmt --all -- --check	2026-04-19T00:05:18.1491222Z +    assert_eq!(
Formatting	Run cargo fmt --all -- --check	2026-04-19T00:05:18.1491312Z +        keys,
Formatting	Run cargo fmt --all -- --check	2026-04-19T00:05:18.1491401Z +        vec![
Formatting	Run cargo fmt --all -- --check	2026-04-19T00:05:18.1491534Z +            "message_limb_u30".to_string(),
Formatting	Run cargo fmt --all -- --check	2026-04-19T00:05:18.1491676Z +            "digest_coeff_vector_u4".to_string()
Formatting	Run cargo fmt --all -- --check	2026-04-19T00:05:18.1491764Z +        ]
Formatting	Run cargo fmt --all -- --check	2026-04-19T00:05:18.1491857Z +    );
Formatting	Run cargo fmt --all -- --check	2026-04-19T00:05:18.1491941Z  }
Formatting	Run cargo fmt --all -- --check	2026-04-19T00:05:18.1492024Z  
Formatting	Run cargo fmt --all -- --check	2026-04-19T00:05:18.1492114Z  #[test]
Formatting	Run cargo fmt --all -- --check	2026-04-19T00:05:18.1492690Z Diff in /home/runner/work/qssm-rs/qssm-rs/truth-engine/qssm-gadget/src/circuit/poly_ops_tests.rs:116:
Formatting	Run cargo fmt --all -- --check	2026-04-19T00:05:18.1492931Z  fn public_binding_contract_merge_rejects_duplicate_label() {
Formatting	Run cargo fmt --all -- --check	2026-04-19T00:05:18.1493110Z      let mut left = PublicBindingContract::default();
Formatting	Run cargo fmt --all -- --check	2026-04-19T00:05:18.1493480Z -    left.nominations.push((BindingPhase::Aux, BindingLabel("x".into()), Nomination { bytes: vec![1] }));
Formatting	Run cargo fmt --all -- --check	2026-04-19T00:05:18.1493607Z +    left.nominations.push((
Formatting	Run cargo fmt --all -- --check	2026-04-19T00:05:18.1493724Z +        BindingPhase::Aux,
Formatting	Run cargo fmt --all -- --check	2026-04-19T00:05:18.1493846Z +        BindingLabel("x".into()),
Formatting	Run cargo fmt --all -- --check	2026-04-19T00:05:18.1493971Z +        Nomination { bytes: vec![1] },
Formatting	Run cargo fmt --all -- --check	2026-04-19T00:05:18.1494061Z +    ));
Formatting	Run cargo fmt --all -- --check	2026-04-19T00:05:18.1494380Z      let mut right = PublicBindingContract::default();
Formatting	Run cargo fmt --all -- --check	2026-04-19T00:05:18.1494737Z -    right.nominations.push((BindingPhase::Aux, BindingLabel("x".into()), Nomination { bytes: vec![2] }));
Formatting	Run cargo fmt --all -- --check	2026-04-19T00:05:18.1494860Z +    right.nominations.push((
Formatting	Run cargo fmt --all -- --check	2026-04-19T00:05:18.1494976Z +        BindingPhase::Aux,
Formatting	Run cargo fmt --all -- --check	2026-04-19T00:05:18.1495101Z +        BindingLabel("x".into()),
Formatting	Run cargo fmt --all -- --check	2026-04-19T00:05:18.1495219Z +        Nomination { bytes: vec![2] },
Formatting	Run cargo fmt --all -- --check	2026-04-19T00:05:18.1495307Z +    ));
Formatting	Run cargo fmt --all -- --check	2026-04-19T00:05:18.1495436Z      assert!(left.merge(&right).is_err());
Formatting	Run cargo fmt --all -- --check	2026-04-19T00:05:18.1495525Z  }
Formatting	Run cargo fmt --all -- --check	2026-04-19T00:05:18.1495721Z  
Formatting	Run cargo fmt --all -- --check	2026-04-19T00:05:18.1496060Z Diff in /home/runner/work/qssm-rs/qssm-rs/truth-engine/qssm-gadget/src/circuit/poly_ops_tests.rs:172:
Formatting	Run cargo fmt --all -- --check	2026-04-19T00:05:18.1496228Z      );
Formatting	Run cargo fmt --all -- --check	2026-04-19T00:05:18.1496505Z      let mut ctx = PolyOpContext::new("pipe");
Formatting	Run cargo fmt --all -- --check	2026-04-19T00:05:18.1496791Z      let out = pipe.run_diagnostic(&mut ctx).expect("run");
Formatting	Run cargo fmt --all -- --check	2026-04-19T00:05:18.1497029Z -    out.truth_witness.validate().expect("truth witness should validate");
Formatting	Run cargo fmt --all -- --check	2026-04-19T00:05:18.1497155Z +    out.truth_witness
Formatting	Run cargo fmt --all -- --check	2026-04-19T00:05:18.1497255Z +        .validate()
Formatting	Run cargo fmt --all -- --check	2026-04-19T00:05:18.1497419Z +        .expect("truth witness should validate");
Formatting	Run cargo fmt --all -- --check	2026-04-19T00:05:18.1497511Z  }
Formatting	Run cargo fmt --all -- --check	2026-04-19T00:05:18.1497596Z  
Formatting	Run cargo fmt --all -- --check	2026-04-19T00:05:18.1497687Z  #[test]
Formatting	Run cargo fmt --all -- --check	2026-04-19T00:05:18.1498017Z Diff in /home/runner/work/qssm-rs/qssm-rs/truth-engine/qssm-gadget/src/circuit/poly_ops_tests.rs:256:
Formatting	Run cargo fmt --all -- --check	2026-04-19T00:05:18.1498138Z      let fallback = [9u8; 32];
Formatting	Run cargo fmt --all -- --check	2026-04-19T00:05:18.1498358Z      assert_eq!(pipe.ms_binding_entropy_for_fs_challenge(fallback), link);
Formatting	Run cargo fmt --all -- --check	2026-04-19T00:05:18.1498603Z      assert_eq!(pipe.second.params.ms_binding_entropy_digest(fallback), link);
Formatting	Run cargo fmt --all -- --check	2026-04-19T00:05:18.1498881Z -    assert_eq!(effective_external_entropy(&pipe.second.params), xor32(floor, link));
Formatting	Run cargo fmt --all -- --check	2026-04-19T00:05:18.1498979Z +    assert_eq!(
Formatting	Run cargo fmt --all -- --check	2026-04-19T00:05:18.1499160Z +        effective_external_entropy(&pipe.second.params),
Formatting	Run cargo fmt --all -- --check	2026-04-19T00:05:18.1499276Z +        xor32(floor, link)
Formatting	Run cargo fmt --all -- --check	2026-04-19T00:05:18.1499372Z +    );
Formatting	Run cargo fmt --all -- --check	2026-04-19T00:05:18.1499456Z  }
Formatting	Run cargo fmt --all -- --check	2026-04-19T00:05:18.1499542Z  
Formatting	Run cargo fmt --all -- --check	2026-04-19T00:05:18.1499635Z  #[test]
Formatting	Run cargo fmt --all -- --check	2026-04-19T00:05:18.1499964Z Diff in /home/runner/work/qssm-rs/qssm-rs/truth-engine/qssm-gadget/src/circuit/poly_ops_tests.rs:327:
Formatting	Run cargo fmt --all -- --check	2026-04-19T00:05:18.1500098Z      assert_eq!(metadata.kind, "auto_xor");
Formatting	Run cargo fmt --all -- --check	2026-04-19T00:05:18.1500245Z      assert!(metadata.label.contains("lhs"));
Formatting	Run cargo fmt --all -- --check	2026-04-19T00:05:18.1500330Z  }
Formatting	Run cargo fmt --all -- --check	2026-04-19T00:05:18.1500415Z +
Formatting	Run cargo fmt --all -- --check	2026-04-19T00:05:18.1500717Z Diff in /home/runner/work/qssm-rs/qssm-rs/truth-engine/qssm-gadget/src/lib.rs:21:
Formatting	Run cargo fmt --all -- --check	2026-04-19T00:05:18.1500836Z  // circuit::binding
Formatting	Run cargo fmt --all -- --check	2026-04-19T00:05:18.1500961Z  pub use circuit::binding::{
Formatting	Run cargo fmt --all -- --check	2026-04-19T00:05:18.1501173Z      digest_coeff_vector_from_truth_digest, encode_proof_metadata_v2,
Formatting	Run cargo fmt --all -- --check	2026-04-19T00:05:18.1501401Z -    message_limb_from_truth_digest_normative, truth_digest, TruthWitness,
Formatting	Run cargo fmt --all -- --check	2026-04-19T00:05:18.1501558Z -    DIGEST_COEFF_VECTOR_SIZE, DOMAIN_TRUTH_LIMB_V2,
Formatting	Run cargo fmt --all -- --check	2026-04-19T00:05:18.1501872Z +    message_limb_from_truth_digest_normative, truth_digest, TruthWitness, DIGEST_COEFF_VECTOR_SIZE,
Formatting	Run cargo fmt --all -- --check	2026-04-19T00:05:18.1501996Z +    DOMAIN_TRUTH_LIMB_V2,
Formatting	Run cargo fmt --all -- --check	2026-04-19T00:05:18.1502081Z  };
Formatting	Run cargo fmt --all -- --check	2026-04-19T00:05:18.1502164Z  
Formatting	Run cargo fmt --all -- --check	2026-04-19T00:05:18.1502291Z  // circuit::binding_contract
Formatting	Run cargo fmt --all -- --check	2026-04-19T00:05:18.1502689Z Diff in /home/runner/work/qssm-rs/qssm-rs/truth-engine/qssm-gadget/src/lib.rs:45:
Formatting	Run cargo fmt --all -- --check	2026-04-19T00:05:18.1502945Z  pub use circuit::lattice_polyop::{LatticePolyOp, LatticePolyOpThen, OpPipe};
Formatting	Run cargo fmt --all -- --check	2026-04-19T00:05:18.1503031Z  
Formatting	Run cargo fmt --all -- --check	2026-04-19T00:05:18.1503145Z  // circuit::operators
Formatting	Run cargo fmt --all -- --check	2026-04-19T00:05:18.1503387Z +pub use circuit::operators::truth_limb::{effective_external_entropy, xor32};
Formatting	Run cargo fmt --all -- --check	2026-04-19T00:05:18.1503518Z  pub use circuit::operators::{
Formatting	Run cargo fmt --all -- --check	2026-04-19T00:05:18.1503795Z      merkle_truth_pipe, EngineABindingInput, EngineABindingOp, EngineABindingOutput,
Formatting	Run cargo fmt --all -- --check	2026-04-19T00:05:18.1504083Z      EntropyInjectionOp, EntropyInjectionOutput, MerkleParentBlake3Op, MerkleTruthPipe,
Formatting	Run cargo fmt --all -- --check	2026-04-19T00:05:18.1504330Z Diff in /home/runner/work/qssm-rs/qssm-rs/truth-engine/qssm-gadget/src/lib.rs:51:
Formatting	Run cargo fmt --all -- --check	2026-04-19T00:05:18.1504621Z      TruthLimbV2Params, TruthLimbV2Stage,
Formatting	Run cargo fmt --all -- --check	2026-04-19T00:05:18.1504710Z  };
Formatting	Run cargo fmt --all -- --check	2026-04-19T00:05:18.1504955Z -pub use circuit::operators::truth_limb::{effective_external_entropy, xor32};
Formatting	Run cargo fmt --all -- --check	2026-04-19T00:05:18.1505039Z  
Formatting	Run cargo fmt --all -- --check	2026-04-19T00:05:18.1505394Z  // circuit::operators::ms_ghost_mirror (v1.1.0 — post-freeze adapter)
Formatting	Run cargo fmt --all -- --check	2026-04-19T00:05:18.1505557Z  pub use circuit::operators::ms_ghost_mirror::{
Formatting	Run cargo fmt --all -- --check	2026-04-19T00:05:18.1505915Z Diff in /home/runner/work/qssm-rs/qssm-rs/truth-engine/qssm-gadget/src/primitives/blake3_compress.rs:233:
Formatting	Run cargo fmt --all -- --check	2026-04-19T00:05:18.1506140Z          );
Formatting	Run cargo fmt --all -- --check	2026-04-19T00:05:18.1506405Z          // Constant-time comparison of output words to prevent timing side-channels.
Formatting	Run cargo fmt --all -- --check	2026-04-19T00:05:18.1506694Z          let expected_bytes: Vec<u8> = expected.iter().flat_map(|w| w.to_le_bytes()).collect();
Formatting	Run cargo fmt --all -- --check	2026-04-19T00:05:18.1506996Z -        let actual_bytes: Vec<u8> = self.output_words.iter().flat_map(|w| w.to_le_bytes()).collect();
Formatting	Run cargo fmt --all -- --check	2026-04-19T00:05:18.1507137Z +        let actual_bytes: Vec<u8> = self
Formatting	Run cargo fmt --all -- --check	2026-04-19T00:05:18.1507245Z +            .output_words
Formatting	Run cargo fmt --all -- --check	2026-04-19T00:05:18.1507340Z +            .iter()
Formatting	Run cargo fmt --all -- --check	2026-04-19T00:05:18.1507468Z +            .flat_map(|w| w.to_le_bytes())
Formatting	Run cargo fmt --all -- --check	2026-04-19T00:05:18.1507570Z +            .collect();
Formatting	Run cargo fmt --all -- --check	2026-04-19T00:05:18.1507754Z          if !bool::from(expected_bytes.ct_eq(&actual_bytes)) {
Formatting	Run cargo fmt --all -- --check	2026-04-19T00:05:18.1507868Z              return false;
Formatting	Run cargo fmt --all -- --check	2026-04-19T00:05:18.1507957Z          }
Formatting	Run cargo fmt --all -- --check	2026-04-19T00:05:18.1508323Z Diff in /home/runner/work/qssm-rs/qssm-rs/truth-engine/qssm-gadget/unit_tests/adversarial_expanded_tests.rs:3:
Formatting	Run cargo fmt --all -- --check	2026-04-19T00:05:18.1508424Z  
Formatting	Run cargo fmt --all -- --check	2026-04-19T00:05:18.1508544Z  use proptest::prelude::*;
Formatting	Run cargo fmt --all -- --check	2026-04-19T00:05:18.1508648Z  use qssm_gadget::{
Formatting	Run cargo fmt --all -- --check	2026-04-19T00:05:18.1509278Z -    ConstraintSystem, EngineABindingInput, EngineABindingOp, LatticePolyOp, MerklePathWitness,
Formatting	Run cargo fmt --all -- --check	2026-04-19T00:05:18.1509600Z -    PolyOpContext, VarId, VarKind, MERKLE_DEPTH_MS,
Formatting	Run cargo fmt --all -- --check	2026-04-19T00:05:18.1509931Z -    effective_external_entropy, xor32, TruthLimbV2Params,
Formatting	Run cargo fmt --all -- --check	2026-04-19T00:05:18.1510125Z -    truth_digest,
Formatting	Run cargo fmt --all -- --check	2026-04-19T00:05:18.1510547Z +    effective_external_entropy, truth_digest, xor32, ConstraintSystem, EngineABindingInput,
Formatting	Run cargo fmt --all -- --check	2026-04-19T00:05:18.1510882Z +    EngineABindingOp, LatticePolyOp, MerklePathWitness, PolyOpContext, TruthLimbV2Params, VarId,
Formatting	Run cargo fmt --all -- --check	2026-04-19T00:05:18.1511002Z +    VarKind, MERKLE_DEPTH_MS,
Formatting	Run cargo fmt --all -- --check	2026-04-19T00:05:18.1511092Z  };
Formatting	Run cargo fmt --all -- --check	2026-04-19T00:05:18.1511239Z  use qssm_ms::{commit, prove, verify};
Formatting	Run cargo fmt --all -- --check	2026-04-19T00:05:18.1511363Z  use qssm_utils::blake3_hash;
Formatting	Run cargo fmt --all -- --check	2026-04-19T00:05:18.1511742Z Diff in /home/runner/work/qssm-rs/qssm-rs/truth-engine/qssm-gadget/unit_tests/adversarial_expanded_tests.rs:45:
Formatting	Run cargo fmt --all -- --check	2026-04-19T00:05:18.1511891Z      let context = b"ctx".to_vec();
Formatting	Run cargo fmt --all -- --check	2026-04-19T00:05:18.1512075Z      let (root, salts) = commit(seed, ledger).expect("commit");
Formatting	Run cargo fmt --all -- --check	2026-04-19T00:05:18.1512344Z      let proof = prove(value, target, &salts, ledger, &context, &rollup).expect("prove");
Formatting	Run cargo fmt --all -- --check	2026-04-19T00:05:18.1512714Z -    assert!(verify(root, &proof, ledger, value, target, &context, &rollup));
Formatting	Run cargo fmt --all -- --check	2026-04-19T00:05:18.1512827Z +    assert!(verify(
Formatting	Run cargo fmt --all -- --check	2026-04-19T00:05:18.1513005Z +        root, &proof, ledger, value, target, &context, &rollup
Formatting	Run cargo fmt --all -- --check	2026-04-19T00:05:18.1513099Z +    ));
Formatting	Run cargo fmt --all -- --check	2026-04-19T00:05:18.1513235Z      let mut input = EngineABindingInput {
Formatting	Run cargo fmt --all -- --check	2026-04-19T00:05:18.1513333Z          state_root,
Formatting	Run cargo fmt --all -- --check	2026-04-19T00:05:18.1513446Z          ms_root: *root.as_bytes(),
Formatting	Run cargo fmt --all -- --check	2026-04-19T00:05:18.1513863Z Diff in /home/runner/work/qssm-rs/qssm-rs/truth-engine/qssm-gadget/unit_tests/backend_conformance_tests.rs:28:
Formatting	Run cargo fmt --all -- --check	2026-04-19T00:05:18.1513979Z          self.xor_count += 1;
Formatting	Run cargo fmt --all -- --check	2026-04-19T00:05:18.1514080Z      }
Formatting	Run cargo fmt --all -- --check	2026-04-19T00:05:18.1514166Z  
Formatting	Run cargo fmt --all -- --check	2026-04-19T00:05:18.1514278Z -    fn enforce_full_adder(
Formatting	Run cargo fmt --all -- --check	2026-04-19T00:05:18.1514374Z -        &mut self,
Formatting	Run cargo fmt --all -- --check	2026-04-19T00:05:18.1514477Z -        _a: VarId,
Formatting	Run cargo fmt --all -- --check	2026-04-19T00:05:18.1514572Z -        _b: VarId,
Formatting	Run cargo fmt --all -- --check	2026-04-19T00:05:18.1514669Z -        _cin: VarId,
Formatting	Run cargo fmt --all -- --check	2026-04-19T00:05:18.1514772Z -        _sum: VarId,
Formatting	Run cargo fmt --all -- --check	2026-04-19T00:05:18.1515035Z -        _cout: VarId,
Formatting	Run cargo fmt --all -- --check	2026-04-19T00:05:18.1515126Z -    ) {
Formatting	Run cargo fmt --all -- --check	2026-04-19T00:05:18.1515421Z +    fn enforce_full_adder(&mut self, _a: VarId, _b: VarId, _cin: VarId, _sum: VarId, _cout: VarId) {
Formatting	Run cargo fmt --all -- --check	2026-04-19T00:05:18.1515550Z          self.full_adder_count += 1;
Formatting	Run cargo fmt --all -- --check	2026-04-19T00:05:18.1515639Z      }
Formatting	Run cargo fmt --all -- --check	2026-04-19T00:05:18.1515722Z  
Formatting	Run cargo fmt --all -- --check	2026-04-19T00:05:18.1516087Z Diff in /home/runner/work/qssm-rs/qssm-rs/truth-engine/qssm-gadget/unit_tests/backend_conformance_tests.rs:63:
Formatting	Run cargo fmt --all -- --check	2026-04-19T00:05:18.1516172Z  
Formatting	Run cargo fmt --all -- --check	2026-04-19T00:05:18.1516355Z      let (root, salts) = commit(seed, ledger).expect("commit");
Formatting	Run cargo fmt --all -- --check	2026-04-19T00:05:18.1516728Z      let proof = prove(value, target, &salts, ledger, &context, &rollup).expect("prove");
Formatting	Run cargo fmt --all -- --check	2026-04-19T00:05:18.1516958Z -    assert!(verify(root, &proof, ledger, value, target, &context, &rollup));
Formatting	Run cargo fmt --all -- --check	2026-04-19T00:05:18.1517066Z +    assert!(verify(
Formatting	Run cargo fmt --all -- --check	2026-04-19T00:05:18.1517237Z +        root, &proof, ledger, value, target, &context, &rollup
Formatting	Run cargo fmt --all -- --check	2026-04-19T00:05:18.1517327Z +    ));
Formatting	Run cargo fmt --all -- --check	2026-04-19T00:05:18.1517429Z  
Formatting	Run cargo fmt --all -- --check	2026-04-19T00:05:18.1517565Z      let mut input = EngineABindingInput {
Formatting	Run cargo fmt --all -- --check	2026-04-19T00:05:18.1517662Z          state_root,
Formatting	Run cargo fmt --all -- --check	2026-04-19T00:05:18.1518028Z Diff in /home/runner/work/qssm-rs/qssm-rs/truth-engine/qssm-gadget/unit_tests/backend_conformance_tests.rs:108:
Formatting	Run cargo fmt --all -- --check	2026-04-19T00:05:18.1518155Z      let op = EngineABindingOp;
Formatting	Run cargo fmt --all -- --check	2026-04-19T00:05:18.1518331Z      let mut ctx = PolyOpContext::new("conformance");
Formatting	Run cargo fmt --all -- --check	2026-04-19T00:05:18.1518502Z      let mut cs = CountingConstraintSystem::default();
Formatting	Run cargo fmt --all -- --check	2026-04-19T00:05:18.1518809Z -    let _out = op.synthesize_with_context(input, &mut cs, &mut ctx).expect("baseline must pass");
Formatting	Run cargo fmt --all -- --check	2026-04-19T00:05:18.1518919Z +    let _out = op
Formatting	Run cargo fmt --all -- --check	2026-04-19T00:05:18.1519088Z +        .synthesize_with_context(input, &mut cs, &mut ctx)
Formatting	Run cargo fmt --all -- --check	2026-04-19T00:05:18.1519219Z +        .expect("baseline must pass");
Formatting	Run cargo fmt --all -- --check	2026-04-19T00:05:18.1519307Z  
Formatting	Run cargo fmt --all -- --check	2026-04-19T00:05:18.1519551Z      // The seam operator uses hash-based commit-then-open, not R1CS constraints.
Formatting	Run cargo fmt --all -- --check	2026-04-19T00:05:18.1519810Z      // Pin the expected structural counts: any change indicates a layout regression.
Formatting	Run cargo fmt --all -- --check	2026-04-19T00:05:18.1520181Z Diff in /home/runner/work/qssm-rs/qssm-rs/truth-engine/qssm-gadget/unit_tests/backend_conformance_tests.rs:115:
Formatting	Run cargo fmt --all -- --check	2026-04-19T00:05:18.1520421Z -    assert_eq!(cs.next_var, 0, "seam operator must not allocate R1CS variables");
Formatting	Run cargo fmt --all -- --check	2026-04-19T00:05:18.1520649Z -    assert_eq!(cs.xor_count, 0, "seam operator must not emit XOR constraints");
Formatting	Run cargo fmt --all -- --check	2026-04-19T00:05:18.1520932Z -    assert_eq!(cs.full_adder_count, 0, "seam operator must not emit full-adder constraints");
Formatting	Run cargo fmt --all -- --check	2026-04-19T00:05:18.1521178Z -    assert_eq!(cs.equal_count, 0, "seam operator must not emit equality constraints");
Formatting	Run cargo fmt --all -- --check	2026-04-19T00:05:18.1521283Z +    assert_eq!(
Formatting	Run cargo fmt --all -- --check	2026-04-19T00:05:18.1521398Z +        cs.next_var, 0,
Formatting	Run cargo fmt --all -- --check	2026-04-19T00:05:18.1521560Z +        "seam operator must not allocate R1CS variables"
Formatting	Run cargo fmt --all -- --check	2026-04-19T00:05:18.1521649Z +    );
Formatting	Run cargo fmt --all -- --check	2026-04-19T00:05:18.1521749Z +    assert_eq!(
Formatting	Run cargo fmt --all -- --check	2026-04-19T00:05:18.1521855Z +        cs.xor_count, 0,
Formatting	Run cargo fmt --all -- --check	2026-04-19T00:05:18.1522010Z +        "seam operator must not emit XOR constraints"
Formatting	Run cargo fmt --all -- --check	2026-04-19T00:05:18.1522105Z +    );
Formatting	Run cargo fmt --all -- --check	2026-04-19T00:05:18.1522207Z +    assert_eq!(
Formatting	Run cargo fmt --all -- --check	2026-04-19T00:05:18.1522322Z +        cs.full_adder_count, 0,
Formatting	Run cargo fmt --all -- --check	2026-04-19T00:05:18.1522772Z +        "seam operator must not emit full-adder constraints"
Formatting	Run cargo fmt --all -- --check	2026-04-19T00:05:18.1522881Z +    );
Formatting	Run cargo fmt --all -- --check	2026-04-19T00:05:18.1522979Z +    assert_eq!(
Formatting	Run cargo fmt --all -- --check	2026-04-19T00:05:18.1523091Z +        cs.equal_count, 0,
Formatting	Run cargo fmt --all -- --check	2026-04-19T00:05:18.1523264Z +        "seam operator must not emit equality constraints"
Formatting	Run cargo fmt --all -- --check	2026-04-19T00:05:18.1523360Z +    );
Formatting	Run cargo fmt --all -- --check	2026-04-19T00:05:18.1523445Z  
Formatting	Run cargo fmt --all -- --check	2026-04-19T00:05:18.1523655Z      let total = cs.xor_count + cs.full_adder_count + cs.equal_count;
Formatting	Run cargo fmt --all -- --check	2026-04-19T00:05:18.1523888Z -    assert_eq!(total, 0, "seam operator total constraint count must be zero");
Formatting	Run cargo fmt --all -- --check	2026-04-19T00:05:18.1523984Z +    assert_eq!(
Formatting	Run cargo fmt --all -- --check	2026-04-19T00:05:18.1524079Z +        total, 0,
Formatting	Run cargo fmt --all -- --check	2026-04-19T00:05:18.1524248Z +        "seam operator total constraint count must be zero"
Formatting	Run cargo fmt --all -- --check	2026-04-19T00:05:18.1524341Z +    );
Formatting	Run cargo fmt --all -- --check	2026-04-19T00:05:18.1524575Z  
Formatting	Run cargo fmt --all -- --check	2026-04-19T00:05:18.1524758Z      // The seam binding output must contain non-zero digests.
Formatting	Run cargo fmt --all -- --check	2026-04-19T00:05:18.1524858Z      assert_ne!(
Formatting	Run cargo fmt --all -- --check	2026-04-19T00:05:18.1525228Z Diff in /home/runner/work/qssm-rs/qssm-rs/truth-engine/qssm-gadget/unit_tests/backend_conformance_tests.rs:146:
Formatting	Run cargo fmt --all -- --check	2026-04-19T00:05:18.1525384Z      let mut ctx2 = PolyOpContext::new("det2");
Formatting	Run cargo fmt --all -- --check	2026-04-19T00:05:18.1525504Z      let op = EngineABindingOp;
Formatting	Run cargo fmt --all -- --check	2026-04-19T00:05:18.1525596Z  
Formatting	Run cargo fmt --all -- --check	2026-04-19T00:05:18.1525818Z -    let _ = op.synthesize_with_context(input1, &mut cs1, &mut ctx1).unwrap();
Formatting	Run cargo fmt --all -- --check	2026-04-19T00:05:18.1526143Z -    let _ = op.synthesize_with_context(input2, &mut cs2, &mut ctx2).unwrap();
Formatting	Run cargo fmt --all -- --check	2026-04-19T00:05:18.1526247Z +    let _ = op
Formatting	Run cargo fmt --all -- --check	2026-04-19T00:05:18.1526423Z +        .synthesize_with_context(input1, &mut cs1, &mut ctx1)
Formatting	Run cargo fmt --all -- --check	2026-04-19T00:05:18.1526520Z +        .unwrap();
Formatting	Run cargo fmt --all -- --check	2026-04-19T00:05:18.1526619Z +    let _ = op
Formatting	Run cargo fmt --all -- --check	2026-04-19T00:05:18.1526791Z +        .synthesize_with_context(input2, &mut cs2, &mut ctx2)
Formatting	Run cargo fmt --all -- --check	2026-04-19T00:05:18.1526895Z +        .unwrap();
Formatting	Run cargo fmt --all -- --check	2026-04-19T00:05:18.1526978Z  
Formatting	Run cargo fmt --all -- --check	2026-04-19T00:05:18.1527228Z -    assert_eq!(cs1.next_var, cs2.next_var, "variable count must be deterministic");
Formatting	Run cargo fmt --all -- --check	2026-04-19T00:05:18.1527497Z -    assert_eq!(cs1.xor_count, cs2.xor_count, "xor constraint count must be deterministic");
Formatting	Run cargo fmt --all -- --check	2026-04-19T00:05:18.1527594Z      assert_eq!(
Formatting	Run cargo fmt --all -- --check	2026-04-19T00:05:18.1527715Z +        cs1.next_var, cs2.next_var,
Formatting	Run cargo fmt --all -- --check	2026-04-19T00:05:18.1527854Z +        "variable count must be deterministic"
Formatting	Run cargo fmt --all -- --check	2026-04-19T00:05:18.1527942Z +    );
Formatting	Run cargo fmt --all -- --check	2026-04-19T00:05:18.1528037Z +    assert_eq!(
Formatting	Run cargo fmt --all -- --check	2026-04-19T00:05:18.1528171Z +        cs1.xor_count, cs2.xor_count,
Formatting	Run cargo fmt --all -- --check	2026-04-19T00:05:18.1528329Z +        "xor constraint count must be deterministic"
Formatting	Run cargo fmt --all -- --check	2026-04-19T00:05:18.1528416Z +    );
Formatting	Run cargo fmt --all -- --check	2026-04-19T00:05:18.1528515Z +    assert_eq!(
Formatting	Run cargo fmt --all -- --check	2026-04-19T00:05:18.1528658Z          cs1.full_adder_count, cs2.full_adder_count,
Formatting	Run cargo fmt --all -- --check	2026-04-19T00:05:18.1528827Z          "full_adder constraint count must be deterministic"
Formatting	Run cargo fmt --all -- --check	2026-04-19T00:05:18.1528915Z      );
Formatting	Run cargo fmt --all -- --check	2026-04-19T00:05:18.1529293Z Diff in /home/runner/work/qssm-rs/qssm-rs/truth-engine/qssm-gadget/unit_tests/backend_conformance_tests.rs:158:
Formatting	Run cargo fmt --all -- --check	2026-04-19T00:05:18.1529589Z -    assert_eq!(cs1.equal_count, cs2.equal_count, "equal constraint count must be deterministic");
Formatting	Run cargo fmt --all -- --check	2026-04-19T00:05:18.1529685Z +    assert_eq!(
Formatting	Run cargo fmt --all -- --check	2026-04-19T00:05:18.1529813Z +        cs1.equal_count, cs2.equal_count,
Formatting	Run cargo fmt --all -- --check	2026-04-19T00:05:18.1529967Z +        "equal constraint count must be deterministic"
Formatting	Run cargo fmt --all -- --check	2026-04-19T00:05:18.1530055Z +    );
Formatting	Run cargo fmt --all -- --check	2026-04-19T00:05:18.1530140Z  }
Formatting	Run cargo fmt --all -- --check	2026-04-19T00:05:18.1530231Z  
Formatting	Run cargo fmt --all -- --check	2026-04-19T00:05:18.1531639Z Diff in /home/runner/work/qssm-rs/qssm-rs/truth-engine/qssm-gadget/unit_tests/engine_b_binding_tests.rs:1:
Formatting	Run cargo fmt --all -- --check	2026-04-19T00:05:18.1531914Z -use qssm_gadget::PolyOpContext;
Formatting	Run cargo fmt --all -- --check	2026-04-19T00:05:18.1532143Z  use qssm_gadget::LatticePolyOp;
Formatting	Run cargo fmt --all -- --check	2026-04-19T00:05:18.1532681Z -use qssm_gadget::{EngineABindingInput, EngineABindingOp};
Formatting	Run cargo fmt --all -- --check	2026-04-19T00:05:18.1532845Z +use qssm_gadget::PolyOpContext;
Formatting	Run cargo fmt --all -- --check	2026-04-19T00:05:18.1533035Z  use qssm_gadget::{ConstraintSystem, VarId, VarKind};
Formatting	Run cargo fmt --all -- --check	2026-04-19T00:05:18.1533247Z +use qssm_gadget::{EngineABindingInput, EngineABindingOp};
Formatting	Run cargo fmt --all -- --check	2026-04-19T00:05:18.1533387Z  use qssm_ms::{commit, prove, verify};
Formatting	Run cargo fmt --all -- --check	2026-04-19T00:05:18.1533516Z  use qssm_utils::blake3_hash;
Formatting	Run cargo fmt --all -- --check	2026-04-19T00:05:18.1533604Z  
Formatting	Run cargo fmt --all -- --check	2026-04-19T00:05:18.1533982Z Diff in /home/runner/work/qssm-rs/qssm-rs/truth-engine/qssm-gadget/unit_tests/engine_b_binding_tests.rs:19:
Formatting	Run cargo fmt --all -- --check	2026-04-19T00:05:18.1534069Z  
Formatting	Run cargo fmt --all -- --check	2026-04-19T00:05:18.1534311Z      fn enforce_xor(&mut self, _x: VarId, _y: VarId, _and_xy: VarId, _z: VarId) {}
Formatting	Run cargo fmt --all -- --check	2026-04-19T00:05:18.1534399Z  
Formatting	Run cargo fmt --all -- --check	2026-04-19T00:05:18.1534519Z -    fn enforce_full_adder(
Formatting	Run cargo fmt --all -- --check	2026-04-19T00:05:18.1534623Z -        &mut self,
Formatting	Run cargo fmt --all -- --check	2026-04-19T00:05:18.1534721Z -        _a: VarId,
Formatting	Run cargo fmt --all -- --check	2026-04-19T00:05:18.1534860Z -        _b: VarId,
Formatting	Run cargo fmt --all -- --check	2026-04-19T00:05:18.1534966Z -        _cin: VarId,
Formatting	Run cargo fmt --all -- --check	2026-04-19T00:05:18.1535065Z -        _sum: VarId,
Formatting	Run cargo fmt --all -- --check	2026-04-19T00:05:18.1535164Z -        _cout: VarId,
Formatting	Run cargo fmt --all -- --check	2026-04-19T00:05:18.1535261Z -    ) {
Formatting	Run cargo fmt --all -- --check	2026-04-19T00:05:18.1535556Z +    fn enforce_full_adder(&mut self, _a: VarId, _b: VarId, _cin: VarId, _sum: VarId, _cout: VarId) {
Formatting	Run cargo fmt --all -- --check	2026-04-19T00:05:18.1535813Z      }
Formatting	Run cargo fmt --all -- --check	2026-04-19T00:05:18.1535902Z  
Formatting	Run cargo fmt --all -- --check	2026-04-19T00:05:18.1536084Z      fn enforce_equal(&mut self, _a: VarId, _b: VarId) {}
Formatting	Run cargo fmt --all -- --check	2026-04-19T00:05:18.1536445Z Diff in /home/runner/work/qssm-rs/qssm-rs/truth-engine/qssm-gadget/unit_tests/engine_b_binding_tests.rs:53:
Formatting	Run cargo fmt --all -- --check	2026-04-19T00:05:18.1536714Z      let proof = prove(value, target, &salts, ledger, &context, &rollup).expect("prove");
Formatting	Run cargo fmt --all -- --check	2026-04-19T00:05:18.1536809Z  
Formatting	Run cargo fmt --all -- --check	2026-04-19T00:05:18.1536911Z      assert!(verify(
Formatting	Run cargo fmt --all -- --check	2026-04-19T00:05:18.1537113Z -        root,
Formatting	Run cargo fmt --all -- --check	2026-04-19T00:05:18.1537215Z -        &proof,
Formatting	Run cargo fmt --all -- --check	2026-04-19T00:05:18.1537309Z -        ledger,
Formatting	Run cargo fmt --all -- --check	2026-04-19T00:05:18.1537400Z -        value,
Formatting	Run cargo fmt --all -- --check	2026-04-19T00:05:18.1537493Z -        target,
Formatting	Run cargo fmt --all -- --check	2026-04-19T00:05:18.1537594Z -        &context,
Formatting	Run cargo fmt --all -- --check	2026-04-19T00:05:18.1537689Z -        &rollup,
Formatting	Run cargo fmt --all -- --check	2026-04-19T00:05:18.1537872Z +        root, &proof, ledger, value, target, &context, &rollup,
Formatting	Run cargo fmt --all -- --check	2026-04-19T00:05:18.1537968Z      ));
Formatting	Run cargo fmt --all -- --check	2026-04-19T00:05:18.1538061Z  
Formatting	Run cargo fmt --all -- --check	2026-04-19T00:05:18.1538198Z      let mut input = EngineABindingInput {
Formatting	Run cargo fmt --all -- --check	2026-04-19T00:05:18.1538557Z Diff in /home/runner/work/qssm-rs/qssm-rs/truth-engine/qssm-gadget/unit_tests/engine_b_binding_tests.rs:127:
Formatting	Run cargo fmt --all -- --check	2026-04-19T00:05:18.1538747Z      let mut ctx = PolyOpContext::new("engine_a_binding");
Formatting	Run cargo fmt --all -- --check	2026-04-19T00:05:18.1538906Z      let mut cs = NoopConstraintSystem::default();
Formatting	Run cargo fmt --all -- --check	2026-04-19T00:05:18.1539112Z      let res = op.synthesize_with_context(tampered, &mut cs, &mut ctx);
Formatting	Run cargo fmt --all -- --check	2026-04-19T00:05:18.1539340Z -    assert!(res.is_err(), "tampered relation_digest must fail seam verify");
Formatting	Run cargo fmt --all -- --check	2026-04-19T00:05:18.1539442Z +    assert!(
Formatting	Run cargo fmt --all -- --check	2026-04-19T00:05:18.1539543Z +        res.is_err(),
Formatting	Run cargo fmt --all -- --check	2026-04-19T00:05:18.1539710Z +        "tampered relation_digest must fail seam verify"
Formatting	Run cargo fmt --all -- --check	2026-04-19T00:05:18.1539802Z +    );
Formatting	Run cargo fmt --all -- --check	2026-04-19T00:05:18.1539887Z  }
Formatting	Run cargo fmt --all -- --check	2026-04-19T00:05:18.1539971Z  
Formatting	Run cargo fmt --all -- --check	2026-04-19T00:05:18.1540066Z  #[test]
Formatting	Run cargo fmt --all -- --check	2026-04-19T00:05:18.1540418Z Diff in /home/runner/work/qssm-rs/qssm-rs/truth-engine/qssm-gadget/unit_tests/engine_b_binding_tests.rs:140:
Formatting	Run cargo fmt --all -- --check	2026-04-19T00:05:18.1540605Z      let mut ctx = PolyOpContext::new("engine_a_binding");
Formatting	Run cargo fmt --all -- --check	2026-04-19T00:05:18.1540767Z      let mut cs = NoopConstraintSystem::default();
Formatting	Run cargo fmt --all -- --check	2026-04-19T00:05:18.1540969Z      let res = op.synthesize_with_context(tampered, &mut cs, &mut ctx);
Formatting	Run cargo fmt --all -- --check	2026-04-19T00:05:18.1541187Z -    assert!(res.is_err(), "tampered binding_context must fail seam verify");
Formatting	Run cargo fmt --all -- --check	2026-04-19T00:05:18.1541279Z +    assert!(
Formatting	Run cargo fmt --all -- --check	2026-04-19T00:05:18.1541384Z +        res.is_err(),
Formatting	Run cargo fmt --all -- --check	2026-04-19T00:05:18.1541547Z +        "tampered binding_context must fail seam verify"
Formatting	Run cargo fmt --all -- --check	2026-04-19T00:05:18.1541642Z +    );
Formatting	Run cargo fmt --all -- --check	2026-04-19T00:05:18.1541732Z  }
Formatting	Run cargo fmt --all -- --check	2026-04-19T00:05:18.1541818Z  
Formatting	Run cargo fmt --all -- --check	2026-04-19T00:05:18.1541909Z  #[test]
Formatting	Run cargo fmt --all -- --check	2026-04-19T00:05:18.1542265Z Diff in /home/runner/work/qssm-rs/qssm-rs/truth-engine/qssm-gadget/unit_tests/engine_b_binding_tests.rs:153:
Formatting	Run cargo fmt --all -- --check	2026-04-19T00:05:18.1542667Z      let mut ctx = PolyOpContext::new("engine_a_binding");
Formatting	Run cargo fmt --all -- --check	2026-04-19T00:05:18.1542890Z      let mut cs = NoopConstraintSystem::default();
Formatting	Run cargo fmt --all -- --check	2026-04-19T00:05:18.1543113Z      let res = op.synthesize_with_context(tampered, &mut cs, &mut ctx);
Formatting	Run cargo fmt --all -- --check	2026-04-19T00:05:18.1543353Z -    assert!(res.is_err(), "tampered ms_fs_v2_challenge must fail seam verify");
Formatting	Run cargo fmt --all -- --check	2026-04-19T00:05:18.1543443Z +    assert!(
Formatting	Run cargo fmt --all -- --check	2026-04-19T00:05:18.1543541Z +        res.is_err(),
Formatting	Run cargo fmt --all -- --check	2026-04-19T00:05:18.1543844Z +        "tampered ms_fs_v2_challenge must fail seam verify"
Formatting	Run cargo fmt --all -- --check	2026-04-19T00:05:18.1544015Z +    );
Formatting	Run cargo fmt --all -- --check	2026-04-19T00:05:18.1544168Z  }
Formatting	Run cargo fmt --all -- --check	2026-04-19T00:05:18.1544323Z  
Formatting	Run cargo fmt --all -- --check	2026-04-19T00:05:18.1544496Z  #[test]
Formatting	Run cargo fmt --all -- --check	2026-04-19T00:05:18.1545042Z Diff in /home/runner/work/qssm-rs/qssm-rs/truth-engine/qssm-gadget/unit_tests/engine_b_binding_tests.rs:166:
Formatting	Run cargo fmt --all -- --check	2026-04-19T00:05:18.1545247Z      let mut ctx = PolyOpContext::new("engine_a_binding");
Formatting	Run cargo fmt --all -- --check	2026-04-19T00:05:18.1545414Z      let mut cs = NoopConstraintSystem::default();
Formatting	Run cargo fmt --all -- --check	2026-04-19T00:05:18.1545617Z      let res = op.synthesize_with_context(tampered, &mut cs, &mut ctx);
Formatting	Run cargo fmt --all -- --check	2026-04-19T00:05:18.1545894Z -    assert!(res.is_err(), "tampered claimed_seam_commitment must fail commit-then-open");
Formatting	Run cargo fmt --all -- --check	2026-04-19T00:05:18.1546154Z +    assert!(
Formatting	Run cargo fmt --all -- --check	2026-04-19T00:05:18.1546263Z +        res.is_err(),
Formatting	Run cargo fmt --all -- --check	2026-04-19T00:05:18.1546481Z +        "tampered claimed_seam_commitment must fail commit-then-open"
Formatting	Run cargo fmt --all -- --check	2026-04-19T00:05:18.1546569Z +    );
Formatting	Run cargo fmt --all -- --check	2026-04-19T00:05:18.1546660Z  }
Formatting	Run cargo fmt --all -- --check	2026-04-19T00:05:18.1546748Z  
Formatting	Run cargo fmt --all -- --check	2026-04-19T00:05:18.1546839Z  #[test]
Formatting	Run cargo fmt --all -- --check	2026-04-19T00:05:18.1547217Z Diff in /home/runner/work/qssm-rs/qssm-rs/truth-engine/qssm-gadget/unit_tests/engine_b_binding_tests.rs:223:
Formatting	Run cargo fmt --all -- --check	2026-04-19T00:05:18.1547410Z      let mut ctx = PolyOpContext::new("engine_a_binding");
Formatting	Run cargo fmt --all -- --check	2026-04-19T00:05:18.1547685Z      let mut cs = NoopConstraintSystem::default();
Formatting	Run cargo fmt --all -- --check	2026-04-19T00:05:18.1547890Z      let res = op.synthesize_with_context(tampered, &mut cs, &mut ctx);
Formatting	Run cargo fmt --all -- --check	2026-04-19T00:05:18.1548135Z -    assert!(res.is_err(), "byte-swap within state_root must fail seam verify");
Formatting	Run cargo fmt --all -- --check	2026-04-19T00:05:18.1548227Z +    assert!(
Formatting	Run cargo fmt --all -- --check	2026-04-19T00:05:18.1548331Z +        res.is_err(),
Formatting	Run cargo fmt --all -- --check	2026-04-19T00:05:18.1548516Z +        "byte-swap within state_root must fail seam verify"
Formatting	Run cargo fmt --all -- --check	2026-04-19T00:05:18.1548605Z +    );
Formatting	Run cargo fmt --all -- --check	2026-04-19T00:05:18.1548691Z  }
Formatting	Run cargo fmt --all -- --check	2026-04-19T00:05:18.1548776Z  
Formatting	Run cargo fmt --all -- --check	2026-04-19T00:05:18.1548873Z  #[test]
Formatting	Run cargo fmt --all -- --check	2026-04-19T00:05:18.1549229Z Diff in /home/runner/work/qssm-rs/qssm-rs/truth-engine/qssm-gadget/unit_tests/engine_b_binding_tests.rs:236:
Formatting	Run cargo fmt --all -- --check	2026-04-19T00:05:18.1549407Z      let mut ctx = PolyOpContext::new("engine_a_binding");
Formatting	Run cargo fmt --all -- --check	2026-04-19T00:05:18.1549575Z      let mut cs = NoopConstraintSystem::default();
Formatting	Run cargo fmt --all -- --check	2026-04-19T00:05:18.1549775Z      let res = op.synthesize_with_context(tampered, &mut cs, &mut ctx);
Formatting	Run cargo fmt --all -- --check	2026-04-19T00:05:18.1549998Z -    assert!(res.is_err(), "all-zero device_entropy_link must be rejected");
Formatting	Run cargo fmt --all -- --check	2026-04-19T00:05:18.1550096Z +    assert!(
Formatting	Run cargo fmt --all -- --check	2026-04-19T00:05:18.1550197Z +        res.is_err(),
Formatting	Run cargo fmt --all -- --check	2026-04-19T00:05:18.1550361Z +        "all-zero device_entropy_link must be rejected"
Formatting	Run cargo fmt --all -- --check	2026-04-19T00:05:18.1550449Z +    );
Formatting	Run cargo fmt --all -- --check	2026-04-19T00:05:18.1550541Z  }
Formatting	Run cargo fmt --all -- --check	2026-04-19T00:05:18.1550627Z  
Formatting	Run cargo fmt --all -- --check	2026-04-19T00:05:18.1550727Z  #[test]
Formatting	Run cargo fmt --all -- --check	2026-04-19T00:05:18.1551088Z Diff in /home/runner/work/qssm-rs/qssm-rs/truth-engine/qssm-gadget/unit_tests/engine_b_binding_tests.rs:262:
Formatting	Run cargo fmt --all -- --check	2026-04-19T00:05:18.1551265Z      let mut ctx = PolyOpContext::new("engine_a_binding");
Formatting	Run cargo fmt --all -- --check	2026-04-19T00:05:18.1551425Z      let mut cs = NoopConstraintSystem::default();
Formatting	Run cargo fmt --all -- --check	2026-04-19T00:05:18.1551744Z      let res = op.synthesize_with_context(tampered, &mut cs, &mut ctx);
Formatting	Run cargo fmt --all -- --check	2026-04-19T00:05:18.1552140Z -    assert!(res.is_err(), "tampered entropy_anchor must fail seam verify");
Formatting	Run cargo fmt --all -- --check	2026-04-19T00:05:18.1552242Z +    assert!(
Formatting	Run cargo fmt --all -- --check	2026-04-19T00:05:18.1552355Z +        res.is_err(),
Formatting	Run cargo fmt --all -- --check	2026-04-19T00:05:18.1552660Z +        "tampered entropy_anchor must fail seam verify"
Formatting	Run cargo fmt --all -- --check	2026-04-19T00:05:18.1552754Z +    );
Formatting	Run cargo fmt --all -- --check	2026-04-19T00:05:18.1552841Z  }
Formatting	Run cargo fmt --all -- --check	2026-04-19T00:05:18.1552927Z  
Formatting	Run cargo fmt --all -- --check	2026-04-19T00:05:18.1553022Z  #[test]
Formatting	Run cargo fmt --all -- --check	2026-04-19T00:05:18.1553422Z Diff in /home/runner/work/qssm-rs/qssm-rs/truth-engine/qssm-gadget/unit_tests/full_merkle_parent_parity.rs:27:
Formatting	Run cargo fmt --all -- --check	2026-04-19T00:05:18.1553657Z          self.constraint_count = self.constraint_count.saturating_add(1);
Formatting	Run cargo fmt --all -- --check	2026-04-19T00:05:18.1553746Z      }
Formatting	Run cargo fmt --all -- --check	2026-04-19T00:05:18.1553831Z  
Formatting	Run cargo fmt --all -- --check	2026-04-19T00:05:18.1553947Z -    fn enforce_full_adder(
Formatting	Run cargo fmt --all -- --check	2026-04-19T00:05:18.1554052Z -        &mut self,
Formatting	Run cargo fmt --all -- --check	2026-04-19T00:05:18.1554149Z -        _a: VarId,
Formatting	Run cargo fmt --all -- --check	2026-04-19T00:05:18.1554246Z -        _b: VarId,
Formatting	Run cargo fmt --all -- --check	2026-04-19T00:05:18.1554344Z -        _cin: VarId,
Formatting	Run cargo fmt --all -- --check	2026-04-19T00:05:18.1554448Z -        _sum: VarId,
Formatting	Run cargo fmt --all -- --check	2026-04-19T00:05:18.1554549Z -        _cout: VarId,
Formatting	Run cargo fmt --all -- --check	2026-04-19T00:05:18.1554640Z -    ) {
Formatting	Run cargo fmt --all -- --check	2026-04-19T00:05:18.1554945Z +    fn enforce_full_adder(&mut self, _a: VarId, _b: VarId, _cin: VarId, _sum: VarId, _cout: VarId) {
Formatting	Run cargo fmt --all -- --check	2026-04-19T00:05:18.1555165Z          self.constraint_count = self.constraint_count.saturating_add(1);
Formatting	Run cargo fmt --all -- --check	2026-04-19T00:05:18.1555252Z      }
Formatting	Run cargo fmt --all -- --check	2026-04-19T00:05:18.1555342Z  
Formatting	Run cargo fmt --all -- --check	2026-04-19T00:05:18.1555699Z Diff in /home/runner/work/qssm-rs/qssm-rs/truth-engine/qssm-gadget/unit_tests/merkle_adversarial_tests.rs:34:
Formatting	Run cargo fmt --all -- --check	2026-04-19T00:05:18.1555849Z      let (mut w, expected) = build_valid_witness();
Formatting	Run cargo fmt --all -- --check	2026-04-19T00:05:18.1556162Z      w.siblings.swap(0, 1);
Formatting	Run cargo fmt --all -- --check	2026-04-19T00:05:18.1556304Z      let got = w.recompute_root().unwrap();
Formatting	Run cargo fmt --all -- --check	2026-04-19T00:05:18.1556542Z -    assert_ne!(got, expected, "swapped siblings must produce different root");
Formatting	Run cargo fmt --all -- --check	2026-04-19T00:05:18.1556639Z +    assert_ne!(
Formatting	Run cargo fmt --all -- --check	2026-04-19T00:05:18.1556749Z +        got, expected,
Formatting	Run cargo fmt --all -- --check	2026-04-19T00:05:18.1556912Z +        "swapped siblings must produce different root"
Formatting	Run cargo fmt --all -- --check	2026-04-19T00:05:18.1556999Z +    );
Formatting	Run cargo fmt --all -- --check	2026-04-19T00:05:18.1557087Z  }
Formatting	Run cargo fmt --all -- --check	2026-04-19T00:05:18.1557176Z  
Formatting	Run cargo fmt --all -- --check	2026-04-19T00:05:18.1557264Z  #[test]
Formatting	Run cargo fmt --all -- --check	2026-04-19T00:05:18.1557734Z Diff in /home/runner/work/qssm-rs/qssm-rs/truth-engine/qssm-gadget/unit_tests/merkle_adversarial_tests.rs:45:
Formatting	Run cargo fmt --all -- --check	2026-04-19T00:05:18.1557840Z          *s = dup;
Formatting	Run cargo fmt --all -- --check	2026-04-19T00:05:18.1557928Z      }
Formatting	Run cargo fmt --all -- --check	2026-04-19T00:05:18.1558143Z      let got = w.recompute_root().unwrap();
Formatting	Run cargo fmt --all -- --check	2026-04-19T00:05:18.1558592Z -    assert_ne!(got, expected, "duplicate siblings must produce different root");
Formatting	Run cargo fmt --all -- --check	2026-04-19T00:05:18.1558802Z +    assert_ne!(
Formatting	Run cargo fmt --all -- --check	2026-04-19T00:05:18.1558993Z +        got, expected,
Formatting	Run cargo fmt --all -- --check	2026-04-19T00:05:18.1559290Z +        "duplicate siblings must produce different root"
Formatting	Run cargo fmt --all -- --check	2026-04-19T00:05:18.1559395Z +    );
Formatting	Run cargo fmt --all -- --check	2026-04-19T00:05:18.1559484Z  }
Formatting	Run cargo fmt --all -- --check	2026-04-19T00:05:18.1559569Z  
Formatting	Run cargo fmt --all -- --check	2026-04-19T00:05:18.1559659Z  #[test]
Formatting	Run cargo fmt --all -- --check	2026-04-19T00:05:18.1560071Z Diff in /home/runner/work/qssm-rs/qssm-rs/truth-engine/qssm-gadget/unit_tests/ms_merkle_roundtrip.rs:1:
Formatting	Run cargo fmt --all -- --check	2026-04-19T00:05:18.1560614Z  //! Merkle `recompute_root` matches `qssm-ms` commit root (Phase 0 + hash chain).
Formatting	Run cargo fmt --all -- --check	2026-04-19T00:05:18.1560708Z  
Formatting	Run cargo fmt --all -- --check	2026-04-19T00:05:18.1560859Z -use qssm_gadget::{
Formatting	Run cargo fmt --all -- --check	2026-04-19T00:05:18.1561106Z -    assert_ms_leaf_index_matches_opening, MerklePathWitness, MERKLE_DEPTH_MS,
Formatting	Run cargo fmt --all -- --check	2026-04-19T00:05:18.1561193Z -};
Formatting	Run cargo fmt --all -- --check	2026-04-19T00:05:18.1561329Z  use qssm_gadget::GadgetError;
Formatting	Run cargo fmt --all -- --check	2026-04-19T00:05:18.1561630Z +use qssm_gadget::{assert_ms_leaf_index_matches_opening, MerklePathWitness, MERKLE_DEPTH_MS};
Formatting	Run cargo fmt --all -- --check	2026-04-19T00:05:18.1561755Z  use qssm_ms::{commit, prove};
Formatting	Run cargo fmt --all -- --check	2026-04-19T00:05:18.1561933Z  use qssm_utils::hashing::{hash_domain, DOMAIN_MS};
Formatting	Run cargo fmt --all -- --check	2026-04-19T00:05:18.1562028Z  
Formatting	Run cargo fmt --all -- --check	2026-04-19T00:05:18.1574473Z Diff in /home/runner/work/qssm-rs/qssm-rs/truth-engine/qssm-gadget/unit_tests/sovereign_digest_golden.rs:1:
Formatting	Run cargo fmt --all -- --check	2026-04-19T00:05:18.1574849Z  //! Phase 3 golden vector + tamper: truth digest and normative 30-bit LE limb.
Formatting	Run cargo fmt --all -- --check	2026-04-19T00:05:18.1574952Z  
Formatting	Run cargo fmt --all -- --check	2026-04-19T00:05:18.1575078Z  use qssm_gadget::{
Formatting	Run cargo fmt --all -- --check	2026-04-19T00:05:18.1575354Z -    encode_proof_metadata_v2, message_limb_from_truth_digest_normative, truth_digest,
Formatting	Run cargo fmt --all -- --check	2026-04-19T00:05:18.1575497Z -    TruthWitness, DOMAIN_TRUTH_LIMB_V2,
Formatting	Run cargo fmt --all -- --check	2026-04-19T00:05:18.1575833Z +    encode_proof_metadata_v2, message_limb_from_truth_digest_normative, truth_digest, TruthWitness,
Formatting	Run cargo fmt --all -- --check	2026-04-19T00:05:18.1575950Z +    DOMAIN_TRUTH_LIMB_V2,
Formatting	Run cargo fmt --all -- --check	2026-04-19T00:05:18.1576043Z  };
Formatting	Run cargo fmt --all -- --check	2026-04-19T00:05:18.1576166Z  use qssm_le::PublicInstance;
Formatting	Run cargo fmt --all -- --check	2026-04-19T00:05:18.1576300Z  use qssm_utils::hashing::hash_domain;
Formatting	Run cargo fmt --all -- --check	2026-04-19T00:05:18.1576710Z Diff in /home/runner/work/qssm-rs/qssm-rs/truth-engine/qssm-gadget/unit_tests/sovereign_digest_golden.rs:119:
Formatting	Run cargo fmt --all -- --check	2026-04-19T00:05:18.1576919Z      // Tamper the embedded digest in the serialized template.
Formatting	Run cargo fmt --all -- --check	2026-04-19T00:05:18.1577093Z      let fake_digest = hex::encode([0xFFu8; 32]);
Formatting	Run cargo fmt --all -- --check	2026-04-19T00:05:18.1577311Z      let tampered = json_str.replace(embedded_digest_hex, &fake_digest);
Formatting	Run cargo fmt --all -- --check	2026-04-19T00:05:18.1577553Z -    assert_ne!(tampered, json_str, "tampering must modify the JSON template");
Formatting	Run cargo fmt --all -- --check	2026-04-19T00:05:18.1577652Z +    assert_ne!(
Formatting	Run cargo fmt --all -- --check	2026-04-19T00:05:18.1577766Z +        tampered, json_str,
Formatting	Run cargo fmt --all -- --check	2026-04-19T00:05:18.1577915Z +        "tampering must modify the JSON template"
Formatting	Run cargo fmt --all -- --check	2026-04-19T00:05:18.1578010Z +    );
Formatting	Run cargo fmt --all -- --check	2026-04-19T00:05:18.1578096Z  
Formatting	Run cargo fmt --all -- --check	2026-04-19T00:05:18.1578353Z      // The tampered template no longer matches the witness's authenticated digest.
Formatting	Run cargo fmt --all -- --check	2026-04-19T00:05:18.1578611Z      let tampered_val: serde_json::Value = serde_json::from_str(&tampered).unwrap();
Formatting	Run cargo fmt --all -- --check	2026-04-19T00:05:18.1614559Z Diff in /home/runner/work/qssm-rs/qssm-rs/truth-engine/qssm-le/src/algebra/ring.rs:167:
Formatting	Run cargo fmt --all -- --check	2026-04-19T00:05:18.1615058Z  pub fn encode_rq_coeffs_le(p: &RqPoly) -> [u8; N * 4] {
Formatting	Run cargo fmt --all -- --check	2026-04-19T00:05:18.1615218Z      let mut out = [0u8; N * 4];
Formatting	Run cargo fmt --all -- --check	2026-04-19T00:05:18.1615385Z      for (i, c) in p.0.iter().enumerate() {
Formatting	Run cargo fmt --all -- --check	2026-04-19T00:05:18.1615742Z -        debug_assert!(c < &Q, "encode_rq_coeffs_le: non-canonical coefficient at index {i}");
Formatting	Run cargo fmt --all -- --check	2026-04-19T00:05:18.1615878Z +        debug_assert!(
Formatting	Run cargo fmt --all -- --check	2026-04-19T00:05:18.1615995Z +            c < &Q,
Formatting	Run cargo fmt --all -- --check	2026-04-19T00:05:18.1616269Z +            "encode_rq_coeffs_le: non-canonical coefficient at index {i}"
Formatting	Run cargo fmt --all -- --check	2026-04-19T00:05:18.1616524Z +        );
Formatting	Run cargo fmt --all -- --check	2026-04-19T00:05:18.1616742Z          out[i * 4..(i + 1) * 4].copy_from_slice(&c.to_le_bytes());
Formatting	Run cargo fmt --all -- --check	2026-04-19T00:05:18.1616849Z      }
Formatting	Run cargo fmt --all -- --check	2026-04-19T00:05:18.1616961Z      out
Formatting	Run cargo fmt --all -- --check	2026-04-19T00:05:18.1621083Z Diff in /home/runner/work/qssm-rs/qssm-rs/truth-engine/qssm-le/src/lib.rs:27:
Formatting	Run cargo fmt --all -- --check	2026-04-19T00:05:18.1621339Z  pub use crs::VerifyingKey;
Formatting	Run cargo fmt --all -- --check	2026-04-19T00:05:18.1621548Z  pub use error::LeError;
Formatting	Run cargo fmt --all -- --check	2026-04-19T00:05:18.1621752Z  pub use protocol::commit::{
Formatting	Run cargo fmt --all -- --check	2026-04-19T00:05:18.1622007Z -    commit_mlwe, verify_lattice_algebraic, Commitment, CommitmentRandomness,
Formatting	Run cargo fmt --all -- --check	2026-04-19T00:05:18.1622203Z -    LatticeProof, PublicBinding, PublicInstance, Witness,
Formatting	Run cargo fmt --all -- --check	2026-04-19T00:05:18.1622795Z +    commit_mlwe, verify_lattice_algebraic, Commitment, CommitmentRandomness, LatticeProof,
Formatting	Run cargo fmt --all -- --check	2026-04-19T00:05:18.1622959Z +    PublicBinding, PublicInstance, Witness,
Formatting	Run cargo fmt --all -- --check	2026-04-19T00:05:18.1623047Z  };
Formatting	Run cargo fmt --all -- --check	2026-04-19T00:05:18.1623338Z  // prove_with_witness is intentionally NOT re-exported. It accepts an arbitrary
Formatting	Run cargo fmt --all -- --check	2026-04-19T00:05:18.1623592Z  // RngCore, which would let external callers inject a weak/biased RNG and defeat
Formatting	Run cargo fmt --all -- --check	2026-04-19T00:05:18.1623833Z Diff in /home/runner/work/qssm-rs/qssm-rs/truth-engine/qssm-le/src/lib.rs:35:
Formatting	Run cargo fmt --all -- --check	2026-04-19T00:05:18.1624066Z  // the rejection sampling security guarantee. Use prove_arithmetic instead.
Formatting	Run cargo fmt --all -- --check	2026-04-19T00:05:18.1624252Z  pub(crate) use protocol::commit::prove_with_witness;
Formatting	Run cargo fmt --all -- --check	2026-04-19T00:05:18.1624385Z  pub use protocol::params::{
Formatting	Run cargo fmt --all -- --check	2026-04-19T00:05:18.1624539Z -    BETA, C_POLY_SIZE, C_POLY_SPAN, ETA, GAMMA, N,
Formatting	Run cargo fmt --all -- --check	2026-04-19T00:05:18.1624715Z -    PUBLIC_DIGEST_COEFFS, PUBLIC_DIGEST_COEFF_MAX, Q,
Formatting	Run cargo fmt --all -- --check	2026-04-19T00:05:18.1625015Z +    BETA, C_POLY_SIZE, C_POLY_SPAN, ETA, GAMMA, N, PUBLIC_DIGEST_COEFFS, PUBLIC_DIGEST_COEFF_MAX, Q,
Formatting	Run cargo fmt --all -- --check	2026-04-19T00:05:18.1625102Z  };
Formatting	Run cargo fmt --all -- --check	2026-04-19T00:05:18.1625293Z  pub use qssm_utils::LE_FS_PUBLIC_BINDING_LAYOUT_VERSION;
Formatting	Run cargo fmt --all -- --check	2026-04-19T00:05:18.1625378Z  
Formatting	Run cargo fmt --all -- --check	2026-04-19T00:05:18.1625625Z Diff in /home/runner/work/qssm-rs/qssm-rs/truth-engine/qssm-le/src/lib.rs:69:
Formatting	Run cargo fmt --all -- --check	2026-04-19T00:05:18.1625790Z  ) -> Result<(Commitment, LatticeProof), LeError> {
Formatting	Run cargo fmt --all -- --check	2026-04-19T00:05:18.1625965Z      let commitment = commit_mlwe(vk, public, witness)?;
Formatting	Run cargo fmt --all -- --check	2026-04-19T00:05:18.1626103Z      let mut rng = Blake3Rng::new(rng_seed);
Formatting	Run cargo fmt --all -- --check	2026-04-19T00:05:18.1626229Z -    let proof = prove_with_witness(
Formatting	Run cargo fmt --all -- --check	2026-04-19T00:05:18.1626327Z -        vk,
Formatting	Run cargo fmt --all -- --check	2026-04-19T00:05:18.1626420Z -        public,
Formatting	Run cargo fmt --all -- --check	2026-04-19T00:05:18.1626515Z -        witness,
Formatting	Run cargo fmt --all -- --check	2026-04-19T00:05:18.1626621Z -        &commitment,
Formatting	Run cargo fmt --all -- --check	2026-04-19T00:05:18.1626734Z -        binding_context,
Formatting	Run cargo fmt --all -- --check	2026-04-19T00:05:18.1626829Z -        &mut rng,
Formatting	Run cargo fmt --all -- --check	2026-04-19T00:05:18.1626915Z -    )?;
Formatting	Run cargo fmt --all -- --check	2026-04-19T00:05:18.1627218Z +    let proof = prove_with_witness(vk, public, witness, &commitment, binding_context, &mut rng)?;
Formatting	Run cargo fmt --all -- --check	2026-04-19T00:05:18.1627332Z      Ok((commitment, proof))
Formatting	Run cargo fmt --all -- --check	2026-04-19T00:05:18.1627416Z  }
Formatting	Run cargo fmt --all -- --check	2026-04-19T00:05:18.1627499Z  
Formatting	Run cargo fmt --all -- --check	2026-04-19T00:05:18.1649287Z Diff in /home/runner/work/qssm-rs/qssm-rs/truth-engine/qssm-le/src/protocol/commit.rs:13:
Formatting	Run cargo fmt --all -- --check	2026-04-19T00:05:18.1649421Z  };
Formatting	Run cargo fmt --all -- --check	2026-04-19T00:05:18.1649610Z  use crate::crs::VerifyingKey;
Formatting	Run cargo fmt --all -- --check	2026-04-19T00:05:18.1649774Z  use crate::protocol::params::{
Formatting	Run cargo fmt --all -- --check	2026-04-19T00:05:18.1650043Z -    BETA, C_POLY_SIZE, C_POLY_SPAN, ETA, GAMMA, MAX_PROVER_ATTEMPTS, N,
Formatting	Run cargo fmt --all -- --check	2026-04-19T00:05:18.1650270Z -    PUBLIC_DIGEST_COEFFS, PUBLIC_DIGEST_COEFF_MAX, Q,
Formatting	Run cargo fmt --all -- --check	2026-04-19T00:05:18.1650624Z +    BETA, C_POLY_SIZE, C_POLY_SPAN, ETA, GAMMA, MAX_PROVER_ATTEMPTS, N, PUBLIC_DIGEST_COEFFS,
Formatting	Run cargo fmt --all -- --check	2026-04-19T00:05:18.1650979Z +    PUBLIC_DIGEST_COEFF_MAX, Q,
Formatting	Run cargo fmt --all -- --check	2026-04-19T00:05:18.1651085Z  };
Formatting	Run cargo fmt --all -- --check	2026-04-19T00:05:18.1651311Z  use crate::LeError;
Formatting	Run cargo fmt --all -- --check	2026-04-19T00:05:18.1651509Z  
Formatting	Run cargo fmt --all -- --check	2026-04-19T00:05:18.1651984Z Diff in /home/runner/work/qssm-rs/qssm-rs/truth-engine/qssm-le/src/protocol/commit.rs:88:
Formatting	Run cargo fmt --all -- --check	2026-04-19T00:05:18.1652096Z  
Formatting	Run cargo fmt --all -- --check	2026-04-19T00:05:18.1652267Z  impl core::fmt::Debug for Witness {
Formatting	Run cargo fmt --all -- --check	2026-04-19T00:05:18.1652802Z      fn fmt(&self, f: &mut core::fmt::Formatter<'_>) -> core::fmt::Result {
Formatting	Run cargo fmt --all -- --check	2026-04-19T00:05:18.1653035Z -        f.debug_struct("Witness")
Formatting	Run cargo fmt --all -- --check	2026-04-19T00:05:18.1653192Z -            .field("r", &"[REDACTED]")
Formatting	Run cargo fmt --all -- --check	2026-04-19T00:05:18.1653505Z -            .finish()
Formatting	Run cargo fmt --all -- --check	2026-04-19T00:05:18.1653753Z +        f.debug_struct("Witness").field("r", &"[REDACTED]").finish()
Formatting	Run cargo fmt --all -- --check	2026-04-19T00:05:18.1653866Z      }
Formatting	Run cargo fmt --all -- --check	2026-04-19T00:05:18.1653971Z  }
Formatting	Run cargo fmt --all -- --check	2026-04-19T00:05:18.1654075Z  
Formatting	Run cargo fmt --all -- --check	2026-04-19T00:05:18.1654435Z Diff in /home/runner/work/qssm-rs/qssm-rs/truth-engine/qssm-le/src/protocol/commit.rs:439:
Formatting	Run cargo fmt --all -- --check	2026-04-19T00:05:18.1654599Z      let a = vk.matrix_a_poly();
Formatting	Run cargo fmt --all -- --check	2026-04-19T00:05:18.1654753Z      let mu = mu_from_public(public);
Formatting	Run cargo fmt --all -- --check	2026-04-19T00:05:18.1654901Z      let u = commitment.0.sub(&mu);
Formatting	Run cargo fmt --all -- --check	2026-04-19T00:05:18.1655041Z -    let challenge_seed =
Formatting	Run cargo fmt --all -- --check	2026-04-19T00:05:18.1655335Z -        fs_challenge_bytes(binding_context, vk, public, commitment, &proof.t);
Formatting	Run cargo fmt --all -- --check	2026-04-19T00:05:18.1655707Z +    let challenge_seed = fs_challenge_bytes(binding_context, vk, public, commitment, &proof.t);
Formatting	Run cargo fmt --all -- --check	2026-04-19T00:05:18.1655975Z      if challenge_seed.ct_eq(&proof.challenge_seed).unwrap_u8() == 0 {
Formatting	Run cargo fmt --all -- --check	2026-04-19T00:05:18.1656165Z          return Err(LeError::DomainMismatch);
Formatting	Run cargo fmt --all -- --check	2026-04-19T00:05:18.1656283Z      }
Formatting	Run cargo fmt --all -- --check	2026-04-19T00:05:18.1668566Z Diff in /home/runner/work/qssm-rs/qssm-rs/truth-engine/qssm-le/unit_tests/adversarial_lattice.rs:1:
Formatting	Run cargo fmt --all -- --check	2026-04-19T00:05:18.1668817Z  use std::mem::MaybeUninit;
Formatting	Run cargo fmt --all -- --check	2026-04-19T00:05:18.1668974Z  
Formatting	Run cargo fmt --all -- --check	2026-04-19T00:05:18.1669143Z  use qssm_le::{
Formatting	Run cargo fmt --all -- --check	2026-04-19T00:05:18.1669481Z -    encode_rq_coeffs_le, verify_lattice, Commitment, CommitmentRandomness, LatticeProof, LeError,
Formatting	Run cargo fmt --all -- --check	2026-04-19T00:05:18.1669817Z -    PublicBinding, PublicInstance, RqPoly, ScrubbedPoly, VerifyingKey, Witness, GAMMA, N, Q,
Formatting	Run cargo fmt --all -- --check	2026-04-19T00:05:18.1669959Z -    PUBLIC_DIGEST_COEFFS, prove_arithmetic,
Formatting	Run cargo fmt --all -- --check	2026-04-19T00:05:18.1670257Z +    encode_rq_coeffs_le, prove_arithmetic, verify_lattice, Commitment, CommitmentRandomness,
Formatting	Run cargo fmt --all -- --check	2026-04-19T00:05:18.1670562Z +    LatticeProof, LeError, PublicBinding, PublicInstance, RqPoly, ScrubbedPoly, VerifyingKey,
Formatting	Run cargo fmt --all -- --check	2026-04-19T00:05:18.1670705Z +    Witness, GAMMA, N, PUBLIC_DIGEST_COEFFS, Q,
Formatting	Run cargo fmt --all -- --check	2026-04-19T00:05:18.1670792Z  };
Formatting	Run cargo fmt --all -- --check	2026-04-19T00:05:18.1670935Z  use qssm_utils::hashing::DOMAIN_MS;
Formatting	Run cargo fmt --all -- --check	2026-04-19T00:05:18.1671051Z  
Formatting	Run cargo fmt --all -- --check	2026-04-19T00:05:18.1671387Z Diff in /home/runner/work/qssm-rs/qssm-rs/truth-engine/qssm-le/unit_tests/adversarial_lattice.rs:101:
Formatting	Run cargo fmt --all -- --check	2026-04-19T00:05:18.1671533Z          std::ptr::drop_in_place(ptr);
Formatting	Run cargo fmt --all -- --check	2026-04-19T00:05:18.1671872Z          // Read raw bytes — ZeroizeOnDrop should have zeroed the coeffs field.
Formatting	Run cargo fmt --all -- --check	2026-04-19T00:05:18.1672014Z          let raw = std::ptr::read(ptr);
Formatting	Run cargo fmt --all -- --check	2026-04-19T00:05:18.1672271Z -        assert_eq!(raw.as_public().0[0], 0, "ScrubbedPoly must be zeroed after drop");
Formatting	Run cargo fmt --all -- --check	2026-04-19T00:05:18.1672839Z -        assert_eq!(raw.as_public().0[N - 1], 0, "ScrubbedPoly must be zeroed after drop");
Formatting	Run cargo fmt --all -- --check	2026-04-19T00:05:18.1672958Z +        assert_eq!(
Formatting	Run cargo fmt --all -- --check	2026-04-19T00:05:18.1673083Z +            raw.as_public().0[0],
Formatting	Run cargo fmt --all -- --check	2026-04-19T00:05:18.1673178Z +            0,
Formatting	Run cargo fmt --all -- --check	2026-04-19T00:05:18.1673332Z +            "ScrubbedPoly must be zeroed after drop"
Formatting	Run cargo fmt --all -- --check	2026-04-19T00:05:18.1673423Z +        );
Formatting	Run cargo fmt --all -- --check	2026-04-19T00:05:18.1673534Z +        assert_eq!(
Formatting	Run cargo fmt --all -- --check	2026-04-19T00:05:18.1673675Z +            raw.as_public().0[N - 1],
Formatting	Run cargo fmt --all -- --check	2026-04-19T00:05:18.1673769Z +            0,
Formatting	Run cargo fmt --all -- --check	2026-04-19T00:05:18.1673923Z +            "ScrubbedPoly must be zeroed after drop"
Formatting	Run cargo fmt --all -- --check	2026-04-19T00:05:18.1674013Z +        );
Formatting	Run cargo fmt --all -- --check	2026-04-19T00:05:18.1674133Z          std::mem::forget(raw);
Formatting	Run cargo fmt --all -- --check	2026-04-19T00:05:18.1674220Z      }
Formatting	Run cargo fmt --all -- --check	2026-04-19T00:05:18.1674312Z  }
Formatting	Run cargo fmt --all -- --check	2026-04-19T00:05:18.1674662Z Diff in /home/runner/work/qssm-rs/qssm-rs/truth-engine/qssm-le/unit_tests/adversarial_lattice.rs:207:
Formatting	Run cargo fmt --all -- --check	2026-04-19T00:05:18.1674965Z  fn witness_debug_is_redacted() {
Formatting	Run cargo fmt --all -- --check	2026-04-19T00:05:18.1675103Z      let w = Witness::new([7i32; N]);
Formatting	Run cargo fmt --all -- --check	2026-04-19T00:05:18.1675227Z      let debug_str = format!("{:?}", w);
Formatting	Run cargo fmt --all -- --check	2026-04-19T00:05:18.1675518Z -    assert!(debug_str.contains("[REDACTED]"), "Witness Debug must not leak coefficients");
Formatting	Run cargo fmt --all -- --check	2026-04-19T00:05:18.1675807Z -    assert!(!debug_str.contains("7, 7"), "Witness Debug must not contain coefficient values");
Formatting	Run cargo fmt --all -- --check	2026-04-19T00:05:18.1675901Z +    assert!(
Formatting	Run cargo fmt --all -- --check	2026-04-19T00:05:18.1676143Z +        debug_str.contains("[REDACTED]"),
Formatting	Run cargo fmt --all -- --check	2026-04-19T00:05:18.1676295Z +        "Witness Debug must not leak coefficients"
Formatting	Run cargo fmt --all -- --check	2026-04-19T00:05:18.1676390Z +    );
Formatting	Run cargo fmt --all -- --check	2026-04-19T00:05:18.1676481Z +    assert!(
Formatting	Run cargo fmt --all -- --check	2026-04-19T00:05:18.1676602Z +        !debug_str.contains("7, 7"),
Formatting	Run cargo fmt --all -- --check	2026-04-19T00:05:18.1676778Z +        "Witness Debug must not contain coefficient values"
Formatting	Run cargo fmt --all -- --check	2026-04-19T00:05:18.1676865Z +    );
Formatting	Run cargo fmt --all -- --check	2026-04-19T00:05:18.1676957Z  }
Formatting	Run cargo fmt --all -- --check	2026-04-19T00:05:18.1677041Z  
Formatting	Run cargo fmt --all -- --check	2026-04-19T00:05:18.1677138Z  #[test]
Formatting	Run cargo fmt --all -- --check	2026-04-19T00:05:18.1677475Z Diff in /home/runner/work/qssm-rs/qssm-rs/truth-engine/qssm-le/unit_tests/adversarial_lattice.rs:215:
Formatting	Run cargo fmt --all -- --check	2026-04-19T00:05:18.1677629Z  fn commitment_randomness_debug_is_redacted() {
Formatting	Run cargo fmt --all -- --check	2026-04-19T00:05:18.1677794Z      let cr = CommitmentRandomness::new([3i32; N]);
Formatting	Run cargo fmt --all -- --check	2026-04-19T00:05:18.1677916Z      let debug_str = format!("{:?}", cr);
Formatting	Run cargo fmt --all -- --check	2026-04-19T00:05:18.1678247Z -    assert!(debug_str.contains("[REDACTED]"), "CommitmentRandomness Debug must not leak coefficients");
Formatting	Run cargo fmt --all -- --check	2026-04-19T00:05:18.1678600Z -    assert!(!debug_str.contains("3, 3"), "CommitmentRandomness Debug must not contain coefficient values");
Formatting	Run cargo fmt --all -- --check	2026-04-19T00:05:18.1678692Z +    assert!(
Formatting	Run cargo fmt --all -- --check	2026-04-19T00:05:18.1678818Z +        debug_str.contains("[REDACTED]"),
Formatting	Run cargo fmt --all -- --check	2026-04-19T00:05:18.1679009Z +        "CommitmentRandomness Debug must not leak coefficients"
Formatting	Run cargo fmt --all -- --check	2026-04-19T00:05:18.1679101Z +    );
Formatting	Run cargo fmt --all -- --check	2026-04-19T00:05:18.1679189Z +    assert!(
Formatting	Run cargo fmt --all -- --check	2026-04-19T00:05:18.1679315Z +        !debug_str.contains("3, 3"),
Formatting	Run cargo fmt --all -- --check	2026-04-19T00:05:18.1679537Z +        "CommitmentRandomness Debug must not contain coefficient values"
Formatting	Run cargo fmt --all -- --check	2026-04-19T00:05:18.1679622Z +    );
Formatting	Run cargo fmt --all -- --check	2026-04-19T00:05:18.1679706Z  }
Formatting	Run cargo fmt --all -- --check	2026-04-19T00:05:18.1679788Z  
Formatting	Run cargo fmt --all -- --check	2026-04-19T00:05:18.1689369Z Diff in /home/runner/work/qssm-rs/qssm-rs/truth-engine/qssm-le/unit_tests/lab_tests.rs:1:
Formatting	Run cargo fmt --all -- --check	2026-04-19T00:05:18.1689755Z  //! Lyubashevsky FS + rejection: prove/verify and failure modes.
Formatting	Run cargo fmt --all -- --check	2026-04-19T00:05:18.1689880Z  
Formatting	Run cargo fmt --all -- --check	2026-04-19T00:05:18.1690003Z  use qssm_le::{
Formatting	Run cargo fmt --all -- --check	2026-04-19T00:05:18.1690246Z -    commit_mlwe, prove_arithmetic, verify_lattice, Commitment, LatticeProof,
Formatting	Run cargo fmt --all -- --check	2026-04-19T00:05:18.1690538Z -    LeError, PublicBinding, PublicInstance, RqPoly, VerifyingKey, Witness, BETA, N,
Formatting	Run cargo fmt --all -- --check	2026-04-19T00:05:18.1690701Z -    PUBLIC_DIGEST_COEFFS, PUBLIC_DIGEST_COEFF_MAX,
Formatting	Run cargo fmt --all -- --check	2026-04-19T00:05:18.1690965Z +    commit_mlwe, prove_arithmetic, verify_lattice, Commitment, LatticeProof, LeError,
Formatting	Run cargo fmt --all -- --check	2026-04-19T00:05:18.1691276Z +    PublicBinding, PublicInstance, RqPoly, VerifyingKey, Witness, BETA, N, PUBLIC_DIGEST_COEFFS,
Formatting	Run cargo fmt --all -- --check	2026-04-19T00:05:18.1691403Z +    PUBLIC_DIGEST_COEFF_MAX,
Formatting	Run cargo fmt --all -- --check	2026-04-19T00:05:18.1691494Z  };
Formatting	Run cargo fmt --all -- --check	2026-04-19T00:05:18.1691578Z  
Formatting	Run cargo fmt --all -- --check	2026-04-19T00:05:18.1691697Z  const CTX: [u8; 32] = [0xA1; 32];
Formatting	Run cargo fmt --all -- --check	2026-04-19T00:05:18.1691993Z Diff in /home/runner/work/qssm-rs/qssm-rs/truth-engine/qssm-le/unit_tests/lab_tests.rs:17:
Formatting	Run cargo fmt --all -- --check	2026-04-19T00:05:18.1692085Z      r[0] = 1;
Formatting	Run cargo fmt --all -- --check	2026-04-19T00:05:18.1692205Z      r[1] = -1;
Formatting	Run cargo fmt --all -- --check	2026-04-19T00:05:18.1692335Z      let witness = Witness::new(r);
Formatting	Run cargo fmt --all -- --check	2026-04-19T00:05:18.1692943Z -    let (commitment, proof) = prove_arithmetic(&vk, &public, &witness, &CTX, TEST_RNG_SEED).unwrap();
Formatting	Run cargo fmt --all -- --check	2026-04-19T00:05:18.1693089Z +    let (commitment, proof) =
Formatting	Run cargo fmt --all -- --check	2026-04-19T00:05:18.1693319Z +        prove_arithmetic(&vk, &public, &witness, &CTX, TEST_RNG_SEED).unwrap();
Formatting	Run cargo fmt --all -- --check	2026-04-19T00:05:18.1693561Z      assert!(verify_lattice(&vk, &public, &commitment, &proof, &CTX).unwrap());
Formatting	Run cargo fmt --all -- --check	2026-04-19T00:05:18.1693648Z  }
Formatting	Run cargo fmt --all -- --check	2026-04-19T00:05:18.1693736Z  
Formatting	Run cargo fmt --all -- --check	2026-04-19T00:05:18.1694033Z Diff in /home/runner/work/qssm-rs/qssm-rs/truth-engine/qssm-le/unit_tests/lab_tests.rs:173:
Formatting	Run cargo fmt --all -- --check	2026-04-19T00:05:18.1694374Z          _ => panic!("unexpected PublicBinding variant"),
Formatting	Run cargo fmt --all -- --check	2026-04-19T00:05:18.1694463Z      };
Formatting	Run cargo fmt --all -- --check	2026-04-19T00:05:18.1694571Z      let expected = [
Formatting	Run cargo fmt --all -- --check	2026-04-19T00:05:18.1694704Z -        0x0u32, 0x1, 0x2, 0x3, 0x4, 0x5, 0x6, 0x7,
Formatting	Run cargo fmt --all -- --check	2026-04-19T00:05:18.1694833Z -        0x8, 0x9, 0xA, 0xB, 0xC, 0xD, 0xE, 0xF,
Formatting	Run cargo fmt --all -- --check	2026-04-19T00:05:18.1695053Z +        0x0u32, 0x1, 0x2, 0x3, 0x4, 0x5, 0x6, 0x7, 0x8, 0x9, 0xA, 0xB, 0xC, 0xD, 0xE, 0xF,
Formatting	Run cargo fmt --all -- --check	2026-04-19T00:05:18.1695146Z      ];
Formatting	Run cargo fmt --all -- --check	2026-04-19T00:05:18.1695383Z      assert_eq!(&coeffs[..16], &expected);
Formatting	Run cargo fmt --all -- --check	2026-04-19T00:05:18.1695553Z      assert!(coeffs[16..].iter().all(|&coeff| coeff == 0));
Formatting	Run cargo fmt --all -- --check	2026-04-19T00:05:18.1705927Z Diff in /home/runner/work/qssm-rs/qssm-rs/truth-engine/qssm-local-prover/src/context.rs:106:
Formatting	Run cargo fmt --all -- --check	2026-04-19T00:05:18.1706102Z  
Formatting	Run cargo fmt --all -- --check	2026-04-19T00:05:18.1706320Z      /// Ghost-Mirror Merkle root.
Formatting	Run cargo fmt --all -- --check	2026-04-19T00:05:18.1706490Z      #[must_use]
Formatting	Run cargo fmt --all -- --check	2026-04-19T00:05:18.1706700Z -    pub fn ms_root(&self) -> &[u8; 32] { &self.ms_root }
Formatting	Run cargo fmt --all -- --check	2026-04-19T00:05:18.1706831Z +    pub fn ms_root(&self) -> &[u8; 32] {
Formatting	Run cargo fmt --all -- --check	2026-04-19T00:05:18.1706932Z +        &self.ms_root
Formatting	Run cargo fmt --all -- --check	2026-04-19T00:05:18.1707027Z +    }
Formatting	Run cargo fmt --all -- --check	2026-04-19T00:05:18.1707153Z      /// Ghost-Mirror inequality proof.
Formatting	Run cargo fmt --all -- --check	2026-04-19T00:05:18.1707277Z      #[must_use]
Formatting	Run cargo fmt --all -- --check	2026-04-19T00:05:18.1707491Z -    pub fn ms_proof(&self) -> &GhostMirrorProof { &self.ms_proof }
Formatting	Run cargo fmt --all -- --check	2026-04-19T00:05:18.1707651Z +    pub fn ms_proof(&self) -> &GhostMirrorProof {
Formatting	Run cargo fmt --all -- --check	2026-04-19T00:05:18.1707755Z +        &self.ms_proof
Formatting	Run cargo fmt --all -- --check	2026-04-19T00:05:18.1707853Z +    }
Formatting	Run cargo fmt --all -- --check	2026-04-19T00:05:18.1707969Z      /// Lattice commitment.
Formatting	Run cargo fmt --all -- --check	2026-04-19T00:05:18.1708063Z      #[must_use]
Formatting	Run cargo fmt --all -- --check	2026-04-19T00:05:18.1708276Z -    pub fn le_commitment(&self) -> &Commitment { &self.le_commitment }
Formatting	Run cargo fmt --all -- --check	2026-04-19T00:05:18.1708436Z +    pub fn le_commitment(&self) -> &Commitment {
Formatting	Run cargo fmt --all -- --check	2026-04-19T00:05:18.1708548Z +        &self.le_commitment
Formatting	Run cargo fmt --all -- --check	2026-04-19T00:05:18.1708634Z +    }
Formatting	Run cargo fmt --all -- --check	2026-04-19T00:05:18.1708741Z      /// Lattice proof.
Formatting	Run cargo fmt --all -- --check	2026-04-19T00:05:18.1708842Z      #[must_use]
Formatting	Run cargo fmt --all -- --check	2026-04-19T00:05:18.1709025Z -    pub fn le_proof(&self) -> &LatticeProof { &self.le_proof }
Formatting	Run cargo fmt --all -- --check	2026-04-19T00:05:18.1709164Z +    pub fn le_proof(&self) -> &LatticeProof {
Formatting	Run cargo fmt --all -- --check	2026-04-19T00:05:18.1709272Z +        &self.le_proof
Formatting	Run cargo fmt --all -- --check	2026-04-19T00:05:18.1709359Z +    }
Formatting	Run cargo fmt --all -- --check	2026-04-19T00:05:18.1709495Z      /// External entropy used at prove-time.
Formatting	Run cargo fmt --all -- --check	2026-04-19T00:05:18.1709596Z      #[must_use]
Formatting	Run cargo fmt --all -- --check	2026-04-19T00:05:18.1709818Z -    pub fn external_entropy(&self) -> &[u8; 32] { &self.external_entropy }
Formatting	Run cargo fmt --all -- --check	2026-04-19T00:05:18.1709965Z +    pub fn external_entropy(&self) -> &[u8; 32] {
Formatting	Run cargo fmt --all -- --check	2026-04-19T00:05:18.1710093Z +        &self.external_entropy
Formatting	Run cargo fmt --all -- --check	2026-04-19T00:05:18.1710179Z +    }
Formatting	Run cargo fmt --all -- --check	2026-04-19T00:05:18.1710351Z      /// Whether the external entropy beacon was included.
Formatting	Run cargo fmt --all -- --check	2026-04-19T00:05:18.1710444Z      #[must_use]
Formatting	Run cargo fmt --all -- --check	2026-04-19T00:05:18.1710712Z -    pub fn external_entropy_included(&self) -> bool { self.external_entropy_included }
Formatting	Run cargo fmt --all -- --check	2026-04-19T00:05:18.1710871Z +    pub fn external_entropy_included(&self) -> bool {
Formatting	Run cargo fmt --all -- --check	2026-04-19T00:05:18.1711000Z +        self.external_entropy_included
Formatting	Run cargo fmt --all -- --check	2026-04-19T00:05:18.1711093Z +    }
Formatting	Run cargo fmt --all -- --check	2026-04-19T00:05:18.1711210Z      /// MS input: claimed value.
Formatting	Run cargo fmt --all -- --check	2026-04-19T00:05:18.1711302Z      #[must_use]
Formatting	Run cargo fmt --all -- --check	2026-04-19T00:05:18.1711438Z -    pub fn value(&self) -> u64 { self.value }
Formatting	Run cargo fmt --all -- --check	2026-04-19T00:05:18.1711564Z +    pub fn value(&self) -> u64 {
Formatting	Run cargo fmt --all -- --check	2026-04-19T00:05:18.1711660Z +        self.value
Formatting	Run cargo fmt --all -- --check	2026-04-19T00:05:18.1711747Z +    }
Formatting	Run cargo fmt --all -- --check	2026-04-19T00:05:18.1711870Z      /// MS input: claimed target.
Formatting	Run cargo fmt --all -- --check	2026-04-19T00:05:18.1711964Z      #[must_use]
Formatting	Run cargo fmt --all -- --check	2026-04-19T00:05:18.1712112Z -    pub fn target(&self) -> u64 { self.target }
Formatting	Run cargo fmt --all -- --check	2026-04-19T00:05:18.1712231Z +    pub fn target(&self) -> u64 {
Formatting	Run cargo fmt --all -- --check	2026-04-19T00:05:18.1712333Z +        self.target
Formatting	Run cargo fmt --all -- --check	2026-04-19T00:05:18.1712675Z +    }
Formatting	Run cargo fmt --all -- --check	2026-04-19T00:05:18.1712894Z      /// Binding entropy for cross-engine commitment.
Formatting	Run cargo fmt --all -- --check	2026-04-19T00:05:18.1712997Z      #[must_use]
Formatting	Run cargo fmt --all -- --check	2026-04-19T00:05:18.1713223Z -    pub fn binding_entropy(&self) -> &[u8; 32] { &self.binding_entropy }
Formatting	Run cargo fmt --all -- --check	2026-04-19T00:05:18.1713557Z +    pub fn binding_entropy(&self) -> &[u8; 32] {
Formatting	Run cargo fmt --all -- --check	2026-04-19T00:05:18.1713676Z +        &self.binding_entropy
Formatting	Run cargo fmt --all -- --check	2026-04-19T00:05:18.1713768Z +    }
Formatting	Run cargo fmt --all -- --check	2026-04-19T00:05:18.1713853Z  }
Formatting	Run cargo fmt --all -- --check	2026-04-19T00:05:18.1713938Z  
Formatting	Run cargo fmt --all -- --check	2026-04-19T00:05:18.1722215Z Diff in /home/runner/work/qssm-rs/qssm-rs/truth-engine/qssm-local-prover/src/lib.rs:54:
Formatting	Run cargo fmt --all -- --check	2026-04-19T00:05:18.1722391Z      }
Formatting	Run cargo fmt --all -- --check	2026-04-19T00:05:18.1722707Z  
Formatting	Run cargo fmt --all -- --check	2026-04-19T00:05:18.1722925Z      fn make_proof() -> Proof {
Formatting	Run cargo fmt --all -- --check	2026-04-19T00:05:18.1723386Z -        prove(&test_ctx(), &test_template(), &test_claim(), 100, 50, test_binding_ctx(), test_entropy())
Formatting	Run cargo fmt --all -- --check	2026-04-19T00:05:18.1723715Z -            .expect("prove should succeed")
Formatting	Run cargo fmt --all -- --check	2026-04-19T00:05:18.1723815Z +        prove(
Formatting	Run cargo fmt --all -- --check	2026-04-19T00:05:18.1723928Z +            &test_ctx(),
Formatting	Run cargo fmt --all -- --check	2026-04-19T00:05:18.1724041Z +            &test_template(),
Formatting	Run cargo fmt --all -- --check	2026-04-19T00:05:18.1724196Z +            &test_claim(),
Formatting	Run cargo fmt --all -- --check	2026-04-19T00:05:18.1724288Z +            100,
Formatting	Run cargo fmt --all -- --check	2026-04-19T00:05:18.1724379Z +            50,
Formatting	Run cargo fmt --all -- --check	2026-04-19T00:05:18.1724502Z +            test_binding_ctx(),
Formatting	Run cargo fmt --all -- --check	2026-04-19T00:05:18.1724614Z +            test_entropy(),
Formatting	Run cargo fmt --all -- --check	2026-04-19T00:05:18.1724701Z +        )
Formatting	Run cargo fmt --all -- --check	2026-04-19T00:05:18.1724825Z +        .expect("prove should succeed")
Formatting	Run cargo fmt --all -- --check	2026-04-19T00:05:18.1724915Z      }
Formatting	Run cargo fmt --all -- --check	2026-04-19T00:05:18.1724997Z  
Formatting	Run cargo fmt --all -- --check	2026-04-19T00:05:18.1725309Z      // ── Prove ────────────────────────────────────────────────────────
Formatting	Run cargo fmt --all -- --check	2026-04-19T00:05:18.1725610Z Diff in /home/runner/work/qssm-rs/qssm-rs/truth-engine/qssm-local-prover/src/lib.rs:68:
Formatting	Run cargo fmt --all -- --check	2026-04-19T00:05:18.1725705Z      #[test]
Formatting	Run cargo fmt --all -- --check	2026-04-19T00:05:18.1725832Z      fn prove_rejects_bad_predicate() {
Formatting	Run cargo fmt --all -- --check	2026-04-19T00:05:18.1726027Z          let bad_claim = json!({ "claim": { "age_years": 15 } });
Formatting	Run cargo fmt --all -- --check	2026-04-19T00:05:18.1726354Z -        let err = prove(&test_ctx(), &test_template(), &bad_claim, 100, 50, test_binding_ctx(), test_entropy())
Formatting	Run cargo fmt --all -- --check	2026-04-19T00:05:18.1726463Z -            .unwrap_err();
Formatting	Run cargo fmt --all -- --check	2026-04-19T00:05:18.1726569Z +        let err = prove(
Formatting	Run cargo fmt --all -- --check	2026-04-19T00:05:18.1726670Z +            &test_ctx(),
Formatting	Run cargo fmt --all -- --check	2026-04-19T00:05:18.1726801Z +            &test_template(),
Formatting	Run cargo fmt --all -- --check	2026-04-19T00:05:18.1726900Z +            &bad_claim,
Formatting	Run cargo fmt --all -- --check	2026-04-19T00:05:18.1726990Z +            100,
Formatting	Run cargo fmt --all -- --check	2026-04-19T00:05:18.1727085Z +            50,
Formatting	Run cargo fmt --all -- --check	2026-04-19T00:05:18.1727197Z +            test_binding_ctx(),
Formatting	Run cargo fmt --all -- --check	2026-04-19T00:05:18.1727305Z +            test_entropy(),
Formatting	Run cargo fmt --all -- --check	2026-04-19T00:05:18.1727394Z +        )
Formatting	Run cargo fmt --all -- --check	2026-04-19T00:05:18.1727500Z +        .unwrap_err();
Formatting	Run cargo fmt --all -- --check	2026-04-19T00:05:18.1727707Z          assert!(matches!(err, ZkError::PredicateFailed(_)));
Formatting	Run cargo fmt --all -- --check	2026-04-19T00:05:18.1727797Z      }
Formatting	Run cargo fmt --all -- --check	2026-04-19T00:05:18.1727887Z  
Formatting	Run cargo fmt --all -- --check	2026-04-19T00:05:18.1728182Z Diff in /home/runner/work/qssm-rs/qssm-rs/truth-engine/qssm-local-prover/src/lib.rs:101:
Formatting	Run cargo fmt --all -- --check	2026-04-19T00:05:18.1728305Z          let proof = make_proof();
Formatting	Run cargo fmt --all -- --check	2026-04-19T00:05:18.1728477Z          let bundle = ProofBundle::from_proof(&proof);
Formatting	Run cargo fmt --all -- --check	2026-04-19T00:05:18.1728687Z          let json = serde_json::to_string(&bundle).expect("serialize");
Formatting	Run cargo fmt --all -- --check	2026-04-19T00:05:18.1728902Z -        let parsed: ProofBundle = serde_json::from_str(&json).expect(
Formatting	Run cargo fmt --all -- --check	2026-04-19T00:05:18.1729117Z -            "old bundle must remain parseable by current (and future) code",
Formatting	Run cargo fmt --all -- --check	2026-04-19T00:05:18.1729215Z -        );
Formatting	Run cargo fmt --all -- --check	2026-04-19T00:05:18.1729401Z +        let parsed: ProofBundle = serde_json::from_str(&json)
Formatting	Run cargo fmt --all -- --check	2026-04-19T00:05:18.1729640Z +            .expect("old bundle must remain parseable by current (and future) code");
Formatting	Run cargo fmt --all -- --check	2026-04-19T00:05:18.1729824Z          let recovered = parsed.to_proof().expect("to_proof");
Formatting	Run cargo fmt --all -- --check	2026-04-19T00:05:18.1729986Z          assert_eq!(recovered.ms_root(), proof.ms_root());
Formatting	Run cargo fmt --all -- --check	2026-04-19T00:05:18.1730141Z          assert_eq!(recovered.value(), proof.value());
Formatting	Run cargo fmt --all -- --check	2026-04-19T00:05:18.1730431Z Diff in /home/runner/work/qssm-rs/qssm-rs/truth-engine/qssm-local-prover/src/lib.rs:142:
Formatting	Run cargo fmt --all -- --check	2026-04-19T00:05:18.1730638Z          let json = serde_json::to_string(&bundle).expect("serialize");
Formatting	Run cargo fmt --all -- --check	2026-04-19T00:05:18.1731111Z          let parsed: ProofBundle = serde_json::from_str(&json).expect("deserialize");
Formatting	Run cargo fmt --all -- --check	2026-04-19T00:05:18.1731378Z          let err = parsed.to_proof().unwrap_err();
Formatting	Run cargo fmt --all -- --check	2026-04-19T00:05:18.1732107Z -        assert!(matches!(err, WireFormatError::BadLength { expected: 32, got: 16, .. }));
Formatting	Run cargo fmt --all -- --check	2026-04-19T00:05:18.1732243Z +        assert!(matches!(
Formatting	Run cargo fmt --all -- --check	2026-04-19T00:05:18.1732341Z +            err,
Formatting	Run cargo fmt --all -- --check	2026-04-19T00:05:18.1732752Z +            WireFormatError::BadLength {
Formatting	Run cargo fmt --all -- --check	2026-04-19T00:05:18.1732879Z +                expected: 32,
Formatting	Run cargo fmt --all -- --check	2026-04-19T00:05:18.1732981Z +                got: 16,
Formatting	Run cargo fmt --all -- --check	2026-04-19T00:05:18.1733082Z +                ..
Formatting	Run cargo fmt --all -- --check	2026-04-19T00:05:18.1733174Z +            }
Formatting	Run cargo fmt --all -- --check	2026-04-19T00:05:18.1733263Z +        ));
Formatting	Run cargo fmt --all -- --check	2026-04-19T00:05:18.1733518Z      }
Formatting	Run cargo fmt --all -- --check	2026-04-19T00:05:18.1733613Z  
Formatting	Run cargo fmt --all -- --check	2026-04-19T00:05:18.1733702Z      #[test]
Formatting	Run cargo fmt --all -- --check	2026-04-19T00:05:18.1734000Z Diff in /home/runner/work/qssm-rs/qssm-rs/truth-engine/qssm-local-prover/src/lib.rs:153:
Formatting	Run cargo fmt --all -- --check	2026-04-19T00:05:18.1734221Z          let json = serde_json::to_string(&bundle).expect("serialize");
Formatting	Run cargo fmt --all -- --check	2026-04-19T00:05:18.1734480Z          let parsed: ProofBundle = serde_json::from_str(&json).expect("deserialize");
Formatting	Run cargo fmt --all -- --check	2026-04-19T00:05:18.1734636Z          let err = parsed.to_proof().unwrap_err();
Formatting	Run cargo fmt --all -- --check	2026-04-19T00:05:18.1734930Z -        assert!(matches!(err, WireFormatError::BadCoeffCount { expected: 256, got: 10, .. }));
Formatting	Run cargo fmt --all -- --check	2026-04-19T00:05:18.1735049Z +        assert!(matches!(
Formatting	Run cargo fmt --all -- --check	2026-04-19T00:05:18.1735144Z +            err,
Formatting	Run cargo fmt --all -- --check	2026-04-19T00:05:18.1735289Z +            WireFormatError::BadCoeffCount {
Formatting	Run cargo fmt --all -- --check	2026-04-19T00:05:18.1735409Z +                expected: 256,
Formatting	Run cargo fmt --all -- --check	2026-04-19T00:05:18.1735510Z +                got: 10,
Formatting	Run cargo fmt --all -- --check	2026-04-19T00:05:18.1735602Z +                ..
Formatting	Run cargo fmt --all -- --check	2026-04-19T00:05:18.1735693Z +            }
Formatting	Run cargo fmt --all -- --check	2026-04-19T00:05:18.1735796Z +        ));
Formatting	Run cargo fmt --all -- --check	2026-04-19T00:05:18.1735884Z      }
Formatting	Run cargo fmt --all -- --check	2026-04-19T00:05:18.1735970Z  
Formatting	Run cargo fmt --all -- --check	2026-04-19T00:05:18.1736066Z      #[test]
Formatting	Run cargo fmt --all -- --check	2026-04-19T00:05:18.1736354Z Diff in /home/runner/work/qssm-rs/qssm-rs/truth-engine/qssm-local-prover/src/lib.rs:160:
Formatting	Run cargo fmt --all -- --check	2026-04-19T00:05:18.1736478Z      fn wire_rejects_unknown_fields() {
Formatting	Run cargo fmt --all -- --check	2026-04-19T00:05:18.1736599Z          let proof = make_proof();
Formatting	Run cargo fmt --all -- --check	2026-04-19T00:05:18.1736772Z          let bundle = ProofBundle::from_proof(&proof);
Formatting	Run cargo fmt --all -- --check	2026-04-19T00:05:18.1736922Z -        let mut json_val: serde_json::Value =
Formatting	Run cargo fmt --all -- --check	2026-04-19T00:05:18.1737100Z -            serde_json::to_value(&bundle).expect("to_value");
Formatting	Run cargo fmt --all -- --check	2026-04-19T00:05:18.1737248Z -        json_val.as_object_mut().unwrap().insert(
Formatting	Run cargo fmt --all -- --check	2026-04-19T00:05:18.1737370Z -            "smuggled_field".to_string(),
Formatting	Run cargo fmt --all -- --check	2026-04-19T00:05:18.1737498Z -            serde_json::Value::Bool(true),
Formatting	Run cargo fmt --all -- --check	2026-04-19T00:05:18.1737593Z -        );
Formatting	Run cargo fmt --all -- --check	2026-04-19T00:05:18.1737875Z +        let mut json_val: serde_json::Value = serde_json::to_value(&bundle).expect("to_value");
Formatting	Run cargo fmt --all -- --check	2026-04-19T00:05:18.1737975Z +        json_val
Formatting	Run cargo fmt --all -- --check	2026-04-19T00:05:18.1738085Z +            .as_object_mut()
Formatting	Run cargo fmt --all -- --check	2026-04-19T00:05:18.1738190Z +            .unwrap()
Formatting	Run cargo fmt --all -- --check	2026-04-19T00:05:18.1738433Z +            .insert("smuggled_field".to_string(), serde_json::Value::Bool(true));
Formatting	Run cargo fmt --all -- --check	2026-04-19T00:05:18.1738642Z          let json = serde_json::to_string(&json_val).expect("serialize");
Formatting	Run cargo fmt --all -- --check	2026-04-19T00:05:18.1738837Z          let result = serde_json::from_str::<ProofBundle>(&json);
Formatting	Run cargo fmt --all -- --check	2026-04-19T00:05:18.1739044Z          assert!(result.is_err(), "unknown fields must be rejected");
Formatting	Run cargo fmt --all -- --check	2026-04-19T00:05:18.1739328Z Diff in /home/runner/work/qssm-rs/qssm-rs/truth-engine/qssm-local-prover/src/lib.rs:178:
Formatting	Run cargo fmt --all -- --check	2026-04-19T00:05:18.1739454Z          let proof_a = make_proof();
Formatting	Run cargo fmt --all -- --check	2026-04-19T00:05:18.1739559Z          let proof_b = {
Formatting	Run cargo fmt --all -- --check	2026-04-19T00:05:18.1739774Z              let different_entropy = blake3_hash(b"DIFFERENT-ENTROPY-SEED");
Formatting	Run cargo fmt --all -- --check	2026-04-19T00:05:18.1740083Z -            prove(&test_ctx(), &test_template(), &test_claim(), 100, 50, test_binding_ctx(), different_entropy)
Formatting	Run cargo fmt --all -- --check	2026-04-19T00:05:18.1740230Z -                .expect("prove should succeed")
Formatting	Run cargo fmt --all -- --check	2026-04-19T00:05:18.1740327Z +            prove(
Formatting	Run cargo fmt --all -- --check	2026-04-19T00:05:18.1740435Z +                &test_ctx(),
Formatting	Run cargo fmt --all -- --check	2026-04-19T00:05:18.1740557Z +                &test_template(),
Formatting	Run cargo fmt --all -- --check	2026-04-19T00:05:18.1740660Z +                &test_claim(),
Formatting	Run cargo fmt --all -- --check	2026-04-19T00:05:18.1740754Z +                100,
Formatting	Run cargo fmt --all -- --check	2026-04-19T00:05:18.1740977Z +                50,
Formatting	Run cargo fmt --all -- --check	2026-04-19T00:05:18.1741091Z +                test_binding_ctx(),
Formatting	Run cargo fmt --all -- --check	2026-04-19T00:05:18.1741206Z +                different_entropy,
Formatting	Run cargo fmt --all -- --check	2026-04-19T00:05:18.1741404Z +            )
Formatting	Run cargo fmt --all -- --check	2026-04-19T00:05:18.1741655Z +            .expect("prove should succeed")
Formatting	Run cargo fmt --all -- --check	2026-04-19T00:05:18.1741820Z          };
Formatting	Run cargo fmt --all -- --check	2026-04-19T00:05:18.1742147Z          let json_a = serde_json::to_string(&ProofBundle::from_proof(&proof_a)).unwrap();
Formatting	Run cargo fmt --all -- --check	2026-04-19T00:05:18.1742405Z          let json_b = serde_json::to_string(&ProofBundle::from_proof(&proof_b)).unwrap();
Formatting	Run cargo fmt --all -- --check	2026-04-19T00:05:18.1742948Z Diff in /home/runner/work/qssm-rs/qssm-rs/truth-engine/qssm-local-prover/src/lib.rs:186:
Formatting	Run cargo fmt --all -- --check	2026-04-19T00:05:18.1743409Z -        assert_ne!(json_a, json_b, "different proofs must produce different bundles");
Formatting	Run cargo fmt --all -- --check	2026-04-19T00:05:18.1743514Z +        assert_ne!(
Formatting	Run cargo fmt --all -- --check	2026-04-19T00:05:18.1743625Z +            json_a, json_b,
Formatting	Run cargo fmt --all -- --check	2026-04-19T00:05:18.1743805Z +            "different proofs must produce different bundles"
Formatting	Run cargo fmt --all -- --check	2026-04-19T00:05:18.1743898Z +        );
Formatting	Run cargo fmt --all -- --check	2026-04-19T00:05:18.1743997Z      }
Formatting	Run cargo fmt --all -- --check	2026-04-19T00:05:18.1744082Z  
Formatting	Run cargo fmt --all -- --check	2026-04-19T00:05:18.1744172Z      #[test]
Formatting	Run cargo fmt --all -- --check	2026-04-19T00:05:18.1744526Z Diff in /home/runner/work/qssm-rs/qssm-rs/truth-engine/qssm-local-prover/src/prove.rs:50:
Formatting	Run cargo fmt --all -- --check	2026-04-19T00:05:18.1744690Z      let binding_entropy = blake3_hash(&binding_ctx);
Formatting	Run cargo fmt --all -- --check	2026-04-19T00:05:18.1744777Z  
Formatting	Run cargo fmt --all -- --check	2026-04-19T00:05:18.1744909Z      // 3. MS: commit + prove inequality.
Formatting	Run cargo fmt --all -- --check	2026-04-19T00:05:18.1745115Z -    let (root, salts) = qssm_ms::commit(ms_seed, binding_entropy)
Formatting	Run cargo fmt --all -- --check	2026-04-19T00:05:18.1745244Z -        .map_err(ZkError::MsCommit)?;
Formatting	Run cargo fmt --all -- --check	2026-04-19T00:05:18.1745541Z +    let (root, salts) = qssm_ms::commit(ms_seed, binding_entropy).map_err(ZkError::MsCommit)?;
Formatting	Run cargo fmt --all -- --check	2026-04-19T00:05:18.1745649Z      ms_seed.zeroize();
Formatting	Run cargo fmt --all -- --check	2026-04-19T00:05:18.1745801Z      let context = crate::MS_CONTEXT_TAG.to_vec();
Formatting	Run cargo fmt --all -- --check	2026-04-19T00:05:18.1746095Z -    let ms_proof = qssm_ms::prove(value, target, &salts, binding_entropy, &context, &binding_ctx)
Formatting	Run cargo fmt --all -- --check	2026-04-19T00:05:18.1746306Z -        .map_err(|e| ZkError::MsProve { source: e, value, target })?;
Formatting	Run cargo fmt --all -- --check	2026-04-19T00:05:18.1746440Z +    let ms_proof = qssm_ms::prove(
Formatting	Run cargo fmt --all -- --check	2026-04-19T00:05:18.1746536Z +        value,
Formatting	Run cargo fmt --all -- --check	2026-04-19T00:05:18.1746636Z +        target,
Formatting	Run cargo fmt --all -- --check	2026-04-19T00:05:18.1746727Z +        &salts,
Formatting	Run cargo fmt --all -- --check	2026-04-19T00:05:18.1746832Z +        binding_entropy,
Formatting	Run cargo fmt --all -- --check	2026-04-19T00:05:18.1746933Z +        &context,
Formatting	Run cargo fmt --all -- --check	2026-04-19T00:05:18.1747033Z +        &binding_ctx,
Formatting	Run cargo fmt --all -- --check	2026-04-19T00:05:18.1747119Z +    )
Formatting	Run cargo fmt --all -- --check	2026-04-19T00:05:18.1747242Z +    .map_err(|e| ZkError::MsProve {
Formatting	Run cargo fmt --all -- --check	2026-04-19T00:05:18.1747342Z +        source: e,
Formatting	Run cargo fmt --all -- --check	2026-04-19T00:05:18.1747432Z +        value,
Formatting	Run cargo fmt --all -- --check	2026-04-19T00:05:18.1747528Z +        target,
Formatting	Run cargo fmt --all -- --check	2026-04-19T00:05:18.1747615Z +    })?;
Formatting	Run cargo fmt --all -- --check	2026-04-19T00:05:18.1747703Z  
Formatting	Run cargo fmt --all -- --check	2026-04-19T00:05:18.1747908Z      // 4. Truth binding: derive digest from MS root + proof metadata.
Formatting	Run cargo fmt --all -- --check	2026-04-19T00:05:18.1748034Z      let external_entropy = hash_domain(
Formatting	Run cargo fmt --all -- --check	2026-04-19T00:05:18.1748339Z Diff in /home/runner/work/qssm-rs/qssm-rs/truth-engine/qssm-local-prover/src/prove.rs:85:
Formatting	Run cargo fmt --all -- --check	2026-04-19T00:05:18.1748460Z          DOMAIN_SDK_LE_MASK,
Formatting	Run cargo fmt --all -- --check	2026-04-19T00:05:18.1748637Z          &[entropy_seed.as_slice(), binding_ctx.as_slice()],
Formatting	Run cargo fmt --all -- --check	2026-04-19T00:05:18.1748729Z      );
Formatting	Run cargo fmt --all -- --check	2026-04-19T00:05:18.1748927Z -    let (le_commitment, le_proof) = qssm_le::prove_arithmetic(
Formatting	Run cargo fmt --all -- --check	2026-04-19T00:05:18.1749109Z -        ctx.vk(), &public, &witness, &binding_ctx, le_mask_seed,
Formatting	Run cargo fmt --all -- --check	2026-04-19T00:05:18.1749239Z -    ).map_err(ZkError::LeProve)?;
Formatting	Run cargo fmt --all -- --check	2026-04-19T00:05:18.1749368Z +    let (le_commitment, le_proof) =
Formatting	Run cargo fmt --all -- --check	2026-04-19T00:05:18.1749639Z +        qssm_le::prove_arithmetic(ctx.vk(), &public, &witness, &binding_ctx, le_mask_seed)
Formatting	Run cargo fmt --all -- --check	2026-04-19T00:05:18.1749774Z +            .map_err(ZkError::LeProve)?;
Formatting	Run cargo fmt --all -- --check	2026-04-19T00:05:18.1749897Z      le_mask_seed.zeroize();
Formatting	Run cargo fmt --all -- --check	2026-04-19T00:05:18.1750010Z      entropy_seed.zeroize();
Formatting	Run cargo fmt --all -- --check	2026-04-19T00:05:18.1750096Z  
Formatting	Run cargo fmt --all -- --check	2026-04-19T00:05:18.1750386Z Diff in /home/runner/work/qssm-rs/qssm-rs/truth-engine/qssm-local-prover/src/wire.rs:113:
Formatting	Run cargo fmt --all -- --check	2026-04-19T00:05:18.1750501Z                  self.ms_k,
Formatting	Run cargo fmt --all -- --check	2026-04-19T00:05:18.1750744Z                  self.ms_bit_at_k,
Formatting	Run cargo fmt --all -- --check	2026-04-19T00:05:18.1750955Z                  decode_hash(&self.ms_opened_salt_hex, "ms_opened_salt_hex")?,
Formatting	Run cargo fmt --all -- --check	2026-04-19T00:05:18.1751060Z -                self
Formatting	Run cargo fmt --all -- --check	2026-04-19T00:05:18.1751169Z -                    .ms_path_hex
Formatting	Run cargo fmt --all -- --check	2026-04-19T00:05:18.1751279Z +                self.ms_path_hex
Formatting	Run cargo fmt --all -- --check	2026-04-19T00:05:18.1751386Z                      .iter()
Formatting	Run cargo fmt --all -- --check	2026-04-19T00:05:18.1751495Z                      .enumerate()
Formatting	Run cargo fmt --all -- --check	2026-04-19T00:05:18.1751660Z                      .map(|(_i, h)| decode_hash(h, "ms_path_hex"))
Formatting	Run cargo fmt --all -- --check	2026-04-19T00:05:18.1751948Z Diff in /home/runner/work/qssm-rs/qssm-rs/truth-engine/qssm-local-prover/src/wire.rs:121:
Formatting	Run cargo fmt --all -- --check	2026-04-19T00:05:18.1752184Z                      .collect::<Result<Vec<_>, _>>()?,
Formatting	Run cargo fmt --all -- --check	2026-04-19T00:05:18.1752383Z                  decode_hash(&self.ms_challenge_hex, "ms_challenge_hex")?,
Formatting	Run cargo fmt --all -- --check	2026-04-19T00:05:18.1752729Z              )?,
Formatting	Run cargo fmt --all -- --check	2026-04-19T00:05:18.1752896Z -            le_commitment: Commitment(RqPoly(
Formatting	Run cargo fmt --all -- --check	2026-04-19T00:05:18.1753125Z -                vec_to_poly(&self.le_commitment_coeffs, "le_commitment_coeffs")?,
Formatting	Run cargo fmt --all -- --check	2026-04-19T00:05:18.1753230Z -            )),
Formatting	Run cargo fmt --all -- --check	2026-04-19T00:05:18.1753395Z +            le_commitment: Commitment(RqPoly(vec_to_poly(
Formatting	Run cargo fmt --all -- --check	2026-04-19T00:05:18.1753529Z +                &self.le_commitment_coeffs,
Formatting	Run cargo fmt --all -- --check	2026-04-19T00:05:18.1753646Z +                "le_commitment_coeffs",
Formatting	Run cargo fmt --all -- --check	2026-04-19T00:05:18.1753739Z +            )?)),
Formatting	Run cargo fmt --all -- --check	2026-04-19T00:05:18.1753868Z              le_proof: LatticeProof {
Formatting	Run cargo fmt --all -- --check	2026-04-19T00:05:18.1754101Z                  t: RqPoly(vec_to_poly(&self.le_proof_t_coeffs, "le_proof_t_coeffs")?),
Formatting	Run cargo fmt --all -- --check	2026-04-19T00:05:18.1754324Z                  z: RqPoly(vec_to_poly(&self.le_proof_z_coeffs, "le_proof_z_coeffs")?),
Formatting	Run cargo fmt --all -- --check	2026-04-19T00:05:18.1754616Z Diff in /home/runner/work/qssm-rs/qssm-rs/truth-engine/qssm-local-prover/src/wire.rs:130:
Formatting	Run cargo fmt --all -- --check	2026-04-19T00:05:18.1754747Z -                challenge_seed: decode_hash(
Formatting	Run cargo fmt --all -- --check	2026-04-19T00:05:18.1754881Z -                    &self.le_challenge_seed_hex,
Formatting	Run cargo fmt --all -- --check	2026-04-19T00:05:18.1755007Z -                    "le_challenge_seed_hex",
Formatting	Run cargo fmt --all -- --check	2026-04-19T00:05:18.1755118Z -                )?,
Formatting	Run cargo fmt --all -- --check	2026-04-19T00:05:18.1755401Z +                challenge_seed: decode_hash(&self.le_challenge_seed_hex, "le_challenge_seed_hex")?,
Formatting	Run cargo fmt --all -- --check	2026-04-19T00:05:18.1755494Z              },
Formatting	Run cargo fmt --all -- --check	2026-04-19T00:05:18.1755623Z -            external_entropy: decode_hash(
Formatting	Run cargo fmt --all -- --check	2026-04-19T00:05:18.1755749Z -                &self.external_entropy_hex,
Formatting	Run cargo fmt --all -- --check	2026-04-19T00:05:18.1755867Z -                "external_entropy_hex",
Formatting	Run cargo fmt --all -- --check	2026-04-19T00:05:18.1755962Z -            )?,
Formatting	Run cargo fmt --all -- --check	2026-04-19T00:05:18.1756243Z +            external_entropy: decode_hash(&self.external_entropy_hex, "external_entropy_hex")?,
Formatting	Run cargo fmt --all -- --check	2026-04-19T00:05:18.1756448Z              external_entropy_included: self.external_entropy_included,
Formatting	Run cargo fmt --all -- --check	2026-04-19T00:05:18.1756557Z              value: self.value,
Formatting	Run cargo fmt --all -- --check	2026-04-19T00:05:18.1756676Z              target: self.target,
Formatting	Run cargo fmt --all -- --check	2026-04-19T00:05:18.1756955Z Diff in /home/runner/work/qssm-rs/qssm-rs/truth-engine/qssm-local-prover/src/wire.rs:145:
Formatting	Run cargo fmt --all -- --check	2026-04-19T00:05:18.1757040Z  }
Formatting	Run cargo fmt --all -- --check	2026-04-19T00:05:18.1757136Z  
Formatting	Run cargo fmt --all -- --check	2026-04-19T00:05:18.1757409Z  fn decode_hash(hex_str: &str, field: &'static str) -> Result<[u8; 32], WireFormatError> {
Formatting	Run cargo fmt --all -- --check	2026-04-19T00:05:18.1757722Z -    let bytes = hex::decode(hex_str).map_err(|source| WireFormatError::HexDecode { field, source })?;
Formatting	Run cargo fmt --all -- --check	2026-04-19T00:05:18.1757824Z +    let bytes =
Formatting	Run cargo fmt --all -- --check	2026-04-19T00:05:18.1758091Z +        hex::decode(hex_str).map_err(|source| WireFormatError::HexDecode { field, source })?;
Formatting	Run cargo fmt --all -- --check	2026-04-19T00:05:18.1758339Z      <[u8; 32]>::try_from(bytes.as_slice()).map_err(|_| WireFormatError::BadLength {
Formatting	Run cargo fmt --all -- --check	2026-04-19T00:05:18.1758434Z          field,
Formatting	Run cargo fmt --all -- --check	2026-04-19T00:05:18.1758546Z          expected: 32,
Formatting	Run cargo fmt --all -- --check	2026-04-19T00:05:18.1762397Z Diff in /home/runner/work/qssm-rs/qssm-rs/truth-engine/qssm-local-verifier/src/lib.rs:7:
Formatting	Run cargo fmt --all -- --check	2026-04-19T00:05:18.1762594Z  
Formatting	Run cargo fmt --all -- --check	2026-04-19T00:05:18.1762964Z  #![forbid(unsafe_code)]
Formatting	Run cargo fmt --all -- --check	2026-04-19T00:05:18.1763124Z  
Formatting	Run cargo fmt --all -- --check	2026-04-19T00:05:18.1763318Z -use qssm_gadget::{
Formatting	Run cargo fmt --all -- --check	2026-04-19T00:05:18.1763741Z -    digest_coeff_vector_from_truth_digest, encode_proof_metadata_v2, truth_digest,
Formatting	Run cargo fmt --all -- --check	2026-04-19T00:05:18.1764032Z -};
Formatting	Run cargo fmt --all -- --check	2026-04-19T00:05:18.1764449Z +use qssm_gadget::{digest_coeff_vector_from_truth_digest, encode_proof_metadata_v2, truth_digest};
Formatting	Run cargo fmt --all -- --check	2026-04-19T00:05:18.1764585Z  use qssm_le::PublicInstance;
Formatting	Run cargo fmt --all -- --check	2026-04-19T00:05:18.1764703Z -use qssm_ms::{self, Root};
Formatting	Run cargo fmt --all -- --check	2026-04-19T00:05:18.1764946Z  use qssm_local_prover::{Proof, ProofContext, ZkError, MS_CONTEXT_TAG};
Formatting	Run cargo fmt --all -- --check	2026-04-19T00:05:18.1765061Z +use qssm_ms::{self, Root};
Formatting	Run cargo fmt --all -- --check	2026-04-19T00:05:18.1765196Z  use qssm_templates::QssmTemplate;
Formatting	Run cargo fmt --all -- --check	2026-04-19T00:05:18.1765281Z  
Formatting	Run cargo fmt --all -- --check	2026-04-19T00:05:18.1765446Z  /// Verify a proof against a template and context.
Formatting	Run cargo fmt --all -- --check	2026-04-19T00:05:18.1765868Z Diff in /home/runner/work/qssm-rs/qssm-rs/truth-engine/qssm-local-verifier/src/lib.rs:59:
Formatting	Run cargo fmt --all -- --check	2026-04-19T00:05:18.1766132Z      let recomputed_coeffs = digest_coeff_vector_from_truth_digest(&recomputed_digest);
Formatting	Run cargo fmt --all -- --check	2026-04-19T00:05:18.1766223Z  
Formatting	Run cargo fmt --all -- --check	2026-04-19T00:05:18.1766450Z      // 4. LE: verify the lattice proof against the RECOMPUTED public instance.
Formatting	Run cargo fmt --all -- --check	2026-04-19T00:05:18.1766716Z -    let public = PublicInstance::digest_coeffs(recomputed_coeffs)
Formatting	Run cargo fmt --all -- --check	2026-04-19T00:05:18.1766855Z -        .map_err(ZkError::LeVerify)?;
Formatting	Run cargo fmt --all -- --check	2026-04-19T00:05:18.1767162Z +    let public = PublicInstance::digest_coeffs(recomputed_coeffs).map_err(ZkError::LeVerify)?;
Formatting	Run cargo fmt --all -- --check	2026-04-19T00:05:18.1767294Z      let ok = qssm_le::verify_lattice(
Formatting	Run cargo fmt --all -- --check	2026-04-19T00:05:18.1767526Z -        ctx.vk(), &public, proof.le_commitment(), proof.le_proof(), &binding_ctx,
Formatting	Run cargo fmt --all -- --check	2026-04-19T00:05:18.1767658Z -    ).map_err(ZkError::LeVerify)?;
Formatting	Run cargo fmt --all -- --check	2026-04-19T00:05:18.1767757Z +        ctx.vk(),
Formatting	Run cargo fmt --all -- --check	2026-04-19T00:05:18.1767855Z +        &public,
Formatting	Run cargo fmt --all -- --check	2026-04-19T00:05:18.1767984Z +        proof.le_commitment(),
Formatting	Run cargo fmt --all -- --check	2026-04-19T00:05:18.1768095Z +        proof.le_proof(),
Formatting	Run cargo fmt --all -- --check	2026-04-19T00:05:18.1768193Z +        &binding_ctx,
Formatting	Run cargo fmt --all -- --check	2026-04-19T00:05:18.1768280Z +    )
Formatting	Run cargo fmt --all -- --check	2026-04-19T00:05:18.1768416Z +    .map_err(ZkError::LeVerify)?;
Formatting	Run cargo fmt --all -- --check	2026-04-19T00:05:18.1768517Z      if !ok {
Formatting	Run cargo fmt --all -- --check	2026-04-19T00:05:18.1768660Z          return Err(ZkError::LeVerifyFailed);
Formatting	Run cargo fmt --all -- --check	2026-04-19T00:05:18.1768753Z      }
Formatting	Run cargo fmt --all -- --check	2026-04-19T00:05:18.1769046Z Diff in /home/runner/work/qssm-rs/qssm-rs/truth-engine/qssm-local-verifier/src/lib.rs:88:
Formatting	Run cargo fmt --all -- --check	2026-04-19T00:05:18.1769167Z  ) -> Result<bool, VerifyError> {
Formatting	Run cargo fmt --all -- --check	2026-04-19T00:05:18.1769353Z      let template = qssm_templates::resolve(template_id)
Formatting	Run cargo fmt --all -- --check	2026-04-19T00:05:18.1769583Z          .ok_or_else(|| VerifyError::UnknownTemplate(template_id.to_owned()))?;
Formatting	Run cargo fmt --all -- --check	2026-04-19T00:05:18.1769755Z -    verify(ctx, &template, claim, proof, binding_ctx)
Formatting	Run cargo fmt --all -- --check	2026-04-19T00:05:18.1769883Z -        .map_err(VerifyError::Zk)
Formatting	Run cargo fmt --all -- --check	2026-04-19T00:05:18.1770135Z +    verify(ctx, &template, claim, proof, binding_ctx).map_err(VerifyError::Zk)
Formatting	Run cargo fmt --all -- --check	2026-04-19T00:05:18.1770229Z  }
Formatting	Run cargo fmt --all -- --check	2026-04-19T00:05:18.1770318Z  
Formatting	Run cargo fmt --all -- --check	2026-04-19T00:05:18.1770490Z  /// Verify a proof offline with an explicit template.
Formatting	Run cargo fmt --all -- --check	2026-04-19T00:05:18.1770785Z Diff in /home/runner/work/qssm-rs/qssm-rs/truth-engine/qssm-local-verifier/src/lib.rs:146:
Formatting	Run cargo fmt --all -- --check	2026-04-19T00:05:18.1770873Z      }
Formatting	Run cargo fmt --all -- --check	2026-04-19T00:05:18.1770957Z  
Formatting	Run cargo fmt --all -- --check	2026-04-19T00:05:18.1771117Z      fn make_proof(binding_ctx: [u8; 32]) -> Proof {
Formatting	Run cargo fmt --all -- --check	2026-04-19T00:05:18.1771397Z -        prove(&test_ctx(), &test_template(), &test_claim(), 100, 50, binding_ctx, test_entropy())
Formatting	Run cargo fmt --all -- --check	2026-04-19T00:05:18.1771533Z -            .expect("prove should succeed")
Formatting	Run cargo fmt --all -- --check	2026-04-19T00:05:18.1771636Z +        prove(
Formatting	Run cargo fmt --all -- --check	2026-04-19T00:05:18.1771741Z +            &test_ctx(),
Formatting	Run cargo fmt --all -- --check	2026-04-19T00:05:18.1771853Z +            &test_template(),
Formatting	Run cargo fmt --all -- --check	2026-04-19T00:05:18.1771956Z +            &test_claim(),
Formatting	Run cargo fmt --all -- --check	2026-04-19T00:05:18.1772051Z +            100,
Formatting	Run cargo fmt --all -- --check	2026-04-19T00:05:18.1772140Z +            50,
Formatting	Run cargo fmt --all -- --check	2026-04-19T00:05:18.1772244Z +            binding_ctx,
Formatting	Run cargo fmt --all -- --check	2026-04-19T00:05:18.1772366Z +            test_entropy(),
Formatting	Run cargo fmt --all -- --check	2026-04-19T00:05:18.1772723Z +        )
Formatting	Run cargo fmt --all -- --check	2026-04-19T00:05:18.1772867Z +        .expect("prove should succeed")
Formatting	Run cargo fmt --all -- --check	2026-04-19T00:05:18.1772960Z      }
Formatting	Run cargo fmt --all -- --check	2026-04-19T00:05:18.1773073Z  
Formatting	Run cargo fmt --all -- --check	2026-04-19T00:05:18.1773386Z      // ── Round-trip ───────────────────────────────────────────────────
Formatting	Run cargo fmt --all -- --check	2026-04-19T00:05:18.1773725Z Diff in /home/runner/work/qssm-rs/qssm-rs/truth-engine/qssm-local-verifier/src/lib.rs:155:
Formatting	Run cargo fmt --all -- --check	2026-04-19T00:05:18.1774049Z      #[test]
Formatting	Run cargo fmt --all -- --check	2026-04-19T00:05:18.1774206Z      fn verify_round_trip() {
Formatting	Run cargo fmt --all -- --check	2026-04-19T00:05:18.1774380Z          let proof = make_proof(test_binding());
Formatting	Run cargo fmt --all -- --check	2026-04-19T00:05:18.1774758Z -        let ok = verify(&test_ctx(), &test_template(), &test_claim(), &proof, test_binding())
Formatting	Run cargo fmt --all -- --check	2026-04-19T00:05:18.1774955Z -            .expect("verify should succeed");
Formatting	Run cargo fmt --all -- --check	2026-04-19T00:05:18.1775154Z +        let ok = verify(
Formatting	Run cargo fmt --all -- --check	2026-04-19T00:05:18.1775334Z +            &test_ctx(),
Formatting	Run cargo fmt --all -- --check	2026-04-19T00:05:18.1775519Z +            &test_template(),
Formatting	Run cargo fmt --all -- --check	2026-04-19T00:05:18.1775822Z +            &test_claim(),
Formatting	Run cargo fmt --all -- --check	2026-04-19T00:05:18.1776014Z +            &proof,
Formatting	Run cargo fmt --all -- --check	2026-04-19T00:05:18.1776177Z +            test_binding(),
Formatting	Run cargo fmt --all -- --check	2026-04-19T00:05:18.1776337Z +        )
Formatting	Run cargo fmt --all -- --check	2026-04-19T00:05:18.1776502Z +        .expect("verify should succeed");
Formatting	Run cargo fmt --all -- --check	2026-04-19T00:05:18.1776698Z          assert!(ok);
Formatting	Run cargo fmt --all -- --check	2026-04-19T00:05:18.1785999Z      }
Formatting	Run cargo fmt --all -- --check	2026-04-19T00:05:18.1786210Z  
Formatting	Run cargo fmt --all -- --check	2026-04-19T00:05:18.1786664Z Diff in /home/runner/work/qssm-rs/qssm-rs/truth-engine/qssm-local-verifier/src/lib.rs:164:
Formatting	Run cargo fmt --all -- --check	2026-04-19T00:05:18.1786828Z      fn offline_round_trip() {
Formatting	Run cargo fmt --all -- --check	2026-04-19T00:05:18.1787020Z          let binding_ctx = blake3_hash(b"test-offline-ctx");
Formatting	Run cargo fmt --all -- --check	2026-04-19T00:05:18.1787169Z          let proof = make_proof(binding_ctx);
Formatting	Run cargo fmt --all -- --check	2026-04-19T00:05:18.1787481Z -        let ok = verify_proof_offline(&test_ctx(), "age-gate-21", &test_claim(), &proof, binding_ctx)
Formatting	Run cargo fmt --all -- --check	2026-04-19T00:05:18.1787642Z -            .expect("offline verify should succeed");
Formatting	Run cargo fmt --all -- --check	2026-04-19T00:05:18.1787767Z +        let ok = verify_proof_offline(
Formatting	Run cargo fmt --all -- --check	2026-04-19T00:05:18.1787889Z +            &test_ctx(),
Formatting	Run cargo fmt --all -- --check	2026-04-19T00:05:18.1788000Z +            "age-gate-21",
Formatting	Run cargo fmt --all -- --check	2026-04-19T00:05:18.1788106Z +            &test_claim(),
Formatting	Run cargo fmt --all -- --check	2026-04-19T00:05:18.1788211Z +            &proof,
Formatting	Run cargo fmt --all -- --check	2026-04-19T00:05:18.1788317Z +            binding_ctx,
Formatting	Run cargo fmt --all -- --check	2026-04-19T00:05:18.1788406Z +        )
Formatting	Run cargo fmt --all -- --check	2026-04-19T00:05:18.1788558Z +        .expect("offline verify should succeed");
Formatting	Run cargo fmt --all -- --check	2026-04-19T00:05:18.1788665Z          assert!(ok);
Formatting	Run cargo fmt --all -- --check	2026-04-19T00:05:18.1788760Z      }
Formatting	Run cargo fmt --all -- --check	2026-04-19T00:05:18.1788848Z  
Formatting	Run cargo fmt --all -- --check	2026-04-19T00:05:18.1789162Z Diff in /home/runner/work/qssm-rs/qssm-rs/truth-engine/qssm-local-verifier/src/lib.rs:173:
Formatting	Run cargo fmt --all -- --check	2026-04-19T00:05:18.1789326Z      fn verify_with_explicit_template_round_trip() {
Formatting	Run cargo fmt --all -- --check	2026-04-19T00:05:18.1789526Z          let binding_ctx = blake3_hash(b"test-explicit-template");
Formatting	Run cargo fmt --all -- --check	2026-04-19T00:05:18.1789668Z          let proof = make_proof(binding_ctx);
Formatting	Run cargo fmt --all -- --check	2026-04-19T00:05:18.1789998Z -        let ok = verify_proof_with_template(&test_ctx(), &test_template(), &test_claim(), &proof, binding_ctx)
Formatting	Run cargo fmt --all -- --check	2026-04-19T00:05:18.1790178Z -            .expect("verify with template should succeed");
Formatting	Run cargo fmt --all -- --check	2026-04-19T00:05:18.1790311Z +        let ok = verify_proof_with_template(
Formatting	Run cargo fmt --all -- --check	2026-04-19T00:05:18.1790425Z +            &test_ctx(),
Formatting	Run cargo fmt --all -- --check	2026-04-19T00:05:18.1790536Z +            &test_template(),
Formatting	Run cargo fmt --all -- --check	2026-04-19T00:05:18.1790712Z +            &test_claim(),
Formatting	Run cargo fmt --all -- --check	2026-04-19T00:05:18.1790901Z +            &proof,
Formatting	Run cargo fmt --all -- --check	2026-04-19T00:05:18.1791093Z +            binding_ctx,
Formatting	Run cargo fmt --all -- --check	2026-04-19T00:05:18.1791263Z +        )
Formatting	Run cargo fmt --all -- --check	2026-04-19T00:05:18.1791550Z +        .expect("verify with template should succeed");
Formatting	Run cargo fmt --all -- --check	2026-04-19T00:05:18.1791739Z          assert!(ok);
Formatting	Run cargo fmt --all -- --check	2026-04-19T00:05:18.1791835Z      }
Formatting	Run cargo fmt --all -- --check	2026-04-19T00:05:18.1791921Z  
Formatting	Run cargo fmt --all -- --check	2026-04-19T00:05:18.1792223Z Diff in /home/runner/work/qssm-rs/qssm-rs/truth-engine/qssm-local-verifier/src/lib.rs:183:
Formatting	Run cargo fmt --all -- --check	2026-04-19T00:05:18.1792318Z      #[test]
Formatting	Run cargo fmt --all -- --check	2026-04-19T00:05:18.1792671Z      fn unknown_template_rejected() {
Formatting	Run cargo fmt --all -- --check	2026-04-19T00:05:18.1792845Z          let proof = make_proof([0u8; 32]);
Formatting	Run cargo fmt --all -- --check	2026-04-19T00:05:18.1793230Z -        let result = verify_proof_offline(&test_ctx(), "nonexistent-template", &test_claim(), &proof, [0u8; 32]);
Formatting	Run cargo fmt --all -- --check	2026-04-19T00:05:18.1793378Z +        let result = verify_proof_offline(
Formatting	Run cargo fmt --all -- --check	2026-04-19T00:05:18.1793486Z +            &test_ctx(),
Formatting	Run cargo fmt --all -- --check	2026-04-19T00:05:18.1793619Z +            "nonexistent-template",
Formatting	Run cargo fmt --all -- --check	2026-04-19T00:05:18.1793727Z +            &test_claim(),
Formatting	Run cargo fmt --all -- --check	2026-04-19T00:05:18.1793824Z +            &proof,
Formatting	Run cargo fmt --all -- --check	2026-04-19T00:05:18.1793926Z +            [0u8; 32],
Formatting	Run cargo fmt --all -- --check	2026-04-19T00:05:18.1794206Z +        );
Formatting	Run cargo fmt --all -- --check	2026-04-19T00:05:18.1794457Z          assert!(matches!(result, Err(VerifyError::UnknownTemplate(_))));
Formatting	Run cargo fmt --all -- --check	2026-04-19T00:05:18.1794545Z      }
Formatting	Run cargo fmt --all -- --check	2026-04-19T00:05:18.1794639Z  
Formatting	Run cargo fmt --all -- --check	2026-04-19T00:05:18.1794937Z Diff in /home/runner/work/qssm-rs/qssm-rs/truth-engine/qssm-local-verifier/src/lib.rs:196:
Formatting	Run cargo fmt --all -- --check	2026-04-19T00:05:18.1795045Z          root[0] ^= 0x01;
Formatting	Run cargo fmt --all -- --check	2026-04-19T00:05:18.1795199Z          bundle.ms_root_hex = hex::encode(root);
Formatting	Run cargo fmt --all -- --check	2026-04-19T00:05:18.1795344Z          let tampered = bundle.to_proof().unwrap();
Formatting	Run cargo fmt --all -- --check	2026-04-19T00:05:18.1795633Z -        let result = verify(&test_ctx(), &test_template(), &test_claim(), &tampered, binding_ctx);
Formatting	Run cargo fmt --all -- --check	2026-04-19T00:05:18.1795871Z +        let result = verify(
Formatting	Run cargo fmt --all -- --check	2026-04-19T00:05:18.1795986Z +            &test_ctx(),
Formatting	Run cargo fmt --all -- --check	2026-04-19T00:05:18.1796100Z +            &test_template(),
Formatting	Run cargo fmt --all -- --check	2026-04-19T00:05:18.1796207Z +            &test_claim(),
Formatting	Run cargo fmt --all -- --check	2026-04-19T00:05:18.1796312Z +            &tampered,
Formatting	Run cargo fmt --all -- --check	2026-04-19T00:05:18.1796416Z +            binding_ctx,
Formatting	Run cargo fmt --all -- --check	2026-04-19T00:05:18.1796515Z +        );
Formatting	Run cargo fmt --all -- --check	2026-04-19T00:05:18.1796638Z          assert!(result.is_err());
Formatting	Run cargo fmt --all -- --check	2026-04-19T00:05:18.1796734Z      }
Formatting	Run cargo fmt --all -- --check	2026-04-19T00:05:18.1796820Z  
Formatting	Run cargo fmt --all -- --check	2026-04-19T00:05:18.1797120Z Diff in /home/runner/work/qssm-rs/qssm-rs/truth-engine/qssm-local-verifier/src/lib.rs:205:
Formatting	Run cargo fmt --all -- --check	2026-04-19T00:05:18.1797304Z          let binding_ctx = blake3_hash(b"test-wrong-ctx-a");
Formatting	Run cargo fmt --all -- --check	2026-04-19T00:05:18.1797474Z          let wrong_ctx = blake3_hash(b"test-wrong-ctx-b");
Formatting	Run cargo fmt --all -- --check	2026-04-19T00:05:18.1797613Z          let proof = make_proof(binding_ctx);
Formatting	Run cargo fmt --all -- --check	2026-04-19T00:05:18.1797887Z -        let result = verify(&test_ctx(), &test_template(), &test_claim(), &proof, wrong_ctx);
Formatting	Run cargo fmt --all -- --check	2026-04-19T00:05:18.1798005Z +        let result = verify(
Formatting	Run cargo fmt --all -- --check	2026-04-19T00:05:18.1798112Z +            &test_ctx(),
Formatting	Run cargo fmt --all -- --check	2026-04-19T00:05:18.1798224Z +            &test_template(),
Formatting	Run cargo fmt --all -- --check	2026-04-19T00:05:18.1798335Z +            &test_claim(),
Formatting	Run cargo fmt --all -- --check	2026-04-19T00:05:18.1798432Z +            &proof,
Formatting	Run cargo fmt --all -- --check	2026-04-19T00:05:18.1798533Z +            wrong_ctx,
Formatting	Run cargo fmt --all -- --check	2026-04-19T00:05:18.1798637Z +        );
Formatting	Run cargo fmt --all -- --check	2026-04-19T00:05:18.1798757Z          assert!(result.is_err());
Formatting	Run cargo fmt --all -- --check	2026-04-19T00:05:18.1798844Z      }
Formatting	Run cargo fmt --all -- --check	2026-04-19T00:05:18.1798929Z  
Formatting	Run cargo fmt --all -- --check	2026-04-19T00:05:18.1799223Z Diff in /home/runner/work/qssm-rs/qssm-rs/truth-engine/qssm-local-verifier/src/lib.rs:214:
Formatting	Run cargo fmt --all -- --check	2026-04-19T00:05:18.1799393Z          let binding_ctx = blake3_hash(b"test-wrong-claim");
Formatting	Run cargo fmt --all -- --check	2026-04-19T00:05:18.1799525Z          let proof = make_proof(binding_ctx);
Formatting	Run cargo fmt --all -- --check	2026-04-19T00:05:18.1799705Z          let bad_claim = json!({ "claim": { "age_years": 17 } });
Formatting	Run cargo fmt --all -- --check	2026-04-19T00:05:18.1799967Z -        let result = verify(&test_ctx(), &test_template(), &bad_claim, &proof, binding_ctx);
Formatting	Run cargo fmt --all -- --check	2026-04-19T00:05:18.1800082Z +        let result = verify(
Formatting	Run cargo fmt --all -- --check	2026-04-19T00:05:18.1800184Z +            &test_ctx(),
Formatting	Run cargo fmt --all -- --check	2026-04-19T00:05:18.1800301Z +            &test_template(),
Formatting	Run cargo fmt --all -- --check	2026-04-19T00:05:18.1800401Z +            &bad_claim,
Formatting	Run cargo fmt --all -- --check	2026-04-19T00:05:18.1800496Z +            &proof,
Formatting	Run cargo fmt --all -- --check	2026-04-19T00:05:18.1800604Z +            binding_ctx,
Formatting	Run cargo fmt --all -- --check	2026-04-19T00:05:18.1800701Z +        );
Formatting	Run cargo fmt --all -- --check	2026-04-19T00:05:18.1800821Z          assert!(result.is_err());
Formatting	Run cargo fmt --all -- --check	2026-04-19T00:05:18.1800908Z      }
Formatting	Run cargo fmt --all -- --check	2026-04-19T00:05:18.1801000Z  
Formatting	Run cargo fmt --all -- --check	2026-04-19T00:05:18.1801280Z Diff in /home/runner/work/qssm-rs/qssm-rs/truth-engine/qssm-local-verifier/src/lib.rs:227:
Formatting	Run cargo fmt --all -- --check	2026-04-19T00:05:18.1801385Z          ent[0] ^= 0xFF;
Formatting	Run cargo fmt --all -- --check	2026-04-19T00:05:18.1801562Z          bundle.binding_entropy_hex = hex::encode(ent);
Formatting	Run cargo fmt --all -- --check	2026-04-19T00:05:18.1801711Z          let tampered = bundle.to_proof().unwrap();
Formatting	Run cargo fmt --all -- --check	2026-04-19T00:05:18.1801989Z -        let result = verify(&test_ctx(), &test_template(), &test_claim(), &tampered, binding_ctx);
Formatting	Run cargo fmt --all -- --check	2026-04-19T00:05:18.1802117Z +        let result = verify(
Formatting	Run cargo fmt --all -- --check	2026-04-19T00:05:18.1802222Z +            &test_ctx(),
Formatting	Run cargo fmt --all -- --check	2026-04-19T00:05:18.1802332Z +            &test_template(),
Formatting	Run cargo fmt --all -- --check	2026-04-19T00:05:18.1802438Z +            &test_claim(),
Formatting	Run cargo fmt --all -- --check	2026-04-19T00:05:18.1802829Z +            &tampered,
Formatting	Run cargo fmt --all -- --check	2026-04-19T00:05:18.1802943Z +            binding_ctx,
Formatting	Run cargo fmt --all -- --check	2026-04-19T00:05:18.1803037Z +        );
Formatting	Run cargo fmt --all -- --check	2026-04-19T00:05:18.1803166Z          assert!(result.is_err());
Formatting	Run cargo fmt --all -- --check	2026-04-19T00:05:18.1803395Z      }
Formatting	Run cargo fmt --all -- --check	2026-04-19T00:05:18.1803485Z  }
Formatting	Run cargo fmt --all -- --check	2026-04-19T00:05:18.1803799Z Diff in /home/runner/work/qssm-rs/qssm-rs/truth-engine/qssm-local-verifier/src/lib.rs:234:
Formatting	Run cargo fmt --all -- --check	2026-04-19T00:05:18.1803895Z -
Formatting	Run cargo fmt --all -- --check	2026-04-19T00:05:18.1803979Z  
Formatting	Run cargo fmt --all -- --check	2026-04-19T00:05:18.1804333Z Diff in /home/runner/work/qssm-rs/qssm-rs/truth-engine/qssm-ms/src/commitment/leaves.rs:40:
Formatting	Run cargo fmt --all -- --check	2026-04-19T00:05:18.1804420Z  }
Formatting	Run cargo fmt --all -- --check	2026-04-19T00:05:18.1804505Z  
Formatting	Run cargo fmt --all -- --check	2026-04-19T00:05:18.1804774Z  pub(crate) fn ms_leaf(i: u8, bit: u8, salt: &[u8; 32], binding_ent: &[u8; 32]) -> [u8; 32] {
Formatting	Run cargo fmt --all -- --check	2026-04-19T00:05:18.1805142Z -    hash_domain(DOMAIN_MS, &[b"leaf", &[i], &[bit], salt.as_slice(), binding_ent])
Formatting	Run cargo fmt --all -- --check	2026-04-19T00:05:18.1805248Z +    hash_domain(
Formatting	Run cargo fmt --all -- --check	2026-04-19T00:05:18.1805350Z +        DOMAIN_MS,
Formatting	Run cargo fmt --all -- --check	2026-04-19T00:05:18.1805529Z +        &[b"leaf", &[i], &[bit], salt.as_slice(), binding_ent],
Formatting	Run cargo fmt --all -- --check	2026-04-19T00:05:18.1805619Z +    )
Formatting	Run cargo fmt --all -- --check	2026-04-19T00:05:18.1805704Z  }
Formatting	Run cargo fmt --all -- --check	2026-04-19T00:05:18.1805791Z  
Formatting	Run cargo fmt --all -- --check	2026-04-19T00:05:18.1806052Z  pub(crate) fn build_leaves(salts: &Salts, binding_ent: &[u8; 32]) -> Vec<[u8; 32]> {
Formatting	Run cargo fmt --all -- --check	2026-04-19T00:05:18.1806307Z Diff in /home/runner/work/qssm-rs/qssm-rs/truth-engine/qssm-ms/src/lib.rs:16:
Formatting	Run cargo fmt --all -- --check	2026-04-19T00:05:18.1806393Z  
Formatting	Run cargo fmt --all -- --check	2026-04-19T00:05:18.1806605Z  use commitment::leaves::{build_leaves, derive_salts, ms_leaf};
Formatting	Run cargo fmt --all -- --check	2026-04-19T00:05:18.1806748Z  use commitment::tree::verify_path_to_root;
Formatting	Run cargo fmt --all -- --check	2026-04-19T00:05:18.1806969Z -use core::{highest_differing_bit, binding_rotation, rot_for_nonce};
Formatting	Run cargo fmt --all -- --check	2026-04-19T00:05:18.1807188Z +use core::{binding_rotation, highest_differing_bit, rot_for_nonce};
Formatting	Run cargo fmt --all -- --check	2026-04-19T00:05:18.1807331Z  use qssm_utils::PositionAwareTree;
Formatting	Run cargo fmt --all -- --check	2026-04-19T00:05:18.1807457Z  use subtle::ConstantTimeEq;
Formatting	Run cargo fmt --all -- --check	2026-04-19T00:05:18.1807588Z  use transcript::fs_challenge;
Formatting	Run cargo fmt --all -- --check	2026-04-19T00:05:18.1807840Z Diff in /home/runner/work/qssm-rs/qssm-rs/truth-engine/qssm-ms/src/lib.rs:79:
Formatting	Run cargo fmt --all -- --check	2026-04-19T00:05:18.1808047Z              return Err(MsError::InvalidProofField("k must be <= 63"));
Formatting	Run cargo fmt --all -- --check	2026-04-19T00:05:18.1808139Z          }
Formatting	Run cargo fmt --all -- --check	2026-04-19T00:05:18.1808282Z          if path.len() != MERKLE_PATH_LEN {
Formatting	Run cargo fmt --all -- --check	2026-04-19T00:05:18.1808589Z -            return Err(MsError::InvalidProofField("path must contain exactly 7 sibling hashes"));
Formatting	Run cargo fmt --all -- --check	2026-04-19T00:05:18.1808743Z +            return Err(MsError::InvalidProofField(
Formatting	Run cargo fmt --all -- --check	2026-04-19T00:05:18.1808924Z +                "path must contain exactly 7 sibling hashes",
Formatting	Run cargo fmt --all -- --check	2026-04-19T00:05:18.1809017Z +            ));
Formatting	Run cargo fmt --all -- --check	2026-04-19T00:05:18.1809105Z          }
Formatting	Run cargo fmt --all -- --check	2026-04-19T00:05:18.1809290Z -        Ok(Self { n, k, bit_at_k, opened_salt, path, challenge })
Formatting	Run cargo fmt --all -- --check	2026-04-19T00:05:18.1809394Z +        Ok(Self {
Formatting	Run cargo fmt --all -- --check	2026-04-19T00:05:18.1809493Z +            n,
Formatting	Run cargo fmt --all -- --check	2026-04-19T00:05:18.1809584Z +            k,
Formatting	Run cargo fmt --all -- --check	2026-04-19T00:05:18.1809685Z +            bit_at_k,
Formatting	Run cargo fmt --all -- --check	2026-04-19T00:05:18.1809791Z +            opened_salt,
Formatting	Run cargo fmt --all -- --check	2026-04-19T00:05:18.1809889Z +            path,
Formatting	Run cargo fmt --all -- --check	2026-04-19T00:05:18.1809986Z +            challenge,
Formatting	Run cargo fmt --all -- --check	2026-04-19T00:05:18.1810082Z +        })
Formatting	Run cargo fmt --all -- --check	2026-04-19T00:05:18.1810167Z      }
Formatting	Run cargo fmt --all -- --check	2026-04-19T00:05:18.1810252Z  
Formatting	Run cargo fmt --all -- --check	2026-04-19T00:05:18.1810386Z      /// Nonce used for this proof.
Formatting	Run cargo fmt --all -- --check	2026-04-19T00:05:18.1810624Z Diff in /home/runner/work/qssm-rs/qssm-rs/truth-engine/qssm-ms/src/lib.rs:88:
Formatting	Run cargo fmt --all -- --check	2026-04-19T00:05:18.1810766Z -    #[inline] pub fn n(&self) -> u8 { self.n }
Formatting	Run cargo fmt --all -- --check	2026-04-19T00:05:18.1810860Z +    #[inline]
Formatting	Run cargo fmt --all -- --check	2026-04-19T00:05:18.1810977Z +    pub fn n(&self) -> u8 {
Formatting	Run cargo fmt --all -- --check	2026-04-19T00:05:18.1811071Z +        self.n
Formatting	Run cargo fmt --all -- --check	2026-04-19T00:05:18.1811156Z +    }
Formatting	Run cargo fmt --all -- --check	2026-04-19T00:05:18.1811285Z      /// Bit position of the crossing.
Formatting	Run cargo fmt --all -- --check	2026-04-19T00:05:18.1811420Z -    #[inline] pub fn k(&self) -> u8 { self.k }
Formatting	Run cargo fmt --all -- --check	2026-04-19T00:05:18.1811512Z +    #[inline]
Formatting	Run cargo fmt --all -- --check	2026-04-19T00:05:18.1811630Z +    pub fn k(&self) -> u8 {
Formatting	Run cargo fmt --all -- --check	2026-04-19T00:05:18.1811729Z +        self.k
Formatting	Run cargo fmt --all -- --check	2026-04-19T00:05:18.1811816Z +    }
Formatting	Run cargo fmt --all -- --check	2026-04-19T00:05:18.1811986Z      /// The bit of the *original* value at position `k`.
Formatting	Run cargo fmt --all -- --check	2026-04-19T00:05:18.1812171Z -    #[inline] pub fn bit_at_k(&self) -> u8 { self.bit_at_k }
Formatting	Run cargo fmt --all -- --check	2026-04-19T00:05:18.1812265Z +    #[inline]
Formatting	Run cargo fmt --all -- --check	2026-04-19T00:05:18.1812381Z +    pub fn bit_at_k(&self) -> u8 {
Formatting	Run cargo fmt --all -- --check	2026-04-19T00:05:18.1812903Z +        self.bit_at_k
Formatting	Run cargo fmt --all -- --check	2026-04-19T00:05:18.1812999Z +    }
Formatting	Run cargo fmt --all -- --check	2026-04-19T00:05:18.1813177Z      /// The opened salt for the leaf at `(k, bit_at_k)`.
Formatting	Run cargo fmt --all -- --check	2026-04-19T00:05:18.1813406Z -    #[inline] pub fn opened_salt(&self) -> &[u8; 32] { &self.opened_salt }
Formatting	Run cargo fmt --all -- --check	2026-04-19T00:05:18.1813509Z +    #[inline]
Formatting	Run cargo fmt --all -- --check	2026-04-19T00:05:18.1813649Z +    pub fn opened_salt(&self) -> &[u8; 32] {
Formatting	Run cargo fmt --all -- --check	2026-04-19T00:05:18.1813760Z +        &self.opened_salt
Formatting	Run cargo fmt --all -- --check	2026-04-19T00:05:18.1813845Z +    }
Formatting	Run cargo fmt --all -- --check	2026-04-19T00:05:18.1813972Z      /// Merkle siblings (length 7).
Formatting	Run cargo fmt --all -- --check	2026-04-19T00:05:18.1814154Z -    #[inline] pub fn path(&self) -> &[[u8; 32]] { &self.path }
Formatting	Run cargo fmt --all -- --check	2026-04-19T00:05:18.1814409Z +    #[inline]
Formatting	Run cargo fmt --all -- --check	2026-04-19T00:05:18.1814539Z +    pub fn path(&self) -> &[[u8; 32]] {
Formatting	Run cargo fmt --all -- --check	2026-04-19T00:05:18.1814639Z +        &self.path
Formatting	Run cargo fmt --all -- --check	2026-04-19T00:05:18.1814725Z +    }
Formatting	Run cargo fmt --all -- --check	2026-04-19T00:05:18.1814851Z      /// Fiat-Shamir challenge digest.
Formatting	Run cargo fmt --all -- --check	2026-04-19T00:05:18.1815062Z -    #[inline] pub fn challenge(&self) -> &[u8; 32] { &self.challenge }
Formatting	Run cargo fmt --all -- --check	2026-04-19T00:05:18.1815161Z +    #[inline]
Formatting	Run cargo fmt --all -- --check	2026-04-19T00:05:18.1815293Z +    pub fn challenge(&self) -> &[u8; 32] {
Formatting	Run cargo fmt --all -- --check	2026-04-19T00:05:18.1815405Z +        &self.challenge
Formatting	Run cargo fmt --all -- --check	2026-04-19T00:05:18.1815489Z +    }
Formatting	Run cargo fmt --all -- --check	2026-04-19T00:05:18.1815574Z  }
Formatting	Run cargo fmt --all -- --check	2026-04-19T00:05:18.1815659Z  
Formatting	Run cargo fmt --all -- --check	2026-04-19T00:05:18.1815817Z  impl std::fmt::Debug for GhostMirrorProof {
Formatting	Run cargo fmt --all -- --check	2026-04-19T00:05:18.1816070Z Diff in /home/runner/work/qssm-rs/qssm-rs/truth-engine/qssm-ms/src/lib.rs:112:
Formatting	Run cargo fmt --all -- --check	2026-04-19T00:05:18.1816152Z  }
Formatting	Run cargo fmt --all -- --check	2026-04-19T00:05:18.1816243Z  
Formatting	Run cargo fmt --all -- --check	2026-04-19T00:05:18.1816441Z  /// Deterministic salts from `seed` (reproducible CI / demos).
Formatting	Run cargo fmt --all -- --check	2026-04-19T00:05:18.1816684Z -pub fn commit(
Formatting	Run cargo fmt --all -- --check	2026-04-19T00:05:18.1816872Z -    seed: [u8; 32],
Formatting	Run cargo fmt --all -- --check	2026-04-19T00:05:18.1817086Z -    binding_entropy: [u8; 32],
Formatting	Run cargo fmt --all -- --check	2026-04-19T00:05:18.1817306Z -) -> Result<(Root, Salts), MsError> {
Formatting	Run cargo fmt --all -- --check	2026-04-19T00:05:18.1817791Z +pub fn commit(seed: [u8; 32], binding_entropy: [u8; 32]) -> Result<(Root, Salts), MsError> {
Formatting	Run cargo fmt --all -- --check	2026-04-19T00:05:18.1818003Z      let salts = derive_salts(seed);
Formatting	Run cargo fmt --all -- --check	2026-04-19T00:05:18.1818291Z      let leaves = build_leaves(&salts, &binding_entropy);
Formatting	Run cargo fmt --all -- --check	2026-04-19T00:05:18.1818460Z      let tree = PositionAwareTree::new(leaves)?;
Formatting	Run cargo fmt --all -- --check	2026-04-19T00:05:18.1818713Z Diff in /home/runner/work/qssm-rs/qssm-rs/truth-engine/qssm-ms/src/lib.rs:202:
Formatting	Run cargo fmt --all -- --check	2026-04-19T00:05:18.1818883Z      if ((value >> proof.k) & 1) as u8 != proof.bit_at_k {
Formatting	Run cargo fmt --all -- --check	2026-04-19T00:05:18.1818984Z          return false;
Formatting	Run cargo fmt --all -- --check	2026-04-19T00:05:18.1819073Z      }
Formatting	Run cargo fmt --all -- --check	2026-04-19T00:05:18.1819330Z -    let leaf = ms_leaf(proof.k, proof.bit_at_k, &proof.opened_salt, &binding_entropy);
Formatting	Run cargo fmt --all -- --check	2026-04-19T00:05:18.1819440Z +    let leaf = ms_leaf(
Formatting	Run cargo fmt --all -- --check	2026-04-19T00:05:18.1819542Z +        proof.k,
Formatting	Run cargo fmt --all -- --check	2026-04-19T00:05:18.1819645Z +        proof.bit_at_k,
Formatting	Run cargo fmt --all -- --check	2026-04-19T00:05:18.1819762Z +        &proof.opened_salt,
Formatting	Run cargo fmt --all -- --check	2026-04-19T00:05:18.1819869Z +        &binding_entropy,
Formatting	Run cargo fmt --all -- --check	2026-04-19T00:05:18.1819956Z +    );
Formatting	Run cargo fmt --all -- --check	2026-04-19T00:05:18.1820157Z      let leaf_idx = 2 * (proof.k as usize) + (proof.bit_at_k as usize);
Formatting	Run cargo fmt --all -- --check	2026-04-19T00:05:18.1820399Z      if !verify_path_to_root(root.as_bytes(), &leaf, leaf_idx, 128, &proof.path) {
Formatting	Run cargo fmt --all -- --check	2026-04-19T00:05:18.1820507Z          return false;
Formatting	Run cargo fmt --all -- --check	2026-04-19T00:05:18.1820909Z Diff in /home/runner/work/qssm-rs/qssm-rs/truth-engine/qssm-ms/unit_tests/mirror_shift_adversarial.rs:48:
Formatting	Run cargo fmt --all -- --check	2026-04-19T00:05:18.1821088Z      let (root, salts) = commit(seed, binding_ent).unwrap();
Formatting	Run cargo fmt --all -- --check	2026-04-19T00:05:18.1821307Z      let proof = prove(9, 1, &salts, binding_ent, b"x", &BINDING_CTX).unwrap();
Formatting	Run cargo fmt --all -- --check	2026-04-19T00:05:18.1821437Z      let other = Root::new([0xFF; 32]);
Formatting	Run cargo fmt --all -- --check	2026-04-19T00:05:18.1821655Z -    assert!(!verify(other, &proof, binding_ent, 9, 1, b"x", &BINDING_CTX));
Formatting	Run cargo fmt --all -- --check	2026-04-19T00:05:18.1821760Z +    assert!(!verify(
Formatting	Run cargo fmt --all -- --check	2026-04-19T00:05:18.1821852Z +        other,
Formatting	Run cargo fmt --all -- --check	2026-04-19T00:05:18.1821949Z +        &proof,
Formatting	Run cargo fmt --all -- --check	2026-04-19T00:05:18.1822046Z +        binding_ent,
Formatting	Run cargo fmt --all -- --check	2026-04-19T00:05:18.1822135Z +        9,
Formatting	Run cargo fmt --all -- --check	2026-04-19T00:05:18.1822229Z +        1,
Formatting	Run cargo fmt --all -- --check	2026-04-19T00:05:18.1822321Z +        b"x",
Formatting	Run cargo fmt --all -- --check	2026-04-19T00:05:18.1822642Z +        &BINDING_CTX
Formatting	Run cargo fmt --all -- --check	2026-04-19T00:05:18.1822816Z +    ));
Formatting	Run cargo fmt --all -- --check	2026-04-19T00:05:18.1823116Z      let _ = root;
Formatting	Run cargo fmt --all -- --check	2026-04-19T00:05:18.1823204Z  }
Formatting	Run cargo fmt --all -- --check	2026-04-19T00:05:18.1823288Z  
Formatting	Run cargo fmt --all -- --check	2026-04-19T00:05:18.1823665Z Diff in /home/runner/work/qssm-rs/qssm-rs/truth-engine/qssm-ms/unit_tests/mirror_shift_adversarial.rs:63:
Formatting	Run cargo fmt --all -- --check	2026-04-19T00:05:18.1823765Z          s[0] ^= 0x01;
Formatting	Run cargo fmt --all -- --check	2026-04-19T00:05:18.1823851Z      }
Formatting	Run cargo fmt --all -- --check	2026-04-19T00:05:18.1824023Z      let tampered = qssm_ms::GhostMirrorProof::new(
Formatting	Run cargo fmt --all -- --check	2026-04-19T00:05:18.1824175Z -        proof.n(), proof.k(), proof.bit_at_k(),
Formatting	Run cargo fmt --all -- --check	2026-04-19T00:05:18.1824371Z -        *proof.opened_salt(), tampered_path, *proof.challenge(),
Formatting	Run cargo fmt --all -- --check	2026-04-19T00:05:18.1824588Z -    ).unwrap();
Formatting	Run cargo fmt --all -- --check	2026-04-19T00:05:18.1824829Z -    assert!(!verify(root, &tampered, binding_ent, 100, 1, b"y", &BINDING_CTX));
Formatting	Run cargo fmt --all -- --check	2026-04-19T00:05:18.1824930Z +        proof.n(),
Formatting	Run cargo fmt --all -- --check	2026-04-19T00:05:18.1825026Z +        proof.k(),
Formatting	Run cargo fmt --all -- --check	2026-04-19T00:05:18.1825140Z +        proof.bit_at_k(),
Formatting	Run cargo fmt --all -- --check	2026-04-19T00:05:18.1825256Z +        *proof.opened_salt(),
Formatting	Run cargo fmt --all -- --check	2026-04-19T00:05:18.1825359Z +        tampered_path,
Formatting	Run cargo fmt --all -- --check	2026-04-19T00:05:18.1825479Z +        *proof.challenge(),
Formatting	Run cargo fmt --all -- --check	2026-04-19T00:05:18.1825571Z +    )
Formatting	Run cargo fmt --all -- --check	2026-04-19T00:05:18.1825664Z +    .unwrap();
Formatting	Run cargo fmt --all -- --check	2026-04-19T00:05:18.1825761Z +    assert!(!verify(
Formatting	Run cargo fmt --all -- --check	2026-04-19T00:05:18.1825851Z +        root,
Formatting	Run cargo fmt --all -- --check	2026-04-19T00:05:18.1825951Z +        &tampered,
Formatting	Run cargo fmt --all -- --check	2026-04-19T00:05:18.1826050Z +        binding_ent,
Formatting	Run cargo fmt --all -- --check	2026-04-19T00:05:18.1826139Z +        100,
Formatting	Run cargo fmt --all -- --check	2026-04-19T00:05:18.1826232Z +        1,
Formatting	Run cargo fmt --all -- --check	2026-04-19T00:05:18.1826323Z +        b"y",
Formatting	Run cargo fmt --all -- --check	2026-04-19T00:05:18.1826418Z +        &BINDING_CTX
Formatting	Run cargo fmt --all -- --check	2026-04-19T00:05:18.1826506Z +    ));
Formatting	Run cargo fmt --all -- --check	2026-04-19T00:05:18.1826598Z  }
Formatting	Run cargo fmt --all -- --check	2026-04-19T00:05:18.1826682Z  
Formatting	Run cargo fmt --all -- --check	2026-04-19T00:05:18.1826778Z  #[test]
Formatting	Run cargo fmt --all -- --check	2026-04-19T00:05:18.1827143Z Diff in /home/runner/work/qssm-rs/qssm-rs/truth-engine/qssm-ms/unit_tests/mirror_shift_adversarial.rs:77:
Formatting	Run cargo fmt --all -- --check	2026-04-19T00:05:18.1827291Z      let mut bad_challenge = *proof.challenge();
Formatting	Run cargo fmt --all -- --check	2026-04-19T00:05:18.1827405Z      bad_challenge[0] ^= 0x80;
Formatting	Run cargo fmt --all -- --check	2026-04-19T00:05:18.1827563Z      let tampered = qssm_ms::GhostMirrorProof::new(
Formatting	Run cargo fmt --all -- --check	2026-04-19T00:05:18.1827709Z -        proof.n(), proof.k(), proof.bit_at_k(),
Formatting	Run cargo fmt --all -- --check	2026-04-19T00:05:18.1827912Z -        *proof.opened_salt(), proof.path().to_vec(), bad_challenge,
Formatting	Run cargo fmt --all -- --check	2026-04-19T00:05:18.1828009Z -    ).unwrap();
Formatting	Run cargo fmt --all -- --check	2026-04-19T00:05:18.1828239Z -    assert!(!verify(root, &tampered, binding_ent, 50, 10, b"z", &BINDING_CTX));
Formatting	Run cargo fmt --all -- --check	2026-04-19T00:05:18.1828338Z +        proof.n(),
Formatting	Run cargo fmt --all -- --check	2026-04-19T00:05:18.1828435Z +        proof.k(),
Formatting	Run cargo fmt --all -- --check	2026-04-19T00:05:18.1828547Z +        proof.bit_at_k(),
Formatting	Run cargo fmt --all -- --check	2026-04-19T00:05:18.1828660Z +        *proof.opened_salt(),
Formatting	Run cargo fmt --all -- --check	2026-04-19T00:05:18.1828772Z +        proof.path().to_vec(),
Formatting	Run cargo fmt --all -- --check	2026-04-19T00:05:18.1828870Z +        bad_challenge,
Formatting	Run cargo fmt --all -- --check	2026-04-19T00:05:18.1828966Z +    )
Formatting	Run cargo fmt --all -- --check	2026-04-19T00:05:18.1829058Z +    .unwrap();
Formatting	Run cargo fmt --all -- --check	2026-04-19T00:05:18.1829154Z +    assert!(!verify(
Formatting	Run cargo fmt --all -- --check	2026-04-19T00:05:18.1829244Z +        root,
Formatting	Run cargo fmt --all -- --check	2026-04-19T00:05:18.1829343Z +        &tampered,
Formatting	Run cargo fmt --all -- --check	2026-04-19T00:05:18.1829439Z +        binding_ent,
Formatting	Run cargo fmt --all -- --check	2026-04-19T00:05:18.1829527Z +        50,
Formatting	Run cargo fmt --all -- --check	2026-04-19T00:05:18.1829619Z +        10,
Formatting	Run cargo fmt --all -- --check	2026-04-19T00:05:18.1829708Z +        b"z",
Formatting	Run cargo fmt --all -- --check	2026-04-19T00:05:18.1829815Z +        &BINDING_CTX
Formatting	Run cargo fmt --all -- --check	2026-04-19T00:05:18.1829904Z +    ));
Formatting	Run cargo fmt --all -- --check	2026-04-19T00:05:18.1829993Z  }
Formatting	Run cargo fmt --all -- --check	2026-04-19T00:05:18.1830077Z  
Formatting	Run cargo fmt --all -- --check	2026-04-19T00:05:18.1830164Z  #[test]
Formatting	Run cargo fmt --all -- --check	2026-04-19T00:05:18.1830516Z Diff in /home/runner/work/qssm-rs/qssm-rs/truth-engine/qssm-ms/unit_tests/mirror_shift_adversarial.rs:90:
Formatting	Run cargo fmt --all -- --check	2026-04-19T00:05:18.1830743Z      let proof = prove(80, 20, &salts, binding_ent, b"w", &BINDING_CTX).unwrap();
Formatting	Run cargo fmt --all -- --check	2026-04-19T00:05:18.1830879Z      let flipped_bit = proof.bit_at_k() ^ 1;
Formatting	Run cargo fmt --all -- --check	2026-04-19T00:05:18.1831040Z      let tampered = qssm_ms::GhostMirrorProof::new(
Formatting	Run cargo fmt --all -- --check	2026-04-19T00:05:18.1831179Z -        proof.n(), proof.k(), flipped_bit,
Formatting	Run cargo fmt --all -- --check	2026-04-19T00:05:18.1831389Z -        *proof.opened_salt(), proof.path().to_vec(), *proof.challenge(),
Formatting	Run cargo fmt --all -- --check	2026-04-19T00:05:18.1831484Z -    ).unwrap();
Formatting	Run cargo fmt --all -- --check	2026-04-19T00:05:18.1831713Z -    assert!(!verify(root, &tampered, binding_ent, 80, 20, b"w", &BINDING_CTX));
Formatting	Run cargo fmt --all -- --check	2026-04-19T00:05:18.1831810Z +        proof.n(),
Formatting	Run cargo fmt --all -- --check	2026-04-19T00:05:18.1831904Z +        proof.k(),
Formatting	Run cargo fmt --all -- --check	2026-04-19T00:05:18.1832106Z +        flipped_bit,
Formatting	Run cargo fmt --all -- --check	2026-04-19T00:05:18.1832222Z +        *proof.opened_salt(),
Formatting	Run cargo fmt --all -- --check	2026-04-19T00:05:18.1832333Z +        proof.path().to_vec(),
Formatting	Run cargo fmt --all -- --check	2026-04-19T00:05:18.1832718Z +        *proof.challenge(),
Formatting	Run cargo fmt --all -- --check	2026-04-19T00:05:18.1832825Z +    )
Formatting	Run cargo fmt --all -- --check	2026-04-19T00:05:18.1832929Z +    .unwrap();
Formatting	Run cargo fmt --all -- --check	2026-04-19T00:05:18.1833029Z +    assert!(!verify(
Formatting	Run cargo fmt --all -- --check	2026-04-19T00:05:18.1833123Z +        root,
Formatting	Run cargo fmt --all -- --check	2026-04-19T00:05:18.1833218Z +        &tampered,
Formatting	Run cargo fmt --all -- --check	2026-04-19T00:05:18.1833315Z +        binding_ent,
Formatting	Run cargo fmt --all -- --check	2026-04-19T00:05:18.1833402Z +        80,
Formatting	Run cargo fmt --all -- --check	2026-04-19T00:05:18.1833495Z +        20,
Formatting	Run cargo fmt --all -- --check	2026-04-19T00:05:18.1833728Z +        b"w",
Formatting	Run cargo fmt --all -- --check	2026-04-19T00:05:18.1833824Z +        &BINDING_CTX
Formatting	Run cargo fmt --all -- --check	2026-04-19T00:05:18.1833911Z +    ));
Formatting	Run cargo fmt --all -- --check	2026-04-19T00:05:18.1834000Z  }
Formatting	Run cargo fmt --all -- --check	2026-04-19T00:05:18.1834084Z  
Formatting	Run cargo fmt --all -- --check	2026-04-19T00:05:18.1834171Z  #[test]
Formatting	Run cargo fmt --all -- --check	2026-04-19T00:05:18.1834534Z Diff in /home/runner/work/qssm-rs/qssm-rs/truth-engine/qssm-ms/unit_tests/mirror_shift_adversarial.rs:142:
Formatting	Run cargo fmt --all -- --check	2026-04-19T00:05:18.1834647Z      let (seed, be) = setup();
Formatting	Run cargo fmt --all -- --check	2026-04-19T00:05:18.1834800Z      let (root, salts) = commit(seed, be).unwrap();
Formatting	Run cargo fmt --all -- --check	2026-04-19T00:05:18.1835059Z      let proof = prove(u64::MAX, u64::MAX - 1, &salts, be, b"b", &BINDING_CTX).unwrap();
Formatting	Run cargo fmt --all -- --check	2026-04-19T00:05:18.1835307Z -    assert!(verify(root, &proof, be, u64::MAX, u64::MAX - 1, b"b", &BINDING_CTX));
Formatting	Run cargo fmt --all -- --check	2026-04-19T00:05:18.1835407Z +    assert!(verify(
Formatting	Run cargo fmt --all -- --check	2026-04-19T00:05:18.1835497Z +        root,
Formatting	Run cargo fmt --all -- --check	2026-04-19T00:05:18.1835597Z +        &proof,
Formatting	Run cargo fmt --all -- --check	2026-04-19T00:05:18.1835686Z +        be,
Formatting	Run cargo fmt --all -- --check	2026-04-19T00:05:18.1835784Z +        u64::MAX,
Formatting	Run cargo fmt --all -- --check	2026-04-19T00:05:18.1835892Z +        u64::MAX - 1,
Formatting	Run cargo fmt --all -- --check	2026-04-19T00:05:18.1835992Z +        b"b",
Formatting	Run cargo fmt --all -- --check	2026-04-19T00:05:18.1836089Z +        &BINDING_CTX
Formatting	Run cargo fmt --all -- --check	2026-04-19T00:05:18.1836177Z +    ));
Formatting	Run cargo fmt --all -- --check	2026-04-19T00:05:18.1836270Z  }
Formatting	Run cargo fmt --all -- --check	2026-04-19T00:05:18.1836353Z  
Formatting	Run cargo fmt --all -- --check	2026-04-19T00:05:18.1836440Z  #[test]
Formatting	Run cargo fmt --all -- --check	2026-04-19T00:05:18.1866422Z Diff in /home/runner/work/qssm-rs/qssm-rs/truth-engine/qssm-proofs/src/lib.rs:138:
Formatting	Run cargo fmt --all -- --check	2026-04-19T00:05:18.1866611Z      #[must_use]
Formatting	Run cargo fmt --all -- --check	2026-04-19T00:05:18.1866852Z      pub fn compute(n: usize, q: u32, beta: u32) -> Self {
Formatting	Run cargo fmt --all -- --check	2026-04-19T00:05:18.1867153Z          use crate::reduction_lattice::LeCommitmentSoundnessTheorem;
Formatting	Run cargo fmt --all -- --check	2026-04-19T00:05:18.1867393Z -        let thm = LeCommitmentSoundnessTheorem::compute(
Formatting	Run cargo fmt --all -- --check	2026-04-19T00:05:18.1867512Z -            n,
Formatting	Run cargo fmt --all -- --check	2026-04-19T00:05:18.1867628Z -            q,
Formatting	Run cargo fmt --all -- --check	2026-04-19T00:05:18.1867749Z -            beta,
Formatting	Run cargo fmt --all -- --check	2026-04-19T00:05:18.1867880Z -            C_POLY_SIZE,
Formatting	Run cargo fmt --all -- --check	2026-04-19T00:05:18.1868036Z -            qssm_le::C_POLY_SPAN,
Formatting	Run cargo fmt --all -- --check	2026-04-19T00:05:18.1868149Z -        );
Formatting	Run cargo fmt --all -- --check	2026-04-19T00:05:18.1868274Z +        let thm =
Formatting	Run cargo fmt --all -- --check	2026-04-19T00:05:18.1868689Z +            LeCommitmentSoundnessTheorem::compute(n, q, beta, C_POLY_SIZE, qssm_le::C_POLY_SPAN);
Formatting	Run cargo fmt --all -- --check	2026-04-19T00:05:18.1868836Z          Self {
Formatting	Run cargo fmt --all -- --check	2026-04-19T00:05:18.1869028Z              claim_type: ClaimType::Estimation,
Formatting	Run cargo fmt --all -- --check	2026-04-19T00:05:18.1869229Z              formal_classical_bits: thm.security_bits(),
Formatting	Run cargo fmt --all -- --check	2026-04-19T00:05:18.1869564Z Diff in /home/runner/work/qssm-rs/qssm-rs/truth-engine/qssm-proofs/src/lib.rs:268:
Formatting	Run cargo fmt --all -- --check	2026-04-19T00:05:18.1869782Z          None => (None, None, EstimateSource::Formal),
Formatting	Run cargo fmt --all -- --check	2026-04-19T00:05:18.1869894Z      };
Formatting	Run cargo fmt --all -- --check	2026-04-19T00:05:18.1869998Z  
Formatting	Run cargo fmt --all -- --check	2026-04-19T00:05:18.1870321Z -    let eff_c = formal.formal_classical_bits.min(ov_c.unwrap_or(f64::INFINITY));
Formatting	Run cargo fmt --all -- --check	2026-04-19T00:05:18.1870620Z -    let eff_q = formal.formal_quantum_bits.min(ov_q.unwrap_or(f64::INFINITY));
Formatting	Run cargo fmt --all -- --check	2026-04-19T00:05:18.1870749Z +    let eff_c = formal
Formatting	Run cargo fmt --all -- --check	2026-04-19T00:05:18.1870890Z +        .formal_classical_bits
Formatting	Run cargo fmt --all -- --check	2026-04-19T00:05:18.1871073Z +        .min(ov_c.unwrap_or(f64::INFINITY));
Formatting	Run cargo fmt --all -- --check	2026-04-19T00:05:18.1871197Z +    let eff_q = formal
Formatting	Run cargo fmt --all -- --check	2026-04-19T00:05:18.1871343Z +        .formal_quantum_bits
Formatting	Run cargo fmt --all -- --check	2026-04-19T00:05:18.1871512Z +        .min(ov_q.unwrap_or(f64::INFINITY));
Formatting	Run cargo fmt --all -- --check	2026-04-19T00:05:18.1871736Z  
Formatting	Run cargo fmt --all -- --check	2026-04-19T00:05:18.1872001Z      Ok(EffectiveSecurityBits {
Formatting	Run cargo fmt --all -- --check	2026-04-19T00:05:18.1872403Z          formal_classical_bits: formal.formal_classical_bits,
Formatting	Run cargo fmt --all -- --check	2026-04-19T00:05:18.1873290Z Diff in /home/runner/work/qssm-rs/qssm-rs/truth-engine/qssm-proofs/src/lib.rs:467:
Formatting	Run cargo fmt --all -- --check	2026-04-19T00:05:18.1873765Z          let eff = compute_effective_security(None).unwrap();
Formatting	Run cargo fmt --all -- --check	2026-04-19T00:05:18.1874009Z          assert_eq!(eff.source, EstimateSource::Formal);
Formatting	Run cargo fmt --all -- --check	2026-04-19T00:05:18.1874217Z          assert!(eff.overlay_classical_bits.is_none());
Formatting	Run cargo fmt --all -- --check	2026-04-19T00:05:18.1874339Z -        assert!(
Formatting	Run cargo fmt --all -- --check	2026-04-19T00:05:18.1874649Z -            (eff.effective_classical_bits - eff.formal_classical_bits).abs() < 0.001
Formatting	Run cargo fmt --all -- --check	2026-04-19T00:05:18.1874764Z -        );
Formatting	Run cargo fmt --all -- --check	2026-04-19T00:05:18.1875100Z +        assert!((eff.effective_classical_bits - eff.formal_classical_bits).abs() < 0.001);
Formatting	Run cargo fmt --all -- --check	2026-04-19T00:05:18.1875346Z      }
Formatting	Run cargo fmt --all -- --check	2026-04-19T00:05:18.1875452Z  
Formatting	Run cargo fmt --all -- --check	2026-04-19T00:05:18.1875571Z      #[test]
Formatting	Run cargo fmt --all -- --check	2026-04-19T00:05:18.1875906Z Diff in /home/runner/work/qssm-rs/qssm-rs/truth-engine/qssm-proofs/src/lib.rs:507:
Formatting	Run cargo fmt --all -- --check	2026-04-19T00:05:18.1876152Z          let dir = std::env::temp_dir().join("qssm_proofs_test_min");
Formatting	Run cargo fmt --all -- --check	2026-04-19T00:05:18.1876331Z          let _ = std::fs::create_dir_all(&dir);
Formatting	Run cargo fmt --all -- --check	2026-04-19T00:05:18.1876525Z          let path = dir.join("high_overlay.json");
Formatting	Run cargo fmt --all -- --check	2026-04-19T00:05:18.1876662Z -        std::fs::write(
Formatting	Run cargo fmt --all -- --check	2026-04-19T00:05:18.1876789Z -            &path,
Formatting	Run cargo fmt --all -- --check	2026-04-19T00:05:18.1877010Z -            r#"{"classical_bits": 999.0, "quantum_bits": 999.0}"#,
Formatting	Run cargo fmt --all -- --check	2026-04-19T00:05:18.1877121Z -        )
Formatting	Run cargo fmt --all -- --check	2026-04-19T00:05:18.1877239Z -        .unwrap();
Formatting	Run cargo fmt --all -- --check	2026-04-19T00:05:18.1877584Z +        std::fs::write(&path, r#"{"classical_bits": 999.0, "quantum_bits": 999.0}"#).unwrap();
Formatting	Run cargo fmt --all -- --check	2026-04-19T00:05:18.1877692Z  
Formatting	Run cargo fmt --all -- --check	2026-04-19T00:05:18.1877931Z          let eff = compute_effective_security(Some(&path)).unwrap();
Formatting	Run cargo fmt --all -- --check	2026-04-19T00:05:18.1878167Z          assert_eq!(eff.source, EstimateSource::Combined);
Formatting	Run cargo fmt --all -- --check	2026-04-19T00:05:18.1878493Z Diff in /home/runner/work/qssm-rs/qssm-rs/truth-engine/qssm-proofs/src/lib.rs:518:
Formatting	Run cargo fmt --all -- --check	2026-04-19T00:05:18.1878663Z          // formal < 999, so effective = formal
Formatting	Run cargo fmt --all -- --check	2026-04-19T00:05:18.1878785Z -        assert!(
Formatting	Run cargo fmt --all -- --check	2026-04-19T00:05:18.1879033Z -            (eff.effective_classical_bits - eff.formal_classical_bits).abs() < 0.001
Formatting	Run cargo fmt --all -- --check	2026-04-19T00:05:18.1879130Z -        );
Formatting	Run cargo fmt --all -- --check	2026-04-19T00:05:18.1879396Z +        assert!((eff.effective_classical_bits - eff.formal_classical_bits).abs() < 0.001);
Formatting	Run cargo fmt --all -- --check	2026-04-19T00:05:18.1879488Z  
Formatting	Run cargo fmt --all -- --check	2026-04-19T00:05:18.1879623Z          let _ = std::fs::remove_file(&path);
Formatting	Run cargo fmt --all -- --check	2026-04-19T00:05:18.1879711Z      }
Formatting	Run cargo fmt --all -- --check	2026-04-19T00:05:18.1880060Z Diff in /home/runner/work/qssm-rs/qssm-rs/truth-engine/qssm-proofs/src/reduction_blake3.rs:103:
Formatting	Run cargo fmt --all -- --check	2026-04-19T00:05:18.1880235Z                  "QSSM-MS-V1-VERIFY...............".to_string(),
Formatting	Run cargo fmt --all -- --check	2026-04-19T00:05:18.1880385Z                  "cross_protocol_digest_v1".to_string(),
Formatting	Run cargo fmt --all -- --check	2026-04-19T00:05:18.1880488Z              ],
Formatting	Run cargo fmt --all -- --check	2026-04-19T00:05:18.1880611Z -            engine_b_domain_tags: vec![
Formatting	Run cargo fmt --all -- --check	2026-04-19T00:05:18.1880742Z -                "QSSM-MS-v1.0".to_string(),
Formatting	Run cargo fmt --all -- --check	2026-04-19T00:05:18.1880857Z -                "fs_v2".to_string(),
Formatting	Run cargo fmt --all -- --check	2026-04-19T00:05:18.1880954Z -            ],
Formatting	Run cargo fmt --all -- --check	2026-04-19T00:05:18.1881204Z +            engine_b_domain_tags: vec!["QSSM-MS-v1.0".to_string(), "fs_v2".to_string()],
Formatting	Run cargo fmt --all -- --check	2026-04-19T00:05:18.1881325Z              hash_output_bits,
Formatting	Run cargo fmt --all -- --check	2026-04-19T00:05:18.1881442Z              advantage_log2,
Formatting	Run cargo fmt --all -- --check	2026-04-19T00:05:18.1881552Z              query_budget_log2,
Formatting	Run cargo fmt --all -- --check	2026-04-19T00:05:18.1881861Z Diff in /home/runner/work/qssm-rs/qssm-rs/truth-engine/qssm-proofs/src/reduction_blake3.rs:142:
Formatting	Run cargo fmt --all -- --check	2026-04-19T00:05:18.1882053Z          let b = Blake3BindingReduction::for_current_params();
Formatting	Run cargo fmt --all -- --check	2026-04-19T00:05:18.1882210Z          assert!(!b.engine_a_domain_tags.is_empty());
Formatting	Run cargo fmt --all -- --check	2026-04-19T00:05:18.1882356Z          assert!(!b.engine_b_domain_tags.is_empty());
Formatting	Run cargo fmt --all -- --check	2026-04-19T00:05:18.1882911Z -        assert!(b.engine_a_domain_tags.contains(&"QSSM-LE-FS-LYU-v1.0".to_string()));
Formatting	Run cargo fmt --all -- --check	2026-04-19T00:05:18.1883023Z +        assert!(b
Formatting	Run cargo fmt --all -- --check	2026-04-19T00:05:18.1883144Z +            .engine_a_domain_tags
Formatting	Run cargo fmt --all -- --check	2026-04-19T00:05:18.1883311Z +            .contains(&"QSSM-LE-FS-LYU-v1.0".to_string()));
Formatting	Run cargo fmt --all -- --check	2026-04-19T00:05:18.1883541Z          assert!(b.engine_b_domain_tags.contains(&"QSSM-MS-v1.0".to_string()));
Formatting	Run cargo fmt --all -- --check	2026-04-19T00:05:18.1883776Z      }
Formatting	Run cargo fmt --all -- --check	2026-04-19T00:05:18.1883862Z  
Formatting	Run cargo fmt --all -- --check	2026-04-19T00:05:18.1886371Z Diff in /home/runner/work/qssm-rs/qssm-rs/truth-engine/qssm-proofs/src/reduction_lattice.rs:186:
Formatting	Run cargo fmt --all -- --check	2026-04-19T00:05:18.1886807Z      /// Ref: \[KLS18\] Theorem 1 — ε_FS = Q_H / |C_eff| in ROM
Formatting	Run cargo fmt --all -- --check	2026-04-19T00:05:18.1886919Z      #[must_use]
Formatting	Run cargo fmt --all -- --check	2026-04-19T00:05:18.1887207Z      pub fn compute(c_poly_size: usize, c_poly_span: i32, query_budget_log2: f64) -> Self {
Formatting	Run cargo fmt --all -- --check	2026-04-19T00:05:18.1887337Z -        let challenge_space_log2 =
Formatting	Run cargo fmt --all -- --check	2026-04-19T00:05:18.1887529Z -            c_poly_size as f64 * ((2 * c_poly_span + 1) as f64).log2();
Formatting	Run cargo fmt --all -- --check	2026-04-19T00:05:18.1887993Z +        let challenge_space_log2 = c_poly_size as f64 * ((2 * c_poly_span + 1) as f64).log2();
Formatting	Run cargo fmt --all -- --check	2026-04-19T00:05:18.1888094Z          Self {
Formatting	Run cargo fmt --all -- --check	2026-04-19T00:05:18.1888255Z              claim_type: ClaimType::Soundness,
Formatting	Run cargo fmt --all -- --check	2026-04-19T00:05:18.1888368Z              query_budget_log2,
Formatting	Run cargo fmt --all -- --check	2026-04-19T00:05:18.1888700Z Diff in /home/runner/work/qssm-rs/qssm-rs/truth-engine/qssm-proofs/src/reduction_lattice.rs:292:
Formatting	Run cargo fmt --all -- --check	2026-04-19T00:05:18.1888978Z      /// Ref: \[Lyu12\] §3, Theorem 3.1 — knowledge error = 1/|C_eff|
Formatting	Run cargo fmt --all -- --check	2026-04-19T00:05:18.1889077Z      #[must_use]
Formatting	Run cargo fmt --all -- --check	2026-04-19T00:05:18.1889303Z      pub fn compute(c_poly_size: usize, c_poly_span: i32) -> Self {
Formatting	Run cargo fmt --all -- --check	2026-04-19T00:05:18.1889428Z -        let challenge_space_log2 =
Formatting	Run cargo fmt --all -- --check	2026-04-19T00:05:18.1889613Z -            c_poly_size as f64 * ((2 * c_poly_span + 1) as f64).log2();
Formatting	Run cargo fmt --all -- --check	2026-04-19T00:05:18.1889882Z +        let challenge_space_log2 = c_poly_size as f64 * ((2 * c_poly_span + 1) as f64).log2();
Formatting	Run cargo fmt --all -- --check	2026-04-19T00:05:18.1889980Z          Self {
Formatting	Run cargo fmt --all -- --check	2026-04-19T00:05:18.1890138Z              claim_type: ClaimType::Soundness,
Formatting	Run cargo fmt --all -- --check	2026-04-19T00:05:18.1890254Z              challenge_space_log2,
Formatting	Run cargo fmt --all -- --check	2026-04-19T00:05:18.1905398Z Diff in /home/runner/work/qssm-rs/qssm-rs/truth-engine/qssm-proofs/src/reduction_witness_hiding.rs:58:
Formatting	Run cargo fmt --all -- --check	2026-04-19T00:05:18.1905596Z              beta,
Formatting	Run cargo fmt --all -- --check	2026-04-19T00:05:18.1905752Z              gap_ratio,
Formatting	Run cargo fmt --all -- --check	2026-04-19T00:05:18.1905877Z              per_coeff_leakage_bits,
Formatting	Run cargo fmt --all -- --check	2026-04-19T00:05:18.1906027Z -            not_claimed: vec![
Formatting	Run cargo fmt --all -- --check	2026-04-19T00:05:18.1906150Z -                "full HVZK".to_string(),
Formatting	Run cargo fmt --all -- --check	2026-04-19T00:05:18.1906293Z -                "simulation-based ZK".to_string(),
Formatting	Run cargo fmt --all -- --check	2026-04-19T00:05:18.1906415Z -            ],
Formatting	Run cargo fmt --all -- --check	2026-04-19T00:05:18.1906680Z +            not_claimed: vec!["full HVZK".to_string(), "simulation-based ZK".to_string()],
Formatting	Run cargo fmt --all -- --check	2026-04-19T00:05:18.1906770Z          }
Formatting	Run cargo fmt --all -- --check	2026-04-19T00:05:18.1906861Z      }
Formatting	Run cargo fmt --all -- --check	2026-04-19T00:05:18.1906946Z  
Formatting	Run cargo fmt --all -- --check	2026-04-19T00:05:18.1907299Z Diff in /home/runner/work/qssm-rs/qssm-rs/truth-engine/qssm-proofs/src/reduction_witness_hiding.rs:82:
Formatting	Run cargo fmt --all -- --check	2026-04-19T00:05:18.1907522Z          assert_eq!(wh.claim_type, ClaimType::WitnessHiding);
Formatting	Run cargo fmt --all -- --check	2026-04-19T00:05:18.1907642Z          assert_eq!(wh.gamma, 4096);
Formatting	Run cargo fmt --all -- --check	2026-04-19T00:05:18.1907757Z          assert_eq!(wh.beta, 8);
Formatting	Run cargo fmt --all -- --check	2026-04-19T00:05:18.1907852Z -        assert!(
Formatting	Run cargo fmt --all -- --check	2026-04-19T00:05:18.1907972Z -            wh.gap_ratio >= 256.0,
Formatting	Run cargo fmt --all -- --check	2026-04-19T00:05:18.1908086Z -            "gap ratio {:.1} < 256",
Formatting	Run cargo fmt --all -- --check	2026-04-19T00:05:18.1908243Z -            wh.gap_ratio
Formatting	Run cargo fmt --all -- --check	2026-04-19T00:05:18.1908337Z -        );
Formatting	Run cargo fmt --all -- --check	2026-04-19T00:05:18.1908554Z +        assert!(wh.gap_ratio >= 256.0, "gap ratio {:.1} < 256", wh.gap_ratio);
Formatting	Run cargo fmt --all -- --check	2026-04-19T00:05:18.1908715Z          // γ/β = 512
Formatting	Run cargo fmt --all -- --check	2026-04-19T00:05:18.1908871Z          assert!((wh.gap_ratio - 512.0).abs() < 0.01);
Formatting	Run cargo fmt --all -- --check	2026-04-19T00:05:18.1908962Z      }
Formatting	Run cargo fmt --all -- --check	2026-04-19T00:05:18.1920686Z Diff in /home/runner/work/qssm-rs/qssm-rs/truth-engine/qssm-proofs/tests/parameter_sync.rs:107:
Formatting	Run cargo fmt --all -- --check	2026-04-19T00:05:18.1920897Z      let wh = WitnessHidingClaim::for_current_params();
Formatting	Run cargo fmt --all -- --check	2026-04-19T00:05:18.1921055Z      assert_eq!(wh.gamma, EXPECTED_GAMMA);
Formatting	Run cargo fmt --all -- --check	2026-04-19T00:05:18.1921179Z      assert_eq!(wh.beta, EXPECTED_BETA);
Formatting	Run cargo fmt --all -- --check	2026-04-19T00:05:18.1921439Z -    assert_eq!(wh.gap_ratio, f64::from(EXPECTED_GAMMA) / f64::from(EXPECTED_BETA));
Formatting	Run cargo fmt --all -- --check	2026-04-19T00:05:18.1921540Z +    assert_eq!(
Formatting	Run cargo fmt --all -- --check	2026-04-19T00:05:18.1921643Z +        wh.gap_ratio,
Formatting	Run cargo fmt --all -- --check	2026-04-19T00:05:18.1921822Z +        f64::from(EXPECTED_GAMMA) / f64::from(EXPECTED_BETA)
Formatting	Run cargo fmt --all -- --check	2026-04-19T00:05:18.1922119Z +    );
Formatting	Run cargo fmt --all -- --check	2026-04-19T00:05:18.1922212Z  }
Formatting	Run cargo fmt --all -- --check	2026-04-19T00:05:18.1922295Z  
Formatting	Run cargo fmt --all -- --check	2026-04-19T00:05:18.1922828Z  // ---------------------------------------------------------------------------
Formatting	Run cargo fmt --all -- --check	2026-04-19T00:05:18.1935492Z Diff in /home/runner/work/qssm-rs/qssm-rs/truth-engine/qssm-templates/src/lib.rs:20:
Formatting	Run cargo fmt --all -- --check	2026-04-19T00:05:18.1935798Z  /// All built-in templates shipped with the SDK.
Formatting	Run cargo fmt --all -- --check	2026-04-19T00:05:18.1935906Z  #[must_use]
Formatting	Run cargo fmt --all -- --check	2026-04-19T00:05:18.1936093Z  pub fn standard_templates() -> Vec<QssmTemplate> {
Formatting	Run cargo fmt --all -- --check	2026-04-19T00:05:18.1936188Z -    vec![
Formatting	Run cargo fmt --all -- --check	2026-04-19T00:05:18.1936559Z -        QssmTemplate::proof_of_age("age-gate-21"),
Formatting	Run cargo fmt --all -- --check	2026-04-19T00:05:18.1936653Z -    ]
Formatting	Run cargo fmt --all -- --check	2026-04-19T00:05:18.1936835Z +    vec![QssmTemplate::proof_of_age("age-gate-21")]
Formatting	Run cargo fmt --all -- --check	2026-04-19T00:05:18.1936923Z  }
Formatting	Run cargo fmt --all -- --check	2026-04-19T00:05:18.1937008Z  
Formatting	Run cargo fmt --all -- --check	2026-04-19T00:05:18.1937202Z  /// Resolve a template by `id` from the standard library.
Formatting	Run cargo fmt --all -- --check	2026-04-19T00:05:18.1937492Z Diff in /home/runner/work/qssm-rs/qssm-rs/truth-engine/qssm-templates/src/lib.rs:71:
Formatting	Run cargo fmt --all -- --check	2026-04-19T00:05:18.1937672Z          assert!(t.verify_public_claim(&claim).is_err());
Formatting	Run cargo fmt --all -- --check	2026-04-19T00:05:18.1937760Z      }
Formatting	Run cargo fmt --all -- --check	2026-04-19T00:05:18.1937851Z  }
Formatting	Run cargo fmt --all -- --check	2026-04-19T00:05:18.1937934Z -
Formatting	Run cargo fmt --all -- --check	2026-04-19T00:05:18.1938017Z  
Formatting	Run cargo fmt --all -- --check	2026-04-19T00:05:18.1951458Z Diff in /home/runner/work/qssm-rs/qssm-rs/truth-engine/qssm-templates/src/predicate.rs:21:
Formatting	Run cargo fmt --all -- --check	2026-04-19T00:05:18.1951657Z          op: CmpOp,
Formatting	Run cargo fmt --all -- --check	2026-04-19T00:05:18.1951843Z          rhs: Value,
Formatting	Run cargo fmt --all -- --check	2026-04-19T00:05:18.1951943Z      },
Formatting	Run cargo fmt --all -- --check	2026-04-19T00:05:18.1952109Z -    Range { field: String, min: i64, max: i64 },
Formatting	Run cargo fmt --all -- --check	2026-04-19T00:05:18.1952258Z -    InSet { field: String, values: Vec<i64> },
Formatting	Run cargo fmt --all -- --check	2026-04-19T00:05:18.1952406Z -    AtLeast { field: String, min: i64 },
Formatting	Run cargo fmt --all -- --check	2026-04-19T00:05:18.1952764Z +    Range {
Formatting	Run cargo fmt --all -- --check	2026-04-19T00:05:18.1952873Z +        field: String,
Formatting	Run cargo fmt --all -- --check	2026-04-19T00:05:18.1952973Z +        min: i64,
Formatting	Run cargo fmt --all -- --check	2026-04-19T00:05:18.1953067Z +        max: i64,
Formatting	Run cargo fmt --all -- --check	2026-04-19T00:05:18.1953158Z +    },
Formatting	Run cargo fmt --all -- --check	2026-04-19T00:05:18.1953249Z +    InSet {
Formatting	Run cargo fmt --all -- --check	2026-04-19T00:05:18.1953375Z +        field: String,
Formatting	Run cargo fmt --all -- --check	2026-04-19T00:05:18.1953501Z +        values: Vec<i64>,
Formatting	Run cargo fmt --all -- --check	2026-04-19T00:05:18.1953589Z +    },
Formatting	Run cargo fmt --all -- --check	2026-04-19T00:05:18.1953682Z +    AtLeast {
Formatting	Run cargo fmt --all -- --check	2026-04-19T00:05:18.1953787Z +        field: String,
Formatting	Run cargo fmt --all -- --check	2026-04-19T00:05:18.1953880Z +        min: i64,
Formatting	Run cargo fmt --all -- --check	2026-04-19T00:05:18.1953967Z +    },
Formatting	Run cargo fmt --all -- --check	2026-04-19T00:05:18.1954054Z  }
Formatting	Run cargo fmt --all -- --check	2026-04-19T00:05:18.1954142Z  
Formatting	Run cargo fmt --all -- --check	2026-04-19T00:05:18.1954350Z  #[derive(Debug, Clone, PartialEq, Eq, thiserror::Error)]
Formatting	Run cargo fmt --all -- --check	2026-04-19T00:05:18.1954662Z Diff in /home/runner/work/qssm-rs/qssm-rs/truth-engine/qssm-templates/src/predicate.rs:210:
Formatting	Run cargo fmt --all -- --check	2026-04-19T00:05:18.1954760Z          ));
Formatting	Run cargo fmt --all -- --check	2026-04-19T00:05:18.1954852Z      }
Formatting	Run cargo fmt --all -- --check	2026-04-19T00:05:18.1954937Z  }
Formatting	Run cargo fmt --all -- --check	2026-04-19T00:05:18.1955022Z +
Formatting	Run cargo fmt --all -- --check	2026-04-19T00:05:18.1956852Z Diff in /home/runner/work/qssm-rs/qssm-rs/truth-engine/qssm-templates/src/predicate_templates.rs:126:
Formatting	Run cargo fmt --all -- --check	2026-04-19T00:05:18.1956994Z          assert_eq!(got.len(), 66);
Formatting	Run cargo fmt --all -- --check	2026-04-19T00:05:18.1957082Z      }
Formatting	Run cargo fmt --all -- --check	2026-04-19T00:05:18.1957172Z  }
Formatting	Run cargo fmt --all -- --check	2026-04-19T00:05:18.1957256Z +
Formatting	Run cargo fmt --all -- --check	2026-04-19T00:05:18.1963824Z Diff in /home/runner/work/qssm-rs/qssm-rs/truth-engine/qssm-templates/src/template.rs:1:
Formatting	Run cargo fmt --all -- --check	2026-04-19T00:05:18.1964098Z  use serde::{Deserialize, Serialize};
Formatting	Run cargo fmt --all -- --check	2026-04-19T00:05:18.1964274Z  use serde_json::Value;
Formatting	Run cargo fmt --all -- --check	2026-04-19T00:05:18.1964361Z  
Formatting	Run cargo fmt --all -- --check	2026-04-19T00:05:18.1964723Z -use crate::predicate::{eval_all_predicates, proof_of_age_predicates, PredicateBlock, PredicateError};
Formatting	Run cargo fmt --all -- --check	2026-04-19T00:05:18.1964850Z +use crate::predicate::{
Formatting	Run cargo fmt --all -- --check	2026-04-19T00:05:18.1965114Z +    eval_all_predicates, proof_of_age_predicates, PredicateBlock, PredicateError,
Formatting	Run cargo fmt --all -- --check	2026-04-19T00:05:18.1965200Z +};
Formatting	Run cargo fmt --all -- --check	2026-04-19T00:05:18.1965335Z  
Formatting	Run cargo fmt --all -- --check	2026-04-19T00:05:18.1965472Z  pub const QSSM_TEMPLATE_VERSION: u32 = 1;
Formatting	Run cargo fmt --all -- --check	2026-04-19T00:05:18.1965558Z  
Formatting	Run cargo fmt --all -- --check	2026-04-19T00:05:18.1965852Z Diff in /home/runner/work/qssm-rs/qssm-rs/truth-engine/qssm-templates/src/template.rs:173:
Formatting	Run cargo fmt --all -- --check	2026-04-19T00:05:18.1966063Z          assert!(matches!(err, TemplateError::EmptyPredicates));
Formatting	Run cargo fmt --all -- --check	2026-04-19T00:05:18.1966151Z      }
Formatting	Run cargo fmt --all -- --check	2026-04-19T00:05:18.1966241Z  }
Formatting	Run cargo fmt --all -- --check	2026-04-19T00:05:18.1966325Z +
Formatting	Run cargo fmt --all -- --check	2026-04-19T00:05:18.1988051Z Diff in /home/runner/work/qssm-rs/qssm-rs/truth-engine/qssm-utils/src/entropy_density.rs:136:
Formatting	Run cargo fmt --all -- --check	2026-04-19T00:05:18.1988237Z  
Formatting	Run cargo fmt --all -- --check	2026-04-19T00:05:18.1988383Z      #[test]
Formatting	Run cargo fmt --all -- --check	2026-04-19T00:05:18.1988513Z      fn square_wave_rejected() {
Formatting	Run cargo fmt --all -- --check	2026-04-19T00:05:18.1988761Z -        let v: Vec<u8> = (0..512).map(|i| if i % 2 == 0 { 0x00 } else { 0xFF }).collect();
Formatting	Run cargo fmt --all -- --check	2026-04-19T00:05:18.1988878Z +        let v: Vec<u8> = (0..512)
Formatting	Run cargo fmt --all -- --check	2026-04-19T00:05:18.1989076Z +            .map(|i| if i % 2 == 0 { 0x00 } else { 0xFF })
Formatting	Run cargo fmt --all -- --check	2026-04-19T00:05:18.1989209Z +            .collect();
Formatting	Run cargo fmt --all -- --check	2026-04-19T00:05:18.1989570Z          assert!(!verify_density(&v));
Formatting	Run cargo fmt --all -- --check	2026-04-19T00:05:18.1989702Z      }
Formatting	Run cargo fmt --all -- --check	2026-04-19T00:05:18.1989806Z  
Formatting	Run cargo fmt --all -- --check	2026-04-19T00:05:18.1995431Z Diff in /home/runner/work/qssm-rs/qssm-rs/truth-engine/qssm-utils/src/lib.rs:11:
Formatting	Run cargo fmt --all -- --check	2026-04-19T00:05:18.1995718Z  pub use entropy_density::{verify_density, MIN_RAW_BYTES};
Formatting	Run cargo fmt --all -- --check	2026-04-19T00:05:18.1996030Z  pub use entropy_stats::{validate_entropy_distribution, EntropyStatsError};
Formatting	Run cargo fmt --all -- --check	2026-04-19T00:05:18.1996197Z  pub use hashing::{
Formatting	Run cargo fmt --all -- --check	2026-04-19T00:05:18.1996478Z -    blake3_hash, hash_domain, DOMAIN_LE, DOMAIN_MERKLE_PARENT, DOMAIN_MS,
Formatting	Run cargo fmt --all -- --check	2026-04-19T00:05:18.1996723Z -    DOMAIN_SDK_LE_MASK, DOMAIN_SDK_LE_WITNESS, DOMAIN_SDK_MS_SEED,
Formatting	Run cargo fmt --all -- --check	2026-04-19T00:05:18.1996889Z -    LE_FS_PUBLIC_BINDING_LAYOUT_VERSION,
Formatting	Run cargo fmt --all -- --check	2026-04-19T00:05:18.1997239Z +    blake3_hash, hash_domain, DOMAIN_LE, DOMAIN_MERKLE_PARENT, DOMAIN_MS, DOMAIN_SDK_LE_MASK,
Formatting	Run cargo fmt --all -- --check	2026-04-19T00:05:18.1997548Z +    DOMAIN_SDK_LE_WITNESS, DOMAIN_SDK_MS_SEED, LE_FS_PUBLIC_BINDING_LAYOUT_VERSION,
Formatting	Run cargo fmt --all -- --check	2026-04-19T00:05:18.1997659Z  };
Formatting	Run cargo fmt --all -- --check	2026-04-19T00:05:18.1997937Z  pub use merkle::{merkle_parent, MerkleError, PositionAwareTree};
Formatting	Run cargo fmt --all -- --check	2026-04-19T00:05:18.1998047Z  
Formatting	Run cargo fmt --all -- --check	2026-04-19T00:05:18.2006540Z Diff in /home/runner/work/qssm-rs/qssm-rs/truth-engine/qssm-utils/src/merkle.rs:92:
Formatting	Run cargo fmt --all -- --check	2026-04-19T00:05:18.2006728Z      }
Formatting	Run cargo fmt --all -- --check	2026-04-19T00:05:18.2006889Z  
Formatting	Run cargo fmt --all -- --check	2026-04-19T00:05:18.2007154Z      /// Helper: manually verify a proof by walking siblings up to the root.
Formatting	Run cargo fmt --all -- --check	2026-04-19T00:05:18.2007477Z -    fn verify_proof(root: &[u8; 32], leaf: &[u8; 32], mut index: usize, proof: &[[u8; 32]]) -> bool {
Formatting	Run cargo fmt --all -- --check	2026-04-19T00:05:18.2007584Z +    fn verify_proof(
Formatting	Run cargo fmt --all -- --check	2026-04-19T00:05:18.2007690Z +        root: &[u8; 32],
Formatting	Run cargo fmt --all -- --check	2026-04-19T00:05:18.2007816Z +        leaf: &[u8; 32],
Formatting	Run cargo fmt --all -- --check	2026-04-19T00:05:18.2007923Z +        mut index: usize,
Formatting	Run cargo fmt --all -- --check	2026-04-19T00:05:18.2008037Z +        proof: &[[u8; 32]],
Formatting	Run cargo fmt --all -- --check	2026-04-19T00:05:18.2008134Z +    ) -> bool {
Formatting	Run cargo fmt --all -- --check	2026-04-19T00:05:18.2008250Z          let mut cur = *leaf;
Formatting	Run cargo fmt --all -- --check	2026-04-19T00:05:18.2008361Z          for sib in proof {
Formatting	Run cargo fmt --all -- --check	2026-04-19T00:05:18.2008482Z              cur = if index % 2 == 0 {
Formatting	Run cargo fmt --all -- --check	2026-04-19T00:05:18.2031834Z ##[error]Process completed with exit code 1.
Formatting	Post Run actions/checkout@v4	﻿2026-04-19T00:05:18.2153667Z Post job cleanup.
Formatting	Post Run actions/checkout@v4	2026-04-19T00:05:18.3098697Z [command]/usr/bin/git version
Formatting	Post Run actions/checkout@v4	2026-04-19T00:05:18.3134462Z git version 2.53.0
Formatting	Post Run actions/checkout@v4	2026-04-19T00:05:18.3177871Z Temporarily overriding HOME='/home/runner/work/_temp/9cffbafa-a284-4f74-a3f2-65265fe7784d' before making global git config changes
Formatting	Post Run actions/checkout@v4	2026-04-19T00:05:18.3178862Z Adding repository directory to the temporary git global config as a safe directory
Formatting	Post Run actions/checkout@v4	2026-04-19T00:05:18.3190690Z [command]/usr/bin/git config --global --add safe.directory /home/runner/work/qssm-rs/qssm-rs
Formatting	Post Run actions/checkout@v4	2026-04-19T00:05:18.3227638Z [command]/usr/bin/git config --local --name-only --get-regexp core\.sshCommand
Formatting	Post Run actions/checkout@v4	2026-04-19T00:05:18.3260050Z [command]/usr/bin/git submodule foreach --recursive sh -c "git config --local --name-only --get-regexp 'core\.sshCommand' && git config --local --unset-all 'core.sshCommand' || :"
Formatting	Post Run actions/checkout@v4	2026-04-19T00:05:18.3484272Z [command]/usr/bin/git config --local --name-only --get-regexp http\.https\:\/\/github\.com\/\.extraheader
Formatting	Post Run actions/checkout@v4	2026-04-19T00:05:18.3504423Z http.https://github.com/.extraheader
Formatting	Post Run actions/checkout@v4	2026-04-19T00:05:18.3518023Z [command]/usr/bin/git config --local --unset-all http.https://github.com/.extraheader
Formatting	Post Run actions/checkout@v4	2026-04-19T00:05:18.3548559Z [command]/usr/bin/git submodule foreach --recursive sh -c "git config --local --name-only --get-regexp 'http\.https\:\/\/github\.com\/\.extraheader' && git config --local --unset-all 'http.https://github.com/.extraheader' || :"
Formatting	Post Run actions/checkout@v4	2026-04-19T00:05:18.3764343Z [command]/usr/bin/git config --local --name-only --get-regexp ^includeIf\.gitdir:
Formatting	Post Run actions/checkout@v4	2026-04-19T00:05:18.3793996Z [command]/usr/bin/git submodule foreach --recursive git config --local --show-origin --name-only --get-regexp remote.origin.url
Formatting	Complete job	﻿2026-04-19T00:05:18.4121907Z Cleaning up orphan processes
Formatting	Complete job	2026-04-19T00:05:18.4432207Z ##[warning]Node.js 20 actions are deprecated. The following actions are running on Node.js 20 and may not work as expected: actions/checkout@v4. Actions will be forced to run with Node.js 24 by default starting June 2nd, 2026. Node.js 20 will be removed from the runner on September 16th, 2026. Please check if updated versions of these actions are available that support Node.js 24. To opt into Node.js 24 now, set the FORCE_JAVASCRIPT_ACTIONS_TO_NODE24=true environment variable on the runner or in your workflow file. Once Node.js 24 becomes the default, you can temporarily opt out by setting ACTIONS_ALLOW_USE_UNSECURE_NODE_VERSION=true. For more information see: https://github.blog/changelog/2025-09-19-deprecation-of-node-20-on-github-actions-runners/
